******************************************************************************
                  TI ARM Linker PC v20.2.1                     
******************************************************************************
>> Linked Wed Dec  2 12:08:29 2020

OUTPUT FILE NAME:   <EmeraldMountain.out>
ENTRY POINT SYMBOL: "_c_int00_noargs"  address: 00008885


MEMORY CONFIGURATION

         name            origin    length      used     unused   attr    fill
----------------------  --------  ---------  --------  --------  ----  --------
  MAIN                  00000000   00040000  00008d18  000372e8  R  X
  INFO                  00200000   00004000  00000000  00004000  R  X
  SRAM_CODE             01000000   00010000  00000642  0000f9be  RW X
  SRAM_DATA             20000000   00010000  00000642  0000f9be  RW  


SEGMENT ALLOCATION MAP

run origin  load origin   length   init length attrs members
----------  ----------- ---------- ----------- ----- -------
00000000    00000000    00008d18   00008d18    r-x
  00000000    00000000    000000e4   000000e4    r-- .intvecs
  000000e4    000000e4    00004c48   00004c48    r-- .const
  00004d2c    00004d2c    00003fb4   00003fb4    r-x .text
  00008ce0    00008ce0    00000038   00000038    r-- .cinit
20000000    20000000    00000444   00000000    rw-
  20000000    20000000    0000042a   00000000    rw- .bss
  2000042c    2000042c    00000018   00000000    rw- .data
2000fe00    2000fe00    00000200   00000000    rw-
  2000fe00    2000fe00    00000200   00000000    rw- .stack


SECTION ALLOCATION MAP

 output                                  attributes/
section   page    origin      length       input sections
--------  ----  ----------  ----------   ----------------
.intvecs   0    00000000    000000e4     
                  00000000    000000e4     startup_msp432p401r_ccs.obj (.intvecs:retain)

.const     0    000000e4    00004c48     
                  000000e4    00002000     BasicMap.obj (.const:.string:pixel_BasicMap00004BPP_UNCOMP)
                  000020e4    00002000     titleScreen.obj (.const:.string:pixel_titleScreen00004BPP_UNCOMP)
                  000040e4    000002f8     grlib.a : fontfixed6x8.obj (.const:.string:g_pucFontFixed6x8Data)
                  000043dc    00000120     MinerBackground.obj (.const:.string:pixel_MinerBackground00004BPP_UNCOMP)
                  000044fc    00000120     MinerBig.obj (.const:.string:pixel_MinerBig00004BPP_UNCOMP)
                  0000461c    00000101     rtsv7M4_T_le_v4SPD16_eabi.lib : ctype.c.obj (.const:.string:_ctypes_)
                  0000471d    000000c8     SlimeBigBackground.obj (.const:.string:pixel_SlimeBigBackground00004BPP_UNCOMP)
                  000047e5    00000003     --HOLE-- [fill = 0]
                  000047e8    000000c8     grlib.a : fontfixed6x8.obj (.const:g_sFontFixed6x8)
                  000048b0    000000a2     SlimeBig.obj (.const:.string:pixel_SlimeBig00004BPP_UNCOMP)
                  00004952    00000002     --HOLE-- [fill = 0]
                  00004954    00000080     msp432p4xx_driverlib.lib : adc14.o (.const:_ctlRegs)
                  000049d4    00000040     BasicMap.obj (.const:palette_BasicMap00004BPP_UNCOMP)
                  00004a14    00000040     Emerald.obj (.const:palette_Emerald100004BPP_UNCOMP)
                  00004a54    00000040     GemBackground.obj (.const:palette_GemBackground00004BPP_UNCOMP)
                  00004a94    00000040     MinerBackground.obj (.const:palette_MinerBackground00004BPP_UNCOMP)
                  00004ad4    00000040     MinerBig.obj (.const:palette_MinerBig00004BPP_UNCOMP)
                  00004b14    00000040     SlimeBig.obj (.const:palette_SlimeBig00004BPP_UNCOMP)
                  00004b54    00000040     SlimeBigBackground.obj (.const:palette_SlimeBigBackground00004BPP_UNCOMP)
                  00004b94    00000040     titleScreen.obj (.const:palette_titleScreen00004BPP_UNCOMP)
                  00004bd4    00000032     Emerald.obj (.const:.string:pixel_Emerald100004BPP_UNCOMP)
                  00004c06    00000032     GemBackground.obj (.const:.string:pixel_GemBackground00004BPP_UNCOMP)
                  00004c38    00000030     msp432p4xx_driverlib.lib : gpio.o (.const:GPIO_PORT_TO_BASE)
                  00004c68    00000020     Crystalfontz128x128_ST7735.obj (.const:g_sCrystalfontz128x128_funcs)
                  00004c88    0000001c     HAL_MSP_EXP432P401R_Crystalfontz128x128_ST7735.obj (.const:$P$T0$1)
                  00004ca4    00000010     BasicMap.obj (.const:BasicMap00004BPP_UNCOMP)
                  00004cb4    00000010     Emerald.obj (.const:Emerald100004BPP_UNCOMP)
                  00004cc4    00000010     GemBackground.obj (.const:GemBackground00004BPP_UNCOMP)
                  00004cd4    00000010     MinerBackground.obj (.const:MinerBackground00004BPP_UNCOMP)
                  00004ce4    00000010     MinerBig.obj (.const:MinerBig00004BPP_UNCOMP)
                  00004cf4    00000010     SlimeBig.obj (.const:SlimeBig00004BPP_UNCOMP)
                  00004d04    00000010     SlimeBigBackground.obj (.const:SlimeBigBackground00004BPP_UNCOMP)
                  00004d14    00000010     titleScreen.obj (.const:titleScreen00004BPP_UNCOMP)
                  00004d24    00000008     Crystalfontz128x128_ST7735.obj (.const:$P$T0$1)

.text      0    00004d2c    00003fb4     
                  00004d2c    00000a4e     rtsv7M4_T_le_v4SPD16_eabi.lib : _printfi.c.obj (.text:__TI_printfi)
                  0000577a    0000047e     grlib.a : string.obj (.text:Graphics_drawString)
                  00005bf8    00000390             : image.obj (.text:Graphics_drawImage)
                  00005f88    00000270     rtsv7M4_T_le_v4SPD16_eabi.lib : _printfi.c.obj (.text:_pconv_a)
                  000061f8    000001d8     Crystalfontz128x128_ST7735.obj (.text:Crystalfontz128x128_PixelDrawMultiple)
                  000063d0    000001d0     rtsv7M4_T_le_v4SPD16_eabi.lib : _printfi.c.obj (.text:_pconv_g)
                  000065a0    000001b6                                   : fd_add_t2.asm.obj (.text)
                  00006756    00000002     startup_msp432p401r_ccs.obj (.text:Default_Handler)
                  00006758    00000198     main.obj (.text:main)
                  000068f0    00000160     msp432p4xx_driverlib.lib : adc14.o (.text:_getIndexForMemRegister)
                  00006a50    00000144     main.obj (.text:InitJoyStick)
                  00006b94    0000013c     rtsv7M4_T_le_v4SPD16_eabi.lib : _printfi.c.obj (.text:_pconv_e)
                  00006cd0    00000136                                   : fd_div_t2.asm.obj (.text)
                  00006e06    00000002                                   : div0.asm.obj (.text)
                  00006e08    00000134     Crystalfontz128x128_ST7735.obj (.text:Crystalfontz128x128_SetDrawFrame)
                  00006f3c    0000012c     Crystalfontz128x128_ST7735.obj (.text:Crystalfontz128x128_Init)
                  00007068    00000124     rtsv7M4_T_le_v4SPD16_eabi.lib : _printfi.c.obj (.text:fcvt)
                  0000718c    00000110                                   : s_scalbn.c.obj (.text:scalbn)
                  0000729c    000000fc                                   : fd_mul_t2.asm.obj (.text)
                  00007398    000000be     characters.obj (.text:move)
                  00007456    00000002     --HOLE-- [fill = 0]
                  00007458    000000b8     characters.obj (.text:isHit)
                  00007510    000000b4     msp432p4xx_driverlib.lib : adc14.o (.text:ADC14_configureConversionMemory)
                  000075c4    000000b4                              : adc14.o (.text:ADC14_configureMultiSequenceMode)
                  00007678    000000b1     rtsv7M4_T_le_v4SPD16_eabi.lib : _printfi.c.obj (.text:_ltostr)
                  00007729    00000001     --HOLE-- [fill = 0]
                  0000772a    000000b0     msp432p4xx_driverlib.lib : spi.o (.text:SPI_initMaster)
                  000077da    0000009c     Crystalfontz128x128_ST7735.obj (.text:Crystalfontz128x128_RectFill)
                  00007876    0000009c     grlib.a : line.obj (.text:Graphics_drawLineH)
                  00007912    0000009c     rtsv7M4_T_le_v4SPD16_eabi.lib : memcpy_t2.asm.obj (.text)
                  000079ae    00000096                                   : ull_div_t2.asm.obj (.text)
                  00007a44    00000088     msp432p4xx_driverlib.lib : gpio.o (.text:GPIO_setAsPeripheralModuleFunctionOutputPin)
                  00007acc    00000086     rtsv7M4_T_le_v4SPD16_eabi.lib : fd_cmp_t2.asm.obj (.text:__aeabi_cdcmple)
                  00007b52    00000086                                   : fd_cmp_t2.asm.obj (.text:__aeabi_cdrcmple)
                  00007bd8    00000084     characters.obj (.text:moveMonster)
                  00007c5c    00000082     score.obj (.text:checkIfOverlapTreasure)
                  00007cde    0000007a     rtsv7M4_T_le_v4SPD16_eabi.lib : memset_t2.asm.obj (.text)
                  00007d58    00000078     system_msp432p401r.obj (.text:SystemInit)
                  00007dd0    0000006e     rtsv7M4_T_le_v4SPD16_eabi.lib : _printfi.c.obj (.text:_mcpy)
                  00007e3e    00000002     --HOLE-- [fill = 0]
                  00007e40    0000006c     grlib.a : image.obj (.text:Graphics_convertPalette)
                  00007eac    0000006c     characters.obj (.text:movePossible)
                  00007f18    00000068     msp432p4xx_driverlib.lib : timer32.o (.text:Timer32_initModule)
                  00007f80    00000068     rtsv7M4_T_le_v4SPD16_eabi.lib : copy_decompress_lzss.c.obj (.text:decompress:lzss:__TI_decompress_lzss)
                  00007fe8    00000064                                   : s_frexp.c.obj (.text:frexp)
                  0000804c    00000060     Crystalfontz128x128_ST7735.obj (.text:Crystalfontz128x128_LineDrawH)
                  000080ac    00000060     Crystalfontz128x128_ST7735.obj (.text:Crystalfontz128x128_LineDrawV)
                  0000810c    0000005a     characters.obj (.text:checkIfOverlap)
                  00008166    00000056     rtsv7M4_T_le_v4SPD16_eabi.lib : _printfi.c.obj (.text:_pconv_f)
                  000081bc    00000054     Crystalfontz128x128_ST7735.obj (.text:Crystalfontz128x128_SetOrientation)
                  00008210    00000054     rtsv7M4_T_le_v4SPD16_eabi.lib : _ltoa.c.obj (.text:__TI_ltoa)
                  00008264    00000054     score.obj (.text:drawScore)
                  000082b8    00000052     grlib.a : context.obj (.text:Graphics_initContext)
                  0000830a    00000052     rtsv7M4_T_le_v4SPD16_eabi.lib : _printfi.c.obj (.text:_ecpy)
                  0000835c    00000050     main.obj (.text:ADC14_IRQHandler)
                  000083ac    0000004c     main.obj (.text:Init_Graph)
                  000083f8    0000004c     rtsv7M4_T_le_v4SPD16_eabi.lib : atoi.c.obj (.text:atoi)
                  00008444    0000004c     characters.obj (.text:init_Character)
                  00008490    0000004c     score.obj (.text:init_Treasure)
                  000084dc    00000048     rtsv7M4_T_le_v4SPD16_eabi.lib : fd_toi_t2.asm.obj (.text)
                  00008524    00000046     grlib.a : display.obj (.text:Graphics_drawMultiplePixelsOnDisplay)
                  0000856a    00000002     --HOLE-- [fill = 0]
                  0000856c    00000044     rtsv7M4_T_le_v4SPD16_eabi.lib : autoinit.c.obj (.text:__TI_auto_init_nobinit_nopinit:__TI_auto_init_nobinit_nopinit)
                  000085b0    00000040     Crystalfontz128x128_ST7735.obj (.text:Crystalfontz128x128_PixelDraw)
                  000085f0    00000040     msp432p4xx_driverlib.lib : gpio.o (.text:GPIO_setAsOutputPin)
                  00008630    00000040     grlib.a : string.obj (.text:Graphics_getNumberOfLeadingZeros)
                  00008670    00000040     HAL_MSP_EXP432P401R_Crystalfontz128x128_ST7735.obj (.text:HAL_LCD_SpiInit)
                  000086b0    00000040     msp432p4xx_driverlib.lib : spi.o (.text:is_A_Module)
                  000086f0    00000040     rtsv7M4_T_le_v4SPD16_eabi.lib : sprintf.c.obj (.text:sprintf)
                  00008730    0000003e                                   : _printfi.c.obj (.text:_fcpy)
                  0000876e    0000003a     score.obj (.text:spawnTreasure)
                  000087a8    00000038     HAL_MSP_EXP432P401R_Crystalfontz128x128_ST7735.obj (.text:HAL_LCD_writeCommand)
                  000087e0    00000038     msp432p4xx_driverlib.lib : timer32.o (.text:Timer32_startTimer)
                  00008818    00000036     grlib.a : display.obj (.text:Graphics_drawHorizontalLineOnDisplay)
                  0000884e    00000002     --HOLE-- [fill = 0]
                  00008850    00000034     msp432p4xx_driverlib.lib : timer32.o (.text:Timer32_setCount)
                  00008884    00000034     rtsv7M4_T_le_v4SPD16_eabi.lib : boot_cortex_m.c.obj (.text:_c_int00_noargs:_c_int00_noargs)
                  000088b8    00000030     HAL_MSP_EXP432P401R_Crystalfontz128x128_ST7735.obj (.text:HAL_LCD_PortInit)
                  000088e8    00000030     characters.obj (.text:delay)
                  00008918    0000002e     rtsv7M4_T_le_v4SPD16_eabi.lib : i_tofd_t2.asm.obj (.text)
                  00008946    00000002     --HOLE-- [fill = 0]
                  00008948    0000002c     Crystalfontz128x128_ST7735.obj (.text:Crystalfontz128x128_ClearScreen)
                  00008974    0000002c     grlib.a : display.obj (.text:Graphics_drawPixelOnDisplay)
                  000089a0    0000002c     HAL_MSP_EXP432P401R_Crystalfontz128x128_ST7735.obj (.text:HAL_LCD_writeData)
                  000089cc    00000028     msp432p4xx_driverlib.lib : adc14.o (.text:ADC14_getResult)
                  000089f4    00000028     Crystalfontz128x128_ST7735.obj (.text:Crystalfontz128x128_ColorTranslate)
                  00008a1c    00000028     msp432p4xx_driverlib.lib : gpio.o (.text:GPIO_setOutputHighOnPin)
                  00008a44    00000028                              : gpio.o (.text:GPIO_setOutputLowOnPin)
                  00008a6c    00000024     main.obj (.text:gameOver)
                  00008a90    00000024     main.obj (.text:titleScreen)
                  00008ab4    00000020     score.obj (.text:calcScore)
                  00008ad4    0000001c     msp432p4xx_driverlib.lib : spi.o (.text:SPI_enableModule)
                  00008af0    0000001c     main.obj (.text:delay_init)
                  00008b0c    0000001c     rtsv7M4_T_le_v4SPD16_eabi.lib : memccpy.c.obj (.text:memccpy)
                  00008b28    0000001a     grlib.a : display.obj (.text:Graphics_clearDisplayOnDisplay)
                  00008b42    0000001a             : context.obj (.text:Graphics_setBackgroundColor)
                  00008b5c    0000001a             : context.obj (.text:Graphics_setFont)
                  00008b76    0000001a     rtsv7M4_T_le_v4SPD16_eabi.lib : s_copysign.c.obj (.text:copysign)
                  00008b90    00000018                                   : sprintf.c.obj (.text:_outs)
                  00008ba8    00000016     msp432p4xx_driverlib.lib : spi.o (.text:EUSCI_A_SPI_enable)
                  00008bbe    00000016                              : spi.o (.text:EUSCI_B_SPI_enable)
                  00008bd4    00000016     grlib.a : context.obj (.text:Graphics_setForegroundColor)
                  00008bea    00000016             : display.obj (.text:Graphics_translateColorOnDisplay)
                  00008c00    00000016     rtsv7M4_T_le_v4SPD16_eabi.lib : strchr.c.obj (.text:strchr)
                  00008c16    00000014     msp432p4xx_driverlib.lib : timer32.o (.text:Timer32_disableInterrupt)
                  00008c2a    00000014                              : timer32.o (.text:Timer32_haltTimer)
                  00008c3e    00000014     rtsv7M4_T_le_v4SPD16_eabi.lib : strlen.c.obj (.text:strlen)
                  00008c52    00000012     grlib.a : context.obj (.text:Graphics_clearDisplay)
                  00008c64    00000012     rtsv7M4_T_le_v4SPD16_eabi.lib : wcslen.c.obj (.text:wcslen)
                  00008c76    00000002     --HOLE-- [fill = 0]
                  00008c78    00000010     msp432p4xx_driverlib.lib : adc14.o (.text:ADCIsConversionRunning)
                  00008c88    0000000e                              : timer32.o (.text:Timer32_getValue)
                  00008c96    0000000e     rtsv7M4_T_le_v4SPD16_eabi.lib : copy_decompress_none.c.obj (.text:decompress:none:__TI_decompress_none)
                  00008ca4    0000000c     startup_msp432p401r_ccs.obj (.text:Reset_Handler)
                  00008cb0    0000000c     rtsv7M4_T_le_v4SPD16_eabi.lib : copy_zero_init.c.obj (.text:decompress:ZI:__TI_zero_init)
                  00008cbc    0000000a     Crystalfontz128x128_ST7735.obj (.text:Crystalfontz128x128_Flush)
                  00008cc6    0000000a     rtsv7M4_T_le_v4SPD16_eabi.lib : sprintf.c.obj (.text:_outc)
                  00008cd0    00000008                                   : errno.c.obj (.text:__aeabi_errno_addr)
                  00008cd8    00000004                                   : pre_init.c.obj (.text:_system_pre_init)
                  00008cdc    00000004                                   : exit.c.obj (.text:abort:abort)

.cinit     0    00008ce0    00000038     
                  00008ce0    0000000d     (.cinit..data.load) [load image, compression = lzss]
                  00008ced    00000003     --HOLE-- [fill = 0]
                  00008cf0    0000000c     (__TI_handler_table)
                  00008cfc    00000004     --HOLE-- [fill = 0]
                  00008d00    00000008     (.cinit..bss.load) [load image, compression = zero_init]
                  00008d08    00000010     (__TI_cinit_table)

.init_array 
*          0    00000000    00000000     UNINITIALIZED

.binit     0    00000000    00000000     

.bss       0    20000000    0000042a     UNINITIALIZED
                  20000000    00000400     grlib.a : image.obj (.bss:g_pulConvertedPalette)
                  20000400    0000001c     (.common:g_sContext)
                  2000041c    00000004     main.obj (.bss:resultsBuffer)
                  20000420    00000002     (.common:Lcd_ScreenHeigth)
                  20000422    00000002     (.common:Lcd_ScreenWidth)
                  20000424    00000002     (.common:Lcd_TouchTrim)
                  20000426    00000001     (.common:Lcd_FlagRead)
                  20000427    00000001     (.common:Lcd_FontSolid)
                  20000428    00000001     (.common:Lcd_Orientation)
                  20000429    00000001     (.common:Lcd_PenSolid)

.data      0    2000042c    00000018     UNINITIALIZED
                  2000042c    00000010     Crystalfontz128x128_ST7735.obj (.data:g_sCrystalfontz128x128)
                  2000043c    00000004     rtsv7M4_T_le_v4SPD16_eabi.lib : errno.c.obj (.data)
                  20000440    00000004     score.obj (.data)

.stack     0    2000fe00    00000200     UNINITIALIZED
                  2000fe00    00000004     rtsv7M4_T_le_v4SPD16_eabi.lib : boot_cortex_m.c.obj (.stack)
                  2000fe04    000001fc     --HOLE--

__llvm_prf_cnts 
*          0    20000000    00000000     UNINITIALIZED

MODULE SUMMARY

       Module                                               code    ro data   rw data
       ------                                               ----    -------   -------
    .\
       BasicMap.obj                                         0       8272      0      
       titleScreen.obj                                      0       8272      0      
       main.obj                                             988     0         64     
       characters.obj                                       828     0         0      
       score.obj                                            380     0         8      
       MinerBackground.obj                                  0       368       0      
       MinerBig.obj                                         0       368       0      
       SlimeBigBackground.obj                               0       280       0      
       SlimeBig.obj                                         0       242       0      
       Emerald.obj                                          0       130       0      
       GemBackground.obj                                    0       130       0      
       system_msp432p401r.obj                               120     0         0      
    +--+----------------------------------------------------+-------+---------+---------+
       Total:                                               2316    18062     72     
                                                                                     
    .\LcdDriver\
       Crystalfontz128x128_ST7735.obj                       1670    40        52     
       HAL_MSP_EXP432P401R_Crystalfontz128x128_ST7735.obj   212     28        0      
    +--+----------------------------------------------------+-------+---------+---------+
       Total:                                               1882    68        52     
                                                                                     
    .\ccs\
       startup_msp432p401r_ccs.obj                          14      228       0      
    +--+----------------------------------------------------+-------+---------+---------+
       Total:                                               14      228       0      
                                                                                     
    C:/ti/simplelink_msp432p4_sdk_3_40_01_02/source/ti/devices/msp432p4xx/driverlib/ccs/msp432p4xx_driverlib.lib
       adc14.o                                              768     128       0      
       gpio.o                                               280     48        0      
       spi.o                                                312     0         0      
       timer32.o                                            266     0         0      
    +--+----------------------------------------------------+-------+---------+---------+
       Total:                                               1626    176       0      
                                                                                     
    C:/ti/simplelink_msp432p4_sdk_3_40_01_02/source/ti/grlib/lib/ccs/m4f/grlib.a
       image.obj                                            1020    0         2048   
       string.obj                                           1214    0         0      
       fontfixed6x8.obj                                     0       960       0      
       display.obj                                          216     0         0      
       context.obj                                          174     0         0      
       line.obj                                             156     0         0      
    +--+----------------------------------------------------+-------+---------+---------+
       Total:                                               2780    960       2048   
                                                                                     
    C:\ti\ccs1010\ccs\tools\compiler\ti-cgt-arm_20.2.1.LTS\lib\rtsv7M4_T_le_v4SPD16_eabi.lib
       _printfi.c.obj                                       4851    0         0      
       fd_add_t2.asm.obj                                    438     0         0      
       fd_div_t2.asm.obj                                    310     0         0      
       s_scalbn.c.obj                                       272     0         0      
       fd_cmp_t2.asm.obj                                    268     0         0      
       ctype.c.obj                                          0       257       0      
       fd_mul_t2.asm.obj                                    252     0         0      
       memcpy_t2.asm.obj                                    156     0         0      
       ull_div_t2.asm.obj                                   150     0         0      
       memset_t2.asm.obj                                    122     0         0      
       copy_decompress_lzss.c.obj                           104     0         0      
       s_frexp.c.obj                                        100     0         0      
       sprintf.c.obj                                        98      0         0      
       _ltoa.c.obj                                          84      0         0      
       atoi.c.obj                                           76      0         0      
       fd_toi_t2.asm.obj                                    72      0         0      
       autoinit.c.obj                                       68      0         0      
       boot_cortex_m.c.obj                                  52      0         0      
       i_tofd_t2.asm.obj                                    46      0         0      
       memccpy.c.obj                                        28      0         0      
       s_copysign.c.obj                                     26      0         0      
       strchr.c.obj                                         22      0         0      
       strlen.c.obj                                         20      0         0      
       wcslen.c.obj                                         18      0         0      
       errno.c.obj                                          8       0         8      
       copy_decompress_none.c.obj                           14      0         0      
       copy_zero_init.c.obj                                 12      0         0      
       exit.c.obj                                           4       0         0      
       pre_init.c.obj                                       4       0         0      
       div0.asm.obj                                         2       0         0      
    +--+----------------------------------------------------+-------+---------+---------+
       Total:                                               7677    257       8      
                                                                                     
       Stack:                                               0       0         1024   
       Linker Generated:                                    0       49        0      
    +--+----------------------------------------------------+-------+---------+---------+
       Grand Total:                                         16295   19800     3204   


LINKER GENERATED COPY TABLES

__TI_cinit_table @ 00008d08 records: 2, size/record: 8, table size: 16
	.data: load addr=00008ce0, load size=0000000d bytes, run addr=2000042c, run size=00000018 bytes, compression=lzss
	.bss: load addr=00008d00, load size=00000008 bytes, run addr=20000000, run size=0000042a bytes, compression=zero_init


LINKER GENERATED HANDLER TABLE

__TI_handler_table @ 00008cf0 records: 3, size/record: 4, table size: 12
	index: 0, handler: __TI_decompress_lzss
	index: 1, handler: __TI_decompress_none
	index: 2, handler: __TI_zero_init


GLOBAL SYMBOLS: SORTED ALPHABETICALLY BY Name 

address   name                                       
-------   ----                                       
0000835d  ADC14_IRQHandler                           
0000835d  ADC14_IRQHandler                           
00007511  ADC14_configureConversionMemory            
000075c5  ADC14_configureMultiSequenceMode           
000089cd  ADC14_getResult                            
00006757  AES256_IRQHandler                          
00004ca4  BasicMap00004BPP_UNCOMP                    
00006757  BusFault_Handler                           
00008cdd  C$$EXIT                                    
00006757  COMP_E0_IRQHandler                         
00006757  COMP_E1_IRQHandler                         
00006757  CS_IRQHandler                              
00006f3d  Crystalfontz128x128_Init                   
00006e09  Crystalfontz128x128_SetDrawFrame           
000081bd  Crystalfontz128x128_SetOrientation         
00006757  DMA_ERR_IRQHandler                         
00006757  DMA_INT0_IRQHandler                        
00006757  DMA_INT1_IRQHandler                        
00006757  DMA_INT2_IRQHandler                        
00006757  DMA_INT3_IRQHandler                        
00006757  DebugMon_Handler                           
00006757  Default_Handler                            
00006757  EUSCIA0_IRQHandler                         
00006757  EUSCIA1_IRQHandler                         
00006757  EUSCIA2_IRQHandler                         
00006757  EUSCIA3_IRQHandler                         
00006757  EUSCIB0_IRQHandler                         
00006757  EUSCIB1_IRQHandler                         
00006757  EUSCIB2_IRQHandler                         
00006757  EUSCIB3_IRQHandler                         
00008ba9  EUSCI_A_SPI_enable                         
00008bbf  EUSCI_B_SPI_enable                         
00004cb4  Emerald100004BPP_UNCOMP                    
00006757  FLCTL_IRQHandler                           
00006757  FPU_IRQHandler                             
000085f1  GPIO_setAsOutputPin                        
00007a45  GPIO_setAsPeripheralModuleFunctionOutputPin
00008a1d  GPIO_setOutputHighOnPin                    
00008a45  GPIO_setOutputLowOnPin                     
00004cc4  GemBackground00004BPP_UNCOMP               
00008c53  Graphics_clearDisplay                      
00008b29  Graphics_clearDisplayOnDisplay             
00008819  Graphics_drawHorizontalLineOnDisplay       
00005bf9  Graphics_drawImage                         
00007877  Graphics_drawLineH                         
00008525  Graphics_drawMultiplePixelsOnDisplay       
00008975  Graphics_drawPixelOnDisplay                
0000577b  Graphics_drawString                        
000082b9  Graphics_initContext                       
00008b43  Graphics_setBackgroundColor                
00008b5d  Graphics_setFont                           
00008bd5  Graphics_setForegroundColor                
00008beb  Graphics_translateColorOnDisplay           
000088b9  HAL_LCD_PortInit                           
00008671  HAL_LCD_SpiInit                            
000087a9  HAL_LCD_writeCommand                       
000089a1  HAL_LCD_writeData                          
00006757  HardFault_Handler                          
00006a51  InitJoyStick                               
000083ad  Init_Graph                                 
20000426  Lcd_FlagRead                               
20000427  Lcd_FontSolid                              
20000428  Lcd_Orientation                            
20000429  Lcd_PenSolid                               
20000420  Lcd_ScreenHeigth                           
20000422  Lcd_ScreenWidth                            
20000424  Lcd_TouchTrim                              
00006757  MemManage_Handler                          
00004cd4  MinerBackground00004BPP_UNCOMP             
00004ce4  MinerBig00004BPP_UNCOMP                    
00006757  NMI_Handler                                
00006757  PCM_IRQHandler                             
00006757  PORT1_IRQHandler                           
00006757  PORT2_IRQHandler                           
00006757  PORT3_IRQHandler                           
00006757  PORT4_IRQHandler                           
00006757  PORT5_IRQHandler                           
00006757  PORT6_IRQHandler                           
00006757  PSS_IRQHandler                             
00006757  PendSV_Handler                             
00006757  RTC_C_IRQHandler                           
00008ca5  Reset_Handler                              
00008ad5  SPI_enableModule                           
0000772b  SPI_initMaster                             
00006757  SVC_Handler                                
00004cf4  SlimeBig00004BPP_UNCOMP                    
00004d04  SlimeBigBackground00004BPP_UNCOMP          
00006757  SysTick_Handler                            
00007d59  SystemInit                                 
00006757  T32_INT1_IRQHandler                        
00006757  T32_INT2_IRQHandler                        
00006757  T32_INTC_IRQHandler                        
00006757  TA0_0_IRQHandler                           
00006757  TA0_N_IRQHandler                           
00006757  TA1_0_IRQHandler                           
00006757  TA1_N_IRQHandler                           
00006757  TA2_0_IRQHandler                           
00006757  TA2_N_IRQHandler                           
00006757  TA3_0_IRQHandler                           
00006757  TA3_N_IRQHandler                           
00008c17  Timer32_disableInterrupt                   
00008c89  Timer32_getValue                           
00008c2b  Timer32_haltTimer                          
00007f19  Timer32_initModule                         
00008851  Timer32_setCount                           
000087e1  Timer32_startTimer                         
00006757  UsageFault_Handler                         
4000480c  WDTCTL_SYM                                 
00006757  WDT_A_IRQHandler                           
20010000  __STACK_END                                
00000200  __STACK_SIZE                               
00008d08  __TI_CINIT_Base                            
00008d18  __TI_CINIT_Limit                           
00008cf0  __TI_Handler_Table_Base                    
00008cfc  __TI_Handler_Table_Limit                   
0000856d  __TI_auto_init_nobinit_nopinit             
00007f81  __TI_decompress_lzss                       
00008c97  __TI_decompress_none                       
00008211  __TI_ltoa                                  
ffffffff  __TI_pprof_out_hndl                        
00004d2d  __TI_printfi                               
ffffffff  __TI_prof_data_size                        
ffffffff  __TI_prof_data_start                       
00000000  __TI_static_base__                         
00008cb1  __TI_zero_init                             
00007acd  __aeabi_cdcmpeq                            
00007acd  __aeabi_cdcmple                            
00007b53  __aeabi_cdrcmple                           
000084dd  __aeabi_d2iz                               
000065ab  __aeabi_dadd                               
00006cd1  __aeabi_ddiv                               
0000729d  __aeabi_dmul                               
000065a1  __aeabi_dsub                               
00008cd1  __aeabi_errno_addr                         
00008919  __aeabi_i2d                                
00006e07  __aeabi_idiv0                              
00006e07  __aeabi_ldiv0                              
00007cdf  __aeabi_memclr                             
00007cdf  __aeabi_memclr4                            
00007cdf  __aeabi_memclr8                            
00007913  __aeabi_memcpy                             
00007913  __aeabi_memcpy4                            
00007913  __aeabi_memcpy8                            
00007ce1  __aeabi_memset                             
00007ce1  __aeabi_memset4                            
00007ce1  __aeabi_memset8                            
000079af  __aeabi_uldivmod                           
ffffffff  __binit__                                  
ffffffff  __c_args__                                 
UNDEFED   __mpu_init                                 
2000fe00  __stack                                    
20000000  __start___llvm_prf_cnts                    
20000000  __stop___llvm_prf_cnts                     
00008885  _c_int00_noargs                            
0000461c  _ctypes_                                   
UNDEFED   _system_post_cinit                         
00008cd9  _system_pre_init                           
00008cdd  abort                                      
000083f9  atoi                                       
ffffffff  binit                                      
00008ab5  calcScore                                  
0000810d  checkIfOverlap                             
00007c5d  checkIfOverlapTreasure                     
00008b77  copysign                                   
00008b77  copysignl                                  
000088e9  delay                                      
00008af1  delay_init                                 
00008265  drawScore                                  
2000043c  errno                                      
00007fe9  frexp                                      
00007fe9  frexpl                                     
20000400  g_sContext                                 
2000042c  g_sCrystalfontz128x128                     
00004c68  g_sCrystalfontz128x128_funcs               
000047e8  g_sFontFixed6x8                            
00008a6d  gameOver                                   
00008445  init_Character                             
00008491  init_Treasure                              
00000000  interruptVectors                           
00007459  isHit                                      
0000718d  ldexp                                      
0000718d  ldexpl                                     
00006759  main                                       
00008b0d  memccpy                                    
00007913  memcpy                                     
00007ce7  memset                                     
00007399  move                                       
00007bd9  moveMonster                                
00007ead  movePossible                               
0000718d  scalbn                                     
0000718d  scalbnl                                    
0000876f  spawnTreasure                              
000086f1  sprintf                                    
00008c01  strchr                                     
00008c3f  strlen                                     
00008a91  titleScreen                                
00004d14  titleScreen00004BPP_UNCOMP                 
00008c65  wcslen                                     


GLOBAL SYMBOLS: SORTED BY Symbol Address 

address   name                                       
-------   ----                                       
00000000  __TI_static_base__                         
00000000  interruptVectors                           
00000200  __STACK_SIZE                               
0000461c  _ctypes_                                   
000047e8  g_sFontFixed6x8                            
00004c68  g_sCrystalfontz128x128_funcs               
00004ca4  BasicMap00004BPP_UNCOMP                    
00004cb4  Emerald100004BPP_UNCOMP                    
00004cc4  GemBackground00004BPP_UNCOMP               
00004cd4  MinerBackground00004BPP_UNCOMP             
00004ce4  MinerBig00004BPP_UNCOMP                    
00004cf4  SlimeBig00004BPP_UNCOMP                    
00004d04  SlimeBigBackground00004BPP_UNCOMP          
00004d14  titleScreen00004BPP_UNCOMP                 
00004d2d  __TI_printfi                               
0000577b  Graphics_drawString                        
00005bf9  Graphics_drawImage                         
000065a1  __aeabi_dsub                               
000065ab  __aeabi_dadd                               
00006757  AES256_IRQHandler                          
00006757  BusFault_Handler                           
00006757  COMP_E0_IRQHandler                         
00006757  COMP_E1_IRQHandler                         
00006757  CS_IRQHandler                              
00006757  DMA_ERR_IRQHandler                         
00006757  DMA_INT0_IRQHandler                        
00006757  DMA_INT1_IRQHandler                        
00006757  DMA_INT2_IRQHandler                        
00006757  DMA_INT3_IRQHandler                        
00006757  DebugMon_Handler                           
00006757  Default_Handler                            
00006757  EUSCIA0_IRQHandler                         
00006757  EUSCIA1_IRQHandler                         
00006757  EUSCIA2_IRQHandler                         
00006757  EUSCIA3_IRQHandler                         
00006757  EUSCIB0_IRQHandler                         
00006757  EUSCIB1_IRQHandler                         
00006757  EUSCIB2_IRQHandler                         
00006757  EUSCIB3_IRQHandler                         
00006757  FLCTL_IRQHandler                           
00006757  FPU_IRQHandler                             
00006757  HardFault_Handler                          
00006757  MemManage_Handler                          
00006757  NMI_Handler                                
00006757  PCM_IRQHandler                             
00006757  PORT1_IRQHandler                           
00006757  PORT2_IRQHandler                           
00006757  PORT3_IRQHandler                           
00006757  PORT4_IRQHandler                           
00006757  PORT5_IRQHandler                           
00006757  PORT6_IRQHandler                           
00006757  PSS_IRQHandler                             
00006757  PendSV_Handler                             
00006757  RTC_C_IRQHandler                           
00006757  SVC_Handler                                
00006757  SysTick_Handler                            
00006757  T32_INT1_IRQHandler                        
00006757  T32_INT2_IRQHandler                        
00006757  T32_INTC_IRQHandler                        
00006757  TA0_0_IRQHandler                           
00006757  TA0_N_IRQHandler                           
00006757  TA1_0_IRQHandler                           
00006757  TA1_N_IRQHandler                           
00006757  TA2_0_IRQHandler                           
00006757  TA2_N_IRQHandler                           
00006757  TA3_0_IRQHandler                           
00006757  TA3_N_IRQHandler                           
00006757  UsageFault_Handler                         
00006757  WDT_A_IRQHandler                           
00006759  main                                       
00006a51  InitJoyStick                               
00006cd1  __aeabi_ddiv                               
00006e07  __aeabi_idiv0                              
00006e07  __aeabi_ldiv0                              
00006e09  Crystalfontz128x128_SetDrawFrame           
00006f3d  Crystalfontz128x128_Init                   
0000718d  ldexp                                      
0000718d  ldexpl                                     
0000718d  scalbn                                     
0000718d  scalbnl                                    
0000729d  __aeabi_dmul                               
00007399  move                                       
00007459  isHit                                      
00007511  ADC14_configureConversionMemory            
000075c5  ADC14_configureMultiSequenceMode           
0000772b  SPI_initMaster                             
00007877  Graphics_drawLineH                         
00007913  __aeabi_memcpy                             
00007913  __aeabi_memcpy4                            
00007913  __aeabi_memcpy8                            
00007913  memcpy                                     
000079af  __aeabi_uldivmod                           
00007a45  GPIO_setAsPeripheralModuleFunctionOutputPin
00007acd  __aeabi_cdcmpeq                            
00007acd  __aeabi_cdcmple                            
00007b53  __aeabi_cdrcmple                           
00007bd9  moveMonster                                
00007c5d  checkIfOverlapTreasure                     
00007cdf  __aeabi_memclr                             
00007cdf  __aeabi_memclr4                            
00007cdf  __aeabi_memclr8                            
00007ce1  __aeabi_memset                             
00007ce1  __aeabi_memset4                            
00007ce1  __aeabi_memset8                            
00007ce7  memset                                     
00007d59  SystemInit                                 
00007ead  movePossible                               
00007f19  Timer32_initModule                         
00007f81  __TI_decompress_lzss                       
00007fe9  frexp                                      
00007fe9  frexpl                                     
0000810d  checkIfOverlap                             
000081bd  Crystalfontz128x128_SetOrientation         
00008211  __TI_ltoa                                  
00008265  drawScore                                  
000082b9  Graphics_initContext                       
0000835d  ADC14_IRQHandler                           
0000835d  ADC14_IRQHandler                           
000083ad  Init_Graph                                 
000083f9  atoi                                       
00008445  init_Character                             
00008491  init_Treasure                              
000084dd  __aeabi_d2iz                               
00008525  Graphics_drawMultiplePixelsOnDisplay       
0000856d  __TI_auto_init_nobinit_nopinit             
000085f1  GPIO_setAsOutputPin                        
00008671  HAL_LCD_SpiInit                            
000086f1  sprintf                                    
0000876f  spawnTreasure                              
000087a9  HAL_LCD_writeCommand                       
000087e1  Timer32_startTimer                         
00008819  Graphics_drawHorizontalLineOnDisplay       
00008851  Timer32_setCount                           
00008885  _c_int00_noargs                            
000088b9  HAL_LCD_PortInit                           
000088e9  delay                                      
00008919  __aeabi_i2d                                
00008975  Graphics_drawPixelOnDisplay                
000089a1  HAL_LCD_writeData                          
000089cd  ADC14_getResult                            
00008a1d  GPIO_setOutputHighOnPin                    
00008a45  GPIO_setOutputLowOnPin                     
00008a6d  gameOver                                   
00008a91  titleScreen                                
00008ab5  calcScore                                  
00008ad5  SPI_enableModule                           
00008af1  delay_init                                 
00008b0d  memccpy                                    
00008b29  Graphics_clearDisplayOnDisplay             
00008b43  Graphics_setBackgroundColor                
00008b5d  Graphics_setFont                           
00008b77  copysign                                   
00008b77  copysignl                                  
00008ba9  EUSCI_A_SPI_enable                         
00008bbf  EUSCI_B_SPI_enable                         
00008bd5  Graphics_setForegroundColor                
00008beb  Graphics_translateColorOnDisplay           
00008c01  strchr                                     
00008c17  Timer32_disableInterrupt                   
00008c2b  Timer32_haltTimer                          
00008c3f  strlen                                     
00008c53  Graphics_clearDisplay                      
00008c65  wcslen                                     
00008c89  Timer32_getValue                           
00008c97  __TI_decompress_none                       
00008ca5  Reset_Handler                              
00008cb1  __TI_zero_init                             
00008cd1  __aeabi_errno_addr                         
00008cd9  _system_pre_init                           
00008cdd  C$$EXIT                                    
00008cdd  abort                                      
00008cf0  __TI_Handler_Table_Base                    
00008cfc  __TI_Handler_Table_Limit                   
00008d08  __TI_CINIT_Base                            
00008d18  __TI_CINIT_Limit                           
20000000  __start___llvm_prf_cnts                    
20000000  __stop___llvm_prf_cnts                     
20000400  g_sContext                                 
20000420  Lcd_ScreenHeigth                           
20000422  Lcd_ScreenWidth                            
20000424  Lcd_TouchTrim                              
20000426  Lcd_FlagRead                               
20000427  Lcd_FontSolid                              
20000428  Lcd_Orientation                            
20000429  Lcd_PenSolid                               
2000042c  g_sCrystalfontz128x128                     
2000043c  errno                                      
2000fe00  __stack                                    
20010000  __STACK_END                                
4000480c  WDTCTL_SYM                                 
ffffffff  __TI_pprof_out_hndl                        
ffffffff  __TI_prof_data_size                        
ffffffff  __TI_prof_data_start                       
ffffffff  __binit__                                  
ffffffff  __c_args__                                 
ffffffff  binit                                      
UNDEFED   __mpu_init                                 
UNDEFED   _system_post_cinit                         

[198 symbols]
