<?xml version="1.0" encoding="ISO-8859-1" ?>
<link_info>
   <banner>TI ARM Linker PC v20.2.1.LTS</banner>
   <copyright>Copyright (c) 1996-2018 Texas Instruments Incorporated</copyright>
   <link_time>0x5fc6de04</link_time>
   <link_errors>0x0</link_errors>
   <output_file>EmeraldMountain.out</output_file>
   <entry_point>
      <name>_c_int00_noargs</name>
      <address>0x86ed</address>
   </entry_point>
   <input_file_list>
      <input_file id="fl-2">
         <path>.\</path>
         <kind>object</kind>
         <file>BasicMap.obj</file>
         <name>BasicMap.obj</name>
      </input_file>
      <input_file id="fl-3">
         <path>.\</path>
         <kind>object</kind>
         <file>Emerald.obj</file>
         <name>Emerald.obj</name>
      </input_file>
      <input_file id="fl-4">
         <path>.\</path>
         <kind>object</kind>
         <file>GemBackground.obj</file>
         <name>GemBackground.obj</name>
      </input_file>
      <input_file id="fl-5">
         <path>.\</path>
         <kind>object</kind>
         <file>HAL_I2C.obj</file>
         <name>HAL_I2C.obj</name>
      </input_file>
      <input_file id="fl-6">
         <path>.\</path>
         <kind>object</kind>
         <file>HAL_TMP006.obj</file>
         <name>HAL_TMP006.obj</name>
      </input_file>
      <input_file id="fl-7">
         <path>.\</path>
         <kind>object</kind>
         <file>MinerBackground.obj</file>
         <name>MinerBackground.obj</name>
      </input_file>
      <input_file id="fl-8">
         <path>.\</path>
         <kind>object</kind>
         <file>MinerBig.obj</file>
         <name>MinerBig.obj</name>
      </input_file>
      <input_file id="fl-9">
         <path>.\</path>
         <kind>object</kind>
         <file>SlimeBig.obj</file>
         <name>SlimeBig.obj</name>
      </input_file>
      <input_file id="fl-a">
         <path>.\</path>
         <kind>object</kind>
         <file>characters.obj</file>
         <name>characters.obj</name>
      </input_file>
      <input_file id="fl-b">
         <path>.\</path>
         <kind>object</kind>
         <file>main.obj</file>
         <name>main.obj</name>
      </input_file>
      <input_file id="fl-c">
         <path>.\</path>
         <kind>object</kind>
         <file>score.obj</file>
         <name>score.obj</name>
      </input_file>
      <input_file id="fl-d">
         <path>.\</path>
         <kind>object</kind>
         <file>system_msp432p401r.obj</file>
         <name>system_msp432p401r.obj</name>
      </input_file>
      <input_file id="fl-e">
         <path>.\</path>
         <kind>object</kind>
         <file>titleScreen.obj</file>
         <name>titleScreen.obj</name>
      </input_file>
      <input_file id="fl-f">
         <path>.\LcdDriver\</path>
         <kind>object</kind>
         <file>Crystalfontz128x128_ST7735.obj</file>
         <name>Crystalfontz128x128_ST7735.obj</name>
      </input_file>
      <input_file id="fl-10">
         <path>.\LcdDriver\</path>
         <kind>object</kind>
         <file>HAL_MSP_EXP432P401R_Crystalfontz128x128_ST7735.obj</file>
         <name>HAL_MSP_EXP432P401R_Crystalfontz128x128_ST7735.obj</name>
      </input_file>
      <input_file id="fl-11">
         <path>.\ccs\</path>
         <kind>object</kind>
         <file>startup_msp432p401r_ccs.obj</file>
         <name>startup_msp432p401r_ccs.obj</name>
      </input_file>
      <input_file id="fl-1c">
         <kind>object</kind>
         <file>&lt;internal&gt;</file>
         <name>&lt;internal&gt;</name>
      </input_file>
      <input_file id="fl-1d">
         <path>C:\ti\simplelink_msp432p4_sdk_3_40_01_02\source\ti\grlib\lib\ccs\m4f\</path>
         <kind>archive</kind>
         <file>grlib.a</file>
         <name>context.obj</name>
      </input_file>
      <input_file id="fl-1e">
         <path>C:\ti\simplelink_msp432p4_sdk_3_40_01_02\source\ti\grlib\lib\ccs\m4f\</path>
         <kind>archive</kind>
         <file>grlib.a</file>
         <name>display.obj</name>
      </input_file>
      <input_file id="fl-1f">
         <path>C:\ti\simplelink_msp432p4_sdk_3_40_01_02\source\ti\grlib\lib\ccs\m4f\</path>
         <kind>archive</kind>
         <file>grlib.a</file>
         <name>fontfixed6x8.obj</name>
      </input_file>
      <input_file id="fl-20">
         <path>C:\ti\simplelink_msp432p4_sdk_3_40_01_02\source\ti\grlib\lib\ccs\m4f\</path>
         <kind>archive</kind>
         <file>grlib.a</file>
         <name>image.obj</name>
      </input_file>
      <input_file id="fl-21">
         <path>C:\ti\simplelink_msp432p4_sdk_3_40_01_02\source\ti\grlib\lib\ccs\m4f\</path>
         <kind>archive</kind>
         <file>grlib.a</file>
         <name>string.obj</name>
      </input_file>
      <input_file id="fl-22">
         <path>C:\ti\simplelink_msp432p4_sdk_3_40_01_02\source\ti\grlib\lib\ccs\m4f\</path>
         <kind>archive</kind>
         <file>grlib.a</file>
         <name>line.obj</name>
      </input_file>
      <input_file id="fl-23">
         <path>C:\ti\simplelink_msp432p4_sdk_3_40_01_02\source\ti\devices\msp432p4xx\driverlib\ccs\</path>
         <kind>archive</kind>
         <file>msp432p4xx_driverlib.lib</file>
         <name>adc14.o</name>
      </input_file>
      <input_file id="fl-24">
         <path>C:\ti\simplelink_msp432p4_sdk_3_40_01_02\source\ti\devices\msp432p4xx\driverlib\ccs\</path>
         <kind>archive</kind>
         <file>msp432p4xx_driverlib.lib</file>
         <name>gpio.o</name>
      </input_file>
      <input_file id="fl-25">
         <path>C:\ti\simplelink_msp432p4_sdk_3_40_01_02\source\ti\devices\msp432p4xx\driverlib\ccs\</path>
         <kind>archive</kind>
         <file>msp432p4xx_driverlib.lib</file>
         <name>i2c.o</name>
      </input_file>
      <input_file id="fl-26">
         <path>C:\ti\simplelink_msp432p4_sdk_3_40_01_02\source\ti\devices\msp432p4xx\driverlib\ccs\</path>
         <kind>archive</kind>
         <file>msp432p4xx_driverlib.lib</file>
         <name>interrupt.o</name>
      </input_file>
      <input_file id="fl-27">
         <path>C:\ti\simplelink_msp432p4_sdk_3_40_01_02\source\ti\devices\msp432p4xx\driverlib\ccs\</path>
         <kind>archive</kind>
         <file>msp432p4xx_driverlib.lib</file>
         <name>spi.o</name>
      </input_file>
      <input_file id="fl-28">
         <path>C:\ti\simplelink_msp432p4_sdk_3_40_01_02\source\ti\devices\msp432p4xx\driverlib\ccs\</path>
         <kind>archive</kind>
         <file>msp432p4xx_driverlib.lib</file>
         <name>timer32.o</name>
      </input_file>
      <input_file id="fl-29">
         <path>C:\ti\simplelink_msp432p4_sdk_3_40_01_02\source\ti\devices\msp432p4xx\driverlib\ccs\</path>
         <kind>archive</kind>
         <file>msp432p4xx_driverlib.lib</file>
         <name>cpu.o</name>
      </input_file>
      <input_file id="fl-df">
         <path>C:\ti\ccs1011\ccs\tools\compiler\ti-cgt-arm_20.2.1.LTS\lib\</path>
         <kind>archive</kind>
         <file>rtsv7M4_T_le_v4SPD16_eabi.lib</file>
         <name>e_pow.c.obj</name>
      </input_file>
      <input_file id="fl-e0">
         <path>C:\ti\ccs1011\ccs\tools\compiler\ti-cgt-arm_20.2.1.LTS\lib\</path>
         <kind>archive</kind>
         <file>rtsv7M4_T_le_v4SPD16_eabi.lib</file>
         <name>e_sqrt.c.obj</name>
      </input_file>
      <input_file id="fl-e1">
         <path>C:\ti\ccs1011\ccs\tools\compiler\ti-cgt-arm_20.2.1.LTS\lib\</path>
         <kind>archive</kind>
         <file>rtsv7M4_T_le_v4SPD16_eabi.lib</file>
         <name>s_scalbn.c.obj</name>
      </input_file>
      <input_file id="fl-e2">
         <path>C:\ti\ccs1011\ccs\tools\compiler\ti-cgt-arm_20.2.1.LTS\lib\</path>
         <kind>archive</kind>
         <file>rtsv7M4_T_le_v4SPD16_eabi.lib</file>
         <name>sprintf.c.obj</name>
      </input_file>
      <input_file id="fl-e3">
         <path>C:\ti\ccs1011\ccs\tools\compiler\ti-cgt-arm_20.2.1.LTS\lib\</path>
         <kind>archive</kind>
         <file>rtsv7M4_T_le_v4SPD16_eabi.lib</file>
         <name>fd_add_t2.asm.obj</name>
      </input_file>
      <input_file id="fl-e4">
         <path>C:\ti\ccs1011\ccs\tools\compiler\ti-cgt-arm_20.2.1.LTS\lib\</path>
         <kind>archive</kind>
         <file>rtsv7M4_T_le_v4SPD16_eabi.lib</file>
         <name>fd_cmp_t2.asm.obj</name>
      </input_file>
      <input_file id="fl-e5">
         <path>C:\ti\ccs1011\ccs\tools\compiler\ti-cgt-arm_20.2.1.LTS\lib\</path>
         <kind>archive</kind>
         <file>rtsv7M4_T_le_v4SPD16_eabi.lib</file>
         <name>fd_div_t2.asm.obj</name>
      </input_file>
      <input_file id="fl-e6">
         <path>C:\ti\ccs1011\ccs\tools\compiler\ti-cgt-arm_20.2.1.LTS\lib\</path>
         <kind>archive</kind>
         <file>rtsv7M4_T_le_v4SPD16_eabi.lib</file>
         <name>fd_mul_t2.asm.obj</name>
      </input_file>
      <input_file id="fl-e7">
         <path>C:\ti\ccs1011\ccs\tools\compiler\ti-cgt-arm_20.2.1.LTS\lib\</path>
         <kind>archive</kind>
         <file>rtsv7M4_T_le_v4SPD16_eabi.lib</file>
         <name>i_tofd_t2.asm.obj</name>
      </input_file>
      <input_file id="fl-e8">
         <path>C:\ti\ccs1011\ccs\tools\compiler\ti-cgt-arm_20.2.1.LTS\lib\</path>
         <kind>archive</kind>
         <file>rtsv7M4_T_le_v4SPD16_eabi.lib</file>
         <name>memcpy_t2.asm.obj</name>
      </input_file>
      <input_file id="fl-e9">
         <path>C:\ti\ccs1011\ccs\tools\compiler\ti-cgt-arm_20.2.1.LTS\lib\</path>
         <kind>archive</kind>
         <file>rtsv7M4_T_le_v4SPD16_eabi.lib</file>
         <name>copy_zero_init.c.obj</name>
      </input_file>
      <input_file id="fl-ea">
         <path>C:\ti\ccs1011\ccs\tools\compiler\ti-cgt-arm_20.2.1.LTS\lib\</path>
         <kind>archive</kind>
         <file>rtsv7M4_T_le_v4SPD16_eabi.lib</file>
         <name>copy_decompress_none.c.obj</name>
      </input_file>
      <input_file id="fl-eb">
         <path>C:\ti\ccs1011\ccs\tools\compiler\ti-cgt-arm_20.2.1.LTS\lib\</path>
         <kind>archive</kind>
         <file>rtsv7M4_T_le_v4SPD16_eabi.lib</file>
         <name>copy_decompress_lzss.c.obj</name>
      </input_file>
      <input_file id="fl-ec">
         <path>C:\ti\ccs1011\ccs\tools\compiler\ti-cgt-arm_20.2.1.LTS\lib\</path>
         <kind>archive</kind>
         <file>rtsv7M4_T_le_v4SPD16_eabi.lib</file>
         <name>errno.c.obj</name>
      </input_file>
      <input_file id="fl-ed">
         <path>C:\ti\ccs1011\ccs\tools\compiler\ti-cgt-arm_20.2.1.LTS\lib\</path>
         <kind>archive</kind>
         <file>rtsv7M4_T_le_v4SPD16_eabi.lib</file>
         <name>boot_cortex_m.c.obj</name>
      </input_file>
      <input_file id="fl-ee">
         <path>C:\ti\ccs1011\ccs\tools\compiler\ti-cgt-arm_20.2.1.LTS\lib\</path>
         <kind>archive</kind>
         <file>rtsv7M4_T_le_v4SPD16_eabi.lib</file>
         <name>s_copysign.c.obj</name>
      </input_file>
      <input_file id="fl-ef">
         <path>C:\ti\ccs1011\ccs\tools\compiler\ti-cgt-arm_20.2.1.LTS\lib\</path>
         <kind>archive</kind>
         <file>rtsv7M4_T_le_v4SPD16_eabi.lib</file>
         <name>_printfi.c.obj</name>
      </input_file>
      <input_file id="fl-f0">
         <path>C:\ti\ccs1011\ccs\tools\compiler\ti-cgt-arm_20.2.1.LTS\lib\</path>
         <kind>archive</kind>
         <file>rtsv7M4_T_le_v4SPD16_eabi.lib</file>
         <name>memset_t2.asm.obj</name>
      </input_file>
      <input_file id="fl-f1">
         <path>C:\ti\ccs1011\ccs\tools\compiler\ti-cgt-arm_20.2.1.LTS\lib\</path>
         <kind>archive</kind>
         <file>rtsv7M4_T_le_v4SPD16_eabi.lib</file>
         <name>fd_toi_t2.asm.obj</name>
      </input_file>
      <input_file id="fl-f2">
         <path>C:\ti\ccs1011\ccs\tools\compiler\ti-cgt-arm_20.2.1.LTS\lib\</path>
         <kind>archive</kind>
         <file>rtsv7M4_T_le_v4SPD16_eabi.lib</file>
         <name>ull_div_t2.asm.obj</name>
      </input_file>
      <input_file id="fl-f3">
         <path>C:\ti\ccs1011\ccs\tools\compiler\ti-cgt-arm_20.2.1.LTS\lib\</path>
         <kind>archive</kind>
         <file>rtsv7M4_T_le_v4SPD16_eabi.lib</file>
         <name>autoinit.c.obj</name>
      </input_file>
      <input_file id="fl-f4">
         <path>C:\ti\ccs1011\ccs\tools\compiler\ti-cgt-arm_20.2.1.LTS\lib\</path>
         <kind>archive</kind>
         <file>rtsv7M4_T_le_v4SPD16_eabi.lib</file>
         <name>pre_init.c.obj</name>
      </input_file>
      <input_file id="fl-f5">
         <path>C:\ti\ccs1011\ccs\tools\compiler\ti-cgt-arm_20.2.1.LTS\lib\</path>
         <kind>archive</kind>
         <file>rtsv7M4_T_le_v4SPD16_eabi.lib</file>
         <name>cpy_tbl.c.obj</name>
      </input_file>
      <input_file id="fl-f6">
         <path>C:\ti\ccs1011\ccs\tools\compiler\ti-cgt-arm_20.2.1.LTS\lib\</path>
         <kind>archive</kind>
         <file>rtsv7M4_T_le_v4SPD16_eabi.lib</file>
         <name>exit.c.obj</name>
      </input_file>
      <input_file id="fl-f7">
         <path>C:\ti\ccs1011\ccs\tools\compiler\ti-cgt-arm_20.2.1.LTS\lib\</path>
         <kind>archive</kind>
         <file>rtsv7M4_T_le_v4SPD16_eabi.lib</file>
         <name>_lock.c.obj</name>
      </input_file>
      <input_file id="fl-f8">
         <path>C:\ti\ccs1011\ccs\tools\compiler\ti-cgt-arm_20.2.1.LTS\lib\</path>
         <kind>archive</kind>
         <file>rtsv7M4_T_le_v4SPD16_eabi.lib</file>
         <name>_ltoa.c.obj</name>
      </input_file>
      <input_file id="fl-f9">
         <path>C:\ti\ccs1011\ccs\tools\compiler\ti-cgt-arm_20.2.1.LTS\lib\</path>
         <kind>archive</kind>
         <file>rtsv7M4_T_le_v4SPD16_eabi.lib</file>
         <name>args_main.c.obj</name>
      </input_file>
      <input_file id="fl-fa">
         <path>C:\ti\ccs1011\ccs\tools\compiler\ti-cgt-arm_20.2.1.LTS\lib\</path>
         <kind>archive</kind>
         <file>rtsv7M4_T_le_v4SPD16_eabi.lib</file>
         <name>atoi.c.obj</name>
      </input_file>
      <input_file id="fl-fb">
         <path>C:\ti\ccs1011\ccs\tools\compiler\ti-cgt-arm_20.2.1.LTS\lib\</path>
         <kind>archive</kind>
         <file>rtsv7M4_T_le_v4SPD16_eabi.lib</file>
         <name>ctype.c.obj</name>
      </input_file>
      <input_file id="fl-fc">
         <path>C:\ti\ccs1011\ccs\tools\compiler\ti-cgt-arm_20.2.1.LTS\lib\</path>
         <kind>archive</kind>
         <file>rtsv7M4_T_le_v4SPD16_eabi.lib</file>
         <name>memccpy.c.obj</name>
      </input_file>
      <input_file id="fl-fd">
         <path>C:\ti\ccs1011\ccs\tools\compiler\ti-cgt-arm_20.2.1.LTS\lib\</path>
         <kind>archive</kind>
         <file>rtsv7M4_T_le_v4SPD16_eabi.lib</file>
         <name>strchr.c.obj</name>
      </input_file>
      <input_file id="fl-fe">
         <path>C:\ti\ccs1011\ccs\tools\compiler\ti-cgt-arm_20.2.1.LTS\lib\</path>
         <kind>archive</kind>
         <file>rtsv7M4_T_le_v4SPD16_eabi.lib</file>
         <name>strlen.c.obj</name>
      </input_file>
      <input_file id="fl-ff">
         <path>C:\ti\ccs1011\ccs\tools\compiler\ti-cgt-arm_20.2.1.LTS\lib\</path>
         <kind>archive</kind>
         <file>rtsv7M4_T_le_v4SPD16_eabi.lib</file>
         <name>s_frexp.c.obj</name>
      </input_file>
      <input_file id="fl-100">
         <path>C:\ti\ccs1011\ccs\tools\compiler\ti-cgt-arm_20.2.1.LTS\lib\</path>
         <kind>archive</kind>
         <file>rtsv7M4_T_le_v4SPD16_eabi.lib</file>
         <name>wcslen.c.obj</name>
      </input_file>
      <input_file id="fl-101">
         <path>C:\ti\ccs1011\ccs\tools\compiler\ti-cgt-arm_20.2.1.LTS\lib\</path>
         <kind>archive</kind>
         <file>rtsv7M4_T_le_v4SPD16_eabi.lib</file>
         <name>div0.asm.obj</name>
      </input_file>
   </input_file_list>
   <object_component_list>
      <object_component id="oc-26">
         <name>.intvecs:retain</name>
         <load_address>0x0</load_address>
         <run_address>0x0</run_address>
         <size>0xe4</size>
         <input_file_ref idref="fl-11"/>
      </object_component>
      <object_component id="oc-370">
         <name>.text:__TI_printfi</name>
         <load_address>0x4c14</load_address>
         <run_address>0x4c14</run_address>
         <size>0xa4e</size>
         <input_file_ref idref="fl-ef"/>
      </object_component>
      <object_component id="oc-228">
         <name>.text:Graphics_drawString</name>
         <load_address>0x5662</load_address>
         <run_address>0x5662</run_address>
         <size>0x47e</size>
         <input_file_ref idref="fl-21"/>
      </object_component>
      <object_component id="oc-f7">
         <name>.text:Graphics_drawImage</name>
         <load_address>0x5ae0</load_address>
         <run_address>0x5ae0</run_address>
         <size>0x390</size>
         <input_file_ref idref="fl-20"/>
      </object_component>
      <object_component id="oc-468">
         <name>.text:_pconv_a</name>
         <load_address>0x5e70</load_address>
         <run_address>0x5e70</run_address>
         <size>0x270</size>
         <input_file_ref idref="fl-ef"/>
      </object_component>
      <object_component id="oc-320">
         <name>.text:Crystalfontz128x128_PixelDrawMultiple</name>
         <load_address>0x60e0</load_address>
         <run_address>0x60e0</run_address>
         <size>0x1d8</size>
         <input_file_ref idref="fl-f"/>
      </object_component>
      <object_component id="oc-456">
         <name>.text:_pconv_g</name>
         <load_address>0x62b8</load_address>
         <run_address>0x62b8</run_address>
         <size>0x1d0</size>
         <input_file_ref idref="fl-ef"/>
      </object_component>
      <object_component id="oc-4fd">
         <name>.text</name>
         <load_address>0x6488</load_address>
         <run_address>0x6488</run_address>
         <size>0x1b6</size>
         <input_file_ref idref="fl-e3"/>
      </object_component>
      <object_component id="oc-6d">
         <name>.text:Default_Handler</name>
         <load_address>0x663e</load_address>
         <run_address>0x663e</run_address>
         <size>0x2</size>
         <input_file_ref idref="fl-11"/>
      </object_component>
      <object_component id="oc-197">
         <name>.text:_getIndexForMemRegister</name>
         <load_address>0x6640</load_address>
         <run_address>0x6640</run_address>
         <size>0x160</size>
         <input_file_ref idref="fl-23"/>
      </object_component>
      <object_component id="oc-9f">
         <name>.text:main</name>
         <load_address>0x67a0</load_address>
         <run_address>0x67a0</run_address>
         <size>0x15c</size>
         <input_file_ref idref="fl-b"/>
      </object_component>
      <object_component id="oc-e5">
         <name>.text:InitJoyStick</name>
         <load_address>0x68fc</load_address>
         <run_address>0x68fc</run_address>
         <size>0x144</size>
         <input_file_ref idref="fl-b"/>
      </object_component>
      <object_component id="oc-462">
         <name>.text:_pconv_e</name>
         <load_address>0x6a40</load_address>
         <run_address>0x6a40</run_address>
         <size>0x13c</size>
         <input_file_ref idref="fl-ef"/>
      </object_component>
      <object_component id="oc-4e3">
         <name>.text</name>
         <load_address>0x6b7c</load_address>
         <run_address>0x6b7c</run_address>
         <size>0x136</size>
         <input_file_ref idref="fl-e5"/>
      </object_component>
      <object_component id="oc-567">
         <name>.text</name>
         <load_address>0x6cb2</load_address>
         <run_address>0x6cb2</run_address>
         <size>0x2</size>
         <input_file_ref idref="fl-101"/>
      </object_component>
      <object_component id="oc-2f5">
         <name>.text:Crystalfontz128x128_SetDrawFrame</name>
         <load_address>0x6cb4</load_address>
         <run_address>0x6cb4</run_address>
         <size>0x134</size>
         <input_file_ref idref="fl-f"/>
      </object_component>
      <object_component id="oc-1cd">
         <name>.text:Crystalfontz128x128_Init</name>
         <load_address>0x6de8</load_address>
         <run_address>0x6de8</run_address>
         <size>0x12c</size>
         <input_file_ref idref="fl-f"/>
      </object_component>
      <object_component id="oc-50f">
         <name>.text:fcvt</name>
         <load_address>0x6f14</load_address>
         <run_address>0x6f14</run_address>
         <size>0x124</size>
         <input_file_ref idref="fl-ef"/>
      </object_component>
      <object_component id="oc-523">
         <name>.text:scalbn</name>
         <load_address>0x7038</load_address>
         <run_address>0x7038</run_address>
         <size>0x110</size>
         <input_file_ref idref="fl-e1"/>
      </object_component>
      <object_component id="oc-4de">
         <name>.text</name>
         <load_address>0x7148</load_address>
         <run_address>0x7148</run_address>
         <size>0xfc</size>
         <input_file_ref idref="fl-e6"/>
      </object_component>
      <object_component id="oc-127">
         <name>.text:isHit</name>
         <load_address>0x7244</load_address>
         <run_address>0x7244</run_address>
         <size>0xdc</size>
         <input_file_ref idref="fl-a"/>
      </object_component>
      <object_component id="oc-11b">
         <name>.text:nextRoom</name>
         <load_address>0x7320</load_address>
         <run_address>0x7320</run_address>
         <size>0xcc</size>
         <input_file_ref idref="fl-a"/>
      </object_component>
      <object_component id="oc-115">
         <name>.text:move</name>
         <load_address>0x73ec</load_address>
         <run_address>0x73ec</run_address>
         <size>0xca</size>
         <input_file_ref idref="fl-a"/>
      </object_component>
      <object_component id="oc-1c6">
         <name>.text:ADC14_configureConversionMemory</name>
         <load_address>0x74b8</load_address>
         <run_address>0x74b8</run_address>
         <size>0xb4</size>
         <input_file_ref idref="fl-23"/>
      </object_component>
      <object_component id="oc-1c0">
         <name>.text:ADC14_configureMultiSequenceMode</name>
         <load_address>0x756c</load_address>
         <run_address>0x756c</run_address>
         <size>0xb4</size>
         <input_file_ref idref="fl-23"/>
      </object_component>
      <object_component id="oc-44b">
         <name>.text:_ltostr</name>
         <load_address>0x7620</load_address>
         <run_address>0x7620</run_address>
         <size>0xb1</size>
         <input_file_ref idref="fl-ef"/>
      </object_component>
      <object_component id="oc-3fe">
         <name>.text:SPI_initMaster</name>
         <load_address>0x76d2</load_address>
         <run_address>0x76d2</run_address>
         <size>0xb0</size>
         <input_file_ref idref="fl-27"/>
      </object_component>
      <object_component id="oc-332">
         <name>.text:Crystalfontz128x128_RectFill</name>
         <load_address>0x7782</load_address>
         <run_address>0x7782</run_address>
         <size>0x9c</size>
         <input_file_ref idref="fl-f"/>
      </object_component>
      <object_component id="oc-38f">
         <name>.text:Graphics_drawLineH</name>
         <load_address>0x781e</load_address>
         <run_address>0x781e</run_address>
         <size>0x9c</size>
         <input_file_ref idref="fl-22"/>
      </object_component>
      <object_component id="oc-37">
         <name>.text</name>
         <load_address>0x78ba</load_address>
         <run_address>0x78ba</run_address>
         <size>0x9c</size>
         <input_file_ref idref="fl-e8"/>
      </object_component>
      <object_component id="oc-4d7">
         <name>.text</name>
         <load_address>0x7956</load_address>
         <run_address>0x7956</run_address>
         <size>0x96</size>
         <input_file_ref idref="fl-f2"/>
      </object_component>
      <object_component id="oc-3f1">
         <name>.text:GPIO_setAsPeripheralModuleFunctionOutputPin</name>
         <load_address>0x79ec</load_address>
         <run_address>0x79ec</run_address>
         <size>0x88</size>
         <input_file_ref idref="fl-24"/>
      </object_component>
      <object_component id="oc-451">
         <name>.text:__aeabi_cdcmple</name>
         <load_address>0x7a74</load_address>
         <run_address>0x7a74</run_address>
         <size>0x86</size>
         <input_file_ref idref="fl-e4"/>
      </object_component>
      <object_component id="oc-4e8">
         <name>.text:__aeabi_cdrcmple</name>
         <load_address>0x7afa</load_address>
         <run_address>0x7afa</run_address>
         <size>0x86</size>
         <input_file_ref idref="fl-e4"/>
      </object_component>
      <object_component id="oc-93">
         <name>.text</name>
         <load_address>0x7b80</load_address>
         <run_address>0x7b80</run_address>
         <size>0x7a</size>
         <input_file_ref idref="fl-f0"/>
      </object_component>
      <object_component id="oc-b1">
         <name>.text:SystemInit</name>
         <load_address>0x7bfc</load_address>
         <run_address>0x7bfc</run_address>
         <size>0x78</size>
         <input_file_ref idref="fl-d"/>
      </object_component>
      <object_component id="oc-508">
         <name>.text:_mcpy</name>
         <load_address>0x7c74</load_address>
         <run_address>0x7c74</run_address>
         <size>0x6e</size>
         <input_file_ref idref="fl-ef"/>
      </object_component>
      <object_component id="oc-205">
         <name>.text:Graphics_convertPalette</name>
         <load_address>0x7ce4</load_address>
         <run_address>0x7ce4</run_address>
         <size>0x6c</size>
         <input_file_ref idref="fl-20"/>
      </object_component>
      <object_component id="oc-232">
         <name>.text:movePossible</name>
         <load_address>0x7d50</load_address>
         <run_address>0x7d50</run_address>
         <size>0x6c</size>
         <input_file_ref idref="fl-a"/>
      </object_component>
      <object_component id="oc-1b3">
         <name>.text:Timer32_initModule</name>
         <load_address>0x7dbc</load_address>
         <run_address>0x7dbc</run_address>
         <size>0x68</size>
         <input_file_ref idref="fl-28"/>
      </object_component>
      <object_component id="oc-17">
         <name>.text:decompress:lzss:__TI_decompress_lzss</name>
         <load_address>0x7e24</load_address>
         <run_address>0x7e24</run_address>
         <size>0x68</size>
         <input_file_ref idref="fl-eb"/>
      </object_component>
      <object_component id="oc-51d">
         <name>.text:frexp</name>
         <load_address>0x7e8c</load_address>
         <run_address>0x7e8c</run_address>
         <size>0x64</size>
         <input_file_ref idref="fl-ff"/>
      </object_component>
      <object_component id="oc-326">
         <name>.text:Crystalfontz128x128_LineDrawH</name>
         <load_address>0x7ef0</load_address>
         <run_address>0x7ef0</run_address>
         <size>0x60</size>
         <input_file_ref idref="fl-f"/>
      </object_component>
      <object_component id="oc-32c">
         <name>.text:Crystalfontz128x128_LineDrawV</name>
         <load_address>0x7f50</load_address>
         <run_address>0x7f50</run_address>
         <size>0x60</size>
         <input_file_ref idref="fl-f"/>
      </object_component>
      <object_component id="oc-121">
         <name>.text:checkIfOverlap</name>
         <load_address>0x7fb0</load_address>
         <run_address>0x7fb0</run_address>
         <size>0x5a</size>
         <input_file_ref idref="fl-a"/>
      </object_component>
      <object_component id="oc-45c">
         <name>.text:_pconv_f</name>
         <load_address>0x800a</load_address>
         <run_address>0x800a</run_address>
         <size>0x56</size>
         <input_file_ref idref="fl-ef"/>
      </object_component>
      <object_component id="oc-1d3">
         <name>.text:Crystalfontz128x128_SetOrientation</name>
         <load_address>0x8060</load_address>
         <run_address>0x8060</run_address>
         <size>0x54</size>
         <input_file_ref idref="fl-f"/>
      </object_component>
      <object_component id="oc-4f2">
         <name>.text:__TI_ltoa</name>
         <load_address>0x80b4</load_address>
         <run_address>0x80b4</run_address>
         <size>0x54</size>
         <input_file_ref idref="fl-f8"/>
      </object_component>
      <object_component id="oc-10f">
         <name>.text:drawScore</name>
         <load_address>0x8108</load_address>
         <run_address>0x8108</run_address>
         <size>0x54</size>
         <input_file_ref idref="fl-c"/>
      </object_component>
      <object_component id="oc-1d9">
         <name>.text:Graphics_initContext</name>
         <load_address>0x815c</load_address>
         <run_address>0x815c</run_address>
         <size>0x52</size>
         <input_file_ref idref="fl-1d"/>
      </object_component>
      <object_component id="oc-502">
         <name>.text:_ecpy</name>
         <load_address>0x81ae</load_address>
         <run_address>0x81ae</run_address>
         <size>0x52</size>
         <input_file_ref idref="fl-ef"/>
      </object_component>
      <object_component id="oc-73">
         <name>.text:ADC14_IRQHandler</name>
         <load_address>0x8200</load_address>
         <run_address>0x8200</run_address>
         <size>0x50</size>
         <input_file_ref idref="fl-b"/>
      </object_component>
      <object_component id="oc-eb">
         <name>.text:Init_Graph</name>
         <load_address>0x8250</load_address>
         <run_address>0x8250</run_address>
         <size>0x4c</size>
         <input_file_ref idref="fl-b"/>
      </object_component>
      <object_component id="oc-445">
         <name>.text:atoi</name>
         <load_address>0x829c</load_address>
         <run_address>0x829c</run_address>
         <size>0x4c</size>
         <input_file_ref idref="fl-fa"/>
      </object_component>
      <object_component id="oc-109">
         <name>.text:init_Character</name>
         <load_address>0x82e8</load_address>
         <run_address>0x82e8</run_address>
         <size>0x4c</size>
         <input_file_ref idref="fl-a"/>
      </object_component>
      <object_component id="oc-fd">
         <name>.text:init_Treasure</name>
         <load_address>0x8334</load_address>
         <run_address>0x8334</run_address>
         <size>0x48</size>
         <input_file_ref idref="fl-c"/>
      </object_component>
      <object_component id="oc-4ed">
         <name>.text</name>
         <load_address>0x837c</load_address>
         <run_address>0x837c</run_address>
         <size>0x48</size>
         <input_file_ref idref="fl-f1"/>
      </object_component>
      <object_component id="oc-20b">
         <name>.text:Graphics_drawMultiplePixelsOnDisplay</name>
         <load_address>0x83c4</load_address>
         <run_address>0x83c4</run_address>
         <size>0x46</size>
         <input_file_ref idref="fl-1e"/>
      </object_component>
      <object_component id="oc-164">
         <name>.text:__TI_auto_init_nobinit_nopinit:__TI_auto_init_nobinit_nopinit</name>
         <load_address>0x840c</load_address>
         <run_address>0x840c</run_address>
         <size>0x44</size>
         <input_file_ref idref="fl-f3"/>
      </object_component>
      <object_component id="oc-31a">
         <name>.text:Crystalfontz128x128_PixelDraw</name>
         <load_address>0x8450</load_address>
         <run_address>0x8450</run_address>
         <size>0x40</size>
         <input_file_ref idref="fl-f"/>
      </object_component>
      <object_component id="oc-3f7">
         <name>.text:GPIO_setAsOutputPin</name>
         <load_address>0x8490</load_address>
         <run_address>0x8490</run_address>
         <size>0x40</size>
         <input_file_ref idref="fl-24"/>
      </object_component>
      <object_component id="oc-389">
         <name>.text:Graphics_getNumberOfLeadingZeros</name>
         <load_address>0x84d0</load_address>
         <run_address>0x84d0</run_address>
         <size>0x40</size>
         <input_file_ref idref="fl-21"/>
      </object_component>
      <object_component id="oc-2d7">
         <name>.text:HAL_LCD_SpiInit</name>
         <load_address>0x8510</load_address>
         <run_address>0x8510</run_address>
         <size>0x40</size>
         <input_file_ref idref="fl-10"/>
      </object_component>
      <object_component id="oc-4b3">
         <name>.text:is_A_Module</name>
         <load_address>0x8550</load_address>
         <run_address>0x8550</run_address>
         <size>0x40</size>
         <input_file_ref idref="fl-27"/>
      </object_component>
      <object_component id="oc-222">
         <name>.text:sprintf</name>
         <load_address>0x8590</load_address>
         <run_address>0x8590</run_address>
         <size>0x40</size>
         <input_file_ref idref="fl-e2"/>
      </object_component>
      <object_component id="oc-515">
         <name>.text:_fcpy</name>
         <load_address>0x85d0</load_address>
         <run_address>0x85d0</run_address>
         <size>0x3e</size>
         <input_file_ref idref="fl-ef"/>
      </object_component>
      <object_component id="oc-2e9">
         <name>.text:HAL_LCD_writeCommand</name>
         <load_address>0x8610</load_address>
         <run_address>0x8610</run_address>
         <size>0x38</size>
         <input_file_ref idref="fl-10"/>
      </object_component>
      <object_component id="oc-249">
         <name>.text:Timer32_startTimer</name>
         <load_address>0x8648</load_address>
         <run_address>0x8648</run_address>
         <size>0x38</size>
         <input_file_ref idref="fl-28"/>
      </object_component>
      <object_component id="oc-491">
         <name>.text:Graphics_drawHorizontalLineOnDisplay</name>
         <load_address>0x8680</load_address>
         <run_address>0x8680</run_address>
         <size>0x36</size>
         <input_file_ref idref="fl-1e"/>
      </object_component>
      <object_component id="oc-243">
         <name>.text:Timer32_setCount</name>
         <load_address>0x86b8</load_address>
         <run_address>0x86b8</run_address>
         <size>0x34</size>
         <input_file_ref idref="fl-28"/>
      </object_component>
      <object_component id="oc-55">
         <name>.text:_c_int00_noargs:_c_int00_noargs</name>
         <load_address>0x86ec</load_address>
         <run_address>0x86ec</run_address>
         <size>0x34</size>
         <input_file_ref idref="fl-ed"/>
      </object_component>
      <object_component id="oc-103">
         <name>.text:spawnTreasure</name>
         <load_address>0x8720</load_address>
         <run_address>0x8720</run_address>
         <size>0x34</size>
         <input_file_ref idref="fl-c"/>
      </object_component>
      <object_component id="oc-2d1">
         <name>.text:HAL_LCD_PortInit</name>
         <load_address>0x8754</load_address>
         <run_address>0x8754</run_address>
         <size>0x30</size>
         <input_file_ref idref="fl-10"/>
      </object_component>
      <object_component id="oc-12d">
         <name>.text:delay</name>
         <load_address>0x8784</load_address>
         <run_address>0x8784</run_address>
         <size>0x30</size>
         <input_file_ref idref="fl-a"/>
      </object_component>
      <object_component id="oc-4f8">
         <name>.text</name>
         <load_address>0x87b4</load_address>
         <run_address>0x87b4</run_address>
         <size>0x2e</size>
         <input_file_ref idref="fl-e7"/>
      </object_component>
      <object_component id="oc-344">
         <name>.text:Crystalfontz128x128_ClearScreen</name>
         <load_address>0x87e4</load_address>
         <run_address>0x87e4</run_address>
         <size>0x2c</size>
         <input_file_ref idref="fl-f"/>
      </object_component>
      <object_component id="oc-211">
         <name>.text:Graphics_drawPixelOnDisplay</name>
         <load_address>0x8810</load_address>
         <run_address>0x8810</run_address>
         <size>0x2c</size>
         <input_file_ref idref="fl-1e"/>
      </object_component>
      <object_component id="oc-2ef">
         <name>.text:HAL_LCD_writeData</name>
         <load_address>0x883c</load_address>
         <run_address>0x883c</run_address>
         <size>0x2c</size>
         <input_file_ref idref="fl-10"/>
      </object_component>
      <object_component id="oc-b9">
         <name>.text:ADC14_getResult</name>
         <load_address>0x8868</load_address>
         <run_address>0x8868</run_address>
         <size>0x28</size>
         <input_file_ref idref="fl-23"/>
      </object_component>
      <object_component id="oc-338">
         <name>.text:Crystalfontz128x128_ColorTranslate</name>
         <load_address>0x8890</load_address>
         <run_address>0x8890</run_address>
         <size>0x28</size>
         <input_file_ref idref="fl-f"/>
      </object_component>
      <object_component id="oc-2e3">
         <name>.text:GPIO_setOutputHighOnPin</name>
         <load_address>0x88b8</load_address>
         <run_address>0x88b8</run_address>
         <size>0x28</size>
         <input_file_ref idref="fl-24"/>
      </object_component>
      <object_component id="oc-2dd">
         <name>.text:GPIO_setOutputLowOnPin</name>
         <load_address>0x88e0</load_address>
         <run_address>0x88e0</run_address>
         <size>0x28</size>
         <input_file_ref idref="fl-24"/>
      </object_component>
      <object_component id="oc-f1">
         <name>.text:titleScreen</name>
         <load_address>0x8908</load_address>
         <run_address>0x8908</run_address>
         <size>0x24</size>
         <input_file_ref idref="fl-b"/>
      </object_component>
      <object_component id="oc-404">
         <name>.text:SPI_enableModule</name>
         <load_address>0x892c</load_address>
         <run_address>0x892c</run_address>
         <size>0x1c</size>
         <input_file_ref idref="fl-27"/>
      </object_component>
      <object_component id="oc-df">
         <name>.text:delay_init</name>
         <load_address>0x8948</load_address>
         <run_address>0x8948</run_address>
         <size>0x1c</size>
         <input_file_ref idref="fl-b"/>
      </object_component>
      <object_component id="oc-46e">
         <name>.text:memccpy</name>
         <load_address>0x8964</load_address>
         <run_address>0x8964</run_address>
         <size>0x1c</size>
         <input_file_ref idref="fl-fc"/>
      </object_component>
      <object_component id="oc-311">
         <name>.text:Graphics_clearDisplayOnDisplay</name>
         <load_address>0x8980</load_address>
         <run_address>0x8980</run_address>
         <size>0x1a</size>
         <input_file_ref idref="fl-1e"/>
      </object_component>
      <object_component id="oc-1e5">
         <name>.text:Graphics_setBackgroundColor</name>
         <load_address>0x899a</load_address>
         <run_address>0x899a</run_address>
         <size>0x1a</size>
         <input_file_ref idref="fl-1d"/>
      </object_component>
      <object_component id="oc-1eb">
         <name>.text:Graphics_setFont</name>
         <load_address>0x89b4</load_address>
         <run_address>0x89b4</run_address>
         <size>0x1a</size>
         <input_file_ref idref="fl-1d"/>
      </object_component>
      <object_component id="oc-580">
         <name>.text:copysign</name>
         <load_address>0x89ce</load_address>
         <run_address>0x89ce</run_address>
         <size>0x1a</size>
         <input_file_ref idref="fl-ee"/>
      </object_component>
      <object_component id="oc-376">
         <name>.text:_outs</name>
         <load_address>0x89e8</load_address>
         <run_address>0x89e8</run_address>
         <size>0x18</size>
         <input_file_ref idref="fl-e2"/>
      </object_component>
      <object_component id="oc-4bb">
         <name>.text:EUSCI_A_SPI_enable</name>
         <load_address>0x8a00</load_address>
         <run_address>0x8a00</run_address>
         <size>0x16</size>
         <input_file_ref idref="fl-27"/>
      </object_component>
      <object_component id="oc-4c1">
         <name>.text:EUSCI_B_SPI_enable</name>
         <load_address>0x8a16</load_address>
         <run_address>0x8a16</run_address>
         <size>0x16</size>
         <input_file_ref idref="fl-27"/>
      </object_component>
      <object_component id="oc-1df">
         <name>.text:Graphics_setForegroundColor</name>
         <load_address>0x8a2c</load_address>
         <run_address>0x8a2c</run_address>
         <size>0x16</size>
         <input_file_ref idref="fl-1d"/>
      </object_component>
      <object_component id="oc-308">
         <name>.text:Graphics_translateColorOnDisplay</name>
         <load_address>0x8a42</load_address>
         <run_address>0x8a42</run_address>
         <size>0x16</size>
         <input_file_ref idref="fl-1e"/>
      </object_component>
      <object_component id="oc-529">
         <name>.text:strchr</name>
         <load_address>0x8a58</load_address>
         <run_address>0x8a58</run_address>
         <size>0x16</size>
         <input_file_ref idref="fl-fd"/>
      </object_component>
      <object_component id="oc-1b9">
         <name>.text:Timer32_disableInterrupt</name>
         <load_address>0x8a6e</load_address>
         <run_address>0x8a6e</run_address>
         <size>0x14</size>
         <input_file_ref idref="fl-28"/>
      </object_component>
      <object_component id="oc-23d">
         <name>.text:Timer32_haltTimer</name>
         <load_address>0x8a82</load_address>
         <run_address>0x8a82</run_address>
         <size>0x14</size>
         <input_file_ref idref="fl-28"/>
      </object_component>
      <object_component id="oc-43f">
         <name>.text:strlen</name>
         <load_address>0x8a96</load_address>
         <run_address>0x8a96</run_address>
         <size>0x14</size>
         <input_file_ref idref="fl-fe"/>
      </object_component>
      <object_component id="oc-1f1">
         <name>.text:Graphics_clearDisplay</name>
         <load_address>0x8aaa</load_address>
         <run_address>0x8aaa</run_address>
         <size>0x12</size>
         <input_file_ref idref="fl-1d"/>
      </object_component>
      <object_component id="oc-474">
         <name>.text:wcslen</name>
         <load_address>0x8abc</load_address>
         <run_address>0x8abc</run_address>
         <size>0x12</size>
         <input_file_ref idref="fl-100"/>
      </object_component>
      <object_component id="oc-2c9">
         <name>.text:ADCIsConversionRunning</name>
         <load_address>0x8ad0</load_address>
         <run_address>0x8ad0</run_address>
         <size>0x10</size>
         <input_file_ref idref="fl-23"/>
      </object_component>
      <object_component id="oc-24f">
         <name>.text:Timer32_getValue</name>
         <load_address>0x8ae0</load_address>
         <run_address>0x8ae0</run_address>
         <size>0xe</size>
         <input_file_ref idref="fl-28"/>
      </object_component>
      <object_component id="oc-1d">
         <name>.text:decompress:none:__TI_decompress_none</name>
         <load_address>0x8aee</load_address>
         <run_address>0x8aee</run_address>
         <size>0xe</size>
         <input_file_ref idref="fl-ea"/>
      </object_component>
      <object_component id="oc-67">
         <name>.text:Reset_Handler</name>
         <load_address>0x8afc</load_address>
         <run_address>0x8afc</run_address>
         <size>0xc</size>
         <input_file_ref idref="fl-11"/>
      </object_component>
      <object_component id="oc-49">
         <name>.text:decompress:ZI:__TI_zero_init</name>
         <load_address>0x8b08</load_address>
         <run_address>0x8b08</run_address>
         <size>0xc</size>
         <input_file_ref idref="fl-e9"/>
      </object_component>
      <object_component id="oc-33e">
         <name>.text:Crystalfontz128x128_Flush</name>
         <load_address>0x8b14</load_address>
         <run_address>0x8b14</run_address>
         <size>0xa</size>
         <input_file_ref idref="fl-f"/>
      </object_component>
      <object_component id="oc-37c">
         <name>.text:_outc</name>
         <load_address>0x8b1e</load_address>
         <run_address>0x8b1e</run_address>
         <size>0xa</size>
         <input_file_ref idref="fl-e2"/>
      </object_component>
      <object_component id="oc-47a">
         <name>.text:__aeabi_errno_addr</name>
         <load_address>0x8b28</load_address>
         <run_address>0x8b28</run_address>
         <size>0x8</size>
         <input_file_ref idref="fl-ec"/>
      </object_component>
      <object_component id="oc-99">
         <name>.text:_system_pre_init</name>
         <load_address>0x8b30</load_address>
         <run_address>0x8b30</run_address>
         <size>0x4</size>
         <input_file_ref idref="fl-f4"/>
      </object_component>
      <object_component id="oc-158">
         <name>.text:abort:abort</name>
         <load_address>0x8b34</load_address>
         <run_address>0x8b34</run_address>
         <size>0x4</size>
         <input_file_ref idref="fl-f6"/>
      </object_component>
      <object_component id="oc-26a">
         <name>.const:.string:pixel_BasicMap00004BPP_UNCOMP</name>
         <load_address>0xe4</load_address>
         <run_address>0xe4</run_address>
         <size>0x2000</size>
         <input_file_ref idref="fl-2"/>
      </object_component>
      <object_component id="oc-355">
         <name>.const:.string:pixel_titleScreen00004BPP_UNCOMP</name>
         <load_address>0x20e4</load_address>
         <run_address>0x20e4</run_address>
         <size>0x2000</size>
         <input_file_ref idref="fl-e"/>
      </object_component>
      <object_component id="oc-34c">
         <name>.const:.string:g_pucFontFixed6x8Data</name>
         <load_address>0x40e4</load_address>
         <run_address>0x40e4</run_address>
         <size>0x2f8</size>
         <input_file_ref idref="fl-1f"/>
      </object_component>
      <object_component id="oc-28d">
         <name>.const:.string:pixel_MinerBackground00004BPP_UNCOMP</name>
         <load_address>0x43dc</load_address>
         <run_address>0x43dc</run_address>
         <size>0x120</size>
         <input_file_ref idref="fl-7"/>
      </object_component>
      <object_component id="oc-296">
         <name>.const:.string:pixel_MinerBig00004BPP_UNCOMP</name>
         <load_address>0x44fc</load_address>
         <run_address>0x44fc</run_address>
         <size>0x120</size>
         <input_file_ref idref="fl-8"/>
      </object_component>
      <object_component id="oc-4d2">
         <name>.const:.string:_ctypes_</name>
         <load_address>0x461c</load_address>
         <run_address>0x461c</run_address>
         <size>0x101</size>
         <input_file_ref idref="fl-fb"/>
      </object_component>
      <object_component id="oc-1fd">
         <name>.const:g_sFontFixed6x8</name>
         <load_address>0x4720</load_address>
         <run_address>0x4720</run_address>
         <size>0xc8</size>
         <input_file_ref idref="fl-1f"/>
      </object_component>
      <object_component id="oc-27b">
         <name>.const:.string:pixel_SlimeBig00004BPP_UNCOMP</name>
         <load_address>0x47e8</load_address>
         <run_address>0x47e8</run_address>
         <size>0xa2</size>
         <input_file_ref idref="fl-9"/>
      </object_component>
      <object_component id="oc-19d">
         <name>.const:_ctlRegs</name>
         <load_address>0x488c</load_address>
         <run_address>0x488c</run_address>
         <size>0x80</size>
         <input_file_ref idref="fl-23"/>
      </object_component>
      <object_component id="oc-267">
         <name>.const:palette_BasicMap00004BPP_UNCOMP</name>
         <load_address>0x490c</load_address>
         <run_address>0x490c</run_address>
         <size>0x40</size>
         <input_file_ref idref="fl-2"/>
      </object_component>
      <object_component id="oc-26f">
         <name>.const:palette_Emerald100004BPP_UNCOMP</name>
         <load_address>0x494c</load_address>
         <run_address>0x494c</run_address>
         <size>0x40</size>
         <input_file_ref idref="fl-3"/>
      </object_component>
      <object_component id="oc-281">
         <name>.const:palette_GemBackground00004BPP_UNCOMP</name>
         <load_address>0x498c</load_address>
         <run_address>0x498c</run_address>
         <size>0x40</size>
         <input_file_ref idref="fl-4"/>
      </object_component>
      <object_component id="oc-28a">
         <name>.const:palette_MinerBackground00004BPP_UNCOMP</name>
         <load_address>0x49cc</load_address>
         <run_address>0x49cc</run_address>
         <size>0x40</size>
         <input_file_ref idref="fl-7"/>
      </object_component>
      <object_component id="oc-293">
         <name>.const:palette_MinerBig00004BPP_UNCOMP</name>
         <load_address>0x4a0c</load_address>
         <run_address>0x4a0c</run_address>
         <size>0x40</size>
         <input_file_ref idref="fl-8"/>
      </object_component>
      <object_component id="oc-278">
         <name>.const:palette_SlimeBig00004BPP_UNCOMP</name>
         <load_address>0x4a4c</load_address>
         <run_address>0x4a4c</run_address>
         <size>0x40</size>
         <input_file_ref idref="fl-9"/>
      </object_component>
      <object_component id="oc-352">
         <name>.const:palette_titleScreen00004BPP_UNCOMP</name>
         <load_address>0x4a8c</load_address>
         <run_address>0x4a8c</run_address>
         <size>0x40</size>
         <input_file_ref idref="fl-e"/>
      </object_component>
      <object_component id="oc-272">
         <name>.const:.string:pixel_Emerald100004BPP_UNCOMP</name>
         <load_address>0x4acc</load_address>
         <run_address>0x4acc</run_address>
         <size>0x32</size>
         <input_file_ref idref="fl-3"/>
      </object_component>
      <object_component id="oc-284">
         <name>.const:.string:pixel_GemBackground00004BPP_UNCOMP</name>
         <load_address>0x4afe</load_address>
         <run_address>0x4afe</run_address>
         <size>0x32</size>
         <input_file_ref idref="fl-4"/>
      </object_component>
      <object_component id="oc-413">
         <name>.const:GPIO_PORT_TO_BASE</name>
         <load_address>0x4b30</load_address>
         <run_address>0x4b30</run_address>
         <size>0x30</size>
         <input_file_ref idref="fl-24"/>
      </object_component>
      <object_component id="oc-1fa">
         <name>.const:g_sCrystalfontz128x128_funcs</name>
         <load_address>0x4b60</load_address>
         <run_address>0x4b60</run_address>
         <size>0x20</size>
         <input_file_ref idref="fl-f"/>
      </object_component>
      <object_component id="oc-40a">
         <name>.const:$P$T0$1</name>
         <load_address>0x4b80</load_address>
         <run_address>0x4b80</run_address>
         <size>0x1c</size>
         <input_file_ref idref="fl-10"/>
      </object_component>
      <object_component id="oc-136">
         <name>.const:BasicMap00004BPP_UNCOMP</name>
         <load_address>0x4b9c</load_address>
         <run_address>0x4b9c</run_address>
         <size>0x10</size>
         <input_file_ref idref="fl-2"/>
      </object_component>
      <object_component id="oc-139">
         <name>.const:Emerald100004BPP_UNCOMP</name>
         <load_address>0x4bac</load_address>
         <run_address>0x4bac</run_address>
         <size>0x10</size>
         <input_file_ref idref="fl-3"/>
      </object_component>
      <object_component id="oc-13f">
         <name>.const:GemBackground00004BPP_UNCOMP</name>
         <load_address>0x4bbc</load_address>
         <run_address>0x4bbc</run_address>
         <size>0x10</size>
         <input_file_ref idref="fl-4"/>
      </object_component>
      <object_component id="oc-142">
         <name>.const:MinerBackground00004BPP_UNCOMP</name>
         <load_address>0x4bcc</load_address>
         <run_address>0x4bcc</run_address>
         <size>0x10</size>
         <input_file_ref idref="fl-7"/>
      </object_component>
      <object_component id="oc-145">
         <name>.const:MinerBig00004BPP_UNCOMP</name>
         <load_address>0x4bdc</load_address>
         <run_address>0x4bdc</run_address>
         <size>0x10</size>
         <input_file_ref idref="fl-8"/>
      </object_component>
      <object_component id="oc-13c">
         <name>.const:SlimeBig00004BPP_UNCOMP</name>
         <load_address>0x4bec</load_address>
         <run_address>0x4bec</run_address>
         <size>0x10</size>
         <input_file_ref idref="fl-9"/>
      </object_component>
      <object_component id="oc-201">
         <name>.const:titleScreen00004BPP_UNCOMP</name>
         <load_address>0x4bfc</load_address>
         <run_address>0x4bfc</run_address>
         <size>0x10</size>
         <input_file_ref idref="fl-e"/>
      </object_component>
      <object_component id="oc-42d">
         <name>.const:$P$T0$1</name>
         <load_address>0x4c0c</load_address>
         <run_address>0x4c0c</run_address>
         <size>0x8</size>
         <input_file_ref idref="fl-f"/>
      </object_component>
      <object_component id="oc-5de">
         <name>.cinit..data.load</name>
         <load_address>0x8b38</load_address>
         <run_address>0x8b38</run_address>
         <size>0xd</size>
      </object_component>
      <object_component id="oc-5dc">
         <name>__TI_handler_table</name>
         <load_address>0x8b48</load_address>
         <run_address>0x8b48</run_address>
         <size>0xc</size>
      </object_component>
      <object_component id="oc-5df">
         <name>.cinit..bss.load</name>
         <load_address>0x8b58</load_address>
         <run_address>0x8b58</run_address>
         <size>0x8</size>
      </object_component>
      <object_component id="oc-5dd">
         <name>__TI_cinit_table</name>
         <load_address>0x8b60</load_address>
         <run_address>0x8b60</run_address>
         <size>0x10</size>
      </object_component>
      <object_component id="oc-5b0">
         <name>.binit</name>
         <load_address>0x0</load_address>
         <run_address>0x0</run_address>
         <size>0x0</size>
      </object_component>
      <object_component id="oc-22e">
         <name>.data</name>
         <load_address>0x20000440</load_address>
         <run_address>0x20000440</run_address>
         <size>0x4</size>
         <input_file_ref idref="fl-c"/>
      </object_component>
      <object_component id="oc-1f7">
         <name>.data:g_sCrystalfontz128x128</name>
         <load_address>0x2000042c</load_address>
         <run_address>0x2000042c</run_address>
         <size>0x10</size>
         <input_file_ref idref="fl-f"/>
      </object_component>
      <object_component id="oc-539">
         <name>.data</name>
         <load_address>0x2000043c</load_address>
         <run_address>0x2000043c</run_address>
         <size>0x4</size>
         <input_file_ref idref="fl-ec"/>
      </object_component>
      <object_component id="oc-bf">
         <name>.bss:resultsBuffer</name>
         <uninitialized>true</uninitialized>
         <run_address>0x2000041c</run_address>
         <size>0x4</size>
         <input_file_ref idref="fl-b"/>
      </object_component>
      <object_component id="oc-35b">
         <name>.bss:g_pulConvertedPalette</name>
         <uninitialized>true</uninitialized>
         <run_address>0x20000000</run_address>
         <size>0x400</size>
         <input_file_ref idref="fl-20"/>
      </object_component>
      <object_component id="oc-133">
         <name>.common:g_sContext</name>
         <uninitialized>true</uninitialized>
         <run_address>0x20000400</run_address>
         <size>0x1c</size>
      </object_component>
      <object_component id="oc-304">
         <name>.common:Lcd_Orientation</name>
         <uninitialized>true</uninitialized>
         <run_address>0x20000428</run_address>
         <size>0x1</size>
      </object_component>
      <object_component id="oc-2fb">
         <name>.common:Lcd_ScreenWidth</name>
         <uninitialized>true</uninitialized>
         <run_address>0x20000422</run_address>
         <size>0x2</size>
      </object_component>
      <object_component id="oc-2fe">
         <name>.common:Lcd_ScreenHeigth</name>
         <uninitialized>true</uninitialized>
         <run_address>0x20000420</run_address>
         <size>0x2</size>
      </object_component>
      <object_component id="oc-2ff">
         <name>.common:Lcd_PenSolid</name>
         <uninitialized>true</uninitialized>
         <run_address>0x20000429</run_address>
         <size>0x1</size>
      </object_component>
      <object_component id="oc-300">
         <name>.common:Lcd_FontSolid</name>
         <uninitialized>true</uninitialized>
         <run_address>0x20000427</run_address>
         <size>0x1</size>
      </object_component>
      <object_component id="oc-301">
         <name>.common:Lcd_FlagRead</name>
         <uninitialized>true</uninitialized>
         <run_address>0x20000426</run_address>
         <size>0x1</size>
      </object_component>
      <object_component id="oc-302">
         <name>.common:Lcd_TouchTrim</name>
         <uninitialized>true</uninitialized>
         <run_address>0x20000424</run_address>
         <size>0x2</size>
      </object_component>
      <object_component id="oc-29">
         <name>.stack</name>
         <uninitialized>true</uninitialized>
         <run_address>0x2000fe00</run_address>
         <size>0x4</size>
         <input_file_ref idref="fl-ed"/>
      </object_component>
      <object_component id="oc-5e1">
         <name>.stack</name>
         <uninitialized>true</uninitialized>
         <run_address>0x2000fe00</run_address>
         <size>0x0</size>
      </object_component>
      <object_component id="oc-1b2">
         <name>.debug_info</name>
         <load_address>0x0</load_address>
         <run_address>0x0</run_address>
         <size>0x269</size>
         <input_file_ref idref="fl-2"/>
      </object_component>
      <object_component id="oc-26b">
         <name>.debug_info</name>
         <load_address>0x269</load_address>
         <run_address>0x269</run_address>
         <size>0x11a</size>
         <input_file_ref idref="fl-2"/>
      </object_component>
      <object_component id="oc-268">
         <name>.debug_info</name>
         <load_address>0x383</load_address>
         <run_address>0x383</run_address>
         <size>0x11e</size>
         <input_file_ref idref="fl-2"/>
      </object_component>
      <object_component id="oc-137">
         <name>.debug_info</name>
         <load_address>0x4a1</load_address>
         <run_address>0x4a1</run_address>
         <size>0x10f</size>
         <input_file_ref idref="fl-2"/>
      </object_component>
      <object_component id="oc-ca">
         <name>.debug_info</name>
         <load_address>0x5b0</load_address>
         <run_address>0x5b0</run_address>
         <size>0x26b</size>
         <input_file_ref idref="fl-2"/>
      </object_component>
      <object_component id="oc-21a">
         <name>.debug_info</name>
         <load_address>0x81b</load_address>
         <run_address>0x81b</run_address>
         <size>0x439</size>
         <input_file_ref idref="fl-2"/>
      </object_component>
      <object_component id="oc-32">
         <name>.debug_info</name>
         <load_address>0xc54</load_address>
         <run_address>0xc54</run_address>
         <size>0x84</size>
         <input_file_ref idref="fl-2"/>
      </object_component>
      <object_component id="oc-1ad">
         <name>.debug_info</name>
         <load_address>0xcd8</load_address>
         <run_address>0xcd8</run_address>
         <size>0x2a4</size>
         <input_file_ref idref="fl-2"/>
      </object_component>
      <object_component id="oc-262">
         <name>.debug_info</name>
         <load_address>0xf7c</load_address>
         <run_address>0xf7c</run_address>
         <size>0xef</size>
         <input_file_ref idref="fl-2"/>
      </object_component>
      <object_component id="oc-c3">
         <name>.debug_info</name>
         <load_address>0x106b</load_address>
         <run_address>0x106b</run_address>
         <size>0xbb</size>
         <input_file_ref idref="fl-2"/>
      </object_component>
      <object_component id="oc-277">
         <name>.debug_info</name>
         <load_address>0x1126</load_address>
         <run_address>0x1126</run_address>
         <size>0x266</size>
         <input_file_ref idref="fl-3"/>
      </object_component>
      <object_component id="oc-273">
         <name>.debug_info</name>
         <load_address>0x138c</load_address>
         <run_address>0x138c</run_address>
         <size>0x119</size>
         <input_file_ref idref="fl-3"/>
      </object_component>
      <object_component id="oc-270">
         <name>.debug_info</name>
         <load_address>0x14a5</load_address>
         <run_address>0x14a5</run_address>
         <size>0x11d</size>
         <input_file_ref idref="fl-3"/>
      </object_component>
      <object_component id="oc-13a">
         <name>.debug_info</name>
         <load_address>0x15c2</load_address>
         <run_address>0x15c2</run_address>
         <size>0x10e</size>
         <input_file_ref idref="fl-3"/>
      </object_component>
      <object_component id="oc-289">
         <name>.debug_info</name>
         <load_address>0x16d0</load_address>
         <run_address>0x16d0</run_address>
         <size>0x26c</size>
         <input_file_ref idref="fl-4"/>
      </object_component>
      <object_component id="oc-285">
         <name>.debug_info</name>
         <load_address>0x193c</load_address>
         <run_address>0x193c</run_address>
         <size>0x129</size>
         <input_file_ref idref="fl-4"/>
      </object_component>
      <object_component id="oc-282">
         <name>.debug_info</name>
         <load_address>0x1a65</load_address>
         <run_address>0x1a65</run_address>
         <size>0x12d</size>
         <input_file_ref idref="fl-4"/>
      </object_component>
      <object_component id="oc-140">
         <name>.debug_info</name>
         <load_address>0x1b92</load_address>
         <run_address>0x1b92</run_address>
         <size>0x11e</size>
         <input_file_ref idref="fl-4"/>
      </object_component>
      <object_component id="oc-3a0">
         <name>.debug_info</name>
         <load_address>0x1cb0</load_address>
         <run_address>0x1cb0</run_address>
         <size>0x9b9</size>
         <input_file_ref idref="fl-5"/>
      </object_component>
      <object_component id="oc-49d">
         <name>.debug_info</name>
         <load_address>0x2669</load_address>
         <run_address>0x2669</run_address>
         <size>0x9a</size>
         <input_file_ref idref="fl-5"/>
      </object_component>
      <object_component id="oc-25d">
         <name>.debug_info</name>
         <load_address>0x2703</load_address>
         <run_address>0x2703</run_address>
         <size>0x1028</size>
         <input_file_ref idref="fl-5"/>
      </object_component>
      <object_component id="oc-258">
         <name>.debug_info</name>
         <load_address>0x372b</load_address>
         <run_address>0x372b</run_address>
         <size>0x37e2</size>
         <input_file_ref idref="fl-5"/>
      </object_component>
      <object_component id="oc-149">
         <name>.debug_info</name>
         <load_address>0x6f0d</load_address>
         <run_address>0x6f0d</run_address>
         <size>0x8b</size>
         <input_file_ref idref="fl-5"/>
      </object_component>
      <object_component id="oc-40e">
         <name>.debug_info</name>
         <load_address>0x6f98</load_address>
         <run_address>0x6f98</run_address>
         <size>0x131</size>
         <input_file_ref idref="fl-5"/>
      </object_component>
      <object_component id="oc-292">
         <name>.debug_info</name>
         <load_address>0x70c9</load_address>
         <run_address>0x70c9</run_address>
         <size>0x270</size>
         <input_file_ref idref="fl-7"/>
      </object_component>
      <object_component id="oc-28e">
         <name>.debug_info</name>
         <load_address>0x7339</load_address>
         <run_address>0x7339</run_address>
         <size>0x12f</size>
         <input_file_ref idref="fl-7"/>
      </object_component>
      <object_component id="oc-28b">
         <name>.debug_info</name>
         <load_address>0x7468</load_address>
         <run_address>0x7468</run_address>
         <size>0x133</size>
         <input_file_ref idref="fl-7"/>
      </object_component>
      <object_component id="oc-143">
         <name>.debug_info</name>
         <load_address>0x759b</load_address>
         <run_address>0x759b</run_address>
         <size>0x124</size>
         <input_file_ref idref="fl-7"/>
      </object_component>
      <object_component id="oc-29b">
         <name>.debug_info</name>
         <load_address>0x76bf</load_address>
         <run_address>0x76bf</run_address>
         <size>0x269</size>
         <input_file_ref idref="fl-8"/>
      </object_component>
      <object_component id="oc-297">
         <name>.debug_info</name>
         <load_address>0x7928</load_address>
         <run_address>0x7928</run_address>
         <size>0x11a</size>
         <input_file_ref idref="fl-8"/>
      </object_component>
      <object_component id="oc-294">
         <name>.debug_info</name>
         <load_address>0x7a42</load_address>
         <run_address>0x7a42</run_address>
         <size>0x11e</size>
         <input_file_ref idref="fl-8"/>
      </object_component>
      <object_component id="oc-146">
         <name>.debug_info</name>
         <load_address>0x7b60</load_address>
         <run_address>0x7b60</run_address>
         <size>0x10f</size>
         <input_file_ref idref="fl-8"/>
      </object_component>
      <object_component id="oc-280">
         <name>.debug_info</name>
         <load_address>0x7c6f</load_address>
         <run_address>0x7c6f</run_address>
         <size>0x267</size>
         <input_file_ref idref="fl-9"/>
      </object_component>
      <object_component id="oc-27c">
         <name>.debug_info</name>
         <load_address>0x7ed6</load_address>
         <run_address>0x7ed6</run_address>
         <size>0x11a</size>
         <input_file_ref idref="fl-9"/>
      </object_component>
      <object_component id="oc-279">
         <name>.debug_info</name>
         <load_address>0x7ff0</load_address>
         <run_address>0x7ff0</run_address>
         <size>0x11e</size>
         <input_file_ref idref="fl-9"/>
      </object_component>
      <object_component id="oc-13d">
         <name>.debug_info</name>
         <load_address>0x810e</load_address>
         <run_address>0x810e</run_address>
         <size>0x10f</size>
         <input_file_ref idref="fl-9"/>
      </object_component>
      <object_component id="oc-239">
         <name>.debug_info</name>
         <load_address>0x821d</load_address>
         <run_address>0x821d</run_address>
         <size>0x942</size>
         <input_file_ref idref="fl-a"/>
      </object_component>
      <object_component id="oc-10a">
         <name>.debug_info</name>
         <load_address>0x8b5f</load_address>
         <run_address>0x8b5f</run_address>
         <size>0x26c</size>
         <input_file_ref idref="fl-a"/>
      </object_component>
      <object_component id="oc-117">
         <name>.debug_info</name>
         <load_address>0x8dcb</load_address>
         <run_address>0x8dcb</run_address>
         <size>0x243</size>
         <input_file_ref idref="fl-a"/>
      </object_component>
      <object_component id="oc-234">
         <name>.debug_info</name>
         <load_address>0x900e</load_address>
         <run_address>0x900e</run_address>
         <size>0x1b2</size>
         <input_file_ref idref="fl-a"/>
      </object_component>
      <object_component id="oc-122">
         <name>.debug_info</name>
         <load_address>0x91c0</load_address>
         <run_address>0x91c0</run_address>
         <size>0x20b</size>
         <input_file_ref idref="fl-a"/>
      </object_component>
      <object_component id="oc-128">
         <name>.debug_info</name>
         <load_address>0x93cb</load_address>
         <run_address>0x93cb</run_address>
         <size>0x290</size>
         <input_file_ref idref="fl-a"/>
      </object_component>
      <object_component id="oc-11c">
         <name>.debug_info</name>
         <load_address>0x965b</load_address>
         <run_address>0x965b</run_address>
         <size>0x22c</size>
         <input_file_ref idref="fl-a"/>
      </object_component>
      <object_component id="oc-12e">
         <name>.debug_info</name>
         <load_address>0x9887</load_address>
         <run_address>0x9887</run_address>
         <size>0x1c1</size>
         <input_file_ref idref="fl-a"/>
      </object_component>
      <object_component id="oc-14e">
         <name>.debug_info</name>
         <load_address>0x9a48</load_address>
         <run_address>0x9a48</run_address>
         <size>0x10e</size>
         <input_file_ref idref="fl-a"/>
      </object_component>
      <object_component id="oc-384">
         <name>.debug_info</name>
         <load_address>0x9b56</load_address>
         <run_address>0x9b56</run_address>
         <size>0x2c</size>
         <input_file_ref idref="fl-a"/>
      </object_component>
      <object_component id="oc-134">
         <name>.debug_info</name>
         <load_address>0x9b82</load_address>
         <run_address>0x9b82</run_address>
         <size>0xebb</size>
         <input_file_ref idref="fl-b"/>
      </object_component>
      <object_component id="oc-c0">
         <name>.debug_info</name>
         <load_address>0xaa3d</load_address>
         <run_address>0xaa3d</run_address>
         <size>0xf6</size>
         <input_file_ref idref="fl-b"/>
      </object_component>
      <object_component id="oc-a1">
         <name>.debug_info</name>
         <load_address>0xab33</load_address>
         <run_address>0xab33</run_address>
         <size>0x282</size>
         <input_file_ref idref="fl-b"/>
      </object_component>
      <object_component id="oc-ec">
         <name>.debug_info</name>
         <load_address>0xadb5</load_address>
         <run_address>0xadb5</run_address>
         <size>0x238</size>
         <input_file_ref idref="fl-b"/>
      </object_component>
      <object_component id="oc-e1">
         <name>.debug_info</name>
         <load_address>0xafed</load_address>
         <run_address>0xafed</run_address>
         <size>0x153</size>
         <input_file_ref idref="fl-b"/>
      </object_component>
      <object_component id="oc-e6">
         <name>.debug_info</name>
         <load_address>0xb140</load_address>
         <run_address>0xb140</run_address>
         <size>0x21e</size>
         <input_file_ref idref="fl-b"/>
      </object_component>
      <object_component id="oc-75">
         <name>.debug_info</name>
         <load_address>0xb35e</load_address>
         <run_address>0xb35e</run_address>
         <size>0x177</size>
         <input_file_ref idref="fl-b"/>
      </object_component>
      <object_component id="oc-f3">
         <name>.debug_info</name>
         <load_address>0xb4d5</load_address>
         <run_address>0xb4d5</run_address>
         <size>0x171</size>
         <input_file_ref idref="fl-b"/>
      </object_component>
      <object_component id="oc-153">
         <name>.debug_info</name>
         <load_address>0xb646</load_address>
         <run_address>0xb646</run_address>
         <size>0x9e</size>
         <input_file_ref idref="fl-b"/>
      </object_component>
      <object_component id="oc-220">
         <name>.debug_info</name>
         <load_address>0xb6e4</load_address>
         <run_address>0xb6e4</run_address>
         <size>0x59d</size>
         <input_file_ref idref="fl-c"/>
      </object_component>
      <object_component id="oc-22f">
         <name>.debug_info</name>
         <load_address>0xbc81</load_address>
         <run_address>0xbc81</run_address>
         <size>0xf1</size>
         <input_file_ref idref="fl-c"/>
      </object_component>
      <object_component id="oc-112">
         <name>.debug_info</name>
         <load_address>0xbd72</load_address>
         <run_address>0xbd72</run_address>
         <size>0x1cc</size>
         <input_file_ref idref="fl-c"/>
      </object_component>
      <object_component id="oc-fe">
         <name>.debug_info</name>
         <load_address>0xbf3e</load_address>
         <run_address>0xbf3e</run_address>
         <size>0x1b1</size>
         <input_file_ref idref="fl-c"/>
      </object_component>
      <object_component id="oc-105">
         <name>.debug_info</name>
         <load_address>0xc0ef</load_address>
         <run_address>0xc0ef</run_address>
         <size>0x1f1</size>
         <input_file_ref idref="fl-c"/>
      </object_component>
      <object_component id="oc-b4">
         <name>.debug_info</name>
         <load_address>0xc2e0</load_address>
         <run_address>0xc2e0</run_address>
         <size>0x148</size>
         <input_file_ref idref="fl-d"/>
      </object_component>
      <object_component id="oc-35a">
         <name>.debug_info</name>
         <load_address>0xc428</load_address>
         <run_address>0xc428</run_address>
         <size>0x26c</size>
         <input_file_ref idref="fl-e"/>
      </object_component>
      <object_component id="oc-356">
         <name>.debug_info</name>
         <load_address>0xc694</load_address>
         <run_address>0xc694</run_address>
         <size>0x123</size>
         <input_file_ref idref="fl-e"/>
      </object_component>
      <object_component id="oc-353">
         <name>.debug_info</name>
         <load_address>0xc7b7</load_address>
         <run_address>0xc7b7</run_address>
         <size>0x127</size>
         <input_file_ref idref="fl-e"/>
      </object_component>
      <object_component id="oc-202">
         <name>.debug_info</name>
         <load_address>0xc8de</load_address>
         <run_address>0xc8de</run_address>
         <size>0x118</size>
         <input_file_ref idref="fl-e"/>
      </object_component>
      <object_component id="oc-2fc">
         <name>.debug_info</name>
         <load_address>0xc9f6</load_address>
         <run_address>0xc9f6</run_address>
         <size>0x946</size>
         <input_file_ref idref="fl-f"/>
      </object_component>
      <object_component id="oc-1f8">
         <name>.debug_info</name>
         <load_address>0xd33c</load_address>
         <run_address>0xd33c</run_address>
         <size>0x12a</size>
         <input_file_ref idref="fl-f"/>
      </object_component>
      <object_component id="oc-1fb">
         <name>.debug_info</name>
         <load_address>0xd466</load_address>
         <run_address>0xd466</run_address>
         <size>0x136</size>
         <input_file_ref idref="fl-f"/>
      </object_component>
      <object_component id="oc-42e">
         <name>.debug_info</name>
         <load_address>0xd59c</load_address>
         <run_address>0xd59c</run_address>
         <size>0x10b</size>
         <input_file_ref idref="fl-f"/>
      </object_component>
      <object_component id="oc-1ce">
         <name>.debug_info</name>
         <load_address>0xd6a7</load_address>
         <run_address>0xd6a7</run_address>
         <size>0x3fd</size>
         <input_file_ref idref="fl-f"/>
      </object_component>
      <object_component id="oc-2f6">
         <name>.debug_info</name>
         <load_address>0xdaa4</load_address>
         <run_address>0xdaa4</run_address>
         <size>0x309</size>
         <input_file_ref idref="fl-f"/>
      </object_component>
      <object_component id="oc-1d4">
         <name>.debug_info</name>
         <load_address>0xddad</load_address>
         <run_address>0xddad</run_address>
         <size>0x265</size>
         <input_file_ref idref="fl-f"/>
      </object_component>
      <object_component id="oc-31b">
         <name>.debug_info</name>
         <load_address>0xe012</load_address>
         <run_address>0xe012</run_address>
         <size>0x2aa</size>
         <input_file_ref idref="fl-f"/>
      </object_component>
      <object_component id="oc-321">
         <name>.debug_info</name>
         <load_address>0xe2bc</load_address>
         <run_address>0xe2bc</run_address>
         <size>0x40d</size>
         <input_file_ref idref="fl-f"/>
      </object_component>
      <object_component id="oc-327">
         <name>.debug_info</name>
         <load_address>0xe6c9</load_address>
         <run_address>0xe6c9</run_address>
         <size>0x2c5</size>
         <input_file_ref idref="fl-f"/>
      </object_component>
      <object_component id="oc-32d">
         <name>.debug_info</name>
         <load_address>0xe98e</load_address>
         <run_address>0xe98e</run_address>
         <size>0x2c5</size>
         <input_file_ref idref="fl-f"/>
      </object_component>
      <object_component id="oc-333">
         <name>.debug_info</name>
         <load_address>0xec53</load_address>
         <run_address>0xec53</run_address>
         <size>0x2f6</size>
         <input_file_ref idref="fl-f"/>
      </object_component>
      <object_component id="oc-339">
         <name>.debug_info</name>
         <load_address>0xef49</load_address>
         <run_address>0xef49</run_address>
         <size>0x213</size>
         <input_file_ref idref="fl-f"/>
      </object_component>
      <object_component id="oc-33f">
         <name>.debug_info</name>
         <load_address>0xf15c</load_address>
         <run_address>0xf15c</run_address>
         <size>0x1ce</size>
         <input_file_ref idref="fl-f"/>
      </object_component>
      <object_component id="oc-345">
         <name>.debug_info</name>
         <load_address>0xf32a</load_address>
         <run_address>0xf32a</run_address>
         <size>0x23e</size>
         <input_file_ref idref="fl-f"/>
      </object_component>
      <object_component id="oc-41d">
         <name>.debug_info</name>
         <load_address>0xf568</load_address>
         <run_address>0xf568</run_address>
         <size>0x37e2</size>
         <input_file_ref idref="fl-f"/>
      </object_component>
      <object_component id="oc-4ca">
         <name>.debug_info</name>
         <load_address>0x12d4a</load_address>
         <run_address>0x12d4a</run_address>
         <size>0x88c</size>
         <input_file_ref idref="fl-10"/>
      </object_component>
      <object_component id="oc-40b">
         <name>.debug_info</name>
         <load_address>0x135d6</load_address>
         <run_address>0x135d6</run_address>
         <size>0x11e</size>
         <input_file_ref idref="fl-10"/>
      </object_component>
      <object_component id="oc-2d3">
         <name>.debug_info</name>
         <load_address>0x136f4</load_address>
         <run_address>0x136f4</run_address>
         <size>0x275</size>
         <input_file_ref idref="fl-10"/>
      </object_component>
      <object_component id="oc-2d9">
         <name>.debug_info</name>
         <load_address>0x13969</load_address>
         <run_address>0x13969</run_address>
         <size>0x23e</size>
         <input_file_ref idref="fl-10"/>
      </object_component>
      <object_component id="oc-2eb">
         <name>.debug_info</name>
         <load_address>0x13ba7</load_address>
         <run_address>0x13ba7</run_address>
         <size>0x235</size>
         <input_file_ref idref="fl-10"/>
      </object_component>
      <object_component id="oc-2f1">
         <name>.debug_info</name>
         <load_address>0x13ddc</load_address>
         <run_address>0x13ddc</run_address>
         <size>0x1e8</size>
         <input_file_ref idref="fl-10"/>
      </object_component>
      <object_component id="oc-7b">
         <name>.debug_info</name>
         <load_address>0x13fc4</load_address>
         <run_address>0x13fc4</run_address>
         <size>0x2e8</size>
         <input_file_ref idref="fl-11"/>
      </object_component>
      <object_component id="oc-27">
         <name>.debug_info</name>
         <load_address>0x142ac</load_address>
[...]
         <value>0x8755</value>
         <object_component_ref idref="oc-2d1"/>
      </symbol>
      <symbol id="sm-32f">
         <name>HAL_LCD_writeCommand</name>
         <value>0x8611</value>
         <object_component_ref idref="oc-2e9"/>
      </symbol>
      <symbol id="sm-34b">
         <name>Reset_Handler</name>
         <value>0x8afd</value>
         <object_component_ref idref="oc-67"/>
      </symbol>
      <symbol id="sm-34c">
         <name>Default_Handler</name>
         <value>0x663f</value>
         <object_component_ref idref="oc-6d"/>
      </symbol>
      <symbol id="sm-34d">
         <name>interruptVectors</name>
         <value>0x0</value>
         <object_component_ref idref="oc-26"/>
      </symbol>
      <symbol id="sm-393">
         <name>Graphics_setBackgroundColor</name>
         <value>0x899b</value>
         <object_component_ref idref="oc-1e5"/>
      </symbol>
      <symbol id="sm-394">
         <name>Graphics_setFont</name>
         <value>0x89b5</value>
         <object_component_ref idref="oc-1eb"/>
      </symbol>
      <symbol id="sm-395">
         <name>Graphics_initContext</name>
         <value>0x815d</value>
         <object_component_ref idref="oc-1d9"/>
      </symbol>
      <symbol id="sm-396">
         <name>Graphics_setForegroundColor</name>
         <value>0x8a2d</value>
         <object_component_ref idref="oc-1df"/>
      </symbol>
      <symbol id="sm-397">
         <name>Graphics_clearDisplay</name>
         <value>0x8aab</value>
         <object_component_ref idref="oc-1f1"/>
      </symbol>
      <symbol id="sm-3c4">
         <name>Graphics_clearDisplayOnDisplay</name>
         <value>0x8981</value>
         <object_component_ref idref="oc-311"/>
      </symbol>
      <symbol id="sm-3c5">
         <name>Graphics_drawPixelOnDisplay</name>
         <value>0x8811</value>
         <object_component_ref idref="oc-211"/>
      </symbol>
      <symbol id="sm-3c6">
         <name>Graphics_translateColorOnDisplay</name>
         <value>0x8a43</value>
         <object_component_ref idref="oc-308"/>
      </symbol>
      <symbol id="sm-3c7">
         <name>Graphics_drawHorizontalLineOnDisplay</name>
         <value>0x8681</value>
         <object_component_ref idref="oc-491"/>
      </symbol>
      <symbol id="sm-3c8">
         <name>Graphics_drawMultiplePixelsOnDisplay</name>
         <value>0x83c5</value>
         <object_component_ref idref="oc-20b"/>
      </symbol>
      <symbol id="sm-3da">
         <name>g_sFontFixed6x8</name>
         <value>0x4720</value>
         <object_component_ref idref="oc-1fd"/>
      </symbol>
      <symbol id="sm-410">
         <name>Graphics_drawImage</name>
         <value>0x5ae1</value>
         <object_component_ref idref="oc-f7"/>
      </symbol>
      <symbol id="sm-450">
         <name>Graphics_drawString</name>
         <value>0x5663</value>
         <object_component_ref idref="oc-228"/>
      </symbol>
      <symbol id="sm-463">
         <name>Graphics_drawLineH</name>
         <value>0x781f</value>
         <object_component_ref idref="oc-38f"/>
      </symbol>
      <symbol id="sm-4ea">
         <name>ADC14_configureMultiSequenceMode</name>
         <value>0x756d</value>
         <object_component_ref idref="oc-1c0"/>
      </symbol>
      <symbol id="sm-4eb">
         <name>ADC14_configureConversionMemory</name>
         <value>0x74b9</value>
         <object_component_ref idref="oc-1c6"/>
      </symbol>
      <symbol id="sm-4ec">
         <name>ADC14_getResult</name>
         <value>0x8869</value>
         <object_component_ref idref="oc-b9"/>
      </symbol>
      <symbol id="sm-525">
         <name>GPIO_setOutputHighOnPin</name>
         <value>0x88b9</value>
         <object_component_ref idref="oc-2e3"/>
      </symbol>
      <symbol id="sm-526">
         <name>GPIO_setAsOutputPin</name>
         <value>0x8491</value>
         <object_component_ref idref="oc-3f7"/>
      </symbol>
      <symbol id="sm-527">
         <name>GPIO_setOutputLowOnPin</name>
         <value>0x88e1</value>
         <object_component_ref idref="oc-2dd"/>
      </symbol>
      <symbol id="sm-528">
         <name>GPIO_setAsPeripheralModuleFunctionOutputPin</name>
         <value>0x79ed</value>
         <object_component_ref idref="oc-3f1"/>
      </symbol>
      <symbol id="sm-569">
         <name>EUSCI_B_SPI_enable</name>
         <value>0x8a17</value>
         <object_component_ref idref="oc-4c1"/>
      </symbol>
      <symbol id="sm-56a">
         <name>SPI_enableModule</name>
         <value>0x892d</value>
         <object_component_ref idref="oc-404"/>
      </symbol>
      <symbol id="sm-56b">
         <name>EUSCI_A_SPI_enable</name>
         <value>0x8a01</value>
         <object_component_ref idref="oc-4bb"/>
      </symbol>
      <symbol id="sm-56c">
         <name>SPI_initMaster</name>
         <value>0x76d3</value>
         <object_component_ref idref="oc-3fe"/>
      </symbol>
      <symbol id="sm-5ad">
         <name>Timer32_startTimer</name>
         <value>0x8649</value>
         <object_component_ref idref="oc-249"/>
      </symbol>
      <symbol id="sm-5ae">
         <name>Timer32_setCount</name>
         <value>0x86b9</value>
         <object_component_ref idref="oc-243"/>
      </symbol>
      <symbol id="sm-5af">
         <name>Timer32_getValue</name>
         <value>0x8ae1</value>
         <object_component_ref idref="oc-24f"/>
      </symbol>
      <symbol id="sm-5b0">
         <name>Timer32_haltTimer</name>
         <value>0x8a83</value>
         <object_component_ref idref="oc-23d"/>
      </symbol>
      <symbol id="sm-5b1">
         <name>Timer32_disableInterrupt</name>
         <value>0x8a6f</value>
         <object_component_ref idref="oc-1b9"/>
      </symbol>
      <symbol id="sm-5b2">
         <name>Timer32_initModule</name>
         <value>0x7dbd</value>
         <object_component_ref idref="oc-1b3"/>
      </symbol>
      <symbol id="sm-5dc">
         <name>scalbn</name>
         <value>0x7039</value>
         <object_component_ref idref="oc-523"/>
      </symbol>
      <symbol id="sm-5dd">
         <name>scalbnl</name>
         <value>0x7039</value>
         <object_component_ref idref="oc-523"/>
      </symbol>
      <symbol id="sm-5de">
         <name>ldexpl</name>
         <value>0x7039</value>
         <object_component_ref idref="oc-523"/>
      </symbol>
      <symbol id="sm-5df">
         <name>ldexp</name>
         <value>0x7039</value>
         <object_component_ref idref="oc-523"/>
      </symbol>
      <symbol id="sm-606">
         <name>sprintf</name>
         <value>0x8591</value>
         <object_component_ref idref="oc-222"/>
      </symbol>
      <symbol id="sm-61d">
         <name>__aeabi_dsub</name>
         <value>0x6489</value>
         <object_component_ref idref="oc-4fd"/>
      </symbol>
      <symbol id="sm-61e">
         <name>__aeabi_dadd</name>
         <value>0x6493</value>
         <object_component_ref idref="oc-4fd"/>
      </symbol>
      <symbol id="sm-640">
         <name>__aeabi_cdcmpeq</name>
         <value>0x7a75</value>
         <object_component_ref idref="oc-451"/>
      </symbol>
      <symbol id="sm-641">
         <name>__aeabi_cdcmple</name>
         <value>0x7a75</value>
         <object_component_ref idref="oc-451"/>
      </symbol>
      <symbol id="sm-642">
         <name>__aeabi_cdrcmple</name>
         <value>0x7afb</value>
         <object_component_ref idref="oc-4e8"/>
      </symbol>
      <symbol id="sm-656">
         <name>__aeabi_ddiv</name>
         <value>0x6b7d</value>
         <object_component_ref idref="oc-4e3"/>
      </symbol>
      <symbol id="sm-661">
         <name>__aeabi_dmul</name>
         <value>0x7149</value>
         <object_component_ref idref="oc-4de"/>
      </symbol>
      <symbol id="sm-66b">
         <name>__aeabi_i2d</name>
         <value>0x87b5</value>
         <object_component_ref idref="oc-4f8"/>
      </symbol>
      <symbol id="sm-686">
         <name>memcpy</name>
         <value>0x78bb</value>
         <object_component_ref idref="oc-37"/>
      </symbol>
      <symbol id="sm-687">
         <name>__aeabi_memcpy</name>
         <value>0x78bb</value>
         <object_component_ref idref="oc-37"/>
      </symbol>
      <symbol id="sm-688">
         <name>__aeabi_memcpy8</name>
         <value>0x78bb</value>
         <object_component_ref idref="oc-37"/>
      </symbol>
      <symbol id="sm-689">
         <name>__aeabi_memcpy4</name>
         <value>0x78bb</value>
         <object_component_ref idref="oc-37"/>
      </symbol>
      <symbol id="sm-6a0">
         <name>__TI_zero_init</name>
         <value>0x8b09</value>
         <object_component_ref idref="oc-49"/>
      </symbol>
      <symbol id="sm-6b7">
         <name>__TI_decompress_none</name>
         <value>0x8aef</value>
         <object_component_ref idref="oc-1d"/>
      </symbol>
      <symbol id="sm-6da">
         <name>__TI_decompress_lzss</name>
         <value>0x7e25</value>
         <object_component_ref idref="oc-17"/>
      </symbol>
      <symbol id="sm-6f0">
         <name>__aeabi_errno_addr</name>
         <value>0x8b29</value>
         <object_component_ref idref="oc-47a"/>
      </symbol>
      <symbol id="sm-6f1">
         <name>errno</name>
         <value>0x2000043c</value>
         <object_component_ref idref="oc-539"/>
      </symbol>
      <symbol id="sm-704">
         <name>__stack</name>
         <value>0x2000fe00</value>
         <object_component_ref idref="oc-29"/>
      </symbol>
      <symbol id="sm-705">
         <name>_c_int00_noargs</name>
         <value>0x86ed</value>
         <object_component_ref idref="oc-55"/>
      </symbol>
      <symbol id="sm-70f">
         <name>copysign</name>
         <value>0x89cf</value>
         <object_component_ref idref="oc-580"/>
      </symbol>
      <symbol id="sm-710">
         <name>copysignl</name>
         <value>0x89cf</value>
         <object_component_ref idref="oc-580"/>
      </symbol>
      <symbol id="sm-875">
         <name>__TI_printfi</name>
         <value>0x4c15</value>
         <object_component_ref idref="oc-370"/>
      </symbol>
      <symbol id="sm-884">
         <name>__aeabi_memset</name>
         <value>0x7b83</value>
         <object_component_ref idref="oc-93"/>
      </symbol>
      <symbol id="sm-885">
         <name>memset</name>
         <value>0x7b89</value>
         <object_component_ref idref="oc-93"/>
      </symbol>
      <symbol id="sm-886">
         <name>__aeabi_memset8</name>
         <value>0x7b83</value>
         <object_component_ref idref="oc-93"/>
      </symbol>
      <symbol id="sm-887">
         <name>__aeabi_memset4</name>
         <value>0x7b83</value>
         <object_component_ref idref="oc-93"/>
      </symbol>
      <symbol id="sm-888">
         <name>__aeabi_memclr8</name>
         <value>0x7b81</value>
         <object_component_ref idref="oc-93"/>
      </symbol>
      <symbol id="sm-889">
         <name>__aeabi_memclr4</name>
         <value>0x7b81</value>
         <object_component_ref idref="oc-93"/>
      </symbol>
      <symbol id="sm-88a">
         <name>__aeabi_memclr</name>
         <value>0x7b81</value>
         <object_component_ref idref="oc-93"/>
      </symbol>
      <symbol id="sm-894">
         <name>__aeabi_d2iz</name>
         <value>0x837d</value>
         <object_component_ref idref="oc-4ed"/>
      </symbol>
      <symbol id="sm-8a1">
         <name>__aeabi_uldivmod</name>
         <value>0x7957</value>
         <object_component_ref idref="oc-4d7"/>
      </symbol>
      <symbol id="sm-8c9">
         <name>__TI_auto_init_nobinit_nopinit</name>
         <value>0x840d</value>
         <object_component_ref idref="oc-164"/>
      </symbol>
      <symbol id="sm-8d3">
         <name>_system_pre_init</name>
         <value>0x8b31</value>
         <object_component_ref idref="oc-99"/>
      </symbol>
      <symbol id="sm-8df">
         <name>C$$EXIT</name>
         <value>0x8b35</value>
         <object_component_ref idref="oc-158"/>
      </symbol>
      <symbol id="sm-8e0">
         <name>abort</name>
         <value>0x8b35</value>
         <object_component_ref idref="oc-158"/>
      </symbol>
      <symbol id="sm-8f0">
         <name>__TI_ltoa</name>
         <value>0x80b5</value>
         <object_component_ref idref="oc-4f2"/>
      </symbol>
      <symbol id="sm-907">
         <name>atoi</name>
         <value>0x829d</value>
         <object_component_ref idref="oc-445"/>
      </symbol>
      <symbol id="sm-912">
         <name>_ctypes_</name>
         <value>0x461c</value>
         <object_component_ref idref="oc-4d2"/>
      </symbol>
      <symbol id="sm-922">
         <name>memccpy</name>
         <value>0x8965</value>
         <object_component_ref idref="oc-46e"/>
      </symbol>
      <symbol id="sm-932">
         <name>strchr</name>
         <value>0x8a59</value>
         <object_component_ref idref="oc-529"/>
      </symbol>
      <symbol id="sm-940">
         <name>strlen</name>
         <value>0x8a97</value>
         <object_component_ref idref="oc-43f"/>
      </symbol>
      <symbol id="sm-956">
         <name>frexpl</name>
         <value>0x7e8d</value>
         <object_component_ref idref="oc-51d"/>
      </symbol>
      <symbol id="sm-957">
         <name>frexp</name>
         <value>0x7e8d</value>
         <object_component_ref idref="oc-51d"/>
      </symbol>
      <symbol id="sm-970">
         <name>wcslen</name>
         <value>0x8abd</value>
         <object_component_ref idref="oc-474"/>
      </symbol>
      <symbol id="sm-97a">
         <name>__aeabi_idiv0</name>
         <value>0x6cb3</value>
         <object_component_ref idref="oc-567"/>
      </symbol>
      <symbol id="sm-97b">
         <name>__aeabi_ldiv0</name>
         <value>0x6cb3</value>
         <object_component_ref idref="oc-567"/>
      </symbol>
      <symbol id="sm-97c">
         <name>__TI_static_base__</name>
         <value>0x0</value>
      </symbol>
      <symbol id="sm-97f">
         <name>__mpu_init</name>
         <value>0x0</value>
      </symbol>
      <symbol id="sm-980">
         <name>_system_post_cinit</name>
         <value>0x0</value>
      </symbol>
      <symbol id="sm-981">
         <name>NMI_Handler</name>
         <value>0x663f</value>
      </symbol>
      <symbol id="sm-982">
         <name>HardFault_Handler</name>
         <value>0x663f</value>
      </symbol>
      <symbol id="sm-983">
         <name>MemManage_Handler</name>
         <value>0x663f</value>
      </symbol>
      <symbol id="sm-984">
         <name>BusFault_Handler</name>
         <value>0x663f</value>
      </symbol>
      <symbol id="sm-985">
         <name>UsageFault_Handler</name>
         <value>0x663f</value>
      </symbol>
      <symbol id="sm-986">
         <name>SVC_Handler</name>
         <value>0x663f</value>
      </symbol>
      <symbol id="sm-987">
         <name>DebugMon_Handler</name>
         <value>0x663f</value>
      </symbol>
      <symbol id="sm-988">
         <name>PendSV_Handler</name>
         <value>0x663f</value>
      </symbol>
      <symbol id="sm-989">
         <name>SysTick_Handler</name>
         <value>0x663f</value>
      </symbol>
      <symbol id="sm-98a">
         <name>PSS_IRQHandler</name>
         <value>0x663f</value>
      </symbol>
      <symbol id="sm-98b">
         <name>CS_IRQHandler</name>
         <value>0x663f</value>
      </symbol>
      <symbol id="sm-98c">
         <name>PCM_IRQHandler</name>
         <value>0x663f</value>
      </symbol>
      <symbol id="sm-98d">
         <name>WDT_A_IRQHandler</name>
         <value>0x663f</value>
      </symbol>
      <symbol id="sm-98e">
         <name>FPU_IRQHandler</name>
         <value>0x663f</value>
      </symbol>
      <symbol id="sm-98f">
         <name>FLCTL_IRQHandler</name>
         <value>0x663f</value>
      </symbol>
      <symbol id="sm-990">
         <name>COMP_E0_IRQHandler</name>
         <value>0x663f</value>
      </symbol>
      <symbol id="sm-991">
         <name>COMP_E1_IRQHandler</name>
         <value>0x663f</value>
      </symbol>
      <symbol id="sm-992">
         <name>TA0_0_IRQHandler</name>
         <value>0x663f</value>
      </symbol>
      <symbol id="sm-993">
         <name>TA0_N_IRQHandler</name>
         <value>0x663f</value>
      </symbol>
      <symbol id="sm-994">
         <name>TA1_0_IRQHandler</name>
         <value>0x663f</value>
      </symbol>
      <symbol id="sm-995">
         <name>TA1_N_IRQHandler</name>
         <value>0x663f</value>
      </symbol>
      <symbol id="sm-996">
         <name>TA2_0_IRQHandler</name>
         <value>0x663f</value>
      </symbol>
      <symbol id="sm-997">
         <name>TA2_N_IRQHandler</name>
         <value>0x663f</value>
      </symbol>
      <symbol id="sm-998">
         <name>TA3_0_IRQHandler</name>
         <value>0x663f</value>
      </symbol>
      <symbol id="sm-999">
         <name>TA3_N_IRQHandler</name>
         <value>0x663f</value>
      </symbol>
      <symbol id="sm-99a">
         <name>EUSCIA0_IRQHandler</name>
         <value>0x663f</value>
      </symbol>
      <symbol id="sm-99b">
         <name>EUSCIA1_IRQHandler</name>
         <value>0x663f</value>
      </symbol>
      <symbol id="sm-99c">
         <name>EUSCIA2_IRQHandler</name>
         <value>0x663f</value>
      </symbol>
      <symbol id="sm-99d">
         <name>EUSCIA3_IRQHandler</name>
         <value>0x663f</value>
      </symbol>
      <symbol id="sm-99e">
         <name>EUSCIB0_IRQHandler</name>
         <value>0x663f</value>
      </symbol>
      <symbol id="sm-99f">
         <name>EUSCIB1_IRQHandler</name>
         <value>0x663f</value>
      </symbol>
      <symbol id="sm-9a0">
         <name>EUSCIB2_IRQHandler</name>
         <value>0x663f</value>
      </symbol>
      <symbol id="sm-9a1">
         <name>EUSCIB3_IRQHandler</name>
         <value>0x663f</value>
      </symbol>
      <symbol id="sm-9a2">
         <name>ADC14_IRQHandler</name>
         <value>0x8201</value>
      </symbol>
      <symbol id="sm-9a3">
         <name>T32_INT1_IRQHandler</name>
         <value>0x663f</value>
      </symbol>
      <symbol id="sm-9a4">
         <name>T32_INT2_IRQHandler</name>
         <value>0x663f</value>
      </symbol>
      <symbol id="sm-9a5">
         <name>T32_INTC_IRQHandler</name>
         <value>0x663f</value>
      </symbol>
      <symbol id="sm-9a6">
         <name>AES256_IRQHandler</name>
         <value>0x663f</value>
      </symbol>
      <symbol id="sm-9a7">
         <name>RTC_C_IRQHandler</name>
         <value>0x663f</value>
      </symbol>
      <symbol id="sm-9a8">
         <name>DMA_ERR_IRQHandler</name>
         <value>0x663f</value>
      </symbol>
      <symbol id="sm-9a9">
         <name>DMA_INT3_IRQHandler</name>
         <value>0x663f</value>
      </symbol>
      <symbol id="sm-9aa">
         <name>DMA_INT2_IRQHandler</name>
         <value>0x663f</value>
      </symbol>
      <symbol id="sm-9ab">
         <name>DMA_INT1_IRQHandler</name>
         <value>0x663f</value>
      </symbol>
      <symbol id="sm-9ac">
         <name>DMA_INT0_IRQHandler</name>
         <value>0x663f</value>
      </symbol>
      <symbol id="sm-9ad">
         <name>PORT1_IRQHandler</name>
         <value>0x663f</value>
      </symbol>
      <symbol id="sm-9ae">
         <name>PORT2_IRQHandler</name>
         <value>0x663f</value>
      </symbol>
      <symbol id="sm-9af">
         <name>PORT3_IRQHandler</name>
         <value>0x663f</value>
      </symbol>
      <symbol id="sm-9b0">
         <name>PORT4_IRQHandler</name>
         <value>0x663f</value>
      </symbol>
      <symbol id="sm-9b1">
         <name>PORT5_IRQHandler</name>
         <value>0x663f</value>
      </symbol>
      <symbol id="sm-9b2">
         <name>PORT6_IRQHandler</name>
         <value>0x663f</value>
      </symbol>
   </symbol_table>
   <title>Link successful</title>
</link_info>
