******************************************************************************
                  TI ARM Linker PC v20.2.1                     
******************************************************************************
>> Linked Sun Nov 29 15:08:43 2020

OUTPUT FILE NAME:   <EmeraldMountain.out>
ENTRY POINT SYMBOL: "_c_int00_noargs"  address: 00006111


MEMORY CONFIGURATION

         name            origin    length      used     unused   attr    fill
----------------------  --------  ---------  --------  --------  ----  --------
  MAIN                  00000000   00040000  0000645c  00039ba4  R  X
  INFO                  00200000   00004000  00000000  00004000  R  X
  SRAM_CODE             01000000   00010000  00000e4a  0000f1b6  RW X
  SRAM_DATA             20000000   00010000  00000e4a  0000f1b6  RW  


SEGMENT ALLOCATION MAP

run origin  load origin   length   init length attrs members
----------  ----------- ---------- ----------- ----- -------
00000000    00000000    00006460   00006460    r-x
  00000000    00000000    000000e4   000000e4    r-- .intvecs
  000000e4    000000e4    0000483c   0000483c    r-- .const
  00004920    00004920    00001b04   00001b04    r-x .text
  00006428    00006428    00000038   00000038    r-- .cinit
20000000    20000000    00000c4c   00000000    rw-
  20000000    20000000    00000800   00000000    rw- .sysmem
  20000800    20000800    0000042a   00000000    rw- .bss
  20000c2c    20000c2c    00000020   00000000    rw- .data
2000fe00    2000fe00    00000200   00000000    rw-
  2000fe00    2000fe00    00000200   00000000    rw- .stack


SECTION ALLOCATION MAP

 output                                  attributes/
section   page    origin      length       input sections
--------  ----  ----------  ----------   ----------------
.intvecs   0    00000000    000000e4     
                  00000000    000000e4     startup_msp432p401r_ccs.obj (.intvecs:retain)

.const     0    000000e4    0000483c     
                  000000e4    00002000     BasicMap.obj (.const:.string:pixel_BasicMap00004BPP_UNCOMP)
                  000020e4    00002000     titleScreen.obj (.const:.string:pixel_titleScreen00004BPP_UNCOMP)
                  000040e4    000002f8     grlib.a : fontfixed6x8.obj (.const:.string:g_pucFontFixed6x8Data)
                  000043dc    00000120     MinerBig.obj (.const:.string:pixel_MinerBig00004BPP_UNCOMP)
                  000044fc    000000c8     grlib.a : fontfixed6x8.obj (.const:g_sFontFixed6x8)
                  000045c4    000000a2     SlimeBig.obj (.const:.string:pixel_SlimeBig00004BPP_UNCOMP)
                  00004666    00000002     --HOLE-- [fill = 0]
                  00004668    00000080     msp432p4xx_driverlib.lib : adc14.o (.const:_ctlRegs)
                  000046e8    00000040     BasicMap.obj (.const:palette_BasicMap00004BPP_UNCOMP)
                  00004728    00000040     Emerald.obj (.const:palette_Emerald100004BPP_UNCOMP)
                  00004768    00000040     MinerBig.obj (.const:palette_MinerBig00004BPP_UNCOMP)
                  000047a8    00000040     SlimeBig.obj (.const:palette_SlimeBig00004BPP_UNCOMP)
                  000047e8    00000040     titleScreen.obj (.const:palette_titleScreen00004BPP_UNCOMP)
                  00004828    00000032     Emerald.obj (.const:.string:pixel_Emerald100004BPP_UNCOMP)
                  0000485a    00000002     --HOLE-- [fill = 0]
                  0000485c    00000030     msp432p4xx_driverlib.lib : gpio.o (.const:GPIO_PORT_TO_BASE)
                  0000488c    00000020     Crystalfontz128x128_ST7735.obj (.const:g_sCrystalfontz128x128_funcs)
                  000048ac    0000001c     HAL_MSP_EXP432P401R_Crystalfontz128x128_ST7735.obj (.const:$P$T0$1)
                  000048c8    00000010     BasicMap.obj (.const:BasicMap00004BPP_UNCOMP)
                  000048d8    00000010     Emerald.obj (.const:Emerald100004BPP_UNCOMP)
                  000048e8    00000010     MinerBig.obj (.const:MinerBig00004BPP_UNCOMP)
                  000048f8    00000010     SlimeBig.obj (.const:SlimeBig00004BPP_UNCOMP)
                  00004908    00000010     titleScreen.obj (.const:titleScreen00004BPP_UNCOMP)
                  00004918    00000008     Crystalfontz128x128_ST7735.obj (.const:$P$T0$1)

.text      0    00004920    00001b04     
                  00004920    00000390     grlib.a : image.obj (.text:Graphics_drawImage)
                  00004cb0    000001d8     Crystalfontz128x128_ST7735.obj (.text:Crystalfontz128x128_PixelDrawMultiple)
                  00004e88    00000160     msp432p4xx_driverlib.lib : adc14.o (.text:_getIndexForMemRegister)
                  00004fe8    00000144     main.obj (.text:InitJoyStick)
                  0000512c    00000134     Crystalfontz128x128_ST7735.obj (.text:Crystalfontz128x128_SetDrawFrame)
                  00005260    0000012c     Crystalfontz128x128_ST7735.obj (.text:Crystalfontz128x128_Init)
                  0000538c    00000108     rtsv7M4_T_le_v4SPD16_eabi.lib : memory.c.obj (.text:aligned_alloc)
                  00005494    00000100     characters.obj (.text:move)
                  00005594    000000d8     main.obj (.text:main)
                  0000566c    000000b4     msp432p4xx_driverlib.lib : adc14.o (.text:ADC14_configureConversionMemory)
                  00005720    000000b4                              : adc14.o (.text:ADC14_configureMultiSequenceMode)
                  000057d4    000000b0                              : spi.o (.text:SPI_initMaster)
                  00005884    0000009c     Crystalfontz128x128_ST7735.obj (.text:Crystalfontz128x128_RectFill)
                  00005920    0000009c     rtsv7M4_T_le_v4SPD16_eabi.lib : memcpy_t2.asm.obj (.text)
                  000059bc    00000088     msp432p4xx_driverlib.lib : gpio.o (.text:GPIO_setAsPeripheralModuleFunctionOutputPin)
                  00005a44    0000007a     rtsv7M4_T_le_v4SPD16_eabi.lib : memset_t2.asm.obj (.text)
                  00005abe    00000002     startup_msp432p401r_ccs.obj (.text:Default_Handler)
                  00005ac0    00000078     system_msp432p401r.obj (.text:SystemInit)
                  00005b38    00000070     rtsv7M4_T_le_v4SPD16_eabi.lib : memory.c.obj (.text:split)
                  00005ba8    0000006c     grlib.a : image.obj (.text:Graphics_convertPalette)
                  00005c14    00000068     rtsv7M4_T_le_v4SPD16_eabi.lib : copy_decompress_lzss.c.obj (.text:decompress:lzss:__TI_decompress_lzss)
                  00005c7c    00000060     Crystalfontz128x128_ST7735.obj (.text:Crystalfontz128x128_LineDrawH)
                  00005cdc    00000060     Crystalfontz128x128_ST7735.obj (.text:Crystalfontz128x128_LineDrawV)
                  00005d3c    00000058     characters.obj (.text:movePossible)
                  00005d94    00000054     Crystalfontz128x128_ST7735.obj (.text:Crystalfontz128x128_SetOrientation)
                  00005de8    00000052     grlib.a : context.obj (.text:Graphics_initContext)
                  00005e3a    00000002     rtsv7M4_T_le_v4SPD16_eabi.lib : _lock.c.obj (.text:_nop)
                  00005e3c    00000050     main.obj (.text:ADC14_IRQHandler)
                  00005e8c    0000004c     main.obj (.text:Init_Graph)
                  00005ed8    00000046     grlib.a : display.obj (.text:Graphics_drawMultiplePixelsOnDisplay)
                  00005f1e    00000002     --HOLE-- [fill = 0]
                  00005f20    00000044     rtsv7M4_T_le_v4SPD16_eabi.lib : autoinit.c.obj (.text:__TI_auto_init_nobinit_nopinit:__TI_auto_init_nobinit_nopinit)
                  00005f64    00000040     Crystalfontz128x128_ST7735.obj (.text:Crystalfontz128x128_PixelDraw)
                  00005fa4    00000040     msp432p4xx_driverlib.lib : gpio.o (.text:GPIO_setAsOutputPin)
                  00005fe4    00000040     HAL_MSP_EXP432P401R_Crystalfontz128x128_ST7735.obj (.text:HAL_LCD_SpiInit)
                  00006024    00000040     msp432p4xx_driverlib.lib : spi.o (.text:is_A_Module)
                  00006064    0000003c     characters.obj (.text:generateInitialMapTiles)
                  000060a0    00000038     HAL_MSP_EXP432P401R_Crystalfontz128x128_ST7735.obj (.text:HAL_LCD_writeCommand)
                  000060d8    00000038     characters.obj (.text:init_Character)
                  00006110    00000034     rtsv7M4_T_le_v4SPD16_eabi.lib : boot_cortex_m.c.obj (.text:_c_int00_noargs:_c_int00_noargs)
                  00006144    00000030     HAL_MSP_EXP432P401R_Crystalfontz128x128_ST7735.obj (.text:HAL_LCD_PortInit)
                  00006174    0000002c     Crystalfontz128x128_ST7735.obj (.text:Crystalfontz128x128_ClearScreen)
                  000061a0    0000002c     grlib.a : display.obj (.text:Graphics_drawPixelOnDisplay)
                  000061cc    0000002c     HAL_MSP_EXP432P401R_Crystalfontz128x128_ST7735.obj (.text:HAL_LCD_writeData)
                  000061f8    00000028     msp432p4xx_driverlib.lib : adc14.o (.text:ADC14_getResult)
                  00006220    00000028     Crystalfontz128x128_ST7735.obj (.text:Crystalfontz128x128_ColorTranslate)
                  00006248    00000028     msp432p4xx_driverlib.lib : gpio.o (.text:GPIO_setOutputHighOnPin)
                  00006270    00000028                              : gpio.o (.text:GPIO_setOutputLowOnPin)
                  00006298    00000028     rtsv7M4_T_le_v4SPD16_eabi.lib : memory.c.obj (.text:free_list_insert)
                  000062c0    00000024     main.obj (.text:titleScreen)
                  000062e4    0000001c     msp432p4xx_driverlib.lib : spi.o (.text:SPI_enableModule)
                  00006300    0000001c     rtsv7M4_T_le_v4SPD16_eabi.lib : memory.c.obj (.text:free_list_remove)
                  0000631c    0000001a     grlib.a : display.obj (.text:Graphics_clearDisplayOnDisplay)
                  00006336    0000001a             : context.obj (.text:Graphics_setBackgroundColor)
                  00006350    0000001a             : context.obj (.text:Graphics_setFont)
                  0000636a    00000016     msp432p4xx_driverlib.lib : spi.o (.text:EUSCI_A_SPI_enable)
                  00006380    00000016                              : spi.o (.text:EUSCI_B_SPI_enable)
                  00006396    00000016     grlib.a : context.obj (.text:Graphics_setForegroundColor)
                  000063ac    00000016             : display.obj (.text:Graphics_translateColorOnDisplay)
                  000063c2    00000012             : context.obj (.text:Graphics_clearDisplay)
                  000063d4    00000010     msp432p4xx_driverlib.lib : adc14.o (.text:ADCIsConversionRunning)
                  000063e4    0000000e     rtsv7M4_T_le_v4SPD16_eabi.lib : copy_decompress_none.c.obj (.text:decompress:none:__TI_decompress_none)
                  000063f2    0000000c     startup_msp432p401r_ccs.obj (.text:Reset_Handler)
                  000063fe    0000000c     rtsv7M4_T_le_v4SPD16_eabi.lib : copy_zero_init.c.obj (.text:decompress:ZI:__TI_zero_init)
                  0000640a    0000000a     Crystalfontz128x128_ST7735.obj (.text:Crystalfontz128x128_Flush)
                  00006414    00000008     rtsv7M4_T_le_v4SPD16_eabi.lib : memory.c.obj (.text:malloc)
                  0000641c    00000004                                   : pre_init.c.obj (.text:_system_pre_init)
                  00006420    00000004                                   : exit.c.obj (.text:abort:abort)

.cinit     0    00006428    00000038     
                  00006428    00000014     (.cinit..data.load) [load image, compression = lzss]
                  0000643c    0000000c     (__TI_handler_table)
                  00006448    00000008     (.cinit..bss.load) [load image, compression = zero_init]
                  00006450    00000010     (__TI_cinit_table)

.init_array 
*          0    00000000    00000000     UNINITIALIZED

.binit     0    00000000    00000000     

.sysmem    0    20000000    00000800     UNINITIALIZED
                  20000000    00000010     rtsv7M4_T_le_v4SPD16_eabi.lib : memory.c.obj (.sysmem)
                  20000010    000007f0     --HOLE--

.bss       0    20000800    0000042a     UNINITIALIZED
                  20000800    00000400     grlib.a : image.obj (.bss:g_pulConvertedPalette)
                  20000c00    0000001c     (.common:g_sContext)
                  20000c1c    00000004     main.obj (.bss:resultsBuffer)
                  20000c20    00000002     (.common:Lcd_ScreenHeigth)
                  20000c22    00000002     (.common:Lcd_ScreenWidth)
                  20000c24    00000002     (.common:Lcd_TouchTrim)
                  20000c26    00000001     (.common:Lcd_FlagRead)
                  20000c27    00000001     (.common:Lcd_FontSolid)
                  20000c28    00000001     (.common:Lcd_Orientation)
                  20000c29    00000001     (.common:Lcd_PenSolid)

.data      0    20000c2c    00000020     UNINITIALIZED
                  20000c2c    00000010     Crystalfontz128x128_ST7735.obj (.data:g_sCrystalfontz128x128)
                  20000c3c    00000008     rtsv7M4_T_le_v4SPD16_eabi.lib : _lock.c.obj (.data:$O1$$)
                  20000c44    00000008                                   : memory.c.obj (.data:$O1$$)

.stack     0    2000fe00    00000200     UNINITIALIZED
                  2000fe00    00000004     rtsv7M4_T_le_v4SPD16_eabi.lib : boot_cortex_m.c.obj (.stack)
                  2000fe04    000001fc     --HOLE--

__llvm_prf_cnts 
*          0    20000000    00000000     UNINITIALIZED

MODULE SUMMARY

       Module                                               code   ro data   rw data
       ------                                               ----   -------   -------
    .\
       BasicMap.obj                                         0      8272      0      
       titleScreen.obj                                      0      8272      0      
       main.obj                                             732    0         64     
       characters.obj                                       460    0         0      
       MinerBig.obj                                         0      368       0      
       SlimeBig.obj                                         0      242       0      
       Emerald.obj                                          0      130       0      
       system_msp432p401r.obj                               120    0         0      
    +--+----------------------------------------------------+------+---------+---------+
       Total:                                               1312   17284     64     
                                                                                    
    .\LcdDriver\
       Crystalfontz128x128_ST7735.obj                       1670   40        52     
       HAL_MSP_EXP432P401R_Crystalfontz128x128_ST7735.obj   212    28        0      
    +--+----------------------------------------------------+------+---------+---------+
       Total:                                               1882   68        52     
                                                                                    
    .\ccs\
       startup_msp432p401r_ccs.obj                          14     228       0      
    +--+----------------------------------------------------+------+---------+---------+
       Total:                                               14     228       0      
                                                                                    
    C:/ti/simplelink_msp432p4_sdk_3_40_01_02/source/ti/devices/msp432p4xx/driverlib/ccs/msp432p4xx_driverlib.lib
       adc14.o                                              768    128       0      
       gpio.o                                               280    48        0      
       spi.o                                                312    0         0      
    +--+----------------------------------------------------+------+---------+---------+
       Total:                                               1360   176       0      
                                                                                    
    C:/ti/simplelink_msp432p4_sdk_3_40_01_02/source/ti/grlib/lib/ccs/m4f/grlib.a
       image.obj                                            1020   0         2048   
       fontfixed6x8.obj                                     0      960       0      
       context.obj                                          174    0         0      
       display.obj                                          162    0         0      
    +--+----------------------------------------------------+------+---------+---------+
       Total:                                               1356   960       2048   
                                                                                    
    C:\ti\ccs1010\ccs\tools\compiler\ti-cgt-arm_20.2.1.LTS\lib\rtsv7M4_T_le_v4SPD16_eabi.lib
       memory.c.obj                                         452    0         16     
       memcpy_t2.asm.obj                                    156    0         0      
       memset_t2.asm.obj                                    122    0         0      
       copy_decompress_lzss.c.obj                           104    0         0      
       autoinit.c.obj                                       68     0         0      
       boot_cortex_m.c.obj                                  52     0         0      
       _lock.c.obj                                          2      0         16     
       copy_decompress_none.c.obj                           14     0         0      
       copy_zero_init.c.obj                                 12     0         0      
       exit.c.obj                                           4      0         0      
       pre_init.c.obj                                       4      0         0      
    +--+----------------------------------------------------+------+---------+---------+
       Total:                                               990    0         32     
                                                                                    
       Heap:                                                0      0         4096   
       Stack:                                               0      0         1024   
       Linker Generated:                                    0      56        0      
    +--+----------------------------------------------------+------+---------+---------+
       Grand Total:                                         6914   18772     7316   


LINKER GENERATED COPY TABLES

__TI_cinit_table @ 00006450 records: 2, size/record: 8, table size: 16
	.data: load addr=00006428, load size=00000014 bytes, run addr=20000c2c, run size=00000020 bytes, compression=lzss
	.bss: load addr=00006448, load size=00000008 bytes, run addr=20000800, run size=0000042a bytes, compression=zero_init


LINKER GENERATED HANDLER TABLE

__TI_handler_table @ 0000643c records: 3, size/record: 4, table size: 12
	index: 0, handler: __TI_decompress_lzss
	index: 1, handler: __TI_decompress_none
	index: 2, handler: __TI_zero_init


GLOBAL SYMBOLS: SORTED ALPHABETICALLY BY Name 

address   name                                       
-------   ----                                       
00005e3d  ADC14_IRQHandler                           
00005e3d  ADC14_IRQHandler                           
0000566d  ADC14_configureConversionMemory            
00005721  ADC14_configureMultiSequenceMode           
000061f9  ADC14_getResult                            
00005abf  AES256_IRQHandler                          
000048c8  BasicMap00004BPP_UNCOMP                    
00005abf  BusFault_Handler                           
00006421  C$$EXIT                                    
00005abf  COMP_E0_IRQHandler                         
00005abf  COMP_E1_IRQHandler                         
00005abf  CS_IRQHandler                              
00005261  Crystalfontz128x128_Init                   
0000512d  Crystalfontz128x128_SetDrawFrame           
00005d95  Crystalfontz128x128_SetOrientation         
00005abf  DMA_ERR_IRQHandler                         
00005abf  DMA_INT0_IRQHandler                        
00005abf  DMA_INT1_IRQHandler                        
00005abf  DMA_INT2_IRQHandler                        
00005abf  DMA_INT3_IRQHandler                        
00005abf  DebugMon_Handler                           
00005abf  Default_Handler                            
00005abf  EUSCIA0_IRQHandler                         
00005abf  EUSCIA1_IRQHandler                         
00005abf  EUSCIA2_IRQHandler                         
00005abf  EUSCIA3_IRQHandler                         
00005abf  EUSCIB0_IRQHandler                         
00005abf  EUSCIB1_IRQHandler                         
00005abf  EUSCIB2_IRQHandler                         
00005abf  EUSCIB3_IRQHandler                         
0000636b  EUSCI_A_SPI_enable                         
00006381  EUSCI_B_SPI_enable                         
000048d8  Emerald100004BPP_UNCOMP                    
00005abf  FLCTL_IRQHandler                           
00005abf  FPU_IRQHandler                             
00005fa5  GPIO_setAsOutputPin                        
000059bd  GPIO_setAsPeripheralModuleFunctionOutputPin
00006249  GPIO_setOutputHighOnPin                    
00006271  GPIO_setOutputLowOnPin                     
000063c3  Graphics_clearDisplay                      
0000631d  Graphics_clearDisplayOnDisplay             
00004921  Graphics_drawImage                         
00005ed9  Graphics_drawMultiplePixelsOnDisplay       
000061a1  Graphics_drawPixelOnDisplay                
00005de9  Graphics_initContext                       
00006337  Graphics_setBackgroundColor                
00006351  Graphics_setFont                           
00006397  Graphics_setForegroundColor                
000063ad  Graphics_translateColorOnDisplay           
00006145  HAL_LCD_PortInit                           
00005fe5  HAL_LCD_SpiInit                            
000060a1  HAL_LCD_writeCommand                       
000061cd  HAL_LCD_writeData                          
00005abf  HardFault_Handler                          
00004fe9  InitJoyStick                               
00005e8d  Init_Graph                                 
20000c26  Lcd_FlagRead                               
20000c27  Lcd_FontSolid                              
20000c28  Lcd_Orientation                            
20000c29  Lcd_PenSolid                               
20000c20  Lcd_ScreenHeigth                           
20000c22  Lcd_ScreenWidth                            
20000c24  Lcd_TouchTrim                              
00005abf  MemManage_Handler                          
000048e8  MinerBig00004BPP_UNCOMP                    
00005abf  NMI_Handler                                
00005abf  PCM_IRQHandler                             
00005abf  PORT1_IRQHandler                           
00005abf  PORT2_IRQHandler                           
00005abf  PORT3_IRQHandler                           
00005abf  PORT4_IRQHandler                           
00005abf  PORT5_IRQHandler                           
00005abf  PORT6_IRQHandler                           
00005abf  PSS_IRQHandler                             
00005abf  PendSV_Handler                             
00005abf  RTC_C_IRQHandler                           
000063f3  Reset_Handler                              
000062e5  SPI_enableModule                           
000057d5  SPI_initMaster                             
00005abf  SVC_Handler                                
000048f8  SlimeBig00004BPP_UNCOMP                    
00005abf  SysTick_Handler                            
00005ac1  SystemInit                                 
00005abf  T32_INT1_IRQHandler                        
00005abf  T32_INT2_IRQHandler                        
00005abf  T32_INTC_IRQHandler                        
00005abf  TA0_0_IRQHandler                           
00005abf  TA0_N_IRQHandler                           
00005abf  TA1_0_IRQHandler                           
00005abf  TA1_N_IRQHandler                           
00005abf  TA2_0_IRQHandler                           
00005abf  TA2_N_IRQHandler                           
00005abf  TA3_0_IRQHandler                           
00005abf  TA3_N_IRQHandler                           
00005abf  UsageFault_Handler                         
4000480c  WDTCTL_SYM                                 
00005abf  WDT_A_IRQHandler                           
20010000  __STACK_END                                
00000200  __STACK_SIZE                               
00000800  __SYSMEM_SIZE                              
00006450  __TI_CINIT_Base                            
00006460  __TI_CINIT_Limit                           
0000643c  __TI_Handler_Table_Base                    
00006448  __TI_Handler_Table_Limit                   
00005f21  __TI_auto_init_nobinit_nopinit             
00005c15  __TI_decompress_lzss                       
000063e5  __TI_decompress_none                       
ffffffff  __TI_pprof_out_hndl                        
ffffffff  __TI_prof_data_size                        
ffffffff  __TI_prof_data_start                       
00000000  __TI_static_base__                         
000063ff  __TI_zero_init                             
00005a45  __aeabi_memclr                             
00005a45  __aeabi_memclr4                            
00005a45  __aeabi_memclr8                            
00005921  __aeabi_memcpy                             
00005921  __aeabi_memcpy4                            
00005921  __aeabi_memcpy8                            
00005a47  __aeabi_memset                             
00005a47  __aeabi_memset4                            
00005a47  __aeabi_memset8                            
ffffffff  __binit__                                  
ffffffff  __c_args__                                 
UNDEFED   __mpu_init                                 
2000fe00  __stack                                    
20000000  __start___llvm_prf_cnts                    
20000000  __stop___llvm_prf_cnts                     
00006111  _c_int00_noargs                            
20000c3c  _lock                                      
00005e3b  _nop                                       
20000000  _sys_memory                                
UNDEFED   _system_post_cinit                         
0000641d  _system_pre_init                           
20000c40  _unlock                                    
00006421  abort                                      
0000538d  aligned_alloc                              
ffffffff  binit                                      
20000c00  g_sContext                                 
20000c2c  g_sCrystalfontz128x128                     
0000488c  g_sCrystalfontz128x128_funcs               
000044fc  g_sFontFixed6x8                            
00006065  generateInitialMapTiles                    
000060d9  init_Character                             
00000000  interruptVectors                           
00005595  main                                       
00006415  malloc                                     
0000538d  memalign                                   
00005921  memcpy                                     
00005a4d  memset                                     
00005495  move                                       
00005d3d  movePossible                               
000062c1  titleScreen                                
00004908  titleScreen00004BPP_UNCOMP                 


GLOBAL SYMBOLS: SORTED BY Symbol Address 

address   name                                       
-------   ----                                       
00000000  __TI_static_base__                         
00000000  interruptVectors                           
00000200  __STACK_SIZE                               
00000800  __SYSMEM_SIZE                              
000044fc  g_sFontFixed6x8                            
0000488c  g_sCrystalfontz128x128_funcs               
000048c8  BasicMap00004BPP_UNCOMP                    
000048d8  Emerald100004BPP_UNCOMP                    
000048e8  MinerBig00004BPP_UNCOMP                    
000048f8  SlimeBig00004BPP_UNCOMP                    
00004908  titleScreen00004BPP_UNCOMP                 
00004921  Graphics_drawImage                         
00004fe9  InitJoyStick                               
0000512d  Crystalfontz128x128_SetDrawFrame           
00005261  Crystalfontz128x128_Init                   
0000538d  aligned_alloc                              
0000538d  memalign                                   
00005495  move                                       
00005595  main                                       
0000566d  ADC14_configureConversionMemory            
00005721  ADC14_configureMultiSequenceMode           
000057d5  SPI_initMaster                             
00005921  __aeabi_memcpy                             
00005921  __aeabi_memcpy4                            
00005921  __aeabi_memcpy8                            
00005921  memcpy                                     
000059bd  GPIO_setAsPeripheralModuleFunctionOutputPin
00005a45  __aeabi_memclr                             
00005a45  __aeabi_memclr4                            
00005a45  __aeabi_memclr8                            
00005a47  __aeabi_memset                             
00005a47  __aeabi_memset4                            
00005a47  __aeabi_memset8                            
00005a4d  memset                                     
00005abf  AES256_IRQHandler                          
00005abf  BusFault_Handler                           
00005abf  COMP_E0_IRQHandler                         
00005abf  COMP_E1_IRQHandler                         
00005abf  CS_IRQHandler                              
00005abf  DMA_ERR_IRQHandler                         
00005abf  DMA_INT0_IRQHandler                        
00005abf  DMA_INT1_IRQHandler                        
00005abf  DMA_INT2_IRQHandler                        
00005abf  DMA_INT3_IRQHandler                        
00005abf  DebugMon_Handler                           
00005abf  Default_Handler                            
00005abf  EUSCIA0_IRQHandler                         
00005abf  EUSCIA1_IRQHandler                         
00005abf  EUSCIA2_IRQHandler                         
00005abf  EUSCIA3_IRQHandler                         
00005abf  EUSCIB0_IRQHandler                         
00005abf  EUSCIB1_IRQHandler                         
00005abf  EUSCIB2_IRQHandler                         
00005abf  EUSCIB3_IRQHandler                         
00005abf  FLCTL_IRQHandler                           
00005abf  FPU_IRQHandler                             
00005abf  HardFault_Handler                          
00005abf  MemManage_Handler                          
00005abf  NMI_Handler                                
00005abf  PCM_IRQHandler                             
00005abf  PORT1_IRQHandler                           
00005abf  PORT2_IRQHandler                           
00005abf  PORT3_IRQHandler                           
00005abf  PORT4_IRQHandler                           
00005abf  PORT5_IRQHandler                           
00005abf  PORT6_IRQHandler                           
00005abf  PSS_IRQHandler                             
00005abf  PendSV_Handler                             
00005abf  RTC_C_IRQHandler                           
00005abf  SVC_Handler                                
00005abf  SysTick_Handler                            
00005abf  T32_INT1_IRQHandler                        
00005abf  T32_INT2_IRQHandler                        
00005abf  T32_INTC_IRQHandler                        
00005abf  TA0_0_IRQHandler                           
00005abf  TA0_N_IRQHandler                           
00005abf  TA1_0_IRQHandler                           
00005abf  TA1_N_IRQHandler                           
00005abf  TA2_0_IRQHandler                           
00005abf  TA2_N_IRQHandler                           
00005abf  TA3_0_IRQHandler                           
00005abf  TA3_N_IRQHandler                           
00005abf  UsageFault_Handler                         
00005abf  WDT_A_IRQHandler                           
00005ac1  SystemInit                                 
00005c15  __TI_decompress_lzss                       
00005d3d  movePossible                               
00005d95  Crystalfontz128x128_SetOrientation         
00005de9  Graphics_initContext                       
00005e3b  _nop                                       
00005e3d  ADC14_IRQHandler                           
00005e3d  ADC14_IRQHandler                           
00005e8d  Init_Graph                                 
00005ed9  Graphics_drawMultiplePixelsOnDisplay       
00005f21  __TI_auto_init_nobinit_nopinit             
00005fa5  GPIO_setAsOutputPin                        
00005fe5  HAL_LCD_SpiInit                            
00006065  generateInitialMapTiles                    
000060a1  HAL_LCD_writeCommand                       
000060d9  init_Character                             
00006111  _c_int00_noargs                            
00006145  HAL_LCD_PortInit                           
000061a1  Graphics_drawPixelOnDisplay                
000061cd  HAL_LCD_writeData                          
000061f9  ADC14_getResult                            
00006249  GPIO_setOutputHighOnPin                    
00006271  GPIO_setOutputLowOnPin                     
000062c1  titleScreen                                
000062e5  SPI_enableModule                           
0000631d  Graphics_clearDisplayOnDisplay             
00006337  Graphics_setBackgroundColor                
00006351  Graphics_setFont                           
0000636b  EUSCI_A_SPI_enable                         
00006381  EUSCI_B_SPI_enable                         
00006397  Graphics_setForegroundColor                
000063ad  Graphics_translateColorOnDisplay           
000063c3  Graphics_clearDisplay                      
000063e5  __TI_decompress_none                       
000063f3  Reset_Handler                              
000063ff  __TI_zero_init                             
00006415  malloc                                     
0000641d  _system_pre_init                           
00006421  C$$EXIT                                    
00006421  abort                                      
0000643c  __TI_Handler_Table_Base                    
00006448  __TI_Handler_Table_Limit                   
00006450  __TI_CINIT_Base                            
00006460  __TI_CINIT_Limit                           
20000000  __start___llvm_prf_cnts                    
20000000  __stop___llvm_prf_cnts                     
20000000  _sys_memory                                
20000c00  g_sContext                                 
20000c20  Lcd_ScreenHeigth                           
20000c22  Lcd_ScreenWidth                            
20000c24  Lcd_TouchTrim                              
20000c26  Lcd_FlagRead                               
20000c27  Lcd_FontSolid                              
20000c28  Lcd_Orientation                            
20000c29  Lcd_PenSolid                               
20000c2c  g_sCrystalfontz128x128                     
20000c3c  _lock                                      
20000c40  _unlock                                    
2000fe00  __stack                                    
20010000  __STACK_END                                
4000480c  WDTCTL_SYM                                 
ffffffff  __TI_pprof_out_hndl                        
ffffffff  __TI_prof_data_size                        
ffffffff  __TI_prof_data_start                       
ffffffff  __binit__                                  
ffffffff  __c_args__                                 
ffffffff  binit                                      
UNDEFED   __mpu_init                                 
UNDEFED   _system_post_cinit                         

[153 symbols]
