******************************************************************************
                  TI ARM Linker PC v20.2.1                     
******************************************************************************
>> Linked Sun Nov 29 19:34:19 2020

OUTPUT FILE NAME:   <EmeraldMountain.out>
ENTRY POINT SYMBOL: "_c_int00_noargs"  address: 00005f11


MEMORY CONFIGURATION

         name            origin    length      used     unused   attr    fill
----------------------  --------  ---------  --------  --------  ----  --------
  MAIN                  00000000   00040000  00006210  00039df0  R  X
  INFO                  00200000   00004000  00000000  00004000  R  X
  SRAM_CODE             01000000   00010000  0000063a  0000f9c6  RW X
  SRAM_DATA             20000000   00010000  0000063a  0000f9c6  RW  


SEGMENT ALLOCATION MAP

run origin  load origin   length   init length attrs members
----------  ----------- ---------- ----------- ----- -------
00000000    00000000    00006210   00006210    r-x
  00000000    00000000    000000e4   000000e4    r-- .intvecs
  000000e4    000000e4    0000483c   0000483c    r-- .const
  00004920    00004920    000018b8   000018b8    r-x .text
  000061d8    000061d8    00000038   00000038    r-- .cinit
20000000    20000000    0000043c   00000000    rw-
  20000000    20000000    0000042a   00000000    rw- .bss
  2000042c    2000042c    00000010   00000000    rw- .data
2000fe00    2000fe00    00000200   00000000    rw-
  2000fe00    2000fe00    00000200   00000000    rw- .stack


SECTION ALLOCATION MAP

 output                                  attributes/
section   page    origin      length       input sections
--------  ----  ----------  ----------   ----------------
.intvecs   0    00000000    000000e4     
                  00000000    000000e4     startup_msp432p401r_ccs.obj (.intvecs:retain)

.const     0    000000e4    0000483c     
                  000000e4    00002000     BasicMap.obj (.const:.string:pixel_BasicMap00004BPP_UNCOMP)
                  000020e4    00002000     titleScreen.obj (.const:.string:pixel_titleScreen00004BPP_UNCOMP)
                  000040e4    000002f8     grlib.a : fontfixed6x8.obj (.const:.string:g_pucFontFixed6x8Data)
                  000043dc    00000120     MinerBig.obj (.const:.string:pixel_MinerBig00004BPP_UNCOMP)
                  000044fc    000000c8     grlib.a : fontfixed6x8.obj (.const:g_sFontFixed6x8)
                  000045c4    000000a2     SlimeBig.obj (.const:.string:pixel_SlimeBig00004BPP_UNCOMP)
                  00004666    00000002     --HOLE-- [fill = 0]
                  00004668    00000080     msp432p4xx_driverlib.lib : adc14.o (.const:_ctlRegs)
                  000046e8    00000040     BasicMap.obj (.const:palette_BasicMap00004BPP_UNCOMP)
                  00004728    00000040     Emerald.obj (.const:palette_Emerald100004BPP_UNCOMP)
                  00004768    00000040     MinerBig.obj (.const:palette_MinerBig00004BPP_UNCOMP)
                  000047a8    00000040     SlimeBig.obj (.const:palette_SlimeBig00004BPP_UNCOMP)
                  000047e8    00000040     titleScreen.obj (.const:palette_titleScreen00004BPP_UNCOMP)
                  00004828    00000032     Emerald.obj (.const:.string:pixel_Emerald100004BPP_UNCOMP)
                  0000485a    00000002     --HOLE-- [fill = 0]
                  0000485c    00000030     msp432p4xx_driverlib.lib : gpio.o (.const:GPIO_PORT_TO_BASE)
                  0000488c    00000020     Crystalfontz128x128_ST7735.obj (.const:g_sCrystalfontz128x128_funcs)
                  000048ac    0000001c     HAL_MSP_EXP432P401R_Crystalfontz128x128_ST7735.obj (.const:$P$T0$1)
                  000048c8    00000010     BasicMap.obj (.const:BasicMap00004BPP_UNCOMP)
                  000048d8    00000010     Emerald.obj (.const:Emerald100004BPP_UNCOMP)
                  000048e8    00000010     MinerBig.obj (.const:MinerBig00004BPP_UNCOMP)
                  000048f8    00000010     SlimeBig.obj (.const:SlimeBig00004BPP_UNCOMP)
                  00004908    00000010     titleScreen.obj (.const:titleScreen00004BPP_UNCOMP)
                  00004918    00000008     Crystalfontz128x128_ST7735.obj (.const:$P$T0$1)

.text      0    00004920    000018b8     
                  00004920    00000390     grlib.a : image.obj (.text:Graphics_drawImage)
                  00004cb0    000001d8     Crystalfontz128x128_ST7735.obj (.text:Crystalfontz128x128_PixelDrawMultiple)
                  00004e88    00000160     msp432p4xx_driverlib.lib : adc14.o (.text:_getIndexForMemRegister)
                  00004fe8    00000144     main.obj (.text:InitJoyStick)
                  0000512c    00000134     Crystalfontz128x128_ST7735.obj (.text:Crystalfontz128x128_SetDrawFrame)
                  00005260    0000012c     Crystalfontz128x128_ST7735.obj (.text:Crystalfontz128x128_Init)
                  0000538c    000000c4     main.obj (.text:main)
                  00005450    000000b4     msp432p4xx_driverlib.lib : adc14.o (.text:ADC14_configureConversionMemory)
                  00005504    000000b4                              : adc14.o (.text:ADC14_configureMultiSequenceMode)
                  000055b8    000000b4     characters.obj (.text:move)
                  0000566c    000000b0     msp432p4xx_driverlib.lib : spi.o (.text:SPI_initMaster)
                  0000571c    0000009c     Crystalfontz128x128_ST7735.obj (.text:Crystalfontz128x128_RectFill)
                  000057b8    0000009c     rtsv7M4_T_le_v4SPD16_eabi.lib : memcpy_t2.asm.obj (.text)
                  00005854    00000088     msp432p4xx_driverlib.lib : gpio.o (.text:GPIO_setAsPeripheralModuleFunctionOutputPin)
                  000058dc    0000007a     rtsv7M4_T_le_v4SPD16_eabi.lib : memset_t2.asm.obj (.text)
                  00005956    00000002     startup_msp432p401r_ccs.obj (.text:Default_Handler)
                  00005958    00000078     system_msp432p401r.obj (.text:SystemInit)
                  000059d0    0000006c     grlib.a : image.obj (.text:Graphics_convertPalette)
                  00005a3c    0000006c     characters.obj (.text:movePossible)
                  00005aa8    00000068     rtsv7M4_T_le_v4SPD16_eabi.lib : copy_decompress_lzss.c.obj (.text:decompress:lzss:__TI_decompress_lzss)
                  00005b10    00000060     Crystalfontz128x128_ST7735.obj (.text:Crystalfontz128x128_LineDrawH)
                  00005b70    00000060     Crystalfontz128x128_ST7735.obj (.text:Crystalfontz128x128_LineDrawV)
                  00005bd0    00000054     Crystalfontz128x128_ST7735.obj (.text:Crystalfontz128x128_SetOrientation)
                  00005c24    00000052     grlib.a : context.obj (.text:Graphics_initContext)
                  00005c76    00000002     --HOLE-- [fill = 0]
                  00005c78    00000050     main.obj (.text:ADC14_IRQHandler)
                  00005cc8    0000004c     main.obj (.text:Init_Graph)
                  00005d14    00000046     grlib.a : display.obj (.text:Graphics_drawMultiplePixelsOnDisplay)
                  00005d5a    00000002     --HOLE-- [fill = 0]
                  00005d5c    00000044     rtsv7M4_T_le_v4SPD16_eabi.lib : autoinit.c.obj (.text:__TI_auto_init_nobinit_nopinit:__TI_auto_init_nobinit_nopinit)
                  00005da0    00000040     Crystalfontz128x128_ST7735.obj (.text:Crystalfontz128x128_PixelDraw)
                  00005de0    00000040     msp432p4xx_driverlib.lib : gpio.o (.text:GPIO_setAsOutputPin)
                  00005e20    00000040     HAL_MSP_EXP432P401R_Crystalfontz128x128_ST7735.obj (.text:HAL_LCD_SpiInit)
                  00005e60    00000040     msp432p4xx_driverlib.lib : spi.o (.text:is_A_Module)
                  00005ea0    00000038     HAL_MSP_EXP432P401R_Crystalfontz128x128_ST7735.obj (.text:HAL_LCD_writeCommand)
                  00005ed8    00000038     characters.obj (.text:init_Character)
                  00005f10    00000034     rtsv7M4_T_le_v4SPD16_eabi.lib : boot_cortex_m.c.obj (.text:_c_int00_noargs:_c_int00_noargs)
                  00005f44    00000030     HAL_MSP_EXP432P401R_Crystalfontz128x128_ST7735.obj (.text:HAL_LCD_PortInit)
                  00005f74    0000002c     Crystalfontz128x128_ST7735.obj (.text:Crystalfontz128x128_ClearScreen)
                  00005fa0    0000002c     grlib.a : display.obj (.text:Graphics_drawPixelOnDisplay)
                  00005fcc    0000002c     HAL_MSP_EXP432P401R_Crystalfontz128x128_ST7735.obj (.text:HAL_LCD_writeData)
                  00005ff8    00000028     msp432p4xx_driverlib.lib : adc14.o (.text:ADC14_getResult)
                  00006020    00000028     Crystalfontz128x128_ST7735.obj (.text:Crystalfontz128x128_ColorTranslate)
                  00006048    00000028     msp432p4xx_driverlib.lib : gpio.o (.text:GPIO_setOutputHighOnPin)
                  00006070    00000028                              : gpio.o (.text:GPIO_setOutputLowOnPin)
                  00006098    00000024     main.obj (.text:titleScreen)
                  000060bc    0000001c     msp432p4xx_driverlib.lib : spi.o (.text:SPI_enableModule)
                  000060d8    0000001a     grlib.a : display.obj (.text:Graphics_clearDisplayOnDisplay)
                  000060f2    0000001a             : context.obj (.text:Graphics_setBackgroundColor)
                  0000610c    0000001a             : context.obj (.text:Graphics_setFont)
                  00006126    00000016     msp432p4xx_driverlib.lib : spi.o (.text:EUSCI_A_SPI_enable)
                  0000613c    00000016                              : spi.o (.text:EUSCI_B_SPI_enable)
                  00006152    00000016     grlib.a : context.obj (.text:Graphics_setForegroundColor)
                  00006168    00000016             : display.obj (.text:Graphics_translateColorOnDisplay)
                  0000617e    00000012             : context.obj (.text:Graphics_clearDisplay)
                  00006190    00000010     msp432p4xx_driverlib.lib : adc14.o (.text:ADCIsConversionRunning)
                  000061a0    0000000e     rtsv7M4_T_le_v4SPD16_eabi.lib : copy_decompress_none.c.obj (.text:decompress:none:__TI_decompress_none)
                  000061ae    0000000c     startup_msp432p401r_ccs.obj (.text:Reset_Handler)
                  000061ba    0000000c     rtsv7M4_T_le_v4SPD16_eabi.lib : copy_zero_init.c.obj (.text:decompress:ZI:__TI_zero_init)
                  000061c6    0000000a     Crystalfontz128x128_ST7735.obj (.text:Crystalfontz128x128_Flush)
                  000061d0    00000004     rtsv7M4_T_le_v4SPD16_eabi.lib : pre_init.c.obj (.text:_system_pre_init)
                  000061d4    00000004                                   : exit.c.obj (.text:abort:abort)

.cinit     0    000061d8    00000038     
                  000061d8    0000000d     (.cinit..data.load) [load image, compression = lzss]
                  000061e5    00000003     --HOLE-- [fill = 0]
                  000061e8    0000000c     (__TI_handler_table)
                  000061f4    00000004     --HOLE-- [fill = 0]
                  000061f8    00000008     (.cinit..bss.load) [load image, compression = zero_init]
                  00006200    00000010     (__TI_cinit_table)

.init_array 
*          0    00000000    00000000     UNINITIALIZED

.binit     0    00000000    00000000     

.bss       0    20000000    0000042a     UNINITIALIZED
                  20000000    00000400     grlib.a : image.obj (.bss:g_pulConvertedPalette)
                  20000400    0000001c     (.common:g_sContext)
                  2000041c    00000004     main.obj (.bss:resultsBuffer)
                  20000420    00000002     (.common:Lcd_ScreenHeigth)
                  20000422    00000002     (.common:Lcd_ScreenWidth)
                  20000424    00000002     (.common:Lcd_TouchTrim)
                  20000426    00000001     (.common:Lcd_FlagRead)
                  20000427    00000001     (.common:Lcd_FontSolid)
                  20000428    00000001     (.common:Lcd_Orientation)
                  20000429    00000001     (.common:Lcd_PenSolid)

.data      0    2000042c    00000010     UNINITIALIZED
                  2000042c    00000010     Crystalfontz128x128_ST7735.obj (.data:g_sCrystalfontz128x128)

.stack     0    2000fe00    00000200     UNINITIALIZED
                  2000fe00    00000004     rtsv7M4_T_le_v4SPD16_eabi.lib : boot_cortex_m.c.obj (.stack)
                  2000fe04    000001fc     --HOLE--

__llvm_prf_cnts 
*          0    20000000    00000000     UNINITIALIZED

MODULE SUMMARY

       Module                                               code   ro data   rw data
       ------                                               ----   -------   -------
    .\
       BasicMap.obj                                         0      8272      0      
       titleScreen.obj                                      0      8272      0      
       main.obj                                             712    0         64     
       MinerBig.obj                                         0      368       0      
       characters.obj                                       344    0         0      
       SlimeBig.obj                                         0      242       0      
       Emerald.obj                                          0      130       0      
       system_msp432p401r.obj                               120    0         0      
    +--+----------------------------------------------------+------+---------+---------+
       Total:                                               1176   17284     64     
                                                                                    
    .\LcdDriver\
       Crystalfontz128x128_ST7735.obj                       1670   40        52     
       HAL_MSP_EXP432P401R_Crystalfontz128x128_ST7735.obj   212    28        0      
    +--+----------------------------------------------------+------+---------+---------+
       Total:                                               1882   68        52     
                                                                                    
    .\ccs\
       startup_msp432p401r_ccs.obj                          14     228       0      
    +--+----------------------------------------------------+------+---------+---------+
       Total:                                               14     228       0      
                                                                                    
    C:/ti/simplelink_msp432p4_sdk_3_40_01_02/source/ti/devices/msp432p4xx/driverlib/ccs/msp432p4xx_driverlib.lib
       adc14.o                                              768    128       0      
       gpio.o                                               280    48        0      
       spi.o                                                312    0         0      
    +--+----------------------------------------------------+------+---------+---------+
       Total:                                               1360   176       0      
                                                                                    
    C:/ti/simplelink_msp432p4_sdk_3_40_01_02/source/ti/grlib/lib/ccs/m4f/grlib.a
       image.obj                                            1020   0         2048   
       fontfixed6x8.obj                                     0      960       0      
       context.obj                                          174    0         0      
       display.obj                                          162    0         0      
    +--+----------------------------------------------------+------+---------+---------+
       Total:                                               1356   960       2048   
                                                                                    
    C:\ti\ccs1011\ccs\tools\compiler\ti-cgt-arm_20.2.1.LTS\lib\rtsv7M4_T_le_v4SPD16_eabi.lib
       memcpy_t2.asm.obj                                    156    0         0      
       memset_t2.asm.obj                                    122    0         0      
       copy_decompress_lzss.c.obj                           104    0         0      
       autoinit.c.obj                                       68     0         0      
       boot_cortex_m.c.obj                                  52     0         0      
       copy_decompress_none.c.obj                           14     0         0      
       copy_zero_init.c.obj                                 12     0         0      
       exit.c.obj                                           4      0         0      
       pre_init.c.obj                                       4      0         0      
    +--+----------------------------------------------------+------+---------+---------+
       Total:                                               536    0         0      
                                                                                    
       Stack:                                               0      0         1024   
       Linker Generated:                                    0      49        0      
    +--+----------------------------------------------------+------+---------+---------+
       Grand Total:                                         6324   18765     3188   


LINKER GENERATED COPY TABLES

__TI_cinit_table @ 00006200 records: 2, size/record: 8, table size: 16
	.data: load addr=000061d8, load size=0000000d bytes, run addr=2000042c, run size=00000010 bytes, compression=lzss
	.bss: load addr=000061f8, load size=00000008 bytes, run addr=20000000, run size=0000042a bytes, compression=zero_init


LINKER GENERATED HANDLER TABLE

__TI_handler_table @ 000061e8 records: 3, size/record: 4, table size: 12
	index: 0, handler: __TI_decompress_lzss
	index: 1, handler: __TI_decompress_none
	index: 2, handler: __TI_zero_init


GLOBAL SYMBOLS: SORTED ALPHABETICALLY BY Name 

address   name                                       
-------   ----                                       
00005c79  ADC14_IRQHandler                           
00005c79  ADC14_IRQHandler                           
00005451  ADC14_configureConversionMemory            
00005505  ADC14_configureMultiSequenceMode           
00005ff9  ADC14_getResult                            
00005957  AES256_IRQHandler                          
000048c8  BasicMap00004BPP_UNCOMP                    
00005957  BusFault_Handler                           
000061d5  C$$EXIT                                    
00005957  COMP_E0_IRQHandler                         
00005957  COMP_E1_IRQHandler                         
00005957  CS_IRQHandler                              
00005261  Crystalfontz128x128_Init                   
0000512d  Crystalfontz128x128_SetDrawFrame           
00005bd1  Crystalfontz128x128_SetOrientation         
00005957  DMA_ERR_IRQHandler                         
00005957  DMA_INT0_IRQHandler                        
00005957  DMA_INT1_IRQHandler                        
00005957  DMA_INT2_IRQHandler                        
00005957  DMA_INT3_IRQHandler                        
00005957  DebugMon_Handler                           
00005957  Default_Handler                            
00005957  EUSCIA0_IRQHandler                         
00005957  EUSCIA1_IRQHandler                         
00005957  EUSCIA2_IRQHandler                         
00005957  EUSCIA3_IRQHandler                         
00005957  EUSCIB0_IRQHandler                         
00005957  EUSCIB1_IRQHandler                         
00005957  EUSCIB2_IRQHandler                         
00005957  EUSCIB3_IRQHandler                         
00006127  EUSCI_A_SPI_enable                         
0000613d  EUSCI_B_SPI_enable                         
000048d8  Emerald100004BPP_UNCOMP                    
00005957  FLCTL_IRQHandler                           
00005957  FPU_IRQHandler                             
00005de1  GPIO_setAsOutputPin                        
00005855  GPIO_setAsPeripheralModuleFunctionOutputPin
00006049  GPIO_setOutputHighOnPin                    
00006071  GPIO_setOutputLowOnPin                     
0000617f  Graphics_clearDisplay                      
000060d9  Graphics_clearDisplayOnDisplay             
00004921  Graphics_drawImage                         
00005d15  Graphics_drawMultiplePixelsOnDisplay       
00005fa1  Graphics_drawPixelOnDisplay                
00005c25  Graphics_initContext                       
000060f3  Graphics_setBackgroundColor                
0000610d  Graphics_setFont                           
00006153  Graphics_setForegroundColor                
00006169  Graphics_translateColorOnDisplay           
00005f45  HAL_LCD_PortInit                           
00005e21  HAL_LCD_SpiInit                            
00005ea1  HAL_LCD_writeCommand                       
00005fcd  HAL_LCD_writeData                          
00005957  HardFault_Handler                          
00004fe9  InitJoyStick                               
00005cc9  Init_Graph                                 
20000426  Lcd_FlagRead                               
20000427  Lcd_FontSolid                              
20000428  Lcd_Orientation                            
20000429  Lcd_PenSolid                               
20000420  Lcd_ScreenHeigth                           
20000422  Lcd_ScreenWidth                            
20000424  Lcd_TouchTrim                              
00005957  MemManage_Handler                          
000048e8  MinerBig00004BPP_UNCOMP                    
00005957  NMI_Handler                                
00005957  PCM_IRQHandler                             
00005957  PORT1_IRQHandler                           
00005957  PORT2_IRQHandler                           
00005957  PORT3_IRQHandler                           
00005957  PORT4_IRQHandler                           
00005957  PORT5_IRQHandler                           
00005957  PORT6_IRQHandler                           
00005957  PSS_IRQHandler                             
00005957  PendSV_Handler                             
00005957  RTC_C_IRQHandler                           
000061af  Reset_Handler                              
000060bd  SPI_enableModule                           
0000566d  SPI_initMaster                             
00005957  SVC_Handler                                
000048f8  SlimeBig00004BPP_UNCOMP                    
00005957  SysTick_Handler                            
00005959  SystemInit                                 
00005957  T32_INT1_IRQHandler                        
00005957  T32_INT2_IRQHandler                        
00005957  T32_INTC_IRQHandler                        
00005957  TA0_0_IRQHandler                           
00005957  TA0_N_IRQHandler                           
00005957  TA1_0_IRQHandler                           
00005957  TA1_N_IRQHandler                           
00005957  TA2_0_IRQHandler                           
00005957  TA2_N_IRQHandler                           
00005957  TA3_0_IRQHandler                           
00005957  TA3_N_IRQHandler                           
00005957  UsageFault_Handler                         
4000480c  WDTCTL_SYM                                 
00005957  WDT_A_IRQHandler                           
20010000  __STACK_END                                
00000200  __STACK_SIZE                               
00006200  __TI_CINIT_Base                            
00006210  __TI_CINIT_Limit                           
000061e8  __TI_Handler_Table_Base                    
000061f4  __TI_Handler_Table_Limit                   
00005d5d  __TI_auto_init_nobinit_nopinit             
00005aa9  __TI_decompress_lzss                       
000061a1  __TI_decompress_none                       
ffffffff  __TI_pprof_out_hndl                        
ffffffff  __TI_prof_data_size                        
ffffffff  __TI_prof_data_start                       
00000000  __TI_static_base__                         
000061bb  __TI_zero_init                             
000058dd  __aeabi_memclr                             
000058dd  __aeabi_memclr4                            
000058dd  __aeabi_memclr8                            
000057b9  __aeabi_memcpy                             
000057b9  __aeabi_memcpy4                            
000057b9  __aeabi_memcpy8                            
000058df  __aeabi_memset                             
000058df  __aeabi_memset4                            
000058df  __aeabi_memset8                            
ffffffff  __binit__                                  
ffffffff  __c_args__                                 
UNDEFED   __mpu_init                                 
2000fe00  __stack                                    
20000000  __start___llvm_prf_cnts                    
20000000  __stop___llvm_prf_cnts                     
00005f11  _c_int00_noargs                            
UNDEFED   _system_post_cinit                         
000061d1  _system_pre_init                           
000061d5  abort                                      
ffffffff  binit                                      
20000400  g_sContext                                 
2000042c  g_sCrystalfontz128x128                     
0000488c  g_sCrystalfontz128x128_funcs               
000044fc  g_sFontFixed6x8                            
00005ed9  init_Character                             
00000000  interruptVectors                           
0000538d  main                                       
000057b9  memcpy                                     
000058e5  memset                                     
000055b9  move                                       
00005a3d  movePossible                               
00006099  titleScreen                                
00004908  titleScreen00004BPP_UNCOMP                 


GLOBAL SYMBOLS: SORTED BY Symbol Address 

address   name                                       
-------   ----                                       
00000000  __TI_static_base__                         
00000000  interruptVectors                           
00000200  __STACK_SIZE                               
000044fc  g_sFontFixed6x8                            
0000488c  g_sCrystalfontz128x128_funcs               
000048c8  BasicMap00004BPP_UNCOMP                    
000048d8  Emerald100004BPP_UNCOMP                    
000048e8  MinerBig00004BPP_UNCOMP                    
000048f8  SlimeBig00004BPP_UNCOMP                    
00004908  titleScreen00004BPP_UNCOMP                 
00004921  Graphics_drawImage                         
00004fe9  InitJoyStick                               
0000512d  Crystalfontz128x128_SetDrawFrame           
00005261  Crystalfontz128x128_Init                   
0000538d  main                                       
00005451  ADC14_configureConversionMemory            
00005505  ADC14_configureMultiSequenceMode           
000055b9  move                                       
0000566d  SPI_initMaster                             
000057b9  __aeabi_memcpy                             
000057b9  __aeabi_memcpy4                            
000057b9  __aeabi_memcpy8                            
000057b9  memcpy                                     
00005855  GPIO_setAsPeripheralModuleFunctionOutputPin
000058dd  __aeabi_memclr                             
000058dd  __aeabi_memclr4                            
000058dd  __aeabi_memclr8                            
000058df  __aeabi_memset                             
000058df  __aeabi_memset4                            
000058df  __aeabi_memset8                            
000058e5  memset                                     
00005957  AES256_IRQHandler                          
00005957  BusFault_Handler                           
00005957  COMP_E0_IRQHandler                         
00005957  COMP_E1_IRQHandler                         
00005957  CS_IRQHandler                              
00005957  DMA_ERR_IRQHandler                         
00005957  DMA_INT0_IRQHandler                        
00005957  DMA_INT1_IRQHandler                        
00005957  DMA_INT2_IRQHandler                        
00005957  DMA_INT3_IRQHandler                        
00005957  DebugMon_Handler                           
00005957  Default_Handler                            
00005957  EUSCIA0_IRQHandler                         
00005957  EUSCIA1_IRQHandler                         
00005957  EUSCIA2_IRQHandler                         
00005957  EUSCIA3_IRQHandler                         
00005957  EUSCIB0_IRQHandler                         
00005957  EUSCIB1_IRQHandler                         
00005957  EUSCIB2_IRQHandler                         
00005957  EUSCIB3_IRQHandler                         
00005957  FLCTL_IRQHandler                           
00005957  FPU_IRQHandler                             
00005957  HardFault_Handler                          
00005957  MemManage_Handler                          
00005957  NMI_Handler                                
00005957  PCM_IRQHandler                             
00005957  PORT1_IRQHandler                           
00005957  PORT2_IRQHandler                           
00005957  PORT3_IRQHandler                           
00005957  PORT4_IRQHandler                           
00005957  PORT5_IRQHandler                           
00005957  PORT6_IRQHandler                           
00005957  PSS_IRQHandler                             
00005957  PendSV_Handler                             
00005957  RTC_C_IRQHandler                           
00005957  SVC_Handler                                
00005957  SysTick_Handler                            
00005957  T32_INT1_IRQHandler                        
00005957  T32_INT2_IRQHandler                        
00005957  T32_INTC_IRQHandler                        
00005957  TA0_0_IRQHandler                           
00005957  TA0_N_IRQHandler                           
00005957  TA1_0_IRQHandler                           
00005957  TA1_N_IRQHandler                           
00005957  TA2_0_IRQHandler                           
00005957  TA2_N_IRQHandler                           
00005957  TA3_0_IRQHandler                           
00005957  TA3_N_IRQHandler                           
00005957  UsageFault_Handler                         
00005957  WDT_A_IRQHandler                           
00005959  SystemInit                                 
00005a3d  movePossible                               
00005aa9  __TI_decompress_lzss                       
00005bd1  Crystalfontz128x128_SetOrientation         
00005c25  Graphics_initContext                       
00005c79  ADC14_IRQHandler                           
00005c79  ADC14_IRQHandler                           
00005cc9  Init_Graph                                 
00005d15  Graphics_drawMultiplePixelsOnDisplay       
00005d5d  __TI_auto_init_nobinit_nopinit             
00005de1  GPIO_setAsOutputPin                        
00005e21  HAL_LCD_SpiInit                            
00005ea1  HAL_LCD_writeCommand                       
00005ed9  init_Character                             
00005f11  _c_int00_noargs                            
00005f45  HAL_LCD_PortInit                           
00005fa1  Graphics_drawPixelOnDisplay                
00005fcd  HAL_LCD_writeData                          
00005ff9  ADC14_getResult                            
00006049  GPIO_setOutputHighOnPin                    
00006071  GPIO_setOutputLowOnPin                     
00006099  titleScreen                                
000060bd  SPI_enableModule                           
000060d9  Graphics_clearDisplayOnDisplay             
000060f3  Graphics_setBackgroundColor                
0000610d  Graphics_setFont                           
00006127  EUSCI_A_SPI_enable                         
0000613d  EUSCI_B_SPI_enable                         
00006153  Graphics_setForegroundColor                
00006169  Graphics_translateColorOnDisplay           
0000617f  Graphics_clearDisplay                      
000061a1  __TI_decompress_none                       
000061af  Reset_Handler                              
000061bb  __TI_zero_init                             
000061d1  _system_pre_init                           
000061d5  C$$EXIT                                    
000061d5  abort                                      
000061e8  __TI_Handler_Table_Base                    
000061f4  __TI_Handler_Table_Limit                   
00006200  __TI_CINIT_Base                            
00006210  __TI_CINIT_Limit                           
20000000  __start___llvm_prf_cnts                    
20000000  __stop___llvm_prf_cnts                     
20000400  g_sContext                                 
20000420  Lcd_ScreenHeigth                           
20000422  Lcd_ScreenWidth                            
20000424  Lcd_TouchTrim                              
20000426  Lcd_FlagRead                               
20000427  Lcd_FontSolid                              
20000428  Lcd_Orientation                            
20000429  Lcd_PenSolid                               
2000042c  g_sCrystalfontz128x128                     
2000fe00  __stack                                    
20010000  __STACK_END                                
4000480c  WDTCTL_SYM                                 
ffffffff  __TI_pprof_out_hndl                        
ffffffff  __TI_prof_data_size                        
ffffffff  __TI_prof_data_start                       
ffffffff  __binit__                                  
ffffffff  __c_args__                                 
ffffffff  binit                                      
UNDEFED   __mpu_init                                 
UNDEFED   _system_post_cinit                         

[144 symbols]
