******************************************************************************
                  TI ARM Linker PC v20.2.1                     
******************************************************************************
>> Linked Thu Dec  3 18:44:34 2020

OUTPUT FILE NAME:   <EmeraldMountain.out>
ENTRY POINT SYMBOL: "_c_int00_noargs"  address: 0000d401


MEMORY CONFIGURATION

         name            origin    length      used     unused   attr    fill
----------------------  --------  ---------  --------  --------  ----  --------
  MAIN                  00000000   00040000  0000d8a8  00032758  R  X
  INFO                  00200000   00004000  00000000  00004000  R  X
  SRAM_CODE             01000000   00010000  00000642  0000f9be  RW X
  SRAM_DATA             20000000   00010000  00000642  0000f9be  RW  


SEGMENT ALLOCATION MAP

run origin  load origin   length   init length attrs members
----------  ----------- ---------- ----------- ----- -------
00000000    00000000    0000d8a8   0000d8a8    r-x
  00000000    00000000    000000e4   000000e4    r-- .intvecs
  000000e4    000000e4    00008ce8   00008ce8    r-- .const
  00008dcc    00008dcc    00004aa4   00004aa4    r-x .text
  0000d870    0000d870    00000038   00000038    r-- .cinit
20000000    20000000    00000444   00000000    rw-
  20000000    20000000    0000042a   00000000    rw- .bss
  2000042c    2000042c    00000018   00000000    rw- .data
2000fe00    2000fe00    00000200   00000000    rw-
  2000fe00    2000fe00    00000200   00000000    rw- .stack


SECTION ALLOCATION MAP

 output                                  attributes/
section   page    origin      length       input sections
--------  ----  ----------  ----------   ----------------
.intvecs   0    00000000    000000e4     
                  00000000    000000e4     startup_msp432p401r_ccs.obj (.intvecs:retain)

.const     0    000000e4    00008ce8     
                  000000e4    00002000     BasicMap.obj (.const:.string:pixel_BasicMap00004BPP_UNCOMP)
                  000020e4    00002000     EndScreen.obj (.const:.string:pixel_EndScreen00004BPP_UNCOMP)
                  000040e4    00002000     FinalLevel.obj (.const:.string:pixel_FinalLevel00004BPP_UNCOMP)
                  000060e4    00002000     titleScreen.obj (.const:.string:pixel_titleScreen00004BPP_UNCOMP)
                  000080e4    000002f8     grlib.a : fontfixed6x8.obj (.const:.string:g_pucFontFixed6x8Data)
                  000083dc    00000120     MinerBackground.obj (.const:.string:pixel_MinerBackground00004BPP_UNCOMP)
                  000084fc    00000120     MinerBig.obj (.const:.string:pixel_MinerBig00004BPP_UNCOMP)
                  0000861c    00000101     rtsv7M4_T_le_v4SPD16_eabi.lib : ctype.c.obj (.const:.string:_ctypes_)
                  0000871d    000000c8     SlimeBigBackground.obj (.const:.string:pixel_SlimeBigBackground00004BPP_UNCOMP)
                  000087e5    00000003     --HOLE-- [fill = 0]
                  000087e8    000000c8     grlib.a : fontfixed6x8.obj (.const:g_sFontFixed6x8)
                  000088b0    000000a2     SlimeBig.obj (.const:.string:pixel_SlimeBig00004BPP_UNCOMP)
                  00008952    00000002     --HOLE-- [fill = 0]
                  00008954    00000080     msp432p4xx_driverlib.lib : adc14.o (.const:_ctlRegs)
                  000089d4    00000040     BasicMap.obj (.const:palette_BasicMap00004BPP_UNCOMP)
                  00008a14    00000040     Emerald.obj (.const:palette_Emerald100004BPP_UNCOMP)
                  00008a54    00000040     EndScreen.obj (.const:palette_EndScreen00004BPP_UNCOMP)
                  00008a94    00000040     FinalLevel.obj (.const:palette_FinalLevel00004BPP_UNCOMP)
                  00008ad4    00000040     GemBackground.obj (.const:palette_GemBackground00004BPP_UNCOMP)
                  00008b14    00000040     MinerBackground.obj (.const:palette_MinerBackground00004BPP_UNCOMP)
                  00008b54    00000040     MinerBig.obj (.const:palette_MinerBig00004BPP_UNCOMP)
                  00008b94    00000040     SlimeBig.obj (.const:palette_SlimeBig00004BPP_UNCOMP)
                  00008bd4    00000040     SlimeBigBackground.obj (.const:palette_SlimeBigBackground00004BPP_UNCOMP)
                  00008c14    00000040     titleScreen.obj (.const:palette_titleScreen00004BPP_UNCOMP)
                  00008c54    00000032     Emerald.obj (.const:.string:pixel_Emerald100004BPP_UNCOMP)
                  00008c86    00000032     GemBackground.obj (.const:.string:pixel_GemBackground00004BPP_UNCOMP)
                  00008cb8    00000030     msp432p4xx_driverlib.lib : gpio.o (.const:GPIO_PORT_TO_BASE)
                  00008ce8    00000020     Crystalfontz128x128_ST7735.obj (.const:g_sCrystalfontz128x128_funcs)
                  00008d08    0000001c     HAL_MSP_EXP432P401R_Crystalfontz128x128_ST7735.obj (.const:$P$T0$1)
                  00008d24    00000010     BasicMap.obj (.const:BasicMap00004BPP_UNCOMP)
                  00008d34    00000010     Emerald.obj (.const:Emerald100004BPP_UNCOMP)
                  00008d44    00000010     EndScreen.obj (.const:EndScreen00004BPP_UNCOMP)
                  00008d54    00000010     FinalLevel.obj (.const:FinalLevel00004BPP_UNCOMP)
                  00008d64    00000010     GemBackground.obj (.const:GemBackground00004BPP_UNCOMP)
                  00008d74    00000010     MinerBackground.obj (.const:MinerBackground00004BPP_UNCOMP)
                  00008d84    00000010     MinerBig.obj (.const:MinerBig00004BPP_UNCOMP)
                  00008d94    00000010     SlimeBig.obj (.const:SlimeBig00004BPP_UNCOMP)
                  00008da4    00000010     SlimeBigBackground.obj (.const:SlimeBigBackground00004BPP_UNCOMP)
                  00008db4    00000010     titleScreen.obj (.const:titleScreen00004BPP_UNCOMP)
                  00008dc4    00000008     Crystalfontz128x128_ST7735.obj (.const:$P$T0$1)

.text      0    00008dcc    00004aa4     
                  00008dcc    00000a4e     rtsv7M4_T_le_v4SPD16_eabi.lib : _printfi.c.obj (.text:__TI_printfi)
                  0000981a    0000047e     grlib.a : string.obj (.text:Graphics_drawString)
                  00009c98    00000390             : image.obj (.text:Graphics_drawImage)
                  0000a028    00000270     rtsv7M4_T_le_v4SPD16_eabi.lib : _printfi.c.obj (.text:_pconv_a)
                  0000a298    00000218     main.obj (.text:bossLevel)
                  0000a4b0    000001d8     Crystalfontz128x128_ST7735.obj (.text:Crystalfontz128x128_PixelDrawMultiple)
                  0000a688    000001d0     rtsv7M4_T_le_v4SPD16_eabi.lib : _printfi.c.obj (.text:_pconv_g)
                  0000a858    000001b6                                   : fd_add_t2.asm.obj (.text)
                  0000aa0e    00000002     startup_msp432p401r_ccs.obj (.text:Default_Handler)
                  0000aa10    00000178     main.obj (.text:level2)
                  0000ab88    00000178     main.obj (.text:level3)
                  0000ad00    00000178     main.obj (.text:level4)
                  0000ae78    00000178     main.obj (.text:level5)
                  0000aff0    00000160     msp432p4xx_driverlib.lib : adc14.o (.text:_getIndexForMemRegister)
                  0000b150    00000144     main.obj (.text:InitJoyStick)
                  0000b294    0000013c     rtsv7M4_T_le_v4SPD16_eabi.lib : _printfi.c.obj (.text:_pconv_e)
                  0000b3d0    0000013c     main.obj (.text:level1)
                  0000b50c    00000136     rtsv7M4_T_le_v4SPD16_eabi.lib : fd_div_t2.asm.obj (.text)
                  0000b642    00000002                                   : div0.asm.obj (.text)
                  0000b644    00000134     Crystalfontz128x128_ST7735.obj (.text:Crystalfontz128x128_SetDrawFrame)
                  0000b778    00000134     main.obj (.text:main)
                  0000b8ac    0000012c     Crystalfontz128x128_ST7735.obj (.text:Crystalfontz128x128_Init)
                  0000b9d8    00000124     rtsv7M4_T_le_v4SPD16_eabi.lib : _printfi.c.obj (.text:fcvt)
                  0000bafc    00000110                                   : s_scalbn.c.obj (.text:scalbn)
                  0000bc0c    0000010c     characters.obj (.text:isHit)
                  0000bd18    000000fc     rtsv7M4_T_le_v4SPD16_eabi.lib : fd_mul_t2.asm.obj (.text)
                  0000be14    000000e0     characters.obj (.text:nextRoom)
                  0000bef4    000000be     characters.obj (.text:move)
                  0000bfb2    00000002     --HOLE-- [fill = 0]
                  0000bfb4    000000b4     msp432p4xx_driverlib.lib : adc14.o (.text:ADC14_configureConversionMemory)
                  0000c068    000000b4                              : adc14.o (.text:ADC14_configureMultiSequenceMode)
                  0000c11c    000000b1     rtsv7M4_T_le_v4SPD16_eabi.lib : _printfi.c.obj (.text:_ltostr)
                  0000c1cd    00000001     --HOLE-- [fill = 0]
                  0000c1ce    000000b0     msp432p4xx_driverlib.lib : spi.o (.text:SPI_initMaster)
                  0000c27e    000000a2     characters.obj (.text:moveMonster)
                  0000c320    0000009c     Crystalfontz128x128_ST7735.obj (.text:Crystalfontz128x128_RectFill)
                  0000c3bc    0000009c     grlib.a : line.obj (.text:Graphics_drawLineH)
                  0000c458    0000009c     rtsv7M4_T_le_v4SPD16_eabi.lib : memcpy_t2.asm.obj (.text)
                  0000c4f4    00000096                                   : ull_div_t2.asm.obj (.text)
                  0000c58a    00000002     --HOLE-- [fill = 0]
                  0000c58c    00000088     msp432p4xx_driverlib.lib : gpio.o (.text:GPIO_setAsPeripheralModuleFunctionOutputPin)
                  0000c614    00000086     rtsv7M4_T_le_v4SPD16_eabi.lib : fd_cmp_t2.asm.obj (.text:__aeabi_cdcmple)
                  0000c69a    00000086                                   : fd_cmp_t2.asm.obj (.text:__aeabi_cdrcmple)
                  0000c720    00000082     score.obj (.text:checkIfOverlapTreasure)
                  0000c7a2    0000007a     rtsv7M4_T_le_v4SPD16_eabi.lib : memset_t2.asm.obj (.text)
                  0000c81c    00000078     system_msp432p401r.obj (.text:SystemInit)
                  0000c894    00000076     characters.obj (.text:checkIfOverlap)
                  0000c90a    0000006e     rtsv7M4_T_le_v4SPD16_eabi.lib : _printfi.c.obj (.text:_mcpy)
                  0000c978    0000006c     grlib.a : image.obj (.text:Graphics_convertPalette)
                  0000c9e4    0000006c     characters.obj (.text:movePossible)
                  0000ca50    00000068     msp432p4xx_driverlib.lib : timer32.o (.text:Timer32_initModule)
                  0000cab8    00000068     rtsv7M4_T_le_v4SPD16_eabi.lib : copy_decompress_lzss.c.obj (.text:decompress:lzss:__TI_decompress_lzss)
                  0000cb20    00000064                                   : s_frexp.c.obj (.text:frexp)
                  0000cb84    00000060     Crystalfontz128x128_ST7735.obj (.text:Crystalfontz128x128_LineDrawH)
                  0000cbe4    00000060     Crystalfontz128x128_ST7735.obj (.text:Crystalfontz128x128_LineDrawV)
                  0000cc44    0000005c     characters.obj (.text:init_Character)
                  0000cca0    00000056     rtsv7M4_T_le_v4SPD16_eabi.lib : _printfi.c.obj (.text:_pconv_f)
                  0000ccf6    00000002     --HOLE-- [fill = 0]
                  0000ccf8    00000054     Crystalfontz128x128_ST7735.obj (.text:Crystalfontz128x128_SetOrientation)
                  0000cd4c    00000054     rtsv7M4_T_le_v4SPD16_eabi.lib : _ltoa.c.obj (.text:__TI_ltoa)
                  0000cda0    00000054     score.obj (.text:drawScore)
                  0000cdf4    00000052     grlib.a : context.obj (.text:Graphics_initContext)
                  0000ce46    00000052     rtsv7M4_T_le_v4SPD16_eabi.lib : _printfi.c.obj (.text:_ecpy)
                  0000ce98    00000050     main.obj (.text:ADC14_IRQHandler)
                  0000cee8    0000004c     main.obj (.text:Init_Graph)
                  0000cf34    0000004c     rtsv7M4_T_le_v4SPD16_eabi.lib : atoi.c.obj (.text:atoi)
                  0000cf80    0000004c     characters.obj (.text:attack)
                  0000cfcc    0000004c     score.obj (.text:init_Treasure)
                  0000d018    00000048     rtsv7M4_T_le_v4SPD16_eabi.lib : fd_toi_t2.asm.obj (.text)
                  0000d060    00000046     grlib.a : display.obj (.text:Graphics_drawMultiplePixelsOnDisplay)
                  0000d0a6    00000002     --HOLE-- [fill = 0]
                  0000d0a8    00000044     rtsv7M4_T_le_v4SPD16_eabi.lib : autoinit.c.obj (.text:__TI_auto_init_nobinit_nopinit:__TI_auto_init_nobinit_nopinit)
                  0000d0ec    00000040     Crystalfontz128x128_ST7735.obj (.text:Crystalfontz128x128_PixelDraw)
                  0000d12c    00000040     msp432p4xx_driverlib.lib : gpio.o (.text:GPIO_setAsOutputPin)
                  0000d16c    00000040     grlib.a : string.obj (.text:Graphics_getNumberOfLeadingZeros)
                  0000d1ac    00000040     HAL_MSP_EXP432P401R_Crystalfontz128x128_ST7735.obj (.text:HAL_LCD_SpiInit)
                  0000d1ec    00000040     msp432p4xx_driverlib.lib : spi.o (.text:is_A_Module)
                  0000d22c    00000040     rtsv7M4_T_le_v4SPD16_eabi.lib : sprintf.c.obj (.text:sprintf)
                  0000d26c    0000003e                                   : _printfi.c.obj (.text:_fcpy)
                  0000d2aa    00000002     --HOLE-- [fill = 0]
                  0000d2ac    0000003c     characters.obj (.text:checkAttackTimer)
                  0000d2e8    0000003a     score.obj (.text:spawnTreasure)
                  0000d322    00000002     --HOLE-- [fill = 0]
                  0000d324    00000038     HAL_MSP_EXP432P401R_Crystalfontz128x128_ST7735.obj (.text:HAL_LCD_writeCommand)
                  0000d35c    00000038     msp432p4xx_driverlib.lib : timer32.o (.text:Timer32_startTimer)
                  0000d394    00000036     grlib.a : display.obj (.text:Graphics_drawHorizontalLineOnDisplay)
                  0000d3ca    00000002     --HOLE-- [fill = 0]
                  0000d3cc    00000034     msp432p4xx_driverlib.lib : timer32.o (.text:Timer32_setCount)
                  0000d400    00000034     rtsv7M4_T_le_v4SPD16_eabi.lib : boot_cortex_m.c.obj (.text:_c_int00_noargs:_c_int00_noargs)
                  0000d434    00000034     main.obj (.text:titleScreen)
                  0000d468    00000030     HAL_MSP_EXP432P401R_Crystalfontz128x128_ST7735.obj (.text:HAL_LCD_PortInit)
                  0000d498    00000030     characters.obj (.text:delay)
                  0000d4c8    0000002e     rtsv7M4_T_le_v4SPD16_eabi.lib : i_tofd_t2.asm.obj (.text)
                  0000d4f6    00000002     --HOLE-- [fill = 0]
                  0000d4f8    0000002c     Crystalfontz128x128_ST7735.obj (.text:Crystalfontz128x128_ClearScreen)
                  0000d524    0000002c     grlib.a : display.obj (.text:Graphics_drawPixelOnDisplay)
                  0000d550    0000002c     HAL_MSP_EXP432P401R_Crystalfontz128x128_ST7735.obj (.text:HAL_LCD_writeData)
                  0000d57c    00000028     msp432p4xx_driverlib.lib : adc14.o (.text:ADC14_getResult)
                  0000d5a4    00000028     Crystalfontz128x128_ST7735.obj (.text:Crystalfontz128x128_ColorTranslate)
                  0000d5cc    00000028     msp432p4xx_driverlib.lib : gpio.o (.text:GPIO_setOutputHighOnPin)
                  0000d5f4    00000028                              : gpio.o (.text:GPIO_setOutputLowOnPin)
                  0000d61c    00000028     main.obj (.text:gameOver)
                  0000d644    00000020     score.obj (.text:calcScore)
                  0000d664    0000001c     msp432p4xx_driverlib.lib : spi.o (.text:SPI_enableModule)
                  0000d680    0000001c     main.obj (.text:delay_init)
                  0000d69c    0000001c     rtsv7M4_T_le_v4SPD16_eabi.lib : memccpy.c.obj (.text:memccpy)
                  0000d6b8    0000001a     grlib.a : display.obj (.text:Graphics_clearDisplayOnDisplay)
                  0000d6d2    0000001a             : context.obj (.text:Graphics_setBackgroundColor)
                  0000d6ec    0000001a             : context.obj (.text:Graphics_setFont)
                  0000d706    0000001a     rtsv7M4_T_le_v4SPD16_eabi.lib : s_copysign.c.obj (.text:copysign)
                  0000d720    00000018                                   : sprintf.c.obj (.text:_outs)
                  0000d738    00000016     msp432p4xx_driverlib.lib : spi.o (.text:EUSCI_A_SPI_enable)
                  0000d74e    00000016                              : spi.o (.text:EUSCI_B_SPI_enable)
                  0000d764    00000016     grlib.a : context.obj (.text:Graphics_setForegroundColor)
                  0000d77a    00000016             : display.obj (.text:Graphics_translateColorOnDisplay)
                  0000d790    00000016     rtsv7M4_T_le_v4SPD16_eabi.lib : strchr.c.obj (.text:strchr)
                  0000d7a6    00000014     msp432p4xx_driverlib.lib : timer32.o (.text:Timer32_disableInterrupt)
                  0000d7ba    00000014                              : timer32.o (.text:Timer32_haltTimer)
                  0000d7ce    00000014     rtsv7M4_T_le_v4SPD16_eabi.lib : strlen.c.obj (.text:strlen)
                  0000d7e2    00000012     grlib.a : context.obj (.text:Graphics_clearDisplay)
                  0000d7f4    00000012     rtsv7M4_T_le_v4SPD16_eabi.lib : wcslen.c.obj (.text:wcslen)
                  0000d806    00000002     --HOLE-- [fill = 0]
                  0000d808    00000010     msp432p4xx_driverlib.lib : adc14.o (.text:ADCIsConversionRunning)
                  0000d818    0000000e                              : timer32.o (.text:Timer32_getValue)
                  0000d826    0000000e     rtsv7M4_T_le_v4SPD16_eabi.lib : copy_decompress_none.c.obj (.text:decompress:none:__TI_decompress_none)
                  0000d834    0000000c     startup_msp432p401r_ccs.obj (.text:Reset_Handler)
                  0000d840    0000000c     rtsv7M4_T_le_v4SPD16_eabi.lib : copy_zero_init.c.obj (.text:decompress:ZI:__TI_zero_init)
                  0000d84c    0000000a     Crystalfontz128x128_ST7735.obj (.text:Crystalfontz128x128_Flush)
                  0000d856    0000000a     rtsv7M4_T_le_v4SPD16_eabi.lib : sprintf.c.obj (.text:_outc)
                  0000d860    00000008                                   : errno.c.obj (.text:__aeabi_errno_addr)
                  0000d868    00000004                                   : pre_init.c.obj (.text:_system_pre_init)
                  0000d86c    00000004                                   : exit.c.obj (.text:abort:abort)

.cinit     0    0000d870    00000038     
                  0000d870    0000000d     (.cinit..data.load) [load image, compression = lzss]
                  0000d87d    00000003     --HOLE-- [fill = 0]
                  0000d880    0000000c     (__TI_handler_table)
                  0000d88c    00000004     --HOLE-- [fill = 0]
                  0000d890    00000008     (.cinit..bss.load) [load image, compression = zero_init]
                  0000d898    00000010     (__TI_cinit_table)

.init_array 
*          0    00000000    00000000     UNINITIALIZED

.binit     0    00000000    00000000     

.bss       0    20000000    0000042a     UNINITIALIZED
                  20000000    00000400     grlib.a : image.obj (.bss:g_pulConvertedPalette)
                  20000400    0000001c     (.common:g_sContext)
                  2000041c    00000004     main.obj (.bss:resultsBuffer)
                  20000420    00000002     (.common:Lcd_ScreenHeigth)
                  20000422    00000002     (.common:Lcd_ScreenWidth)
                  20000424    00000002     (.common:Lcd_TouchTrim)
                  20000426    00000001     (.common:Lcd_FlagRead)
                  20000427    00000001     (.common:Lcd_FontSolid)
                  20000428    00000001     (.common:Lcd_Orientation)
                  20000429    00000001     (.common:Lcd_PenSolid)

.data      0    2000042c    00000018     UNINITIALIZED
                  2000042c    00000010     Crystalfontz128x128_ST7735.obj (.data:g_sCrystalfontz128x128)
                  2000043c    00000004     rtsv7M4_T_le_v4SPD16_eabi.lib : errno.c.obj (.data)
                  20000440    00000004     score.obj (.data)

.stack     0    2000fe00    00000200     UNINITIALIZED
                  2000fe00    00000004     rtsv7M4_T_le_v4SPD16_eabi.lib : boot_cortex_m.c.obj (.stack)
                  2000fe04    000001fc     --HOLE--

__llvm_prf_cnts 
*          0    20000000    00000000     UNINITIALIZED

MODULE SUMMARY

       Module                                               code    ro data   rw data
       ------                                               ----    -------   -------
    .\
       BasicMap.obj                                         0       8272      0      
       EndScreen.obj                                        0       8272      0      
       FinalLevel.obj                                       0       8272      0      
       titleScreen.obj                                      0       8272      0      
       main.obj                                             3264    0         64     
       characters.obj                                       1346    0         0      
       score.obj                                            380     0         8      
       MinerBackground.obj                                  0       368       0      
       MinerBig.obj                                         0       368       0      
       SlimeBigBackground.obj                               0       280       0      
       SlimeBig.obj                                         0       242       0      
       Emerald.obj                                          0       130       0      
       GemBackground.obj                                    0       130       0      
       system_msp432p401r.obj                               120     0         0      
    +--+----------------------------------------------------+-------+---------+---------+
       Total:                                               5110    34606     72     
                                                                                     
    .\LcdDriver\
       Crystalfontz128x128_ST7735.obj                       1670    40        52     
       HAL_MSP_EXP432P401R_Crystalfontz128x128_ST7735.obj   212     28        0      
    +--+----------------------------------------------------+-------+---------+---------+
       Total:                                               1882    68        52     
                                                                                     
    .\ccs\
       startup_msp432p401r_ccs.obj                          14      228       0      
    +--+----------------------------------------------------+-------+---------+---------+
       Total:                                               14      228       0      
                                                                                     
    C:/ti/simplelink_msp432p4_sdk_3_40_01_02/source/ti/devices/msp432p4xx/driverlib/ccs/msp432p4xx_driverlib.lib
       adc14.o                                              768     128       0      
       gpio.o                                               280     48        0      
       spi.o                                                312     0         0      
       timer32.o                                            266     0         0      
    +--+----------------------------------------------------+-------+---------+---------+
       Total:                                               1626    176       0      
                                                                                     
    C:/ti/simplelink_msp432p4_sdk_3_40_01_02/source/ti/grlib/lib/ccs/m4f/grlib.a
       image.obj                                            1020    0         2048   
       string.obj                                           1214    0         0      
       fontfixed6x8.obj                                     0       960       0      
       display.obj                                          216     0         0      
       context.obj                                          174     0         0      
       line.obj                                             156     0         0      
    +--+----------------------------------------------------+-------+---------+---------+
       Total:                                               2780    960       2048   
                                                                                     
    C:\ti\ccs1010\ccs\tools\compiler\ti-cgt-arm_20.2.1.LTS\lib\rtsv7M4_T_le_v4SPD16_eabi.lib
       _printfi.c.obj                                       4851    0         0      
       fd_add_t2.asm.obj                                    438     0         0      
       fd_div_t2.asm.obj                                    310     0         0      
       s_scalbn.c.obj                                       272     0         0      
       fd_cmp_t2.asm.obj                                    268     0         0      
       ctype.c.obj                                          0       257       0      
       fd_mul_t2.asm.obj                                    252     0         0      
       memcpy_t2.asm.obj                                    156     0         0      
       ull_div_t2.asm.obj                                   150     0         0      
       memset_t2.asm.obj                                    122     0         0      
       copy_decompress_lzss.c.obj                           104     0         0      
       s_frexp.c.obj                                        100     0         0      
       sprintf.c.obj                                        98      0         0      
       _ltoa.c.obj                                          84      0         0      
       atoi.c.obj                                           76      0         0      
       fd_toi_t2.asm.obj                                    72      0         0      
       autoinit.c.obj                                       68      0         0      
       boot_cortex_m.c.obj                                  52      0         0      
       i_tofd_t2.asm.obj                                    46      0         0      
       memccpy.c.obj                                        28      0         0      
       s_copysign.c.obj                                     26      0         0      
       strchr.c.obj                                         22      0         0      
       strlen.c.obj                                         20      0         0      
       wcslen.c.obj                                         18      0         0      
       errno.c.obj                                          8       0         8      
       copy_decompress_none.c.obj                           14      0         0      
       copy_zero_init.c.obj                                 12      0         0      
       exit.c.obj                                           4       0         0      
       pre_init.c.obj                                       4       0         0      
       div0.asm.obj                                         2       0         0      
    +--+----------------------------------------------------+-------+---------+---------+
       Total:                                               7677    257       8      
                                                                                     
       Stack:                                               0       0         1024   
       Linker Generated:                                    0       49        0      
    +--+----------------------------------------------------+-------+---------+---------+
       Grand Total:                                         19089   36344     3204   


LINKER GENERATED COPY TABLES

__TI_cinit_table @ 0000d898 records: 2, size/record: 8, table size: 16
	.data: load addr=0000d870, load size=0000000d bytes, run addr=2000042c, run size=00000018 bytes, compression=lzss
	.bss: load addr=0000d890, load size=00000008 bytes, run addr=20000000, run size=0000042a bytes, compression=zero_init


LINKER GENERATED HANDLER TABLE

__TI_handler_table @ 0000d880 records: 3, size/record: 4, table size: 12
	index: 0, handler: __TI_decompress_lzss
	index: 1, handler: __TI_decompress_none
	index: 2, handler: __TI_zero_init


GLOBAL SYMBOLS: SORTED ALPHABETICALLY BY Name 

address   name                                       
-------   ----                                       
0000ce99  ADC14_IRQHandler                           
0000ce99  ADC14_IRQHandler                           
0000bfb5  ADC14_configureConversionMemory            
0000c069  ADC14_configureMultiSequenceMode           
0000d57d  ADC14_getResult                            
0000aa0f  AES256_IRQHandler                          
00008d24  BasicMap00004BPP_UNCOMP                    
0000aa0f  BusFault_Handler                           
0000d86d  C$$EXIT                                    
0000aa0f  COMP_E0_IRQHandler                         
0000aa0f  COMP_E1_IRQHandler                         
0000aa0f  CS_IRQHandler                              
0000b8ad  Crystalfontz128x128_Init                   
0000b645  Crystalfontz128x128_SetDrawFrame           
0000ccf9  Crystalfontz128x128_SetOrientation         
0000aa0f  DMA_ERR_IRQHandler                         
0000aa0f  DMA_INT0_IRQHandler                        
0000aa0f  DMA_INT1_IRQHandler                        
0000aa0f  DMA_INT2_IRQHandler                        
0000aa0f  DMA_INT3_IRQHandler                        
0000aa0f  DebugMon_Handler                           
0000aa0f  Default_Handler                            
0000aa0f  EUSCIA0_IRQHandler                         
0000aa0f  EUSCIA1_IRQHandler                         
0000aa0f  EUSCIA2_IRQHandler                         
0000aa0f  EUSCIA3_IRQHandler                         
0000aa0f  EUSCIB0_IRQHandler                         
0000aa0f  EUSCIB1_IRQHandler                         
0000aa0f  EUSCIB2_IRQHandler                         
0000aa0f  EUSCIB3_IRQHandler                         
0000d739  EUSCI_A_SPI_enable                         
0000d74f  EUSCI_B_SPI_enable                         
00008d34  Emerald100004BPP_UNCOMP                    
00008d44  EndScreen00004BPP_UNCOMP                   
0000aa0f  FLCTL_IRQHandler                           
0000aa0f  FPU_IRQHandler                             
00008d54  FinalLevel00004BPP_UNCOMP                  
0000d12d  GPIO_setAsOutputPin                        
0000c58d  GPIO_setAsPeripheralModuleFunctionOutputPin
0000d5cd  GPIO_setOutputHighOnPin                    
0000d5f5  GPIO_setOutputLowOnPin                     
00008d64  GemBackground00004BPP_UNCOMP               
0000d7e3  Graphics_clearDisplay                      
0000d6b9  Graphics_clearDisplayOnDisplay             
0000d395  Graphics_drawHorizontalLineOnDisplay       
00009c99  Graphics_drawImage                         
0000c3bd  Graphics_drawLineH                         
0000d061  Graphics_drawMultiplePixelsOnDisplay       
0000d525  Graphics_drawPixelOnDisplay                
0000981b  Graphics_drawString                        
0000cdf5  Graphics_initContext                       
0000d6d3  Graphics_setBackgroundColor                
0000d6ed  Graphics_setFont                           
0000d765  Graphics_setForegroundColor                
0000d77b  Graphics_translateColorOnDisplay           
0000d469  HAL_LCD_PortInit                           
0000d1ad  HAL_LCD_SpiInit                            
0000d325  HAL_LCD_writeCommand                       
0000d551  HAL_LCD_writeData                          
0000aa0f  HardFault_Handler                          
0000b151  InitJoyStick                               
0000cee9  Init_Graph                                 
20000426  Lcd_FlagRead                               
20000427  Lcd_FontSolid                              
20000428  Lcd_Orientation                            
20000429  Lcd_PenSolid                               
20000420  Lcd_ScreenHeigth                           
20000422  Lcd_ScreenWidth                            
20000424  Lcd_TouchTrim                              
0000aa0f  MemManage_Handler                          
00008d74  MinerBackground00004BPP_UNCOMP             
00008d84  MinerBig00004BPP_UNCOMP                    
0000aa0f  NMI_Handler                                
0000aa0f  PCM_IRQHandler                             
0000aa0f  PORT1_IRQHandler                           
0000aa0f  PORT2_IRQHandler                           
0000aa0f  PORT3_IRQHandler                           
0000aa0f  PORT4_IRQHandler                           
0000aa0f  PORT5_IRQHandler                           
0000aa0f  PORT6_IRQHandler                           
0000aa0f  PSS_IRQHandler                             
0000aa0f  PendSV_Handler                             
0000aa0f  RTC_C_IRQHandler                           
0000d835  Reset_Handler                              
0000d665  SPI_enableModule                           
0000c1cf  SPI_initMaster                             
0000aa0f  SVC_Handler                                
00008d94  SlimeBig00004BPP_UNCOMP                    
00008da4  SlimeBigBackground00004BPP_UNCOMP          
0000aa0f  SysTick_Handler                            
0000c81d  SystemInit                                 
0000aa0f  T32_INT1_IRQHandler                        
0000aa0f  T32_INT2_IRQHandler                        
0000aa0f  T32_INTC_IRQHandler                        
0000aa0f  TA0_0_IRQHandler                           
0000aa0f  TA0_N_IRQHandler                           
0000aa0f  TA1_0_IRQHandler                           
0000aa0f  TA1_N_IRQHandler                           
0000aa0f  TA2_0_IRQHandler                           
0000aa0f  TA2_N_IRQHandler                           
0000aa0f  TA3_0_IRQHandler                           
0000aa0f  TA3_N_IRQHandler                           
0000d7a7  Timer32_disableInterrupt                   
0000d819  Timer32_getValue                           
0000d7bb  Timer32_haltTimer                          
0000ca51  Timer32_initModule                         
0000d3cd  Timer32_setCount                           
0000d35d  Timer32_startTimer                         
0000aa0f  UsageFault_Handler                         
4000480c  WDTCTL_SYM                                 
0000aa0f  WDT_A_IRQHandler                           
20010000  __STACK_END                                
00000200  __STACK_SIZE                               
0000d898  __TI_CINIT_Base                            
0000d8a8  __TI_CINIT_Limit                           
0000d880  __TI_Handler_Table_Base                    
0000d88c  __TI_Handler_Table_Limit                   
0000d0a9  __TI_auto_init_nobinit_nopinit             
0000cab9  __TI_decompress_lzss                       
0000d827  __TI_decompress_none                       
0000cd4d  __TI_ltoa                                  
ffffffff  __TI_pprof_out_hndl                        
00008dcd  __TI_printfi                               
ffffffff  __TI_prof_data_size                        
ffffffff  __TI_prof_data_start                       
00000000  __TI_static_base__                         
0000d841  __TI_zero_init                             
0000c615  __aeabi_cdcmpeq                            
0000c615  __aeabi_cdcmple                            
0000c69b  __aeabi_cdrcmple                           
0000d019  __aeabi_d2iz                               
0000a863  __aeabi_dadd                               
0000b50d  __aeabi_ddiv                               
0000bd19  __aeabi_dmul                               
0000a859  __aeabi_dsub                               
0000d861  __aeabi_errno_addr                         
0000d4c9  __aeabi_i2d                                
0000b643  __aeabi_idiv0                              
0000b643  __aeabi_ldiv0                              
0000c7a3  __aeabi_memclr                             
0000c7a3  __aeabi_memclr4                            
0000c7a3  __aeabi_memclr8                            
0000c459  __aeabi_memcpy                             
0000c459  __aeabi_memcpy4                            
0000c459  __aeabi_memcpy8                            
0000c7a5  __aeabi_memset                             
0000c7a5  __aeabi_memset4                            
0000c7a5  __aeabi_memset8                            
0000c4f5  __aeabi_uldivmod                           
ffffffff  __binit__                                  
ffffffff  __c_args__                                 
UNDEFED   __mpu_init                                 
2000fe00  __stack                                    
20000000  __start___llvm_prf_cnts                    
20000000  __stop___llvm_prf_cnts                     
0000d401  _c_int00_noargs                            
0000861c  _ctypes_                                   
UNDEFED   _system_post_cinit                         
0000d869  _system_pre_init                           
0000d86d  abort                                      
0000cf35  atoi                                       
0000cf81  attack                                     
ffffffff  binit                                      
0000a299  bossLevel                                  
0000d645  calcScore                                  
0000d2ad  checkAttackTimer                           
0000c895  checkIfOverlap                             
0000c721  checkIfOverlapTreasure                     
0000d707  copysign                                   
0000d707  copysignl                                  
0000d499  delay                                      
0000d681  delay_init                                 
0000cda1  drawScore                                  
2000043c  errno                                      
0000cb21  frexp                                      
0000cb21  frexpl                                     
20000400  g_sContext                                 
2000042c  g_sCrystalfontz128x128                     
00008ce8  g_sCrystalfontz128x128_funcs               
000087e8  g_sFontFixed6x8                            
0000d61d  gameOver                                   
0000cc45  init_Character                             
0000cfcd  init_Treasure                              
00000000  interruptVectors                           
0000bc0d  isHit                                      
0000bafd  ldexp                                      
0000bafd  ldexpl                                     
0000b3d1  level1                                     
0000aa11  level2                                     
0000ab89  level3                                     
0000ad01  level4                                     
0000ae79  level5                                     
0000b779  main                                       
0000d69d  memccpy                                    
0000c459  memcpy                                     
0000c7ab  memset                                     
0000bef5  move                                       
0000c27f  moveMonster                                
0000c9e5  movePossible                               
0000be15  nextRoom                                   
0000bafd  scalbn                                     
0000bafd  scalbnl                                    
0000d2e9  spawnTreasure                              
0000d22d  sprintf                                    
0000d791  strchr                                     
0000d7cf  strlen                                     
0000d435  titleScreen                                
00008db4  titleScreen00004BPP_UNCOMP                 
0000d7f5  wcslen                                     


GLOBAL SYMBOLS: SORTED BY Symbol Address 

address   name                                       
-------   ----                                       
00000000  __TI_static_base__                         
00000000  interruptVectors                           
00000200  __STACK_SIZE                               
0000861c  _ctypes_                                   
000087e8  g_sFontFixed6x8                            
00008ce8  g_sCrystalfontz128x128_funcs               
00008d24  BasicMap00004BPP_UNCOMP                    
00008d34  Emerald100004BPP_UNCOMP                    
00008d44  EndScreen00004BPP_UNCOMP                   
00008d54  FinalLevel00004BPP_UNCOMP                  
00008d64  GemBackground00004BPP_UNCOMP               
00008d74  MinerBackground00004BPP_UNCOMP             
00008d84  MinerBig00004BPP_UNCOMP                    
00008d94  SlimeBig00004BPP_UNCOMP                    
00008da4  SlimeBigBackground00004BPP_UNCOMP          
00008db4  titleScreen00004BPP_UNCOMP                 
00008dcd  __TI_printfi                               
0000981b  Graphics_drawString                        
00009c99  Graphics_drawImage                         
0000a299  bossLevel                                  
0000a859  __aeabi_dsub                               
0000a863  __aeabi_dadd                               
0000aa0f  AES256_IRQHandler                          
0000aa0f  BusFault_Handler                           
0000aa0f  COMP_E0_IRQHandler                         
0000aa0f  COMP_E1_IRQHandler                         
0000aa0f  CS_IRQHandler                              
0000aa0f  DMA_ERR_IRQHandler                         
0000aa0f  DMA_INT0_IRQHandler                        
0000aa0f  DMA_INT1_IRQHandler                        
0000aa0f  DMA_INT2_IRQHandler                        
0000aa0f  DMA_INT3_IRQHandler                        
0000aa0f  DebugMon_Handler                           
0000aa0f  Default_Handler                            
0000aa0f  EUSCIA0_IRQHandler                         
0000aa0f  EUSCIA1_IRQHandler                         
0000aa0f  EUSCIA2_IRQHandler                         
0000aa0f  EUSCIA3_IRQHandler                         
0000aa0f  EUSCIB0_IRQHandler                         
0000aa0f  EUSCIB1_IRQHandler                         
0000aa0f  EUSCIB2_IRQHandler                         
0000aa0f  EUSCIB3_IRQHandler                         
0000aa0f  FLCTL_IRQHandler                           
0000aa0f  FPU_IRQHandler                             
0000aa0f  HardFault_Handler                          
0000aa0f  MemManage_Handler                          
0000aa0f  NMI_Handler                                
0000aa0f  PCM_IRQHandler                             
0000aa0f  PORT1_IRQHandler                           
0000aa0f  PORT2_IRQHandler                           
0000aa0f  PORT3_IRQHandler                           
0000aa0f  PORT4_IRQHandler                           
0000aa0f  PORT5_IRQHandler                           
0000aa0f  PORT6_IRQHandler                           
0000aa0f  PSS_IRQHandler                             
0000aa0f  PendSV_Handler                             
0000aa0f  RTC_C_IRQHandler                           
0000aa0f  SVC_Handler                                
0000aa0f  SysTick_Handler                            
0000aa0f  T32_INT1_IRQHandler                        
0000aa0f  T32_INT2_IRQHandler                        
0000aa0f  T32_INTC_IRQHandler                        
0000aa0f  TA0_0_IRQHandler                           
0000aa0f  TA0_N_IRQHandler                           
0000aa0f  TA1_0_IRQHandler                           
0000aa0f  TA1_N_IRQHandler                           
0000aa0f  TA2_0_IRQHandler                           
0000aa0f  TA2_N_IRQHandler                           
0000aa0f  TA3_0_IRQHandler                           
0000aa0f  TA3_N_IRQHandler                           
0000aa0f  UsageFault_Handler                         
0000aa0f  WDT_A_IRQHandler                           
0000aa11  level2                                     
0000ab89  level3                                     
0000ad01  level4                                     
0000ae79  level5                                     
0000b151  InitJoyStick                               
0000b3d1  level1                                     
0000b50d  __aeabi_ddiv                               
0000b643  __aeabi_idiv0                              
0000b643  __aeabi_ldiv0                              
0000b645  Crystalfontz128x128_SetDrawFrame           
0000b779  main                                       
0000b8ad  Crystalfontz128x128_Init                   
0000bafd  ldexp                                      
0000bafd  ldexpl                                     
0000bafd  scalbn                                     
0000bafd  scalbnl                                    
0000bc0d  isHit                                      
0000bd19  __aeabi_dmul                               
0000be15  nextRoom                                   
0000bef5  move                                       
0000bfb5  ADC14_configureConversionMemory            
0000c069  ADC14_configureMultiSequenceMode           
0000c1cf  SPI_initMaster                             
0000c27f  moveMonster                                
0000c3bd  Graphics_drawLineH                         
0000c459  __aeabi_memcpy                             
0000c459  __aeabi_memcpy4                            
0000c459  __aeabi_memcpy8                            
0000c459  memcpy                                     
0000c4f5  __aeabi_uldivmod                           
0000c58d  GPIO_setAsPeripheralModuleFunctionOutputPin
0000c615  __aeabi_cdcmpeq                            
0000c615  __aeabi_cdcmple                            
0000c69b  __aeabi_cdrcmple                           
0000c721  checkIfOverlapTreasure                     
0000c7a3  __aeabi_memclr                             
0000c7a3  __aeabi_memclr4                            
0000c7a3  __aeabi_memclr8                            
0000c7a5  __aeabi_memset                             
0000c7a5  __aeabi_memset4                            
0000c7a5  __aeabi_memset8                            
0000c7ab  memset                                     
0000c81d  SystemInit                                 
0000c895  checkIfOverlap                             
0000c9e5  movePossible                               
0000ca51  Timer32_initModule                         
0000cab9  __TI_decompress_lzss                       
0000cb21  frexp                                      
0000cb21  frexpl                                     
0000cc45  init_Character                             
0000ccf9  Crystalfontz128x128_SetOrientation         
0000cd4d  __TI_ltoa                                  
0000cda1  drawScore                                  
0000cdf5  Graphics_initContext                       
0000ce99  ADC14_IRQHandler                           
0000ce99  ADC14_IRQHandler                           
0000cee9  Init_Graph                                 
0000cf35  atoi                                       
0000cf81  attack                                     
0000cfcd  init_Treasure                              
0000d019  __aeabi_d2iz                               
0000d061  Graphics_drawMultiplePixelsOnDisplay       
0000d0a9  __TI_auto_init_nobinit_nopinit             
0000d12d  GPIO_setAsOutputPin                        
0000d1ad  HAL_LCD_SpiInit                            
0000d22d  sprintf                                    
0000d2ad  checkAttackTimer                           
0000d2e9  spawnTreasure                              
0000d325  HAL_LCD_writeCommand                       
0000d35d  Timer32_startTimer                         
0000d395  Graphics_drawHorizontalLineOnDisplay       
0000d3cd  Timer32_setCount                           
0000d401  _c_int00_noargs                            
0000d435  titleScreen                                
0000d469  HAL_LCD_PortInit                           
0000d499  delay                                      
0000d4c9  __aeabi_i2d                                
0000d525  Graphics_drawPixelOnDisplay                
0000d551  HAL_LCD_writeData                          
0000d57d  ADC14_getResult                            
0000d5cd  GPIO_setOutputHighOnPin                    
0000d5f5  GPIO_setOutputLowOnPin                     
0000d61d  gameOver                                   
0000d645  calcScore                                  
0000d665  SPI_enableModule                           
0000d681  delay_init                                 
0000d69d  memccpy                                    
0000d6b9  Graphics_clearDisplayOnDisplay             
0000d6d3  Graphics_setBackgroundColor                
0000d6ed  Graphics_setFont                           
0000d707  copysign                                   
0000d707  copysignl                                  
0000d739  EUSCI_A_SPI_enable                         
0000d74f  EUSCI_B_SPI_enable                         
0000d765  Graphics_setForegroundColor                
0000d77b  Graphics_translateColorOnDisplay           
0000d791  strchr                                     
0000d7a7  Timer32_disableInterrupt                   
0000d7bb  Timer32_haltTimer                          
0000d7cf  strlen                                     
0000d7e3  Graphics_clearDisplay                      
0000d7f5  wcslen                                     
0000d819  Timer32_getValue                           
0000d827  __TI_decompress_none                       
0000d835  Reset_Handler                              
0000d841  __TI_zero_init                             
0000d861  __aeabi_errno_addr                         
0000d869  _system_pre_init                           
0000d86d  C$$EXIT                                    
0000d86d  abort                                      
0000d880  __TI_Handler_Table_Base                    
0000d88c  __TI_Handler_Table_Limit                   
0000d898  __TI_CINIT_Base                            
0000d8a8  __TI_CINIT_Limit                           
20000000  __start___llvm_prf_cnts                    
20000000  __stop___llvm_prf_cnts                     
20000400  g_sContext                                 
20000420  Lcd_ScreenHeigth                           
20000422  Lcd_ScreenWidth                            
20000424  Lcd_TouchTrim                              
20000426  Lcd_FlagRead                               
20000427  Lcd_FontSolid                              
20000428  Lcd_Orientation                            
20000429  Lcd_PenSolid                               
2000042c  g_sCrystalfontz128x128                     
2000043c  errno                                      
2000fe00  __stack                                    
20010000  __STACK_END                                
4000480c  WDTCTL_SYM                                 
ffffffff  __TI_pprof_out_hndl                        
ffffffff  __TI_prof_data_size                        
ffffffff  __TI_prof_data_start                       
ffffffff  __binit__                                  
ffffffff  __c_args__                                 
ffffffff  binit                                      
UNDEFED   __mpu_init                                 
UNDEFED   _system_post_cinit                         

[209 symbols]
