******************************************************************************
                  TI ARM Linker PC v20.2.1                     
******************************************************************************
>> Linked Wed Dec  2 12:14:09 2020

OUTPUT FILE NAME:   <EmeraldMountain.out>
ENTRY POINT SYMBOL: "_c_int00_noargs"  address: 0000a8d5


MEMORY CONFIGURATION

         name            origin    length      used     unused   attr    fill
----------------------  --------  ---------  --------  --------  ----  --------
  MAIN                  00000000   00040000  0000ad6c  00035294  R  X
  INFO                  00200000   00004000  00000000  00004000  R  X
  SRAM_CODE             01000000   00010000  00000642  0000f9be  RW X
  SRAM_DATA             20000000   00010000  00000642  0000f9be  RW  


SEGMENT ALLOCATION MAP

run origin  load origin   length   init length attrs members
----------  ----------- ---------- ----------- ----- -------
00000000    00000000    0000ad70   0000ad70    r-x
  00000000    00000000    000000e4   000000e4    r-- .intvecs
  000000e4    000000e4    00006c98   00006c98    r-- .const
  00006d7c    00006d7c    00003fb8   00003fb8    r-x .text
  0000ad38    0000ad38    00000038   00000038    r-- .cinit
20000000    20000000    00000444   00000000    rw-
  20000000    20000000    0000042a   00000000    rw- .bss
  2000042c    2000042c    00000018   00000000    rw- .data
2000fe00    2000fe00    00000200   00000000    rw-
  2000fe00    2000fe00    00000200   00000000    rw- .stack


SECTION ALLOCATION MAP

 output                                  attributes/
section   page    origin      length       input sections
--------  ----  ----------  ----------   ----------------
.intvecs   0    00000000    000000e4     
                  00000000    000000e4     startup_msp432p401r_ccs.obj (.intvecs:retain)

.const     0    000000e4    00006c98     
                  000000e4    00002000     BasicMap.obj (.const:.string:pixel_BasicMap00004BPP_UNCOMP)
                  000020e4    00002000     EndScreen.obj (.const:.string:pixel_EndScreen00004BPP_UNCOMP)
                  000040e4    00002000     titleScreen.obj (.const:.string:pixel_titleScreen00004BPP_UNCOMP)
                  000060e4    000002f8     grlib.a : fontfixed6x8.obj (.const:.string:g_pucFontFixed6x8Data)
                  000063dc    00000120     MinerBackground.obj (.const:.string:pixel_MinerBackground00004BPP_UNCOMP)
                  000064fc    00000120     MinerBig.obj (.const:.string:pixel_MinerBig00004BPP_UNCOMP)
                  0000661c    00000101     rtsv7M4_T_le_v4SPD16_eabi.lib : ctype.c.obj (.const:.string:_ctypes_)
                  0000671d    000000c8     SlimeBigBackground.obj (.const:.string:pixel_SlimeBigBackground00004BPP_UNCOMP)
                  000067e5    00000003     --HOLE-- [fill = 0]
                  000067e8    000000c8     grlib.a : fontfixed6x8.obj (.const:g_sFontFixed6x8)
                  000068b0    000000a2     SlimeBig.obj (.const:.string:pixel_SlimeBig00004BPP_UNCOMP)
                  00006952    00000002     --HOLE-- [fill = 0]
                  00006954    00000080     msp432p4xx_driverlib.lib : adc14.o (.const:_ctlRegs)
                  000069d4    00000040     BasicMap.obj (.const:palette_BasicMap00004BPP_UNCOMP)
                  00006a14    00000040     Emerald.obj (.const:palette_Emerald100004BPP_UNCOMP)
                  00006a54    00000040     EndScreen.obj (.const:palette_EndScreen00004BPP_UNCOMP)
                  00006a94    00000040     GemBackground.obj (.const:palette_GemBackground00004BPP_UNCOMP)
                  00006ad4    00000040     MinerBackground.obj (.const:palette_MinerBackground00004BPP_UNCOMP)
                  00006b14    00000040     MinerBig.obj (.const:palette_MinerBig00004BPP_UNCOMP)
                  00006b54    00000040     SlimeBig.obj (.const:palette_SlimeBig00004BPP_UNCOMP)
                  00006b94    00000040     SlimeBigBackground.obj (.const:palette_SlimeBigBackground00004BPP_UNCOMP)
                  00006bd4    00000040     titleScreen.obj (.const:palette_titleScreen00004BPP_UNCOMP)
                  00006c14    00000032     Emerald.obj (.const:.string:pixel_Emerald100004BPP_UNCOMP)
                  00006c46    00000032     GemBackground.obj (.const:.string:pixel_GemBackground00004BPP_UNCOMP)
                  00006c78    00000030     msp432p4xx_driverlib.lib : gpio.o (.const:GPIO_PORT_TO_BASE)
                  00006ca8    00000020     Crystalfontz128x128_ST7735.obj (.const:g_sCrystalfontz128x128_funcs)
                  00006cc8    0000001c     HAL_MSP_EXP432P401R_Crystalfontz128x128_ST7735.obj (.const:$P$T0$1)
                  00006ce4    00000010     BasicMap.obj (.const:BasicMap00004BPP_UNCOMP)
                  00006cf4    00000010     Emerald.obj (.const:Emerald100004BPP_UNCOMP)
                  00006d04    00000010     EndScreen.obj (.const:EndScreen00004BPP_UNCOMP)
                  00006d14    00000010     GemBackground.obj (.const:GemBackground00004BPP_UNCOMP)
                  00006d24    00000010     MinerBackground.obj (.const:MinerBackground00004BPP_UNCOMP)
                  00006d34    00000010     MinerBig.obj (.const:MinerBig00004BPP_UNCOMP)
                  00006d44    00000010     SlimeBig.obj (.const:SlimeBig00004BPP_UNCOMP)
                  00006d54    00000010     SlimeBigBackground.obj (.const:SlimeBigBackground00004BPP_UNCOMP)
                  00006d64    00000010     titleScreen.obj (.const:titleScreen00004BPP_UNCOMP)
                  00006d74    00000008     Crystalfontz128x128_ST7735.obj (.const:$P$T0$1)

.text      0    00006d7c    00003fb8     
                  00006d7c    00000a4e     rtsv7M4_T_le_v4SPD16_eabi.lib : _printfi.c.obj (.text:__TI_printfi)
                  000077ca    0000047e     grlib.a : string.obj (.text:Graphics_drawString)
                  00007c48    00000390             : image.obj (.text:Graphics_drawImage)
                  00007fd8    00000270     rtsv7M4_T_le_v4SPD16_eabi.lib : _printfi.c.obj (.text:_pconv_a)
                  00008248    000001d8     Crystalfontz128x128_ST7735.obj (.text:Crystalfontz128x128_PixelDrawMultiple)
                  00008420    000001d0     rtsv7M4_T_le_v4SPD16_eabi.lib : _printfi.c.obj (.text:_pconv_g)
                  000085f0    000001b6                                   : fd_add_t2.asm.obj (.text)
                  000087a6    00000002     startup_msp432p401r_ccs.obj (.text:Default_Handler)
                  000087a8    00000198     main.obj (.text:main)
                  00008940    00000160     msp432p4xx_driverlib.lib : adc14.o (.text:_getIndexForMemRegister)
                  00008aa0    00000144     main.obj (.text:InitJoyStick)
                  00008be4    0000013c     rtsv7M4_T_le_v4SPD16_eabi.lib : _printfi.c.obj (.text:_pconv_e)
                  00008d20    00000136                                   : fd_div_t2.asm.obj (.text)
                  00008e56    00000002                                   : div0.asm.obj (.text)
                  00008e58    00000134     Crystalfontz128x128_ST7735.obj (.text:Crystalfontz128x128_SetDrawFrame)
                  00008f8c    0000012c     Crystalfontz128x128_ST7735.obj (.text:Crystalfontz128x128_Init)
                  000090b8    00000124     rtsv7M4_T_le_v4SPD16_eabi.lib : _printfi.c.obj (.text:fcvt)
                  000091dc    00000110                                   : s_scalbn.c.obj (.text:scalbn)
                  000092ec    000000fc                                   : fd_mul_t2.asm.obj (.text)
                  000093e8    000000be     characters.obj (.text:move)
                  000094a6    00000002     --HOLE-- [fill = 0]
                  000094a8    000000b8     characters.obj (.text:isHit)
                  00009560    000000b4     msp432p4xx_driverlib.lib : adc14.o (.text:ADC14_configureConversionMemory)
                  00009614    000000b4                              : adc14.o (.text:ADC14_configureMultiSequenceMode)
                  000096c8    000000b1     rtsv7M4_T_le_v4SPD16_eabi.lib : _printfi.c.obj (.text:_ltostr)
                  00009779    00000001     --HOLE-- [fill = 0]
                  0000977a    000000b0     msp432p4xx_driverlib.lib : spi.o (.text:SPI_initMaster)
                  0000982a    0000009c     Crystalfontz128x128_ST7735.obj (.text:Crystalfontz128x128_RectFill)
                  000098c6    0000009c     grlib.a : line.obj (.text:Graphics_drawLineH)
                  00009962    0000009c     rtsv7M4_T_le_v4SPD16_eabi.lib : memcpy_t2.asm.obj (.text)
                  000099fe    00000096                                   : ull_div_t2.asm.obj (.text)
                  00009a94    00000088     msp432p4xx_driverlib.lib : gpio.o (.text:GPIO_setAsPeripheralModuleFunctionOutputPin)
                  00009b1c    00000086     rtsv7M4_T_le_v4SPD16_eabi.lib : fd_cmp_t2.asm.obj (.text:__aeabi_cdcmple)
                  00009ba2    00000086                                   : fd_cmp_t2.asm.obj (.text:__aeabi_cdrcmple)
                  00009c28    00000084     characters.obj (.text:moveMonster)
                  00009cac    00000082     score.obj (.text:checkIfOverlapTreasure)
                  00009d2e    0000007a     rtsv7M4_T_le_v4SPD16_eabi.lib : memset_t2.asm.obj (.text)
                  00009da8    00000078     system_msp432p401r.obj (.text:SystemInit)
                  00009e20    0000006e     rtsv7M4_T_le_v4SPD16_eabi.lib : _printfi.c.obj (.text:_mcpy)
                  00009e8e    00000002     --HOLE-- [fill = 0]
                  00009e90    0000006c     grlib.a : image.obj (.text:Graphics_convertPalette)
                  00009efc    0000006c     characters.obj (.text:movePossible)
                  00009f68    00000068     msp432p4xx_driverlib.lib : timer32.o (.text:Timer32_initModule)
                  00009fd0    00000068     rtsv7M4_T_le_v4SPD16_eabi.lib : copy_decompress_lzss.c.obj (.text:decompress:lzss:__TI_decompress_lzss)
                  0000a038    00000064                                   : s_frexp.c.obj (.text:frexp)
                  0000a09c    00000060     Crystalfontz128x128_ST7735.obj (.text:Crystalfontz128x128_LineDrawH)
                  0000a0fc    00000060     Crystalfontz128x128_ST7735.obj (.text:Crystalfontz128x128_LineDrawV)
                  0000a15c    0000005a     characters.obj (.text:checkIfOverlap)
                  0000a1b6    00000056     rtsv7M4_T_le_v4SPD16_eabi.lib : _printfi.c.obj (.text:_pconv_f)
                  0000a20c    00000054     Crystalfontz128x128_ST7735.obj (.text:Crystalfontz128x128_SetOrientation)
                  0000a260    00000054     rtsv7M4_T_le_v4SPD16_eabi.lib : _ltoa.c.obj (.text:__TI_ltoa)
                  0000a2b4    00000054     score.obj (.text:drawScore)
                  0000a308    00000052     grlib.a : context.obj (.text:Graphics_initContext)
                  0000a35a    00000052     rtsv7M4_T_le_v4SPD16_eabi.lib : _printfi.c.obj (.text:_ecpy)
                  0000a3ac    00000050     main.obj (.text:ADC14_IRQHandler)
                  0000a3fc    0000004c     main.obj (.text:Init_Graph)
                  0000a448    0000004c     rtsv7M4_T_le_v4SPD16_eabi.lib : atoi.c.obj (.text:atoi)
                  0000a494    0000004c     characters.obj (.text:init_Character)
                  0000a4e0    0000004c     score.obj (.text:init_Treasure)
                  0000a52c    00000048     rtsv7M4_T_le_v4SPD16_eabi.lib : fd_toi_t2.asm.obj (.text)
                  0000a574    00000046     grlib.a : display.obj (.text:Graphics_drawMultiplePixelsOnDisplay)
                  0000a5ba    00000002     --HOLE-- [fill = 0]
                  0000a5bc    00000044     rtsv7M4_T_le_v4SPD16_eabi.lib : autoinit.c.obj (.text:__TI_auto_init_nobinit_nopinit:__TI_auto_init_nobinit_nopinit)
                  0000a600    00000040     Crystalfontz128x128_ST7735.obj (.text:Crystalfontz128x128_PixelDraw)
                  0000a640    00000040     msp432p4xx_driverlib.lib : gpio.o (.text:GPIO_setAsOutputPin)
                  0000a680    00000040     grlib.a : string.obj (.text:Graphics_getNumberOfLeadingZeros)
                  0000a6c0    00000040     HAL_MSP_EXP432P401R_Crystalfontz128x128_ST7735.obj (.text:HAL_LCD_SpiInit)
                  0000a700    00000040     msp432p4xx_driverlib.lib : spi.o (.text:is_A_Module)
                  0000a740    00000040     rtsv7M4_T_le_v4SPD16_eabi.lib : sprintf.c.obj (.text:sprintf)
                  0000a780    0000003e                                   : _printfi.c.obj (.text:_fcpy)
                  0000a7be    0000003a     score.obj (.text:spawnTreasure)
                  0000a7f8    00000038     HAL_MSP_EXP432P401R_Crystalfontz128x128_ST7735.obj (.text:HAL_LCD_writeCommand)
                  0000a830    00000038     msp432p4xx_driverlib.lib : timer32.o (.text:Timer32_startTimer)
                  0000a868    00000036     grlib.a : display.obj (.text:Graphics_drawHorizontalLineOnDisplay)
                  0000a89e    00000002     --HOLE-- [fill = 0]
                  0000a8a0    00000034     msp432p4xx_driverlib.lib : timer32.o (.text:Timer32_setCount)
                  0000a8d4    00000034     rtsv7M4_T_le_v4SPD16_eabi.lib : boot_cortex_m.c.obj (.text:_c_int00_noargs:_c_int00_noargs)
                  0000a908    00000030     HAL_MSP_EXP432P401R_Crystalfontz128x128_ST7735.obj (.text:HAL_LCD_PortInit)
                  0000a938    00000030     characters.obj (.text:delay)
                  0000a968    0000002e     rtsv7M4_T_le_v4SPD16_eabi.lib : i_tofd_t2.asm.obj (.text)
                  0000a996    00000002     --HOLE-- [fill = 0]
                  0000a998    0000002c     Crystalfontz128x128_ST7735.obj (.text:Crystalfontz128x128_ClearScreen)
                  0000a9c4    0000002c     grlib.a : display.obj (.text:Graphics_drawPixelOnDisplay)
                  0000a9f0    0000002c     HAL_MSP_EXP432P401R_Crystalfontz128x128_ST7735.obj (.text:HAL_LCD_writeData)
                  0000aa1c    00000028     msp432p4xx_driverlib.lib : adc14.o (.text:ADC14_getResult)
                  0000aa44    00000028     Crystalfontz128x128_ST7735.obj (.text:Crystalfontz128x128_ColorTranslate)
                  0000aa6c    00000028     msp432p4xx_driverlib.lib : gpio.o (.text:GPIO_setOutputHighOnPin)
                  0000aa94    00000028                              : gpio.o (.text:GPIO_setOutputLowOnPin)
                  0000aabc    00000028     main.obj (.text:gameOver)
                  0000aae4    00000024     main.obj (.text:titleScreen)
                  0000ab08    00000020     score.obj (.text:calcScore)
                  0000ab28    0000001c     msp432p4xx_driverlib.lib : spi.o (.text:SPI_enableModule)
                  0000ab44    0000001c     main.obj (.text:delay_init)
                  0000ab60    0000001c     rtsv7M4_T_le_v4SPD16_eabi.lib : memccpy.c.obj (.text:memccpy)
                  0000ab7c    0000001a     grlib.a : display.obj (.text:Graphics_clearDisplayOnDisplay)
                  0000ab96    0000001a             : context.obj (.text:Graphics_setBackgroundColor)
                  0000abb0    0000001a             : context.obj (.text:Graphics_setFont)
                  0000abca    0000001a     rtsv7M4_T_le_v4SPD16_eabi.lib : s_copysign.c.obj (.text:copysign)
                  0000abe4    00000018                                   : sprintf.c.obj (.text:_outs)
                  0000abfc    00000016     msp432p4xx_driverlib.lib : spi.o (.text:EUSCI_A_SPI_enable)
                  0000ac12    00000016                              : spi.o (.text:EUSCI_B_SPI_enable)
                  0000ac28    00000016     grlib.a : context.obj (.text:Graphics_setForegroundColor)
                  0000ac3e    00000016             : display.obj (.text:Graphics_translateColorOnDisplay)
                  0000ac54    00000016     rtsv7M4_T_le_v4SPD16_eabi.lib : strchr.c.obj (.text:strchr)
                  0000ac6a    00000014     msp432p4xx_driverlib.lib : timer32.o (.text:Timer32_disableInterrupt)
                  0000ac7e    00000014                              : timer32.o (.text:Timer32_haltTimer)
                  0000ac92    00000014     rtsv7M4_T_le_v4SPD16_eabi.lib : strlen.c.obj (.text:strlen)
                  0000aca6    00000012     grlib.a : context.obj (.text:Graphics_clearDisplay)
                  0000acb8    00000012     rtsv7M4_T_le_v4SPD16_eabi.lib : wcslen.c.obj (.text:wcslen)
                  0000acca    00000002     --HOLE-- [fill = 0]
                  0000accc    00000010     msp432p4xx_driverlib.lib : adc14.o (.text:ADCIsConversionRunning)
                  0000acdc    0000000e                              : timer32.o (.text:Timer32_getValue)
                  0000acea    0000000e     rtsv7M4_T_le_v4SPD16_eabi.lib : copy_decompress_none.c.obj (.text:decompress:none:__TI_decompress_none)
                  0000acf8    0000000c     startup_msp432p401r_ccs.obj (.text:Reset_Handler)
                  0000ad04    0000000c     rtsv7M4_T_le_v4SPD16_eabi.lib : copy_zero_init.c.obj (.text:decompress:ZI:__TI_zero_init)
                  0000ad10    0000000a     Crystalfontz128x128_ST7735.obj (.text:Crystalfontz128x128_Flush)
                  0000ad1a    0000000a     rtsv7M4_T_le_v4SPD16_eabi.lib : sprintf.c.obj (.text:_outc)
                  0000ad24    00000008                                   : errno.c.obj (.text:__aeabi_errno_addr)
                  0000ad2c    00000004                                   : pre_init.c.obj (.text:_system_pre_init)
                  0000ad30    00000004                                   : exit.c.obj (.text:abort:abort)

.cinit     0    0000ad38    00000038     
                  0000ad38    0000000d     (.cinit..data.load) [load image, compression = lzss]
                  0000ad45    00000003     --HOLE-- [fill = 0]
                  0000ad48    0000000c     (__TI_handler_table)
                  0000ad54    00000004     --HOLE-- [fill = 0]
                  0000ad58    00000008     (.cinit..bss.load) [load image, compression = zero_init]
                  0000ad60    00000010     (__TI_cinit_table)

.init_array 
*          0    00000000    00000000     UNINITIALIZED

.binit     0    00000000    00000000     

.bss       0    20000000    0000042a     UNINITIALIZED
                  20000000    00000400     grlib.a : image.obj (.bss:g_pulConvertedPalette)
                  20000400    0000001c     (.common:g_sContext)
                  2000041c    00000004     main.obj (.bss:resultsBuffer)
                  20000420    00000002     (.common:Lcd_ScreenHeigth)
                  20000422    00000002     (.common:Lcd_ScreenWidth)
                  20000424    00000002     (.common:Lcd_TouchTrim)
                  20000426    00000001     (.common:Lcd_FlagRead)
                  20000427    00000001     (.common:Lcd_FontSolid)
                  20000428    00000001     (.common:Lcd_Orientation)
                  20000429    00000001     (.common:Lcd_PenSolid)

.data      0    2000042c    00000018     UNINITIALIZED
                  2000042c    00000010     Crystalfontz128x128_ST7735.obj (.data:g_sCrystalfontz128x128)
                  2000043c    00000004     rtsv7M4_T_le_v4SPD16_eabi.lib : errno.c.obj (.data)
                  20000440    00000004     score.obj (.data)

.stack     0    2000fe00    00000200     UNINITIALIZED
                  2000fe00    00000004     rtsv7M4_T_le_v4SPD16_eabi.lib : boot_cortex_m.c.obj (.stack)
                  2000fe04    000001fc     --HOLE--

__llvm_prf_cnts 
*          0    20000000    00000000     UNINITIALIZED

MODULE SUMMARY

       Module                                               code    ro data   rw data
       ------                                               ----    -------   -------
    .\
       BasicMap.obj                                         0       8272      0      
       EndScreen.obj                                        0       8272      0      
       titleScreen.obj                                      0       8272      0      
       main.obj                                             992     0         64     
       characters.obj                                       828     0         0      
       score.obj                                            380     0         8      
       MinerBackground.obj                                  0       368       0      
       MinerBig.obj                                         0       368       0      
       SlimeBigBackground.obj                               0       280       0      
       SlimeBig.obj                                         0       242       0      
       Emerald.obj                                          0       130       0      
       GemBackground.obj                                    0       130       0      
       system_msp432p401r.obj                               120     0         0      
    +--+----------------------------------------------------+-------+---------+---------+
       Total:                                               2320    26334     72     
                                                                                     
    .\LcdDriver\
       Crystalfontz128x128_ST7735.obj                       1670    40        52     
       HAL_MSP_EXP432P401R_Crystalfontz128x128_ST7735.obj   212     28        0      
    +--+----------------------------------------------------+-------+---------+---------+
       Total:                                               1882    68        52     
                                                                                     
    .\ccs\
       startup_msp432p401r_ccs.obj                          14      228       0      
    +--+----------------------------------------------------+-------+---------+---------+
       Total:                                               14      228       0      
                                                                                     
    C:/ti/simplelink_msp432p4_sdk_3_40_01_02/source/ti/devices/msp432p4xx/driverlib/ccs/msp432p4xx_driverlib.lib
       adc14.o                                              768     128       0      
       gpio.o                                               280     48        0      
       spi.o                                                312     0         0      
       timer32.o                                            266     0         0      
    +--+----------------------------------------------------+-------+---------+---------+
       Total:                                               1626    176       0      
                                                                                     
    C:/ti/simplelink_msp432p4_sdk_3_40_01_02/source/ti/grlib/lib/ccs/m4f/grlib.a
       image.obj                                            1020    0         2048   
       string.obj                                           1214    0         0      
       fontfixed6x8.obj                                     0       960       0      
       display.obj                                          216     0         0      
       context.obj                                          174     0         0      
       line.obj                                             156     0         0      
    +--+----------------------------------------------------+-------+---------+---------+
       Total:                                               2780    960       2048   
                                                                                     
    C:\ti\ccs1010\ccs\tools\compiler\ti-cgt-arm_20.2.1.LTS\lib\rtsv7M4_T_le_v4SPD16_eabi.lib
       _printfi.c.obj                                       4851    0         0      
       fd_add_t2.asm.obj                                    438     0         0      
       fd_div_t2.asm.obj                                    310     0         0      
       s_scalbn.c.obj                                       272     0         0      
       fd_cmp_t2.asm.obj                                    268     0         0      
       ctype.c.obj                                          0       257       0      
       fd_mul_t2.asm.obj                                    252     0         0      
       memcpy_t2.asm.obj                                    156     0         0      
       ull_div_t2.asm.obj                                   150     0         0      
       memset_t2.asm.obj                                    122     0         0      
       copy_decompress_lzss.c.obj                           104     0         0      
       s_frexp.c.obj                                        100     0         0      
       sprintf.c.obj                                        98      0         0      
       _ltoa.c.obj                                          84      0         0      
       atoi.c.obj                                           76      0         0      
       fd_toi_t2.asm.obj                                    72      0         0      
       autoinit.c.obj                                       68      0         0      
       boot_cortex_m.c.obj                                  52      0         0      
       i_tofd_t2.asm.obj                                    46      0         0      
       memccpy.c.obj                                        28      0         0      
       s_copysign.c.obj                                     26      0         0      
       strchr.c.obj                                         22      0         0      
       strlen.c.obj                                         20      0         0      
       wcslen.c.obj                                         18      0         0      
       errno.c.obj                                          8       0         8      
       copy_decompress_none.c.obj                           14      0         0      
       copy_zero_init.c.obj                                 12      0         0      
       exit.c.obj                                           4       0         0      
       pre_init.c.obj                                       4       0         0      
       div0.asm.obj                                         2       0         0      
    +--+----------------------------------------------------+-------+---------+---------+
       Total:                                               7677    257       8      
                                                                                     
       Stack:                                               0       0         1024   
       Linker Generated:                                    0       49        0      
    +--+----------------------------------------------------+-------+---------+---------+
       Grand Total:                                         16299   28072     3204   


LINKER GENERATED COPY TABLES

__TI_cinit_table @ 0000ad60 records: 2, size/record: 8, table size: 16
	.data: load addr=0000ad38, load size=0000000d bytes, run addr=2000042c, run size=00000018 bytes, compression=lzss
	.bss: load addr=0000ad58, load size=00000008 bytes, run addr=20000000, run size=0000042a bytes, compression=zero_init


LINKER GENERATED HANDLER TABLE

__TI_handler_table @ 0000ad48 records: 3, size/record: 4, table size: 12
	index: 0, handler: __TI_decompress_lzss
	index: 1, handler: __TI_decompress_none
	index: 2, handler: __TI_zero_init


GLOBAL SYMBOLS: SORTED ALPHABETICALLY BY Name 

address   name                                       
-------   ----                                       
0000a3ad  ADC14_IRQHandler                           
0000a3ad  ADC14_IRQHandler                           
00009561  ADC14_configureConversionMemory            
00009615  ADC14_configureMultiSequenceMode           
0000aa1d  ADC14_getResult                            
000087a7  AES256_IRQHandler                          
00006ce4  BasicMap00004BPP_UNCOMP                    
000087a7  BusFault_Handler                           
0000ad31  C$$EXIT                                    
000087a7  COMP_E0_IRQHandler                         
000087a7  COMP_E1_IRQHandler                         
000087a7  CS_IRQHandler                              
00008f8d  Crystalfontz128x128_Init                   
00008e59  Crystalfontz128x128_SetDrawFrame           
0000a20d  Crystalfontz128x128_SetOrientation         
000087a7  DMA_ERR_IRQHandler                         
000087a7  DMA_INT0_IRQHandler                        
000087a7  DMA_INT1_IRQHandler                        
000087a7  DMA_INT2_IRQHandler                        
000087a7  DMA_INT3_IRQHandler                        
000087a7  DebugMon_Handler                           
000087a7  Default_Handler                            
000087a7  EUSCIA0_IRQHandler                         
000087a7  EUSCIA1_IRQHandler                         
000087a7  EUSCIA2_IRQHandler                         
000087a7  EUSCIA3_IRQHandler                         
000087a7  EUSCIB0_IRQHandler                         
000087a7  EUSCIB1_IRQHandler                         
000087a7  EUSCIB2_IRQHandler                         
000087a7  EUSCIB3_IRQHandler                         
0000abfd  EUSCI_A_SPI_enable                         
0000ac13  EUSCI_B_SPI_enable                         
00006cf4  Emerald100004BPP_UNCOMP                    
00006d04  EndScreen00004BPP_UNCOMP                   
000087a7  FLCTL_IRQHandler                           
000087a7  FPU_IRQHandler                             
0000a641  GPIO_setAsOutputPin                        
00009a95  GPIO_setAsPeripheralModuleFunctionOutputPin
0000aa6d  GPIO_setOutputHighOnPin                    
0000aa95  GPIO_setOutputLowOnPin                     
00006d14  GemBackground00004BPP_UNCOMP               
0000aca7  Graphics_clearDisplay                      
0000ab7d  Graphics_clearDisplayOnDisplay             
0000a869  Graphics_drawHorizontalLineOnDisplay       
00007c49  Graphics_drawImage                         
000098c7  Graphics_drawLineH                         
0000a575  Graphics_drawMultiplePixelsOnDisplay       
0000a9c5  Graphics_drawPixelOnDisplay                
000077cb  Graphics_drawString                        
0000a309  Graphics_initContext                       
0000ab97  Graphics_setBackgroundColor                
0000abb1  Graphics_setFont                           
0000ac29  Graphics_setForegroundColor                
0000ac3f  Graphics_translateColorOnDisplay           
0000a909  HAL_LCD_PortInit                           
0000a6c1  HAL_LCD_SpiInit                            
0000a7f9  HAL_LCD_writeCommand                       
0000a9f1  HAL_LCD_writeData                          
000087a7  HardFault_Handler                          
00008aa1  InitJoyStick                               
0000a3fd  Init_Graph                                 
20000426  Lcd_FlagRead                               
20000427  Lcd_FontSolid                              
20000428  Lcd_Orientation                            
20000429  Lcd_PenSolid                               
20000420  Lcd_ScreenHeigth                           
20000422  Lcd_ScreenWidth                            
20000424  Lcd_TouchTrim                              
000087a7  MemManage_Handler                          
00006d24  MinerBackground00004BPP_UNCOMP             
00006d34  MinerBig00004BPP_UNCOMP                    
000087a7  NMI_Handler                                
000087a7  PCM_IRQHandler                             
000087a7  PORT1_IRQHandler                           
000087a7  PORT2_IRQHandler                           
000087a7  PORT3_IRQHandler                           
000087a7  PORT4_IRQHandler                           
000087a7  PORT5_IRQHandler                           
000087a7  PORT6_IRQHandler                           
000087a7  PSS_IRQHandler                             
000087a7  PendSV_Handler                             
000087a7  RTC_C_IRQHandler                           
0000acf9  Reset_Handler                              
0000ab29  SPI_enableModule                           
0000977b  SPI_initMaster                             
000087a7  SVC_Handler                                
00006d44  SlimeBig00004BPP_UNCOMP                    
00006d54  SlimeBigBackground00004BPP_UNCOMP          
000087a7  SysTick_Handler                            
00009da9  SystemInit                                 
000087a7  T32_INT1_IRQHandler                        
000087a7  T32_INT2_IRQHandler                        
000087a7  T32_INTC_IRQHandler                        
000087a7  TA0_0_IRQHandler                           
000087a7  TA0_N_IRQHandler                           
000087a7  TA1_0_IRQHandler                           
000087a7  TA1_N_IRQHandler                           
000087a7  TA2_0_IRQHandler                           
000087a7  TA2_N_IRQHandler                           
000087a7  TA3_0_IRQHandler                           
000087a7  TA3_N_IRQHandler                           
0000ac6b  Timer32_disableInterrupt                   
0000acdd  Timer32_getValue                           
0000ac7f  Timer32_haltTimer                          
00009f69  Timer32_initModule                         
0000a8a1  Timer32_setCount                           
0000a831  Timer32_startTimer                         
000087a7  UsageFault_Handler                         
4000480c  WDTCTL_SYM                                 
000087a7  WDT_A_IRQHandler                           
20010000  __STACK_END                                
00000200  __STACK_SIZE                               
0000ad60  __TI_CINIT_Base                            
0000ad70  __TI_CINIT_Limit                           
0000ad48  __TI_Handler_Table_Base                    
0000ad54  __TI_Handler_Table_Limit                   
0000a5bd  __TI_auto_init_nobinit_nopinit             
00009fd1  __TI_decompress_lzss                       
0000aceb  __TI_decompress_none                       
0000a261  __TI_ltoa                                  
ffffffff  __TI_pprof_out_hndl                        
00006d7d  __TI_printfi                               
ffffffff  __TI_prof_data_size                        
ffffffff  __TI_prof_data_start                       
00000000  __TI_static_base__                         
0000ad05  __TI_zero_init                             
00009b1d  __aeabi_cdcmpeq                            
00009b1d  __aeabi_cdcmple                            
00009ba3  __aeabi_cdrcmple                           
0000a52d  __aeabi_d2iz                               
000085fb  __aeabi_dadd                               
00008d21  __aeabi_ddiv                               
000092ed  __aeabi_dmul                               
000085f1  __aeabi_dsub                               
0000ad25  __aeabi_errno_addr                         
0000a969  __aeabi_i2d                                
00008e57  __aeabi_idiv0                              
00008e57  __aeabi_ldiv0                              
00009d2f  __aeabi_memclr                             
00009d2f  __aeabi_memclr4                            
00009d2f  __aeabi_memclr8                            
00009963  __aeabi_memcpy                             
00009963  __aeabi_memcpy4                            
00009963  __aeabi_memcpy8                            
00009d31  __aeabi_memset                             
00009d31  __aeabi_memset4                            
00009d31  __aeabi_memset8                            
000099ff  __aeabi_uldivmod                           
ffffffff  __binit__                                  
ffffffff  __c_args__                                 
UNDEFED   __mpu_init                                 
2000fe00  __stack                                    
20000000  __start___llvm_prf_cnts                    
20000000  __stop___llvm_prf_cnts                     
0000a8d5  _c_int00_noargs                            
0000661c  _ctypes_                                   
UNDEFED   _system_post_cinit                         
0000ad2d  _system_pre_init                           
0000ad31  abort                                      
0000a449  atoi                                       
ffffffff  binit                                      
0000ab09  calcScore                                  
0000a15d  checkIfOverlap                             
00009cad  checkIfOverlapTreasure                     
0000abcb  copysign                                   
0000abcb  copysignl                                  
0000a939  delay                                      
0000ab45  delay_init                                 
0000a2b5  drawScore                                  
2000043c  errno                                      
0000a039  frexp                                      
0000a039  frexpl                                     
20000400  g_sContext                                 
2000042c  g_sCrystalfontz128x128                     
00006ca8  g_sCrystalfontz128x128_funcs               
000067e8  g_sFontFixed6x8                            
0000aabd  gameOver                                   
0000a495  init_Character                             
0000a4e1  init_Treasure                              
00000000  interruptVectors                           
000094a9  isHit                                      
000091dd  ldexp                                      
000091dd  ldexpl                                     
000087a9  main                                       
0000ab61  memccpy                                    
00009963  memcpy                                     
00009d37  memset                                     
000093e9  move                                       
00009c29  moveMonster                                
00009efd  movePossible                               
000091dd  scalbn                                     
000091dd  scalbnl                                    
0000a7bf  spawnTreasure                              
0000a741  sprintf                                    
0000ac55  strchr                                     
0000ac93  strlen                                     
0000aae5  titleScreen                                
00006d64  titleScreen00004BPP_UNCOMP                 
0000acb9  wcslen                                     


GLOBAL SYMBOLS: SORTED BY Symbol Address 

address   name                                       
-------   ----                                       
00000000  __TI_static_base__                         
00000000  interruptVectors                           
00000200  __STACK_SIZE                               
0000661c  _ctypes_                                   
000067e8  g_sFontFixed6x8                            
00006ca8  g_sCrystalfontz128x128_funcs               
00006ce4  BasicMap00004BPP_UNCOMP                    
00006cf4  Emerald100004BPP_UNCOMP                    
00006d04  EndScreen00004BPP_UNCOMP                   
00006d14  GemBackground00004BPP_UNCOMP               
00006d24  MinerBackground00004BPP_UNCOMP             
00006d34  MinerBig00004BPP_UNCOMP                    
00006d44  SlimeBig00004BPP_UNCOMP                    
00006d54  SlimeBigBackground00004BPP_UNCOMP          
00006d64  titleScreen00004BPP_UNCOMP                 
00006d7d  __TI_printfi                               
000077cb  Graphics_drawString                        
00007c49  Graphics_drawImage                         
000085f1  __aeabi_dsub                               
000085fb  __aeabi_dadd                               
000087a7  AES256_IRQHandler                          
000087a7  BusFault_Handler                           
000087a7  COMP_E0_IRQHandler                         
000087a7  COMP_E1_IRQHandler                         
000087a7  CS_IRQHandler                              
000087a7  DMA_ERR_IRQHandler                         
000087a7  DMA_INT0_IRQHandler                        
000087a7  DMA_INT1_IRQHandler                        
000087a7  DMA_INT2_IRQHandler                        
000087a7  DMA_INT3_IRQHandler                        
000087a7  DebugMon_Handler                           
000087a7  Default_Handler                            
000087a7  EUSCIA0_IRQHandler                         
000087a7  EUSCIA1_IRQHandler                         
000087a7  EUSCIA2_IRQHandler                         
000087a7  EUSCIA3_IRQHandler                         
000087a7  EUSCIB0_IRQHandler                         
000087a7  EUSCIB1_IRQHandler                         
000087a7  EUSCIB2_IRQHandler                         
000087a7  EUSCIB3_IRQHandler                         
000087a7  FLCTL_IRQHandler                           
000087a7  FPU_IRQHandler                             
000087a7  HardFault_Handler                          
000087a7  MemManage_Handler                          
000087a7  NMI_Handler                                
000087a7  PCM_IRQHandler                             
000087a7  PORT1_IRQHandler                           
000087a7  PORT2_IRQHandler                           
000087a7  PORT3_IRQHandler                           
000087a7  PORT4_IRQHandler                           
000087a7  PORT5_IRQHandler                           
000087a7  PORT6_IRQHandler                           
000087a7  PSS_IRQHandler                             
000087a7  PendSV_Handler                             
000087a7  RTC_C_IRQHandler                           
000087a7  SVC_Handler                                
000087a7  SysTick_Handler                            
000087a7  T32_INT1_IRQHandler                        
000087a7  T32_INT2_IRQHandler                        
000087a7  T32_INTC_IRQHandler                        
000087a7  TA0_0_IRQHandler                           
000087a7  TA0_N_IRQHandler                           
000087a7  TA1_0_IRQHandler                           
000087a7  TA1_N_IRQHandler                           
000087a7  TA2_0_IRQHandler                           
000087a7  TA2_N_IRQHandler                           
000087a7  TA3_0_IRQHandler                           
000087a7  TA3_N_IRQHandler                           
000087a7  UsageFault_Handler                         
000087a7  WDT_A_IRQHandler                           
000087a9  main                                       
00008aa1  InitJoyStick                               
00008d21  __aeabi_ddiv                               
00008e57  __aeabi_idiv0                              
00008e57  __aeabi_ldiv0                              
00008e59  Crystalfontz128x128_SetDrawFrame           
00008f8d  Crystalfontz128x128_Init                   
000091dd  ldexp                                      
000091dd  ldexpl                                     
000091dd  scalbn                                     
000091dd  scalbnl                                    
000092ed  __aeabi_dmul                               
000093e9  move                                       
000094a9  isHit                                      
00009561  ADC14_configureConversionMemory            
00009615  ADC14_configureMultiSequenceMode           
0000977b  SPI_initMaster                             
000098c7  Graphics_drawLineH                         
00009963  __aeabi_memcpy                             
00009963  __aeabi_memcpy4                            
00009963  __aeabi_memcpy8                            
00009963  memcpy                                     
000099ff  __aeabi_uldivmod                           
00009a95  GPIO_setAsPeripheralModuleFunctionOutputPin
00009b1d  __aeabi_cdcmpeq                            
00009b1d  __aeabi_cdcmple                            
00009ba3  __aeabi_cdrcmple                           
00009c29  moveMonster                                
00009cad  checkIfOverlapTreasure                     
00009d2f  __aeabi_memclr                             
00009d2f  __aeabi_memclr4                            
00009d2f  __aeabi_memclr8                            
00009d31  __aeabi_memset                             
00009d31  __aeabi_memset4                            
00009d31  __aeabi_memset8                            
00009d37  memset                                     
00009da9  SystemInit                                 
00009efd  movePossible                               
00009f69  Timer32_initModule                         
00009fd1  __TI_decompress_lzss                       
0000a039  frexp                                      
0000a039  frexpl                                     
0000a15d  checkIfOverlap                             
0000a20d  Crystalfontz128x128_SetOrientation         
0000a261  __TI_ltoa                                  
0000a2b5  drawScore                                  
0000a309  Graphics_initContext                       
0000a3ad  ADC14_IRQHandler                           
0000a3ad  ADC14_IRQHandler                           
0000a3fd  Init_Graph                                 
0000a449  atoi                                       
0000a495  init_Character                             
0000a4e1  init_Treasure                              
0000a52d  __aeabi_d2iz                               
0000a575  Graphics_drawMultiplePixelsOnDisplay       
0000a5bd  __TI_auto_init_nobinit_nopinit             
0000a641  GPIO_setAsOutputPin                        
0000a6c1  HAL_LCD_SpiInit                            
0000a741  sprintf                                    
0000a7bf  spawnTreasure                              
0000a7f9  HAL_LCD_writeCommand                       
0000a831  Timer32_startTimer                         
0000a869  Graphics_drawHorizontalLineOnDisplay       
0000a8a1  Timer32_setCount                           
0000a8d5  _c_int00_noargs                            
0000a909  HAL_LCD_PortInit                           
0000a939  delay                                      
0000a969  __aeabi_i2d                                
0000a9c5  Graphics_drawPixelOnDisplay                
0000a9f1  HAL_LCD_writeData                          
0000aa1d  ADC14_getResult                            
0000aa6d  GPIO_setOutputHighOnPin                    
0000aa95  GPIO_setOutputLowOnPin                     
0000aabd  gameOver                                   
0000aae5  titleScreen                                
0000ab09  calcScore                                  
0000ab29  SPI_enableModule                           
0000ab45  delay_init                                 
0000ab61  memccpy                                    
0000ab7d  Graphics_clearDisplayOnDisplay             
0000ab97  Graphics_setBackgroundColor                
0000abb1  Graphics_setFont                           
0000abcb  copysign                                   
0000abcb  copysignl                                  
0000abfd  EUSCI_A_SPI_enable                         
0000ac13  EUSCI_B_SPI_enable                         
0000ac29  Graphics_setForegroundColor                
0000ac3f  Graphics_translateColorOnDisplay           
0000ac55  strchr                                     
0000ac6b  Timer32_disableInterrupt                   
0000ac7f  Timer32_haltTimer                          
0000ac93  strlen                                     
0000aca7  Graphics_clearDisplay                      
0000acb9  wcslen                                     
0000acdd  Timer32_getValue                           
0000aceb  __TI_decompress_none                       
0000acf9  Reset_Handler                              
0000ad05  __TI_zero_init                             
0000ad25  __aeabi_errno_addr                         
0000ad2d  _system_pre_init                           
0000ad31  C$$EXIT                                    
0000ad31  abort                                      
0000ad48  __TI_Handler_Table_Base                    
0000ad54  __TI_Handler_Table_Limit                   
0000ad60  __TI_CINIT_Base                            
0000ad70  __TI_CINIT_Limit                           
20000000  __start___llvm_prf_cnts                    
20000000  __stop___llvm_prf_cnts                     
20000400  g_sContext                                 
20000420  Lcd_ScreenHeigth                           
20000422  Lcd_ScreenWidth                            
20000424  Lcd_TouchTrim                              
20000426  Lcd_FlagRead                               
20000427  Lcd_FontSolid                              
20000428  Lcd_Orientation                            
20000429  Lcd_PenSolid                               
2000042c  g_sCrystalfontz128x128                     
2000043c  errno                                      
2000fe00  __stack                                    
20010000  __STACK_END                                
4000480c  WDTCTL_SYM                                 
ffffffff  __TI_pprof_out_hndl                        
ffffffff  __TI_prof_data_size                        
ffffffff  __TI_prof_data_start                       
ffffffff  __binit__                                  
ffffffff  __c_args__                                 
ffffffff  binit                                      
UNDEFED   __mpu_init                                 
UNDEFED   _system_post_cinit                         

[199 symbols]
