******************************************************************************
                  TI ARM Linker PC v20.2.1                     
******************************************************************************
>> Linked Tue Dec  1 14:23:35 2020

OUTPUT FILE NAME:   <EmeraldMountain.out>
ENTRY POINT SYMBOL: "_c_int00_noargs"  address: 00008845


MEMORY CONFIGURATION

         name            origin    length      used     unused   attr    fill
----------------------  --------  ---------  --------  --------  ----  --------
  MAIN                  00000000   00040000  00008cb4  0003734c  R  X
  INFO                  00200000   00004000  00000000  00004000  R  X
  SRAM_CODE             01000000   00010000  00000642  0000f9be  RW X
  SRAM_DATA             20000000   00010000  00000642  0000f9be  RW  


SEGMENT ALLOCATION MAP

run origin  load origin   length   init length attrs members
----------  ----------- ---------- ----------- ----- -------
00000000    00000000    00008cb8   00008cb8    r-x
  00000000    00000000    000000e4   000000e4    r-- .intvecs
  000000e4    000000e4    00004c20   00004c20    r-- .const
  00004d04    00004d04    00003f78   00003f78    r-x .text
  00008c80    00008c80    00000038   00000038    r-- .cinit
20000000    20000000    00000444   00000000    rw-
  20000000    20000000    0000042a   00000000    rw- .bss
  2000042c    2000042c    00000018   00000000    rw- .data
2000fe00    2000fe00    00000200   00000000    rw-
  2000fe00    2000fe00    00000200   00000000    rw- .stack


SECTION ALLOCATION MAP

 output                                  attributes/
section   page    origin      length       input sections
--------  ----  ----------  ----------   ----------------
.intvecs   0    00000000    000000e4     
                  00000000    000000e4     startup_msp432p401r_ccs.obj (.intvecs:retain)

.const     0    000000e4    00004c20     
                  000000e4    00002000     BasicMap.obj (.const:.string:pixel_BasicMap00004BPP_UNCOMP)
                  000020e4    00002000     titleScreen.obj (.const:.string:pixel_titleScreen00004BPP_UNCOMP)
                  000040e4    000002f8     grlib.a : fontfixed6x8.obj (.const:.string:g_pucFontFixed6x8Data)
                  000043dc    00000120     MinerBackground.obj (.const:.string:pixel_MinerBackground00004BPP_UNCOMP)
                  000044fc    00000120     MinerBig.obj (.const:.string:pixel_MinerBig00004BPP_UNCOMP)
                  0000461c    00000101     rtsv7M4_T_le_v4SPD16_eabi.lib : ctype.c.obj (.const:.string:_ctypes_)
                  0000471d    00000003     --HOLE-- [fill = 0]
                  00004720    000000c8     grlib.a : fontfixed6x8.obj (.const:g_sFontFixed6x8)
                  000047e8    000000a2     SlimeBig.obj (.const:.string:pixel_SlimeBig00004BPP_UNCOMP)
                  0000488a    000000a2     SlimeBigBackground.obj (.const:.string:pixel_SlimeBigBackground00004BPP_UNCOMP)
                  0000492c    00000080     msp432p4xx_driverlib.lib : adc14.o (.const:_ctlRegs)
                  000049ac    00000040     BasicMap.obj (.const:palette_BasicMap00004BPP_UNCOMP)
                  000049ec    00000040     Emerald.obj (.const:palette_Emerald100004BPP_UNCOMP)
                  00004a2c    00000040     GemBackground.obj (.const:palette_GemBackground00004BPP_UNCOMP)
                  00004a6c    00000040     MinerBackground.obj (.const:palette_MinerBackground00004BPP_UNCOMP)
                  00004aac    00000040     MinerBig.obj (.const:palette_MinerBig00004BPP_UNCOMP)
                  00004aec    00000040     SlimeBig.obj (.const:palette_SlimeBig00004BPP_UNCOMP)
                  00004b2c    00000040     SlimeBigBackground.obj (.const:palette_SlimeBigBackground00004BPP_UNCOMP)
                  00004b6c    00000040     titleScreen.obj (.const:palette_titleScreen00004BPP_UNCOMP)
                  00004bac    00000032     Emerald.obj (.const:.string:pixel_Emerald100004BPP_UNCOMP)
                  00004bde    00000032     GemBackground.obj (.const:.string:pixel_GemBackground00004BPP_UNCOMP)
                  00004c10    00000030     msp432p4xx_driverlib.lib : gpio.o (.const:GPIO_PORT_TO_BASE)
                  00004c40    00000020     Crystalfontz128x128_ST7735.obj (.const:g_sCrystalfontz128x128_funcs)
                  00004c60    0000001c     HAL_MSP_EXP432P401R_Crystalfontz128x128_ST7735.obj (.const:$P$T0$1)
                  00004c7c    00000010     BasicMap.obj (.const:BasicMap00004BPP_UNCOMP)
                  00004c8c    00000010     Emerald.obj (.const:Emerald100004BPP_UNCOMP)
                  00004c9c    00000010     GemBackground.obj (.const:GemBackground00004BPP_UNCOMP)
                  00004cac    00000010     MinerBackground.obj (.const:MinerBackground00004BPP_UNCOMP)
                  00004cbc    00000010     MinerBig.obj (.const:MinerBig00004BPP_UNCOMP)
                  00004ccc    00000010     SlimeBig.obj (.const:SlimeBig00004BPP_UNCOMP)
                  00004cdc    00000010     SlimeBigBackground.obj (.const:SlimeBigBackground00004BPP_UNCOMP)
                  00004cec    00000010     titleScreen.obj (.const:titleScreen00004BPP_UNCOMP)
                  00004cfc    00000008     Crystalfontz128x128_ST7735.obj (.const:$P$T0$1)

.text      0    00004d04    00003f78     
                  00004d04    00000a4e     rtsv7M4_T_le_v4SPD16_eabi.lib : _printfi.c.obj (.text:__TI_printfi)
                  00005752    0000047e     grlib.a : string.obj (.text:Graphics_drawString)
                  00005bd0    00000390             : image.obj (.text:Graphics_drawImage)
                  00005f60    00000270     rtsv7M4_T_le_v4SPD16_eabi.lib : _printfi.c.obj (.text:_pconv_a)
                  000061d0    000001d8     Crystalfontz128x128_ST7735.obj (.text:Crystalfontz128x128_PixelDrawMultiple)
                  000063a8    000001d0     rtsv7M4_T_le_v4SPD16_eabi.lib : _printfi.c.obj (.text:_pconv_g)
                  00006578    000001b6                                   : fd_add_t2.asm.obj (.text)
                  0000672e    00000002     startup_msp432p401r_ccs.obj (.text:Default_Handler)
                  00006730    00000160     msp432p4xx_driverlib.lib : adc14.o (.text:_getIndexForMemRegister)
                  00006890    0000015c     main.obj (.text:main)
                  000069ec    00000144     main.obj (.text:InitJoyStick)
                  00006b30    0000013c     rtsv7M4_T_le_v4SPD16_eabi.lib : _printfi.c.obj (.text:_pconv_e)
                  00006c6c    00000136                                   : fd_div_t2.asm.obj (.text)
                  00006da2    00000002                                   : div0.asm.obj (.text)
                  00006da4    00000134     Crystalfontz128x128_ST7735.obj (.text:Crystalfontz128x128_SetDrawFrame)
                  00006ed8    0000012c     Crystalfontz128x128_ST7735.obj (.text:Crystalfontz128x128_Init)
                  00007004    00000124     rtsv7M4_T_le_v4SPD16_eabi.lib : _printfi.c.obj (.text:fcvt)
                  00007128    00000110                                   : s_scalbn.c.obj (.text:scalbn)
                  00007238    000000fc                                   : fd_mul_t2.asm.obj (.text)
                  00007334    000000dc     characters.obj (.text:isHit)
                  00007410    000000be     characters.obj (.text:move)
                  000074ce    00000002     --HOLE-- [fill = 0]
                  000074d0    000000b4     msp432p4xx_driverlib.lib : adc14.o (.text:ADC14_configureConversionMemory)
                  00007584    000000b4                              : adc14.o (.text:ADC14_configureMultiSequenceMode)
                  00007638    000000b1     rtsv7M4_T_le_v4SPD16_eabi.lib : _printfi.c.obj (.text:_ltostr)
                  000076e9    00000001     --HOLE-- [fill = 0]
                  000076ea    000000b0     msp432p4xx_driverlib.lib : spi.o (.text:SPI_initMaster)
                  0000779a    0000009c     Crystalfontz128x128_ST7735.obj (.text:Crystalfontz128x128_RectFill)
                  00007836    0000009c     grlib.a : line.obj (.text:Graphics_drawLineH)
                  000078d2    0000009c     rtsv7M4_T_le_v4SPD16_eabi.lib : memcpy_t2.asm.obj (.text)
                  0000796e    00000096                                   : ull_div_t2.asm.obj (.text)
                  00007a04    00000088     msp432p4xx_driverlib.lib : gpio.o (.text:GPIO_setAsPeripheralModuleFunctionOutputPin)
                  00007a8c    00000086     rtsv7M4_T_le_v4SPD16_eabi.lib : fd_cmp_t2.asm.obj (.text:__aeabi_cdcmple)
                  00007b12    00000086                                   : fd_cmp_t2.asm.obj (.text:__aeabi_cdrcmple)
                  00007b98    00000084     characters.obj (.text:moveMonster)
                  00007c1c    00000082     score.obj (.text:checkIfOverlapTreasure)
                  00007c9e    0000007a     rtsv7M4_T_le_v4SPD16_eabi.lib : memset_t2.asm.obj (.text)
                  00007d18    00000078     system_msp432p401r.obj (.text:SystemInit)
                  00007d90    0000006e     rtsv7M4_T_le_v4SPD16_eabi.lib : _printfi.c.obj (.text:_mcpy)
                  00007dfe    00000002     --HOLE-- [fill = 0]
                  00007e00    0000006c     grlib.a : image.obj (.text:Graphics_convertPalette)
                  00007e6c    0000006c     characters.obj (.text:movePossible)
                  00007ed8    00000068     msp432p4xx_driverlib.lib : timer32.o (.text:Timer32_initModule)
                  00007f40    00000068     rtsv7M4_T_le_v4SPD16_eabi.lib : copy_decompress_lzss.c.obj (.text:decompress:lzss:__TI_decompress_lzss)
                  00007fa8    00000064                                   : s_frexp.c.obj (.text:frexp)
                  0000800c    00000060     Crystalfontz128x128_ST7735.obj (.text:Crystalfontz128x128_LineDrawH)
                  0000806c    00000060     Crystalfontz128x128_ST7735.obj (.text:Crystalfontz128x128_LineDrawV)
                  000080cc    0000005a     characters.obj (.text:checkIfOverlap)
                  00008126    00000056     rtsv7M4_T_le_v4SPD16_eabi.lib : _printfi.c.obj (.text:_pconv_f)
                  0000817c    00000054     Crystalfontz128x128_ST7735.obj (.text:Crystalfontz128x128_SetOrientation)
                  000081d0    00000054     rtsv7M4_T_le_v4SPD16_eabi.lib : _ltoa.c.obj (.text:__TI_ltoa)
                  00008224    00000054     score.obj (.text:drawScore)
                  00008278    00000052     grlib.a : context.obj (.text:Graphics_initContext)
                  000082ca    00000052     rtsv7M4_T_le_v4SPD16_eabi.lib : _printfi.c.obj (.text:_ecpy)
                  0000831c    00000050     main.obj (.text:ADC14_IRQHandler)
                  0000836c    0000004c     main.obj (.text:Init_Graph)
                  000083b8    0000004c     rtsv7M4_T_le_v4SPD16_eabi.lib : atoi.c.obj (.text:atoi)
                  00008404    0000004c     characters.obj (.text:init_Character)
                  00008450    0000004c     score.obj (.text:init_Treasure)
                  0000849c    00000048     rtsv7M4_T_le_v4SPD16_eabi.lib : fd_toi_t2.asm.obj (.text)
                  000084e4    00000046     grlib.a : display.obj (.text:Graphics_drawMultiplePixelsOnDisplay)
                  0000852a    00000002     --HOLE-- [fill = 0]
                  0000852c    00000044     rtsv7M4_T_le_v4SPD16_eabi.lib : autoinit.c.obj (.text:__TI_auto_init_nobinit_nopinit:__TI_auto_init_nobinit_nopinit)
                  00008570    00000040     Crystalfontz128x128_ST7735.obj (.text:Crystalfontz128x128_PixelDraw)
                  000085b0    00000040     msp432p4xx_driverlib.lib : gpio.o (.text:GPIO_setAsOutputPin)
                  000085f0    00000040     grlib.a : string.obj (.text:Graphics_getNumberOfLeadingZeros)
                  00008630    00000040     HAL_MSP_EXP432P401R_Crystalfontz128x128_ST7735.obj (.text:HAL_LCD_SpiInit)
                  00008670    00000040     msp432p4xx_driverlib.lib : spi.o (.text:is_A_Module)
                  000086b0    00000040     rtsv7M4_T_le_v4SPD16_eabi.lib : sprintf.c.obj (.text:sprintf)
                  000086f0    0000003e                                   : _printfi.c.obj (.text:_fcpy)
                  0000872e    0000003a     score.obj (.text:spawnTreasure)
                  00008768    00000038     HAL_MSP_EXP432P401R_Crystalfontz128x128_ST7735.obj (.text:HAL_LCD_writeCommand)
                  000087a0    00000038     msp432p4xx_driverlib.lib : timer32.o (.text:Timer32_startTimer)
                  000087d8    00000036     grlib.a : display.obj (.text:Graphics_drawHorizontalLineOnDisplay)
                  0000880e    00000002     --HOLE-- [fill = 0]
                  00008810    00000034     msp432p4xx_driverlib.lib : timer32.o (.text:Timer32_setCount)
                  00008844    00000034     rtsv7M4_T_le_v4SPD16_eabi.lib : boot_cortex_m.c.obj (.text:_c_int00_noargs:_c_int00_noargs)
                  00008878    00000030     HAL_MSP_EXP432P401R_Crystalfontz128x128_ST7735.obj (.text:HAL_LCD_PortInit)
                  000088a8    00000030     characters.obj (.text:delay)
                  000088d8    0000002e     rtsv7M4_T_le_v4SPD16_eabi.lib : i_tofd_t2.asm.obj (.text)
                  00008906    00000002     --HOLE-- [fill = 0]
                  00008908    0000002c     Crystalfontz128x128_ST7735.obj (.text:Crystalfontz128x128_ClearScreen)
                  00008934    0000002c     grlib.a : display.obj (.text:Graphics_drawPixelOnDisplay)
                  00008960    0000002c     HAL_MSP_EXP432P401R_Crystalfontz128x128_ST7735.obj (.text:HAL_LCD_writeData)
                  0000898c    00000028     msp432p4xx_driverlib.lib : adc14.o (.text:ADC14_getResult)
                  000089b4    00000028     Crystalfontz128x128_ST7735.obj (.text:Crystalfontz128x128_ColorTranslate)
                  000089dc    00000028     msp432p4xx_driverlib.lib : gpio.o (.text:GPIO_setOutputHighOnPin)
                  00008a04    00000028                              : gpio.o (.text:GPIO_setOutputLowOnPin)
                  00008a2c    00000024     main.obj (.text:titleScreen)
                  00008a50    00000020     score.obj (.text:calcScore)
                  00008a70    0000001c     msp432p4xx_driverlib.lib : spi.o (.text:SPI_enableModule)
                  00008a8c    0000001c     main.obj (.text:delay_init)
                  00008aa8    0000001c     rtsv7M4_T_le_v4SPD16_eabi.lib : memccpy.c.obj (.text:memccpy)
                  00008ac4    0000001a     grlib.a : display.obj (.text:Graphics_clearDisplayOnDisplay)
                  00008ade    0000001a             : context.obj (.text:Graphics_setBackgroundColor)
                  00008af8    0000001a             : context.obj (.text:Graphics_setFont)
                  00008b12    0000001a     rtsv7M4_T_le_v4SPD16_eabi.lib : s_copysign.c.obj (.text:copysign)
                  00008b2c    00000018                                   : sprintf.c.obj (.text:_outs)
                  00008b44    00000016     msp432p4xx_driverlib.lib : spi.o (.text:EUSCI_A_SPI_enable)
                  00008b5a    00000016                              : spi.o (.text:EUSCI_B_SPI_enable)
                  00008b70    00000016     grlib.a : context.obj (.text:Graphics_setForegroundColor)
                  00008b86    00000016             : display.obj (.text:Graphics_translateColorOnDisplay)
                  00008b9c    00000016     rtsv7M4_T_le_v4SPD16_eabi.lib : strchr.c.obj (.text:strchr)
                  00008bb2    00000014     msp432p4xx_driverlib.lib : timer32.o (.text:Timer32_disableInterrupt)
                  00008bc6    00000014                              : timer32.o (.text:Timer32_haltTimer)
                  00008bda    00000014     rtsv7M4_T_le_v4SPD16_eabi.lib : strlen.c.obj (.text:strlen)
                  00008bee    00000012     grlib.a : context.obj (.text:Graphics_clearDisplay)
                  00008c00    00000012     rtsv7M4_T_le_v4SPD16_eabi.lib : wcslen.c.obj (.text:wcslen)
                  00008c12    00000002     --HOLE-- [fill = 0]
                  00008c14    00000010     msp432p4xx_driverlib.lib : adc14.o (.text:ADCIsConversionRunning)
                  00008c24    0000000e                              : timer32.o (.text:Timer32_getValue)
                  00008c32    0000000e     rtsv7M4_T_le_v4SPD16_eabi.lib : copy_decompress_none.c.obj (.text:decompress:none:__TI_decompress_none)
                  00008c40    0000000c     startup_msp432p401r_ccs.obj (.text:Reset_Handler)
                  00008c4c    0000000c     rtsv7M4_T_le_v4SPD16_eabi.lib : copy_zero_init.c.obj (.text:decompress:ZI:__TI_zero_init)
                  00008c58    0000000a     Crystalfontz128x128_ST7735.obj (.text:Crystalfontz128x128_Flush)
                  00008c62    0000000a     rtsv7M4_T_le_v4SPD16_eabi.lib : sprintf.c.obj (.text:_outc)
                  00008c6c    00000008                                   : errno.c.obj (.text:__aeabi_errno_addr)
                  00008c74    00000004                                   : pre_init.c.obj (.text:_system_pre_init)
                  00008c78    00000004                                   : exit.c.obj (.text:abort:abort)

.cinit     0    00008c80    00000038     
                  00008c80    0000000d     (.cinit..data.load) [load image, compression = lzss]
                  00008c8d    00000003     --HOLE-- [fill = 0]
                  00008c90    0000000c     (__TI_handler_table)
                  00008c9c    00000004     --HOLE-- [fill = 0]
                  00008ca0    00000008     (.cinit..bss.load) [load image, compression = zero_init]
                  00008ca8    00000010     (__TI_cinit_table)

.init_array 
*          0    00000000    00000000     UNINITIALIZED

.binit     0    00000000    00000000     

.bss       0    20000000    0000042a     UNINITIALIZED
                  20000000    00000400     grlib.a : image.obj (.bss:g_pulConvertedPalette)
                  20000400    0000001c     (.common:g_sContext)
                  2000041c    00000004     main.obj (.bss:resultsBuffer)
                  20000420    00000002     (.common:Lcd_ScreenHeigth)
                  20000422    00000002     (.common:Lcd_ScreenWidth)
                  20000424    00000002     (.common:Lcd_TouchTrim)
                  20000426    00000001     (.common:Lcd_FlagRead)
                  20000427    00000001     (.common:Lcd_FontSolid)
                  20000428    00000001     (.common:Lcd_Orientation)
                  20000429    00000001     (.common:Lcd_PenSolid)

.data      0    2000042c    00000018     UNINITIALIZED
                  2000042c    00000010     Crystalfontz128x128_ST7735.obj (.data:g_sCrystalfontz128x128)
                  2000043c    00000004     rtsv7M4_T_le_v4SPD16_eabi.lib : errno.c.obj (.data)
                  20000440    00000004     score.obj (.data)

.stack     0    2000fe00    00000200     UNINITIALIZED
                  2000fe00    00000004     rtsv7M4_T_le_v4SPD16_eabi.lib : boot_cortex_m.c.obj (.stack)
                  2000fe04    000001fc     --HOLE--

__llvm_prf_cnts 
*          0    20000000    00000000     UNINITIALIZED

MODULE SUMMARY

       Module                                               code    ro data   rw data
       ------                                               ----    -------   -------
    .\
       BasicMap.obj                                         0       8272      0      
       titleScreen.obj                                      0       8272      0      
       main.obj                                             892     0         64     
       characters.obj                                       864     0         0      
       score.obj                                            380     0         8      
       MinerBackground.obj                                  0       368       0      
       MinerBig.obj                                         0       368       0      
       SlimeBig.obj                                         0       242       0      
       SlimeBigBackground.obj                               0       242       0      
       Emerald.obj                                          0       130       0      
       GemBackground.obj                                    0       130       0      
       system_msp432p401r.obj                               120     0         0      
    +--+----------------------------------------------------+-------+---------+---------+
       Total:                                               2256    18024     72     
                                                                                     
    .\LcdDriver\
       Crystalfontz128x128_ST7735.obj                       1670    40        52     
       HAL_MSP_EXP432P401R_Crystalfontz128x128_ST7735.obj   212     28        0      
    +--+----------------------------------------------------+-------+---------+---------+
       Total:                                               1882    68        52     
                                                                                     
    .\ccs\
       startup_msp432p401r_ccs.obj                          14      228       0      
    +--+----------------------------------------------------+-------+---------+---------+
       Total:                                               14      228       0      
                                                                                     
    C:/ti/simplelink_msp432p4_sdk_3_40_01_02/source/ti/devices/msp432p4xx/driverlib/ccs/msp432p4xx_driverlib.lib
       adc14.o                                              768     128       0      
       gpio.o                                               280     48        0      
       spi.o                                                312     0         0      
       timer32.o                                            266     0         0      
    +--+----------------------------------------------------+-------+---------+---------+
       Total:                                               1626    176       0      
                                                                                     
    C:/ti/simplelink_msp432p4_sdk_3_40_01_02/source/ti/grlib/lib/ccs/m4f/grlib.a
       image.obj                                            1020    0         2048   
       string.obj                                           1214    0         0      
       fontfixed6x8.obj                                     0       960       0      
       display.obj                                          216     0         0      
       context.obj                                          174     0         0      
       line.obj                                             156     0         0      
    +--+----------------------------------------------------+-------+---------+---------+
       Total:                                               2780    960       2048   
                                                                                     
    C:\ti\ccs1010\ccs\tools\compiler\ti-cgt-arm_20.2.1.LTS\lib\rtsv7M4_T_le_v4SPD16_eabi.lib
       _printfi.c.obj                                       4851    0         0      
       fd_add_t2.asm.obj                                    438     0         0      
       fd_div_t2.asm.obj                                    310     0         0      
       s_scalbn.c.obj                                       272     0         0      
       fd_cmp_t2.asm.obj                                    268     0         0      
       ctype.c.obj                                          0       257       0      
       fd_mul_t2.asm.obj                                    252     0         0      
       memcpy_t2.asm.obj                                    156     0         0      
       ull_div_t2.asm.obj                                   150     0         0      
       memset_t2.asm.obj                                    122     0         0      
       copy_decompress_lzss.c.obj                           104     0         0      
       s_frexp.c.obj                                        100     0         0      
       sprintf.c.obj                                        98      0         0      
       _ltoa.c.obj                                          84      0         0      
       atoi.c.obj                                           76      0         0      
       fd_toi_t2.asm.obj                                    72      0         0      
       autoinit.c.obj                                       68      0         0      
       boot_cortex_m.c.obj                                  52      0         0      
       i_tofd_t2.asm.obj                                    46      0         0      
       memccpy.c.obj                                        28      0         0      
       s_copysign.c.obj                                     26      0         0      
       strchr.c.obj                                         22      0         0      
       strlen.c.obj                                         20      0         0      
       wcslen.c.obj                                         18      0         0      
       errno.c.obj                                          8       0         8      
       copy_decompress_none.c.obj                           14      0         0      
       copy_zero_init.c.obj                                 12      0         0      
       exit.c.obj                                           4       0         0      
       pre_init.c.obj                                       4       0         0      
       div0.asm.obj                                         2       0         0      
    +--+----------------------------------------------------+-------+---------+---------+
       Total:                                               7677    257       8      
                                                                                     
       Stack:                                               0       0         1024   
       Linker Generated:                                    0       49        0      
    +--+----------------------------------------------------+-------+---------+---------+
       Grand Total:                                         16235   19762     3204   


LINKER GENERATED COPY TABLES

__TI_cinit_table @ 00008ca8 records: 2, size/record: 8, table size: 16
	.data: load addr=00008c80, load size=0000000d bytes, run addr=2000042c, run size=00000018 bytes, compression=lzss
	.bss: load addr=00008ca0, load size=00000008 bytes, run addr=20000000, run size=0000042a bytes, compression=zero_init


LINKER GENERATED HANDLER TABLE

__TI_handler_table @ 00008c90 records: 3, size/record: 4, table size: 12
	index: 0, handler: __TI_decompress_lzss
	index: 1, handler: __TI_decompress_none
	index: 2, handler: __TI_zero_init


GLOBAL SYMBOLS: SORTED ALPHABETICALLY BY Name 

address   name                                       
-------   ----                                       
0000831d  ADC14_IRQHandler                           
0000831d  ADC14_IRQHandler                           
000074d1  ADC14_configureConversionMemory            
00007585  ADC14_configureMultiSequenceMode           
0000898d  ADC14_getResult                            
0000672f  AES256_IRQHandler                          
00004c7c  BasicMap00004BPP_UNCOMP                    
0000672f  BusFault_Handler                           
00008c79  C$$EXIT                                    
0000672f  COMP_E0_IRQHandler                         
0000672f  COMP_E1_IRQHandler                         
0000672f  CS_IRQHandler                              
00006ed9  Crystalfontz128x128_Init                   
00006da5  Crystalfontz128x128_SetDrawFrame           
0000817d  Crystalfontz128x128_SetOrientation         
0000672f  DMA_ERR_IRQHandler                         
0000672f  DMA_INT0_IRQHandler                        
0000672f  DMA_INT1_IRQHandler                        
0000672f  DMA_INT2_IRQHandler                        
0000672f  DMA_INT3_IRQHandler                        
0000672f  DebugMon_Handler                           
0000672f  Default_Handler                            
0000672f  EUSCIA0_IRQHandler                         
0000672f  EUSCIA1_IRQHandler                         
0000672f  EUSCIA2_IRQHandler                         
0000672f  EUSCIA3_IRQHandler                         
0000672f  EUSCIB0_IRQHandler                         
0000672f  EUSCIB1_IRQHandler                         
0000672f  EUSCIB2_IRQHandler                         
0000672f  EUSCIB3_IRQHandler                         
00008b45  EUSCI_A_SPI_enable                         
00008b5b  EUSCI_B_SPI_enable                         
00004c8c  Emerald100004BPP_UNCOMP                    
0000672f  FLCTL_IRQHandler                           
0000672f  FPU_IRQHandler                             
000085b1  GPIO_setAsOutputPin                        
00007a05  GPIO_setAsPeripheralModuleFunctionOutputPin
000089dd  GPIO_setOutputHighOnPin                    
00008a05  GPIO_setOutputLowOnPin                     
00004c9c  GemBackground00004BPP_UNCOMP               
00008bef  Graphics_clearDisplay                      
00008ac5  Graphics_clearDisplayOnDisplay             
000087d9  Graphics_drawHorizontalLineOnDisplay       
00005bd1  Graphics_drawImage                         
00007837  Graphics_drawLineH                         
000084e5  Graphics_drawMultiplePixelsOnDisplay       
00008935  Graphics_drawPixelOnDisplay                
00005753  Graphics_drawString                        
00008279  Graphics_initContext                       
00008adf  Graphics_setBackgroundColor                
00008af9  Graphics_setFont                           
00008b71  Graphics_setForegroundColor                
00008b87  Graphics_translateColorOnDisplay           
00008879  HAL_LCD_PortInit                           
00008631  HAL_LCD_SpiInit                            
00008769  HAL_LCD_writeCommand                       
00008961  HAL_LCD_writeData                          
0000672f  HardFault_Handler                          
000069ed  InitJoyStick                               
0000836d  Init_Graph                                 
20000426  Lcd_FlagRead                               
20000427  Lcd_FontSolid                              
20000428  Lcd_Orientation                            
20000429  Lcd_PenSolid                               
20000420  Lcd_ScreenHeigth                           
20000422  Lcd_ScreenWidth                            
20000424  Lcd_TouchTrim                              
0000672f  MemManage_Handler                          
00004cac  MinerBackground00004BPP_UNCOMP             
00004cbc  MinerBig00004BPP_UNCOMP                    
0000672f  NMI_Handler                                
0000672f  PCM_IRQHandler                             
0000672f  PORT1_IRQHandler                           
0000672f  PORT2_IRQHandler                           
0000672f  PORT3_IRQHandler                           
0000672f  PORT4_IRQHandler                           
0000672f  PORT5_IRQHandler                           
0000672f  PORT6_IRQHandler                           
0000672f  PSS_IRQHandler                             
0000672f  PendSV_Handler                             
0000672f  RTC_C_IRQHandler                           
00008c41  Reset_Handler                              
00008a71  SPI_enableModule                           
000076eb  SPI_initMaster                             
0000672f  SVC_Handler                                
00004ccc  SlimeBig00004BPP_UNCOMP                    
00004cdc  SlimeBigBackground00004BPP_UNCOMP          
0000672f  SysTick_Handler                            
00007d19  SystemInit                                 
0000672f  T32_INT1_IRQHandler                        
0000672f  T32_INT2_IRQHandler                        
0000672f  T32_INTC_IRQHandler                        
0000672f  TA0_0_IRQHandler                           
0000672f  TA0_N_IRQHandler                           
0000672f  TA1_0_IRQHandler                           
0000672f  TA1_N_IRQHandler                           
0000672f  TA2_0_IRQHandler                           
0000672f  TA2_N_IRQHandler                           
0000672f  TA3_0_IRQHandler                           
0000672f  TA3_N_IRQHandler                           
00008bb3  Timer32_disableInterrupt                   
00008c25  Timer32_getValue                           
00008bc7  Timer32_haltTimer                          
00007ed9  Timer32_initModule                         
00008811  Timer32_setCount                           
000087a1  Timer32_startTimer                         
0000672f  UsageFault_Handler                         
4000480c  WDTCTL_SYM                                 
0000672f  WDT_A_IRQHandler                           
20010000  __STACK_END                                
00000200  __STACK_SIZE                               
00008ca8  __TI_CINIT_Base                            
00008cb8  __TI_CINIT_Limit                           
00008c90  __TI_Handler_Table_Base                    
00008c9c  __TI_Handler_Table_Limit                   
0000852d  __TI_auto_init_nobinit_nopinit             
00007f41  __TI_decompress_lzss                       
00008c33  __TI_decompress_none                       
000081d1  __TI_ltoa                                  
ffffffff  __TI_pprof_out_hndl                        
00004d05  __TI_printfi                               
ffffffff  __TI_prof_data_size                        
ffffffff  __TI_prof_data_start                       
00000000  __TI_static_base__                         
00008c4d  __TI_zero_init                             
00007a8d  __aeabi_cdcmpeq                            
00007a8d  __aeabi_cdcmple                            
00007b13  __aeabi_cdrcmple                           
0000849d  __aeabi_d2iz                               
00006583  __aeabi_dadd                               
00006c6d  __aeabi_ddiv                               
00007239  __aeabi_dmul                               
00006579  __aeabi_dsub                               
00008c6d  __aeabi_errno_addr                         
000088d9  __aeabi_i2d                                
00006da3  __aeabi_idiv0                              
00006da3  __aeabi_ldiv0                              
00007c9f  __aeabi_memclr                             
00007c9f  __aeabi_memclr4                            
00007c9f  __aeabi_memclr8                            
000078d3  __aeabi_memcpy                             
000078d3  __aeabi_memcpy4                            
000078d3  __aeabi_memcpy8                            
00007ca1  __aeabi_memset                             
00007ca1  __aeabi_memset4                            
00007ca1  __aeabi_memset8                            
0000796f  __aeabi_uldivmod                           
ffffffff  __binit__                                  
ffffffff  __c_args__                                 
UNDEFED   __mpu_init                                 
2000fe00  __stack                                    
20000000  __start___llvm_prf_cnts                    
20000000  __stop___llvm_prf_cnts                     
00008845  _c_int00_noargs                            
0000461c  _ctypes_                                   
UNDEFED   _system_post_cinit                         
00008c75  _system_pre_init                           
00008c79  abort                                      
000083b9  atoi                                       
ffffffff  binit                                      
00008a51  calcScore                                  
000080cd  checkIfOverlap                             
00007c1d  checkIfOverlapTreasure                     
00008b13  copysign                                   
00008b13  copysignl                                  
000088a9  delay                                      
00008a8d  delay_init                                 
00008225  drawScore                                  
2000043c  errno                                      
00007fa9  frexp                                      
00007fa9  frexpl                                     
20000400  g_sContext                                 
2000042c  g_sCrystalfontz128x128                     
00004c40  g_sCrystalfontz128x128_funcs               
00004720  g_sFontFixed6x8                            
00008405  init_Character                             
00008451  init_Treasure                              
00000000  interruptVectors                           
00007335  isHit                                      
00007129  ldexp                                      
00007129  ldexpl                                     
00006891  main                                       
00008aa9  memccpy                                    
000078d3  memcpy                                     
00007ca7  memset                                     
00007411  move                                       
00007b99  moveMonster                                
00007e6d  movePossible                               
00007129  scalbn                                     
00007129  scalbnl                                    
0000872f  spawnTreasure                              
000086b1  sprintf                                    
00008b9d  strchr                                     
00008bdb  strlen                                     
00008a2d  titleScreen                                
00004cec  titleScreen00004BPP_UNCOMP                 
00008c01  wcslen                                     


GLOBAL SYMBOLS: SORTED BY Symbol Address 

address   name                                       
-------   ----                                       
00000000  __TI_static_base__                         
00000000  interruptVectors                           
00000200  __STACK_SIZE                               
0000461c  _ctypes_                                   
00004720  g_sFontFixed6x8                            
00004c40  g_sCrystalfontz128x128_funcs               
00004c7c  BasicMap00004BPP_UNCOMP                    
00004c8c  Emerald100004BPP_UNCOMP                    
00004c9c  GemBackground00004BPP_UNCOMP               
00004cac  MinerBackground00004BPP_UNCOMP             
00004cbc  MinerBig00004BPP_UNCOMP                    
00004ccc  SlimeBig00004BPP_UNCOMP                    
00004cdc  SlimeBigBackground00004BPP_UNCOMP          
00004cec  titleScreen00004BPP_UNCOMP                 
00004d05  __TI_printfi                               
00005753  Graphics_drawString                        
00005bd1  Graphics_drawImage                         
00006579  __aeabi_dsub                               
00006583  __aeabi_dadd                               
0000672f  AES256_IRQHandler                          
0000672f  BusFault_Handler                           
0000672f  COMP_E0_IRQHandler                         
0000672f  COMP_E1_IRQHandler                         
0000672f  CS_IRQHandler                              
0000672f  DMA_ERR_IRQHandler                         
0000672f  DMA_INT0_IRQHandler                        
0000672f  DMA_INT1_IRQHandler                        
0000672f  DMA_INT2_IRQHandler                        
0000672f  DMA_INT3_IRQHandler                        
0000672f  DebugMon_Handler                           
0000672f  Default_Handler                            
0000672f  EUSCIA0_IRQHandler                         
0000672f  EUSCIA1_IRQHandler                         
0000672f  EUSCIA2_IRQHandler                         
0000672f  EUSCIA3_IRQHandler                         
0000672f  EUSCIB0_IRQHandler                         
0000672f  EUSCIB1_IRQHandler                         
0000672f  EUSCIB2_IRQHandler                         
0000672f  EUSCIB3_IRQHandler                         
0000672f  FLCTL_IRQHandler                           
0000672f  FPU_IRQHandler                             
0000672f  HardFault_Handler                          
0000672f  MemManage_Handler                          
0000672f  NMI_Handler                                
0000672f  PCM_IRQHandler                             
0000672f  PORT1_IRQHandler                           
0000672f  PORT2_IRQHandler                           
0000672f  PORT3_IRQHandler                           
0000672f  PORT4_IRQHandler                           
0000672f  PORT5_IRQHandler                           
0000672f  PORT6_IRQHandler                           
0000672f  PSS_IRQHandler                             
0000672f  PendSV_Handler                             
0000672f  RTC_C_IRQHandler                           
0000672f  SVC_Handler                                
0000672f  SysTick_Handler                            
0000672f  T32_INT1_IRQHandler                        
0000672f  T32_INT2_IRQHandler                        
0000672f  T32_INTC_IRQHandler                        
0000672f  TA0_0_IRQHandler                           
0000672f  TA0_N_IRQHandler                           
0000672f  TA1_0_IRQHandler                           
0000672f  TA1_N_IRQHandler                           
0000672f  TA2_0_IRQHandler                           
0000672f  TA2_N_IRQHandler                           
0000672f  TA3_0_IRQHandler                           
0000672f  TA3_N_IRQHandler                           
0000672f  UsageFault_Handler                         
0000672f  WDT_A_IRQHandler                           
00006891  main                                       
000069ed  InitJoyStick                               
00006c6d  __aeabi_ddiv                               
00006da3  __aeabi_idiv0                              
00006da3  __aeabi_ldiv0                              
00006da5  Crystalfontz128x128_SetDrawFrame           
00006ed9  Crystalfontz128x128_Init                   
00007129  ldexp                                      
00007129  ldexpl                                     
00007129  scalbn                                     
00007129  scalbnl                                    
00007239  __aeabi_dmul                               
00007335  isHit                                      
00007411  move                                       
000074d1  ADC14_configureConversionMemory            
00007585  ADC14_configureMultiSequenceMode           
000076eb  SPI_initMaster                             
00007837  Graphics_drawLineH                         
000078d3  __aeabi_memcpy                             
000078d3  __aeabi_memcpy4                            
000078d3  __aeabi_memcpy8                            
000078d3  memcpy                                     
0000796f  __aeabi_uldivmod                           
00007a05  GPIO_setAsPeripheralModuleFunctionOutputPin
00007a8d  __aeabi_cdcmpeq                            
00007a8d  __aeabi_cdcmple                            
00007b13  __aeabi_cdrcmple                           
00007b99  moveMonster                                
00007c1d  checkIfOverlapTreasure                     
00007c9f  __aeabi_memclr                             
00007c9f  __aeabi_memclr4                            
00007c9f  __aeabi_memclr8                            
00007ca1  __aeabi_memset                             
00007ca1  __aeabi_memset4                            
00007ca1  __aeabi_memset8                            
00007ca7  memset                                     
00007d19  SystemInit                                 
00007e6d  movePossible                               
00007ed9  Timer32_initModule                         
00007f41  __TI_decompress_lzss                       
00007fa9  frexp                                      
00007fa9  frexpl                                     
000080cd  checkIfOverlap                             
0000817d  Crystalfontz128x128_SetOrientation         
000081d1  __TI_ltoa                                  
00008225  drawScore                                  
00008279  Graphics_initContext                       
0000831d  ADC14_IRQHandler                           
0000831d  ADC14_IRQHandler                           
0000836d  Init_Graph                                 
000083b9  atoi                                       
00008405  init_Character                             
00008451  init_Treasure                              
0000849d  __aeabi_d2iz                               
000084e5  Graphics_drawMultiplePixelsOnDisplay       
0000852d  __TI_auto_init_nobinit_nopinit             
000085b1  GPIO_setAsOutputPin                        
00008631  HAL_LCD_SpiInit                            
000086b1  sprintf                                    
0000872f  spawnTreasure                              
00008769  HAL_LCD_writeCommand                       
000087a1  Timer32_startTimer                         
000087d9  Graphics_drawHorizontalLineOnDisplay       
00008811  Timer32_setCount                           
00008845  _c_int00_noargs                            
00008879  HAL_LCD_PortInit                           
000088a9  delay                                      
000088d9  __aeabi_i2d                                
00008935  Graphics_drawPixelOnDisplay                
00008961  HAL_LCD_writeData                          
0000898d  ADC14_getResult                            
000089dd  GPIO_setOutputHighOnPin                    
00008a05  GPIO_setOutputLowOnPin                     
00008a2d  titleScreen                                
00008a51  calcScore                                  
00008a71  SPI_enableModule                           
00008a8d  delay_init                                 
00008aa9  memccpy                                    
00008ac5  Graphics_clearDisplayOnDisplay             
00008adf  Graphics_setBackgroundColor                
00008af9  Graphics_setFont                           
00008b13  copysign                                   
00008b13  copysignl                                  
00008b45  EUSCI_A_SPI_enable                         
00008b5b  EUSCI_B_SPI_enable                         
00008b71  Graphics_setForegroundColor                
00008b87  Graphics_translateColorOnDisplay           
00008b9d  strchr                                     
00008bb3  Timer32_disableInterrupt                   
00008bc7  Timer32_haltTimer                          
00008bdb  strlen                                     
00008bef  Graphics_clearDisplay                      
00008c01  wcslen                                     
00008c25  Timer32_getValue                           
00008c33  __TI_decompress_none                       
00008c41  Reset_Handler                              
00008c4d  __TI_zero_init                             
00008c6d  __aeabi_errno_addr                         
00008c75  _system_pre_init                           
00008c79  C$$EXIT                                    
00008c79  abort                                      
00008c90  __TI_Handler_Table_Base                    
00008c9c  __TI_Handler_Table_Limit                   
00008ca8  __TI_CINIT_Base                            
00008cb8  __TI_CINIT_Limit                           
20000000  __start___llvm_prf_cnts                    
20000000  __stop___llvm_prf_cnts                     
20000400  g_sContext                                 
20000420  Lcd_ScreenHeigth                           
20000422  Lcd_ScreenWidth                            
20000424  Lcd_TouchTrim                              
20000426  Lcd_FlagRead                               
20000427  Lcd_FontSolid                              
20000428  Lcd_Orientation                            
20000429  Lcd_PenSolid                               
2000042c  g_sCrystalfontz128x128                     
2000043c  errno                                      
2000fe00  __stack                                    
20010000  __STACK_END                                
4000480c  WDTCTL_SYM                                 
ffffffff  __TI_pprof_out_hndl                        
ffffffff  __TI_prof_data_size                        
ffffffff  __TI_prof_data_start                       
ffffffff  __binit__                                  
ffffffff  __c_args__                                 
ffffffff  binit                                      
UNDEFED   __mpu_init                                 
UNDEFED   _system_post_cinit                         

[197 symbols]
