******************************************************************************
                  TI ARM Linker PC v20.2.1                     
******************************************************************************
>> Linked Thu Nov 19 14:52:46 2020

OUTPUT FILE NAME:   <EmeraldMountain.out>
ENTRY POINT SYMBOL: "_c_int00_noargs"  address: 00003dcd


MEMORY CONFIGURATION

         name            origin    length      used     unused   attr    fill
----------------------  --------  ---------  --------  --------  ----  --------
  MAIN                  00000000   00040000  00004098  0003bf68  R  X
  INFO                  00200000   00004000  00000000  00004000  R  X
  SRAM_CODE             01000000   00010000  0000063e  0000f9c2  RW X
  SRAM_DATA             20000000   00010000  0000063e  0000f9c2  RW  


SEGMENT ALLOCATION MAP

run origin  load origin   length   init length attrs members
----------  ----------- ---------- ----------- ----- -------
00000000    00000000    00004098   00004098    r-x
  00000000    00000000    000000e4   000000e4    r-- .intvecs
  000000e4    000000e4    000027ec   000027ec    r-- .const
  000028d0    000028d0    00001790   00001790    r-x .text
  00004060    00004060    00000038   00000038    r-- .cinit
20000000    20000000    00000440   00000000    rw-
  20000000    20000000    0000042e   00000000    rw- .bss
  20000430    20000430    00000010   00000000    rw- .data
2000fe00    2000fe00    00000200   00000000    rw-
  2000fe00    2000fe00    00000200   00000000    rw- .stack


SECTION ALLOCATION MAP

 output                                  attributes/
section   page    origin      length       input sections
--------  ----  ----------  ----------   ----------------
.intvecs   0    00000000    000000e4     
                  00000000    000000e4     startup_msp432p401r_ccs.obj (.intvecs:retain)

.const     0    000000e4    000027ec     
                  000000e4    00002000     BasicMap.obj (.const:.string:pixel_BasicMap00004BPP_UNCOMP)
                  000020e4    000002f8     grlib.a : fontfixed6x8.obj (.const:.string:g_pucFontFixed6x8Data)
                  000023dc    00000120     MinerBig.obj (.const:.string:pixel_MinerBig00004BPP_UNCOMP)
                  000024fc    000000c8     grlib.a : fontfixed6x8.obj (.const:g_sFontFixed6x8)
                  000025c4    000000a2     SlimeBig.obj (.const:.string:pixel_SlimeBig00004BPP_UNCOMP)
                  00002666    00000002     --HOLE-- [fill = 0]
                  00002668    00000080     msp432p4xx_driverlib.lib : adc14.o (.const:_ctlRegs)
                  000026e8    00000040     BasicMap.obj (.const:palette_BasicMap00004BPP_UNCOMP)
                  00002728    00000040     Emerald.obj (.const:palette_Emerald100004BPP_UNCOMP)
                  00002768    00000040     MinerBig.obj (.const:palette_MinerBig00004BPP_UNCOMP)
                  000027a8    00000040     SlimeBig.obj (.const:palette_SlimeBig00004BPP_UNCOMP)
                  000027e8    00000032     Emerald.obj (.const:.string:pixel_Emerald100004BPP_UNCOMP)
                  0000281a    00000002     --HOLE-- [fill = 0]
                  0000281c    00000030     msp432p4xx_driverlib.lib : gpio.o (.const:GPIO_PORT_TO_BASE)
                  0000284c    00000020     Crystalfontz128x128_ST7735.obj (.const:g_sCrystalfontz128x128_funcs)
                  0000286c    0000001c     HAL_MSP_EXP432P401R_Crystalfontz128x128_ST7735.obj (.const:$P$T0$1)
                  00002888    00000010     BasicMap.obj (.const:BasicMap00004BPP_UNCOMP)
                  00002898    00000010     Emerald.obj (.const:Emerald100004BPP_UNCOMP)
                  000028a8    00000010     MinerBig.obj (.const:MinerBig00004BPP_UNCOMP)
                  000028b8    00000010     SlimeBig.obj (.const:SlimeBig00004BPP_UNCOMP)
                  000028c8    00000008     Crystalfontz128x128_ST7735.obj (.const:$P$T0$1)

.text      0    000028d0    00001790     
                  000028d0    00000390     grlib.a : image.obj (.text:Graphics_drawImage)
                  00002c60    0000022a             : circle.obj (.text:Graphics_fillCircle)
                  00002e8a    000001d8     Crystalfontz128x128_ST7735.obj (.text:Crystalfontz128x128_PixelDrawMultiple)
                  00003062    00000002     startup_msp432p401r_ccs.obj (.text:Default_Handler)
                  00003064    00000160     msp432p4xx_driverlib.lib : adc14.o (.text:_getIndexForMemRegister)
                  000031c4    00000134     Crystalfontz128x128_ST7735.obj (.text:Crystalfontz128x128_SetDrawFrame)
                  000032f8    0000012c     Crystalfontz128x128_ST7735.obj (.text:Crystalfontz128x128_Init)
                  00003424    000000d4     main.obj (.text:ADC14_IRQHandler)
                  000034f8    000000b0     msp432p4xx_driverlib.lib : spi.o (.text:SPI_initMaster)
                  000035a8    0000009c     Crystalfontz128x128_ST7735.obj (.text:Crystalfontz128x128_RectFill)
                  00003644    0000009c     grlib.a : line.obj (.text:Graphics_drawLineH)
                  000036e0    0000009c     rtsv7M4_T_le_v4SPD16_eabi.lib : memcpy_t2.asm.obj (.text)
                  0000377c    00000088     msp432p4xx_driverlib.lib : gpio.o (.text:GPIO_setAsPeripheralModuleFunctionOutputPin)
                  00003804    0000007a     rtsv7M4_T_le_v4SPD16_eabi.lib : memset_t2.asm.obj (.text)
                  0000387e    00000002     --HOLE-- [fill = 0]
                  00003880    00000078     system_msp432p401r.obj (.text:SystemInit)
                  000038f8    0000006c     grlib.a : image.obj (.text:Graphics_convertPalette)
                  00003964    00000068     rtsv7M4_T_le_v4SPD16_eabi.lib : copy_decompress_lzss.c.obj (.text:decompress:lzss:__TI_decompress_lzss)
                  000039cc    00000060     Crystalfontz128x128_ST7735.obj (.text:Crystalfontz128x128_LineDrawH)
                  00003a2c    00000060     Crystalfontz128x128_ST7735.obj (.text:Crystalfontz128x128_LineDrawV)
                  00003a8c    00000054     Crystalfontz128x128_ST7735.obj (.text:Crystalfontz128x128_SetOrientation)
                  00003ae0    00000052     grlib.a : context.obj (.text:Graphics_initContext)
                  00003b32    00000002     --HOLE-- [fill = 0]
                  00003b34    00000050     main.obj (.text:main)
                  00003b84    0000004c     main.obj (.text:Init_Graph)
                  00003bd0    00000046     grlib.a : display.obj (.text:Graphics_drawMultiplePixelsOnDisplay)
                  00003c16    00000002     --HOLE-- [fill = 0]
                  00003c18    00000044     rtsv7M4_T_le_v4SPD16_eabi.lib : autoinit.c.obj (.text:__TI_auto_init_nobinit_nopinit:__TI_auto_init_nobinit_nopinit)
                  00003c5c    00000040     Crystalfontz128x128_ST7735.obj (.text:Crystalfontz128x128_PixelDraw)
                  00003c9c    00000040     msp432p4xx_driverlib.lib : gpio.o (.text:GPIO_setAsOutputPin)
                  00003cdc    00000040     HAL_MSP_EXP432P401R_Crystalfontz128x128_ST7735.obj (.text:HAL_LCD_SpiInit)
                  00003d1c    00000040     msp432p4xx_driverlib.lib : spi.o (.text:is_A_Module)
                  00003d5c    00000038     HAL_MSP_EXP432P401R_Crystalfontz128x128_ST7735.obj (.text:HAL_LCD_writeCommand)
                  00003d94    00000036     grlib.a : display.obj (.text:Graphics_drawHorizontalLineOnDisplay)
                  00003dca    00000002     --HOLE-- [fill = 0]
                  00003dcc    00000034     rtsv7M4_T_le_v4SPD16_eabi.lib : boot_cortex_m.c.obj (.text:_c_int00_noargs:_c_int00_noargs)
                  00003e00    00000030     HAL_MSP_EXP432P401R_Crystalfontz128x128_ST7735.obj (.text:HAL_LCD_PortInit)
                  00003e30    0000002c     Crystalfontz128x128_ST7735.obj (.text:Crystalfontz128x128_ClearScreen)
                  00003e5c    0000002c     grlib.a : display.obj (.text:Graphics_drawPixelOnDisplay)
                  00003e88    0000002c     HAL_MSP_EXP432P401R_Crystalfontz128x128_ST7735.obj (.text:HAL_LCD_writeData)
                  00003eb4    00000028     msp432p4xx_driverlib.lib : adc14.o (.text:ADC14_getResult)
                  00003edc    00000028     Crystalfontz128x128_ST7735.obj (.text:Crystalfontz128x128_ColorTranslate)
                  00003f04    00000028     msp432p4xx_driverlib.lib : gpio.o (.text:GPIO_setOutputHighOnPin)
                  00003f2c    00000028                              : gpio.o (.text:GPIO_setOutputLowOnPin)
                  00003f54    0000001c                              : spi.o (.text:SPI_enableModule)
                  00003f70    0000001a     grlib.a : display.obj (.text:Graphics_clearDisplayOnDisplay)
                  00003f8a    0000001a             : context.obj (.text:Graphics_setBackgroundColor)
                  00003fa4    0000001a             : context.obj (.text:Graphics_setFont)
                  00003fbe    00000016     msp432p4xx_driverlib.lib : spi.o (.text:EUSCI_A_SPI_enable)
                  00003fd4    00000016                              : spi.o (.text:EUSCI_B_SPI_enable)
                  00003fea    00000016     grlib.a : context.obj (.text:Graphics_setForegroundColor)
                  00004000    00000016             : display.obj (.text:Graphics_translateColorOnDisplay)
                  00004016    00000012             : context.obj (.text:Graphics_clearDisplay)
                  00004028    0000000e     rtsv7M4_T_le_v4SPD16_eabi.lib : copy_decompress_none.c.obj (.text:decompress:none:__TI_decompress_none)
                  00004036    0000000c     startup_msp432p401r_ccs.obj (.text:Reset_Handler)
                  00004042    0000000c     rtsv7M4_T_le_v4SPD16_eabi.lib : copy_zero_init.c.obj (.text:decompress:ZI:__TI_zero_init)
                  0000404e    0000000a     Crystalfontz128x128_ST7735.obj (.text:Crystalfontz128x128_Flush)
                  00004058    00000004     rtsv7M4_T_le_v4SPD16_eabi.lib : pre_init.c.obj (.text:_system_pre_init)
                  0000405c    00000004                                   : exit.c.obj (.text:abort:abort)

.cinit     0    00004060    00000038     
                  00004060    0000000d     (.cinit..data.load) [load image, compression = lzss]
                  0000406d    00000003     --HOLE-- [fill = 0]
                  00004070    0000000c     (__TI_handler_table)
                  0000407c    00000004     --HOLE-- [fill = 0]
                  00004080    00000008     (.cinit..bss.load) [load image, compression = zero_init]
                  00004088    00000010     (__TI_cinit_table)

.init_array 
*          0    00000000    00000000     UNINITIALIZED

.binit     0    00000000    00000000     

.bss       0    20000000    0000042e     UNINITIALIZED
                  20000000    00000400     grlib.a : image.obj (.bss:g_pulConvertedPalette)
                  20000400    0000001c     (.common:g_sContext)
                  2000041c    00000004     main.obj (.bss:resultsBuffer)
                  20000420    00000004     (.common:r)
                  20000424    00000002     (.common:Lcd_ScreenHeigth)
                  20000426    00000002     (.common:Lcd_ScreenWidth)
                  20000428    00000002     (.common:Lcd_TouchTrim)
                  2000042a    00000001     (.common:Lcd_FlagRead)
                  2000042b    00000001     (.common:Lcd_FontSolid)
                  2000042c    00000001     (.common:Lcd_Orientation)
                  2000042d    00000001     (.common:Lcd_PenSolid)

.data      0    20000430    00000010     UNINITIALIZED
                  20000430    00000010     Crystalfontz128x128_ST7735.obj (.data:g_sCrystalfontz128x128)

.stack     0    2000fe00    00000200     UNINITIALIZED
                  2000fe00    00000004     rtsv7M4_T_le_v4SPD16_eabi.lib : boot_cortex_m.c.obj (.stack)
                  2000fe04    000001fc     --HOLE--

__llvm_prf_cnts 
*          0    20000000    00000000     UNINITIALIZED

MODULE SUMMARY

       Module                                               code   ro data   rw data
       ------                                               ----   -------   -------
    .\
       BasicMap.obj                                         0      8272      0      
       main.obj                                             368    0         72     
       MinerBig.obj                                         0      368       0      
       SlimeBig.obj                                         0      242       0      
       Emerald.obj                                          0      130       0      
       system_msp432p401r.obj                               120    0         0      
    +--+----------------------------------------------------+------+---------+---------+
       Total:                                               488    9012      72     
                                                                                    
    .\LcdDriver\
       Crystalfontz128x128_ST7735.obj                       1670   40        52     
       HAL_MSP_EXP432P401R_Crystalfontz128x128_ST7735.obj   212    28        0      
    +--+----------------------------------------------------+------+---------+---------+
       Total:                                               1882   68        52     
                                                                                    
    .\ccs\
       startup_msp432p401r_ccs.obj                          14     228       0      
    +--+----------------------------------------------------+------+---------+---------+
       Total:                                               14     228       0      
                                                                                    
    C:/ti/simplelink_msp432p4_sdk_3_40_01_02/source/ti/devices/msp432p4xx/driverlib/ccs/msp432p4xx_driverlib.lib
       adc14.o                                              392    128       0      
       gpio.o                                               280    48        0      
       spi.o                                                312    0         0      
    +--+----------------------------------------------------+------+---------+---------+
       Total:                                               984    176       0      
                                                                                    
    C:/ti/simplelink_msp432p4_sdk_3_40_01_02/source/ti/grlib/lib/ccs/m4f/grlib.a
       image.obj                                            1020   0         2048   
       fontfixed6x8.obj                                     0      960       0      
       circle.obj                                           554    0         0      
       display.obj                                          216    0         0      
       context.obj                                          174    0         0      
       line.obj                                             156    0         0      
    +--+----------------------------------------------------+------+---------+---------+
       Total:                                               2120   960       2048   
                                                                                    
    C:\ti\ccs1010\ccs\tools\compiler\ti-cgt-arm_20.2.1.LTS\lib\rtsv7M4_T_le_v4SPD16_eabi.lib
       memcpy_t2.asm.obj                                    156    0         0      
       memset_t2.asm.obj                                    122    0         0      
       copy_decompress_lzss.c.obj                           104    0         0      
       autoinit.c.obj                                       68     0         0      
       boot_cortex_m.c.obj                                  52     0         0      
       copy_decompress_none.c.obj                           14     0         0      
       copy_zero_init.c.obj                                 12     0         0      
       exit.c.obj                                           4      0         0      
       pre_init.c.obj                                       4      0         0      
    +--+----------------------------------------------------+------+---------+---------+
       Total:                                               536    0         0      
                                                                                    
       Stack:                                               0      0         1024   
       Linker Generated:                                    0      49        0      
    +--+----------------------------------------------------+------+---------+---------+
       Grand Total:                                         6024   10493     3196   


LINKER GENERATED COPY TABLES

__TI_cinit_table @ 00004088 records: 2, size/record: 8, table size: 16
	.data: load addr=00004060, load size=0000000d bytes, run addr=20000430, run size=00000010 bytes, compression=lzss
	.bss: load addr=00004080, load size=00000008 bytes, run addr=20000000, run size=0000042e bytes, compression=zero_init


LINKER GENERATED HANDLER TABLE

__TI_handler_table @ 00004070 records: 3, size/record: 4, table size: 12
	index: 0, handler: __TI_decompress_lzss
	index: 1, handler: __TI_decompress_none
	index: 2, handler: __TI_zero_init


GLOBAL SYMBOLS: SORTED ALPHABETICALLY BY Name 

address   name                                       
-------   ----                                       
00003425  ADC14_IRQHandler                           
00003425  ADC14_IRQHandler                           
00003eb5  ADC14_getResult                            
00003063  AES256_IRQHandler                          
00002888  BasicMap00004BPP_UNCOMP                    
00003063  BusFault_Handler                           
0000405d  C$$EXIT                                    
00003063  COMP_E0_IRQHandler                         
00003063  COMP_E1_IRQHandler                         
00003063  CS_IRQHandler                              
000032f9  Crystalfontz128x128_Init                   
000031c5  Crystalfontz128x128_SetDrawFrame           
00003a8d  Crystalfontz128x128_SetOrientation         
00003063  DMA_ERR_IRQHandler                         
00003063  DMA_INT0_IRQHandler                        
00003063  DMA_INT1_IRQHandler                        
00003063  DMA_INT2_IRQHandler                        
00003063  DMA_INT3_IRQHandler                        
00003063  DebugMon_Handler                           
00003063  Default_Handler                            
00003063  EUSCIA0_IRQHandler                         
00003063  EUSCIA1_IRQHandler                         
00003063  EUSCIA2_IRQHandler                         
00003063  EUSCIA3_IRQHandler                         
00003063  EUSCIB0_IRQHandler                         
00003063  EUSCIB1_IRQHandler                         
00003063  EUSCIB2_IRQHandler                         
00003063  EUSCIB3_IRQHandler                         
00003fbf  EUSCI_A_SPI_enable                         
00003fd5  EUSCI_B_SPI_enable                         
00002898  Emerald100004BPP_UNCOMP                    
00003063  FLCTL_IRQHandler                           
00003063  FPU_IRQHandler                             
00003c9d  GPIO_setAsOutputPin                        
0000377d  GPIO_setAsPeripheralModuleFunctionOutputPin
00003f05  GPIO_setOutputHighOnPin                    
00003f2d  GPIO_setOutputLowOnPin                     
00004017  Graphics_clearDisplay                      
00003f71  Graphics_clearDisplayOnDisplay             
00003d95  Graphics_drawHorizontalLineOnDisplay       
000028d1  Graphics_drawImage                         
00003645  Graphics_drawLineH                         
00003bd1  Graphics_drawMultiplePixelsOnDisplay       
00003e5d  Graphics_drawPixelOnDisplay                
00002c61  Graphics_fillCircle                        
00003ae1  Graphics_initContext                       
00003f8b  Graphics_setBackgroundColor                
00003fa5  Graphics_setFont                           
00003feb  Graphics_setForegroundColor                
00004001  Graphics_translateColorOnDisplay           
00003e01  HAL_LCD_PortInit                           
00003cdd  HAL_LCD_SpiInit                            
00003d5d  HAL_LCD_writeCommand                       
00003e89  HAL_LCD_writeData                          
00003063  HardFault_Handler                          
00003b85  Init_Graph                                 
2000042a  Lcd_FlagRead                               
2000042b  Lcd_FontSolid                              
2000042c  Lcd_Orientation                            
2000042d  Lcd_PenSolid                               
20000424  Lcd_ScreenHeigth                           
20000426  Lcd_ScreenWidth                            
20000428  Lcd_TouchTrim                              
00003063  MemManage_Handler                          
000028a8  MinerBig00004BPP_UNCOMP                    
00003063  NMI_Handler                                
00003063  PCM_IRQHandler                             
00003063  PORT1_IRQHandler                           
00003063  PORT2_IRQHandler                           
00003063  PORT3_IRQHandler                           
00003063  PORT4_IRQHandler                           
00003063  PORT5_IRQHandler                           
00003063  PORT6_IRQHandler                           
00003063  PSS_IRQHandler                             
00003063  PendSV_Handler                             
00003063  RTC_C_IRQHandler                           
00004037  Reset_Handler                              
00003f55  SPI_enableModule                           
000034f9  SPI_initMaster                             
00003063  SVC_Handler                                
000028b8  SlimeBig00004BPP_UNCOMP                    
00003063  SysTick_Handler                            
00003881  SystemInit                                 
00003063  T32_INT1_IRQHandler                        
00003063  T32_INT2_IRQHandler                        
00003063  T32_INTC_IRQHandler                        
00003063  TA0_0_IRQHandler                           
00003063  TA0_N_IRQHandler                           
00003063  TA1_0_IRQHandler                           
00003063  TA1_N_IRQHandler                           
00003063  TA2_0_IRQHandler                           
00003063  TA2_N_IRQHandler                           
00003063  TA3_0_IRQHandler                           
00003063  TA3_N_IRQHandler                           
00003063  UsageFault_Handler                         
4000480c  WDTCTL_SYM                                 
00003063  WDT_A_IRQHandler                           
20010000  __STACK_END                                
00000200  __STACK_SIZE                               
00004088  __TI_CINIT_Base                            
00004098  __TI_CINIT_Limit                           
00004070  __TI_Handler_Table_Base                    
0000407c  __TI_Handler_Table_Limit                   
00003c19  __TI_auto_init_nobinit_nopinit             
00003965  __TI_decompress_lzss                       
00004029  __TI_decompress_none                       
ffffffff  __TI_pprof_out_hndl                        
ffffffff  __TI_prof_data_size                        
ffffffff  __TI_prof_data_start                       
00000000  __TI_static_base__                         
00004043  __TI_zero_init                             
00003805  __aeabi_memclr                             
00003805  __aeabi_memclr4                            
00003805  __aeabi_memclr8                            
000036e1  __aeabi_memcpy                             
000036e1  __aeabi_memcpy4                            
000036e1  __aeabi_memcpy8                            
00003807  __aeabi_memset                             
00003807  __aeabi_memset4                            
00003807  __aeabi_memset8                            
ffffffff  __binit__                                  
ffffffff  __c_args__                                 
UNDEFED   __mpu_init                                 
2000fe00  __stack                                    
20000000  __start___llvm_prf_cnts                    
20000000  __stop___llvm_prf_cnts                     
00003dcd  _c_int00_noargs                            
UNDEFED   _system_post_cinit                         
00004059  _system_pre_init                           
0000405d  abort                                      
ffffffff  binit                                      
20000400  g_sContext                                 
20000430  g_sCrystalfontz128x128                     
0000284c  g_sCrystalfontz128x128_funcs               
000024fc  g_sFontFixed6x8                            
00000000  interruptVectors                           
00003b35  main                                       
000036e1  memcpy                                     
0000380d  memset                                     
20000420  r                                          


GLOBAL SYMBOLS: SORTED BY Symbol Address 

address   name                                       
-------   ----                                       
00000000  __TI_static_base__                         
00000000  interruptVectors                           
00000200  __STACK_SIZE                               
000024fc  g_sFontFixed6x8                            
0000284c  g_sCrystalfontz128x128_funcs               
00002888  BasicMap00004BPP_UNCOMP                    
00002898  Emerald100004BPP_UNCOMP                    
000028a8  MinerBig00004BPP_UNCOMP                    
000028b8  SlimeBig00004BPP_UNCOMP                    
000028d1  Graphics_drawImage                         
00002c61  Graphics_fillCircle                        
00003063  AES256_IRQHandler                          
00003063  BusFault_Handler                           
00003063  COMP_E0_IRQHandler                         
00003063  COMP_E1_IRQHandler                         
00003063  CS_IRQHandler                              
00003063  DMA_ERR_IRQHandler                         
00003063  DMA_INT0_IRQHandler                        
00003063  DMA_INT1_IRQHandler                        
00003063  DMA_INT2_IRQHandler                        
00003063  DMA_INT3_IRQHandler                        
00003063  DebugMon_Handler                           
00003063  Default_Handler                            
00003063  EUSCIA0_IRQHandler                         
00003063  EUSCIA1_IRQHandler                         
00003063  EUSCIA2_IRQHandler                         
00003063  EUSCIA3_IRQHandler                         
00003063  EUSCIB0_IRQHandler                         
00003063  EUSCIB1_IRQHandler                         
00003063  EUSCIB2_IRQHandler                         
00003063  EUSCIB3_IRQHandler                         
00003063  FLCTL_IRQHandler                           
00003063  FPU_IRQHandler                             
00003063  HardFault_Handler                          
00003063  MemManage_Handler                          
00003063  NMI_Handler                                
00003063  PCM_IRQHandler                             
00003063  PORT1_IRQHandler                           
00003063  PORT2_IRQHandler                           
00003063  PORT3_IRQHandler                           
00003063  PORT4_IRQHandler                           
00003063  PORT5_IRQHandler                           
00003063  PORT6_IRQHandler                           
00003063  PSS_IRQHandler                             
00003063  PendSV_Handler                             
00003063  RTC_C_IRQHandler                           
00003063  SVC_Handler                                
00003063  SysTick_Handler                            
00003063  T32_INT1_IRQHandler                        
00003063  T32_INT2_IRQHandler                        
00003063  T32_INTC_IRQHandler                        
00003063  TA0_0_IRQHandler                           
00003063  TA0_N_IRQHandler                           
00003063  TA1_0_IRQHandler                           
00003063  TA1_N_IRQHandler                           
00003063  TA2_0_IRQHandler                           
00003063  TA2_N_IRQHandler                           
00003063  TA3_0_IRQHandler                           
00003063  TA3_N_IRQHandler                           
00003063  UsageFault_Handler                         
00003063  WDT_A_IRQHandler                           
000031c5  Crystalfontz128x128_SetDrawFrame           
000032f9  Crystalfontz128x128_Init                   
00003425  ADC14_IRQHandler                           
00003425  ADC14_IRQHandler                           
000034f9  SPI_initMaster                             
00003645  Graphics_drawLineH                         
000036e1  __aeabi_memcpy                             
000036e1  __aeabi_memcpy4                            
000036e1  __aeabi_memcpy8                            
000036e1  memcpy                                     
0000377d  GPIO_setAsPeripheralModuleFunctionOutputPin
00003805  __aeabi_memclr                             
00003805  __aeabi_memclr4                            
00003805  __aeabi_memclr8                            
00003807  __aeabi_memset                             
00003807  __aeabi_memset4                            
00003807  __aeabi_memset8                            
0000380d  memset                                     
00003881  SystemInit                                 
00003965  __TI_decompress_lzss                       
00003a8d  Crystalfontz128x128_SetOrientation         
00003ae1  Graphics_initContext                       
00003b35  main                                       
00003b85  Init_Graph                                 
00003bd1  Graphics_drawMultiplePixelsOnDisplay       
00003c19  __TI_auto_init_nobinit_nopinit             
00003c9d  GPIO_setAsOutputPin                        
00003cdd  HAL_LCD_SpiInit                            
00003d5d  HAL_LCD_writeCommand                       
00003d95  Graphics_drawHorizontalLineOnDisplay       
00003dcd  _c_int00_noargs                            
00003e01  HAL_LCD_PortInit                           
00003e5d  Graphics_drawPixelOnDisplay                
00003e89  HAL_LCD_writeData                          
00003eb5  ADC14_getResult                            
00003f05  GPIO_setOutputHighOnPin                    
00003f2d  GPIO_setOutputLowOnPin                     
00003f55  SPI_enableModule                           
00003f71  Graphics_clearDisplayOnDisplay             
00003f8b  Graphics_setBackgroundColor                
00003fa5  Graphics_setFont                           
00003fbf  EUSCI_A_SPI_enable                         
00003fd5  EUSCI_B_SPI_enable                         
00003feb  Graphics_setForegroundColor                
00004001  Graphics_translateColorOnDisplay           
00004017  Graphics_clearDisplay                      
00004029  __TI_decompress_none                       
00004037  Reset_Handler                              
00004043  __TI_zero_init                             
00004059  _system_pre_init                           
0000405d  C$$EXIT                                    
0000405d  abort                                      
00004070  __TI_Handler_Table_Base                    
0000407c  __TI_Handler_Table_Limit                   
00004088  __TI_CINIT_Base                            
00004098  __TI_CINIT_Limit                           
20000000  __start___llvm_prf_cnts                    
20000000  __stop___llvm_prf_cnts                     
20000400  g_sContext                                 
20000420  r                                          
20000424  Lcd_ScreenHeigth                           
20000426  Lcd_ScreenWidth                            
20000428  Lcd_TouchTrim                              
2000042a  Lcd_FlagRead                               
2000042b  Lcd_FontSolid                              
2000042c  Lcd_Orientation                            
2000042d  Lcd_PenSolid                               
20000430  g_sCrystalfontz128x128                     
2000fe00  __stack                                    
20010000  __STACK_END                                
4000480c  WDTCTL_SYM                                 
ffffffff  __TI_pprof_out_hndl                        
ffffffff  __TI_prof_data_size                        
ffffffff  __TI_prof_data_start                       
ffffffff  __binit__                                  
ffffffff  __c_args__                                 
ffffffff  binit                                      
UNDEFED   __mpu_init                                 
UNDEFED   _system_post_cinit                         

[140 symbols]
