******************************************************************************
                  TI ARM Linker PC v20.2.1                     
******************************************************************************
>> Linked Mon Nov 30 11:11:46 2020

OUTPUT FILE NAME:   <EmeraldMountain.out>
ENTRY POINT SYMBOL: "_c_int00_noargs"  address: 0000609d


MEMORY CONFIGURATION

         name            origin    length      used     unused   attr    fill
----------------------  --------  ---------  --------  --------  ----  --------
  MAIN                  00000000   00040000  0000639c  00039c64  R  X
  INFO                  00200000   00004000  00000000  00004000  R  X
  SRAM_CODE             01000000   00010000  0000063a  0000f9c6  RW X
  SRAM_DATA             20000000   00010000  0000063a  0000f9c6  RW  


SEGMENT ALLOCATION MAP

run origin  load origin   length   init length attrs members
----------  ----------- ---------- ----------- ----- -------
00000000    00000000    000063a0   000063a0    r-x
  00000000    00000000    000000e4   000000e4    r-- .intvecs
  000000e4    000000e4    000049ac   000049ac    r-- .const
  00004a90    00004a90    000018d4   000018d4    r-x .text
  00006368    00006368    00000038   00000038    r-- .cinit
20000000    20000000    0000043c   00000000    rw-
  20000000    20000000    0000042a   00000000    rw- .bss
  2000042c    2000042c    00000010   00000000    rw- .data
2000fe00    2000fe00    00000200   00000000    rw-
  2000fe00    2000fe00    00000200   00000000    rw- .stack


SECTION ALLOCATION MAP

 output                                  attributes/
section   page    origin      length       input sections
--------  ----  ----------  ----------   ----------------
.intvecs   0    00000000    000000e4     
                  00000000    000000e4     startup_msp432p401r_ccs.obj (.intvecs:retain)

.const     0    000000e4    000049ac     
                  000000e4    00002000     BasicMap.obj (.const:.string:pixel_BasicMap00004BPP_UNCOMP)
                  000020e4    00002000     titleScreen.obj (.const:.string:pixel_titleScreen00004BPP_UNCOMP)
                  000040e4    000002f8     grlib.a : fontfixed6x8.obj (.const:.string:g_pucFontFixed6x8Data)
                  000043dc    00000120     MinerBackground.obj (.const:.string:pixel_MinerBackground00004BPP_UNCOMP)
                  000044fc    00000120     MinerBig.obj (.const:.string:pixel_MinerBig00004BPP_UNCOMP)
                  0000461c    000000c8     grlib.a : fontfixed6x8.obj (.const:g_sFontFixed6x8)
                  000046e4    000000a2     SlimeBig.obj (.const:.string:pixel_SlimeBig00004BPP_UNCOMP)
                  00004786    00000002     --HOLE-- [fill = 0]
                  00004788    00000080     msp432p4xx_driverlib.lib : adc14.o (.const:_ctlRegs)
                  00004808    00000040     BasicMap.obj (.const:palette_BasicMap00004BPP_UNCOMP)
                  00004848    00000040     Emerald.obj (.const:palette_Emerald100004BPP_UNCOMP)
                  00004888    00000040     MinerBackground.obj (.const:palette_MinerBackground00004BPP_UNCOMP)
                  000048c8    00000040     MinerBig.obj (.const:palette_MinerBig00004BPP_UNCOMP)
                  00004908    00000040     SlimeBig.obj (.const:palette_SlimeBig00004BPP_UNCOMP)
                  00004948    00000040     titleScreen.obj (.const:palette_titleScreen00004BPP_UNCOMP)
                  00004988    00000032     Emerald.obj (.const:.string:pixel_Emerald100004BPP_UNCOMP)
                  000049ba    00000002     --HOLE-- [fill = 0]
                  000049bc    00000030     msp432p4xx_driverlib.lib : gpio.o (.const:GPIO_PORT_TO_BASE)
                  000049ec    00000020     Crystalfontz128x128_ST7735.obj (.const:g_sCrystalfontz128x128_funcs)
                  00004a0c    0000001c     HAL_MSP_EXP432P401R_Crystalfontz128x128_ST7735.obj (.const:$P$T0$1)
                  00004a28    00000010     BasicMap.obj (.const:BasicMap00004BPP_UNCOMP)
                  00004a38    00000010     Emerald.obj (.const:Emerald100004BPP_UNCOMP)
                  00004a48    00000010     MinerBackground.obj (.const:MinerBackground00004BPP_UNCOMP)
                  00004a58    00000010     MinerBig.obj (.const:MinerBig00004BPP_UNCOMP)
                  00004a68    00000010     SlimeBig.obj (.const:SlimeBig00004BPP_UNCOMP)
                  00004a78    00000010     titleScreen.obj (.const:titleScreen00004BPP_UNCOMP)
                  00004a88    00000008     Crystalfontz128x128_ST7735.obj (.const:$P$T0$1)

.text      0    00004a90    000018d4     
                  00004a90    00000390     grlib.a : image.obj (.text:Graphics_drawImage)
                  00004e20    000001d8     Crystalfontz128x128_ST7735.obj (.text:Crystalfontz128x128_PixelDrawMultiple)
                  00004ff8    00000160     msp432p4xx_driverlib.lib : adc14.o (.text:_getIndexForMemRegister)
                  00005158    00000144     main.obj (.text:InitJoyStick)
                  0000529c    00000134     Crystalfontz128x128_ST7735.obj (.text:Crystalfontz128x128_SetDrawFrame)
                  000053d0    0000012c     Crystalfontz128x128_ST7735.obj (.text:Crystalfontz128x128_Init)
                  000054fc    000000d4     main.obj (.text:main)
                  000055d0    000000b4     msp432p4xx_driverlib.lib : adc14.o (.text:ADC14_configureConversionMemory)
                  00005684    000000b4                              : adc14.o (.text:ADC14_configureMultiSequenceMode)
                  00005738    000000b4     characters.obj (.text:move)
                  000057ec    000000b0     msp432p4xx_driverlib.lib : spi.o (.text:SPI_initMaster)
                  0000589c    0000009c     Crystalfontz128x128_ST7735.obj (.text:Crystalfontz128x128_RectFill)
                  00005938    0000009c     rtsv7M4_T_le_v4SPD16_eabi.lib : memcpy_t2.asm.obj (.text)
                  000059d4    00000088     msp432p4xx_driverlib.lib : gpio.o (.text:GPIO_setAsPeripheralModuleFunctionOutputPin)
                  00005a5c    0000007a     rtsv7M4_T_le_v4SPD16_eabi.lib : memset_t2.asm.obj (.text)
                  00005ad6    00000002     startup_msp432p401r_ccs.obj (.text:Default_Handler)
                  00005ad8    00000078     system_msp432p401r.obj (.text:SystemInit)
                  00005b50    0000006c     grlib.a : image.obj (.text:Graphics_convertPalette)
                  00005bbc    0000006c     characters.obj (.text:movePossible)
                  00005c28    00000068     rtsv7M4_T_le_v4SPD16_eabi.lib : copy_decompress_lzss.c.obj (.text:decompress:lzss:__TI_decompress_lzss)
                  00005c90    00000060     Crystalfontz128x128_ST7735.obj (.text:Crystalfontz128x128_LineDrawH)
                  00005cf0    00000060     Crystalfontz128x128_ST7735.obj (.text:Crystalfontz128x128_LineDrawV)
                  00005d50    00000054     Crystalfontz128x128_ST7735.obj (.text:Crystalfontz128x128_SetOrientation)
                  00005da4    00000052     grlib.a : context.obj (.text:Graphics_initContext)
                  00005df6    00000002     --HOLE-- [fill = 0]
                  00005df8    00000050     main.obj (.text:ADC14_IRQHandler)
                  00005e48    0000004c     main.obj (.text:Init_Graph)
                  00005e94    00000046     grlib.a : display.obj (.text:Graphics_drawMultiplePixelsOnDisplay)
                  00005eda    00000002     --HOLE-- [fill = 0]
                  00005edc    00000044     rtsv7M4_T_le_v4SPD16_eabi.lib : autoinit.c.obj (.text:__TI_auto_init_nobinit_nopinit:__TI_auto_init_nobinit_nopinit)
                  00005f20    00000044     characters.obj (.text:init_Character)
                  00005f64    00000040     Crystalfontz128x128_ST7735.obj (.text:Crystalfontz128x128_PixelDraw)
                  00005fa4    00000040     msp432p4xx_driverlib.lib : gpio.o (.text:GPIO_setAsOutputPin)
                  00005fe4    00000040     HAL_MSP_EXP432P401R_Crystalfontz128x128_ST7735.obj (.text:HAL_LCD_SpiInit)
                  00006024    00000040     msp432p4xx_driverlib.lib : spi.o (.text:is_A_Module)
                  00006064    00000038     HAL_MSP_EXP432P401R_Crystalfontz128x128_ST7735.obj (.text:HAL_LCD_writeCommand)
                  0000609c    00000034     rtsv7M4_T_le_v4SPD16_eabi.lib : boot_cortex_m.c.obj (.text:_c_int00_noargs:_c_int00_noargs)
                  000060d0    00000030     HAL_MSP_EXP432P401R_Crystalfontz128x128_ST7735.obj (.text:HAL_LCD_PortInit)
                  00006100    0000002c     Crystalfontz128x128_ST7735.obj (.text:Crystalfontz128x128_ClearScreen)
                  0000612c    0000002c     grlib.a : display.obj (.text:Graphics_drawPixelOnDisplay)
                  00006158    0000002c     HAL_MSP_EXP432P401R_Crystalfontz128x128_ST7735.obj (.text:HAL_LCD_writeData)
                  00006184    00000028     msp432p4xx_driverlib.lib : adc14.o (.text:ADC14_getResult)
                  000061ac    00000028     Crystalfontz128x128_ST7735.obj (.text:Crystalfontz128x128_ColorTranslate)
                  000061d4    00000028     msp432p4xx_driverlib.lib : gpio.o (.text:GPIO_setOutputHighOnPin)
                  000061fc    00000028                              : gpio.o (.text:GPIO_setOutputLowOnPin)
                  00006224    00000024     main.obj (.text:titleScreen)
                  00006248    0000001c     msp432p4xx_driverlib.lib : spi.o (.text:SPI_enableModule)
                  00006264    0000001a     grlib.a : display.obj (.text:Graphics_clearDisplayOnDisplay)
                  0000627e    0000001a             : context.obj (.text:Graphics_setBackgroundColor)
                  00006298    0000001a             : context.obj (.text:Graphics_setFont)
                  000062b2    00000016     msp432p4xx_driverlib.lib : spi.o (.text:EUSCI_A_SPI_enable)
                  000062c8    00000016                              : spi.o (.text:EUSCI_B_SPI_enable)
                  000062de    00000016     grlib.a : context.obj (.text:Graphics_setForegroundColor)
                  000062f4    00000016             : display.obj (.text:Graphics_translateColorOnDisplay)
                  0000630a    00000012             : context.obj (.text:Graphics_clearDisplay)
                  0000631c    00000010     msp432p4xx_driverlib.lib : adc14.o (.text:ADCIsConversionRunning)
                  0000632c    0000000e     rtsv7M4_T_le_v4SPD16_eabi.lib : copy_decompress_none.c.obj (.text:decompress:none:__TI_decompress_none)
                  0000633a    0000000c     startup_msp432p401r_ccs.obj (.text:Reset_Handler)
                  00006346    0000000c     rtsv7M4_T_le_v4SPD16_eabi.lib : copy_zero_init.c.obj (.text:decompress:ZI:__TI_zero_init)
                  00006352    0000000a     Crystalfontz128x128_ST7735.obj (.text:Crystalfontz128x128_Flush)
                  0000635c    00000004     rtsv7M4_T_le_v4SPD16_eabi.lib : pre_init.c.obj (.text:_system_pre_init)
                  00006360    00000004                                   : exit.c.obj (.text:abort:abort)

.cinit     0    00006368    00000038     
                  00006368    0000000d     (.cinit..data.load) [load image, compression = lzss]
                  00006375    00000003     --HOLE-- [fill = 0]
                  00006378    0000000c     (__TI_handler_table)
                  00006384    00000004     --HOLE-- [fill = 0]
                  00006388    00000008     (.cinit..bss.load) [load image, compression = zero_init]
                  00006390    00000010     (__TI_cinit_table)

.init_array 
*          0    00000000    00000000     UNINITIALIZED

.binit     0    00000000    00000000     

.bss       0    20000000    0000042a     UNINITIALIZED
                  20000000    00000400     grlib.a : image.obj (.bss:g_pulConvertedPalette)
                  20000400    0000001c     (.common:g_sContext)
                  2000041c    00000004     main.obj (.bss:resultsBuffer)
                  20000420    00000002     (.common:Lcd_ScreenHeigth)
                  20000422    00000002     (.common:Lcd_ScreenWidth)
                  20000424    00000002     (.common:Lcd_TouchTrim)
                  20000426    00000001     (.common:Lcd_FlagRead)
                  20000427    00000001     (.common:Lcd_FontSolid)
                  20000428    00000001     (.common:Lcd_Orientation)
                  20000429    00000001     (.common:Lcd_PenSolid)

.data      0    2000042c    00000010     UNINITIALIZED
                  2000042c    00000010     Crystalfontz128x128_ST7735.obj (.data:g_sCrystalfontz128x128)

.stack     0    2000fe00    00000200     UNINITIALIZED
                  2000fe00    00000004     rtsv7M4_T_le_v4SPD16_eabi.lib : boot_cortex_m.c.obj (.stack)
                  2000fe04    000001fc     --HOLE--

__llvm_prf_cnts 
*          0    20000000    00000000     UNINITIALIZED

MODULE SUMMARY

       Module                                               code   ro data   rw data
       ------                                               ----   -------   -------
    .\
       BasicMap.obj                                         0      8272      0      
       titleScreen.obj                                      0      8272      0      
       main.obj                                             728    0         64     
       MinerBackground.obj                                  0      368       0      
       MinerBig.obj                                         0      368       0      
       characters.obj                                       356    0         0      
       SlimeBig.obj                                         0      242       0      
       Emerald.obj                                          0      130       0      
       system_msp432p401r.obj                               120    0         0      
    +--+----------------------------------------------------+------+---------+---------+
       Total:                                               1204   17652     64     
                                                                                    
    .\LcdDriver\
       Crystalfontz128x128_ST7735.obj                       1670   40        52     
       HAL_MSP_EXP432P401R_Crystalfontz128x128_ST7735.obj   212    28        0      
    +--+----------------------------------------------------+------+---------+---------+
       Total:                                               1882   68        52     
                                                                                    
    .\ccs\
       startup_msp432p401r_ccs.obj                          14     228       0      
    +--+----------------------------------------------------+------+---------+---------+
       Total:                                               14     228       0      
                                                                                    
    C:/ti/simplelink_msp432p4_sdk_3_40_01_02/source/ti/devices/msp432p4xx/driverlib/ccs/msp432p4xx_driverlib.lib
       adc14.o                                              768    128       0      
       gpio.o                                               280    48        0      
       spi.o                                                312    0         0      
    +--+----------------------------------------------------+------+---------+---------+
       Total:                                               1360   176       0      
                                                                                    
    C:/ti/simplelink_msp432p4_sdk_3_40_01_02/source/ti/grlib/lib/ccs/m4f/grlib.a
       image.obj                                            1020   0         2048   
       fontfixed6x8.obj                                     0      960       0      
       context.obj                                          174    0         0      
       display.obj                                          162    0         0      
    +--+----------------------------------------------------+------+---------+---------+
       Total:                                               1356   960       2048   
                                                                                    
    C:\ti\ccs1010\ccs\tools\compiler\ti-cgt-arm_20.2.1.LTS\lib\rtsv7M4_T_le_v4SPD16_eabi.lib
       memcpy_t2.asm.obj                                    156    0         0      
       memset_t2.asm.obj                                    122    0         0      
       copy_decompress_lzss.c.obj                           104    0         0      
       autoinit.c.obj                                       68     0         0      
       boot_cortex_m.c.obj                                  52     0         0      
       copy_decompress_none.c.obj                           14     0         0      
       copy_zero_init.c.obj                                 12     0         0      
       exit.c.obj                                           4      0         0      
       pre_init.c.obj                                       4      0         0      
    +--+----------------------------------------------------+------+---------+---------+
       Total:                                               536    0         0      
                                                                                    
       Stack:                                               0      0         1024   
       Linker Generated:                                    0      49        0      
    +--+----------------------------------------------------+------+---------+---------+
       Grand Total:                                         6352   19133     3188   


LINKER GENERATED COPY TABLES

__TI_cinit_table @ 00006390 records: 2, size/record: 8, table size: 16
	.data: load addr=00006368, load size=0000000d bytes, run addr=2000042c, run size=00000010 bytes, compression=lzss
	.bss: load addr=00006388, load size=00000008 bytes, run addr=20000000, run size=0000042a bytes, compression=zero_init


LINKER GENERATED HANDLER TABLE

__TI_handler_table @ 00006378 records: 3, size/record: 4, table size: 12
	index: 0, handler: __TI_decompress_lzss
	index: 1, handler: __TI_decompress_none
	index: 2, handler: __TI_zero_init


GLOBAL SYMBOLS: SORTED ALPHABETICALLY BY Name 

address   name                                       
-------   ----                                       
00005df9  ADC14_IRQHandler                           
00005df9  ADC14_IRQHandler                           
000055d1  ADC14_configureConversionMemory            
00005685  ADC14_configureMultiSequenceMode           
00006185  ADC14_getResult                            
00005ad7  AES256_IRQHandler                          
00004a28  BasicMap00004BPP_UNCOMP                    
00005ad7  BusFault_Handler                           
00006361  C$$EXIT                                    
00005ad7  COMP_E0_IRQHandler                         
00005ad7  COMP_E1_IRQHandler                         
00005ad7  CS_IRQHandler                              
000053d1  Crystalfontz128x128_Init                   
0000529d  Crystalfontz128x128_SetDrawFrame           
00005d51  Crystalfontz128x128_SetOrientation         
00005ad7  DMA_ERR_IRQHandler                         
00005ad7  DMA_INT0_IRQHandler                        
00005ad7  DMA_INT1_IRQHandler                        
00005ad7  DMA_INT2_IRQHandler                        
00005ad7  DMA_INT3_IRQHandler                        
00005ad7  DebugMon_Handler                           
00005ad7  Default_Handler                            
00005ad7  EUSCIA0_IRQHandler                         
00005ad7  EUSCIA1_IRQHandler                         
00005ad7  EUSCIA2_IRQHandler                         
00005ad7  EUSCIA3_IRQHandler                         
00005ad7  EUSCIB0_IRQHandler                         
00005ad7  EUSCIB1_IRQHandler                         
00005ad7  EUSCIB2_IRQHandler                         
00005ad7  EUSCIB3_IRQHandler                         
000062b3  EUSCI_A_SPI_enable                         
000062c9  EUSCI_B_SPI_enable                         
00004a38  Emerald100004BPP_UNCOMP                    
00005ad7  FLCTL_IRQHandler                           
00005ad7  FPU_IRQHandler                             
00005fa5  GPIO_setAsOutputPin                        
000059d5  GPIO_setAsPeripheralModuleFunctionOutputPin
000061d5  GPIO_setOutputHighOnPin                    
000061fd  GPIO_setOutputLowOnPin                     
0000630b  Graphics_clearDisplay                      
00006265  Graphics_clearDisplayOnDisplay             
00004a91  Graphics_drawImage                         
00005e95  Graphics_drawMultiplePixelsOnDisplay       
0000612d  Graphics_drawPixelOnDisplay                
00005da5  Graphics_initContext                       
0000627f  Graphics_setBackgroundColor                
00006299  Graphics_setFont                           
000062df  Graphics_setForegroundColor                
000062f5  Graphics_translateColorOnDisplay           
000060d1  HAL_LCD_PortInit                           
00005fe5  HAL_LCD_SpiInit                            
00006065  HAL_LCD_writeCommand                       
00006159  HAL_LCD_writeData                          
00005ad7  HardFault_Handler                          
00005159  InitJoyStick                               
00005e49  Init_Graph                                 
20000426  Lcd_FlagRead                               
20000427  Lcd_FontSolid                              
20000428  Lcd_Orientation                            
20000429  Lcd_PenSolid                               
20000420  Lcd_ScreenHeigth                           
20000422  Lcd_ScreenWidth                            
20000424  Lcd_TouchTrim                              
00005ad7  MemManage_Handler                          
00004a48  MinerBackground00004BPP_UNCOMP             
00004a58  MinerBig00004BPP_UNCOMP                    
00005ad7  NMI_Handler                                
00005ad7  PCM_IRQHandler                             
00005ad7  PORT1_IRQHandler                           
00005ad7  PORT2_IRQHandler                           
00005ad7  PORT3_IRQHandler                           
00005ad7  PORT4_IRQHandler                           
00005ad7  PORT5_IRQHandler                           
00005ad7  PORT6_IRQHandler                           
00005ad7  PSS_IRQHandler                             
00005ad7  PendSV_Handler                             
00005ad7  RTC_C_IRQHandler                           
0000633b  Reset_Handler                              
00006249  SPI_enableModule                           
000057ed  SPI_initMaster                             
00005ad7  SVC_Handler                                
00004a68  SlimeBig00004BPP_UNCOMP                    
00005ad7  SysTick_Handler                            
00005ad9  SystemInit                                 
00005ad7  T32_INT1_IRQHandler                        
00005ad7  T32_INT2_IRQHandler                        
00005ad7  T32_INTC_IRQHandler                        
00005ad7  TA0_0_IRQHandler                           
00005ad7  TA0_N_IRQHandler                           
00005ad7  TA1_0_IRQHandler                           
00005ad7  TA1_N_IRQHandler                           
00005ad7  TA2_0_IRQHandler                           
00005ad7  TA2_N_IRQHandler                           
00005ad7  TA3_0_IRQHandler                           
00005ad7  TA3_N_IRQHandler                           
00005ad7  UsageFault_Handler                         
4000480c  WDTCTL_SYM                                 
00005ad7  WDT_A_IRQHandler                           
20010000  __STACK_END                                
00000200  __STACK_SIZE                               
00006390  __TI_CINIT_Base                            
000063a0  __TI_CINIT_Limit                           
00006378  __TI_Handler_Table_Base                    
00006384  __TI_Handler_Table_Limit                   
00005edd  __TI_auto_init_nobinit_nopinit             
00005c29  __TI_decompress_lzss                       
0000632d  __TI_decompress_none                       
ffffffff  __TI_pprof_out_hndl                        
ffffffff  __TI_prof_data_size                        
ffffffff  __TI_prof_data_start                       
00000000  __TI_static_base__                         
00006347  __TI_zero_init                             
00005a5d  __aeabi_memclr                             
00005a5d  __aeabi_memclr4                            
00005a5d  __aeabi_memclr8                            
00005939  __aeabi_memcpy                             
00005939  __aeabi_memcpy4                            
00005939  __aeabi_memcpy8                            
00005a5f  __aeabi_memset                             
00005a5f  __aeabi_memset4                            
00005a5f  __aeabi_memset8                            
ffffffff  __binit__                                  
ffffffff  __c_args__                                 
UNDEFED   __mpu_init                                 
2000fe00  __stack                                    
20000000  __start___llvm_prf_cnts                    
20000000  __stop___llvm_prf_cnts                     
0000609d  _c_int00_noargs                            
UNDEFED   _system_post_cinit                         
0000635d  _system_pre_init                           
00006361  abort                                      
ffffffff  binit                                      
20000400  g_sContext                                 
2000042c  g_sCrystalfontz128x128                     
000049ec  g_sCrystalfontz128x128_funcs               
0000461c  g_sFontFixed6x8                            
00005f21  init_Character                             
00000000  interruptVectors                           
000054fd  main                                       
00005939  memcpy                                     
00005a65  memset                                     
00005739  move                                       
00005bbd  movePossible                               
00006225  titleScreen                                
00004a78  titleScreen00004BPP_UNCOMP                 


GLOBAL SYMBOLS: SORTED BY Symbol Address 

address   name                                       
-------   ----                                       
00000000  __TI_static_base__                         
00000000  interruptVectors                           
00000200  __STACK_SIZE                               
0000461c  g_sFontFixed6x8                            
000049ec  g_sCrystalfontz128x128_funcs               
00004a28  BasicMap00004BPP_UNCOMP                    
00004a38  Emerald100004BPP_UNCOMP                    
00004a48  MinerBackground00004BPP_UNCOMP             
00004a58  MinerBig00004BPP_UNCOMP                    
00004a68  SlimeBig00004BPP_UNCOMP                    
00004a78  titleScreen00004BPP_UNCOMP                 
00004a91  Graphics_drawImage                         
00005159  InitJoyStick                               
0000529d  Crystalfontz128x128_SetDrawFrame           
000053d1  Crystalfontz128x128_Init                   
000054fd  main                                       
000055d1  ADC14_configureConversionMemory            
00005685  ADC14_configureMultiSequenceMode           
00005739  move                                       
000057ed  SPI_initMaster                             
00005939  __aeabi_memcpy                             
00005939  __aeabi_memcpy4                            
00005939  __aeabi_memcpy8                            
00005939  memcpy                                     
000059d5  GPIO_setAsPeripheralModuleFunctionOutputPin
00005a5d  __aeabi_memclr                             
00005a5d  __aeabi_memclr4                            
00005a5d  __aeabi_memclr8                            
00005a5f  __aeabi_memset                             
00005a5f  __aeabi_memset4                            
00005a5f  __aeabi_memset8                            
00005a65  memset                                     
00005ad7  AES256_IRQHandler                          
00005ad7  BusFault_Handler                           
00005ad7  COMP_E0_IRQHandler                         
00005ad7  COMP_E1_IRQHandler                         
00005ad7  CS_IRQHandler                              
00005ad7  DMA_ERR_IRQHandler                         
00005ad7  DMA_INT0_IRQHandler                        
00005ad7  DMA_INT1_IRQHandler                        
00005ad7  DMA_INT2_IRQHandler                        
00005ad7  DMA_INT3_IRQHandler                        
00005ad7  DebugMon_Handler                           
00005ad7  Default_Handler                            
00005ad7  EUSCIA0_IRQHandler                         
00005ad7  EUSCIA1_IRQHandler                         
00005ad7  EUSCIA2_IRQHandler                         
00005ad7  EUSCIA3_IRQHandler                         
00005ad7  EUSCIB0_IRQHandler                         
00005ad7  EUSCIB1_IRQHandler                         
00005ad7  EUSCIB2_IRQHandler                         
00005ad7  EUSCIB3_IRQHandler                         
00005ad7  FLCTL_IRQHandler                           
00005ad7  FPU_IRQHandler                             
00005ad7  HardFault_Handler                          
00005ad7  MemManage_Handler                          
00005ad7  NMI_Handler                                
00005ad7  PCM_IRQHandler                             
00005ad7  PORT1_IRQHandler                           
00005ad7  PORT2_IRQHandler                           
00005ad7  PORT3_IRQHandler                           
00005ad7  PORT4_IRQHandler                           
00005ad7  PORT5_IRQHandler                           
00005ad7  PORT6_IRQHandler                           
00005ad7  PSS_IRQHandler                             
00005ad7  PendSV_Handler                             
00005ad7  RTC_C_IRQHandler                           
00005ad7  SVC_Handler                                
00005ad7  SysTick_Handler                            
00005ad7  T32_INT1_IRQHandler                        
00005ad7  T32_INT2_IRQHandler                        
00005ad7  T32_INTC_IRQHandler                        
00005ad7  TA0_0_IRQHandler                           
00005ad7  TA0_N_IRQHandler                           
00005ad7  TA1_0_IRQHandler                           
00005ad7  TA1_N_IRQHandler                           
00005ad7  TA2_0_IRQHandler                           
00005ad7  TA2_N_IRQHandler                           
00005ad7  TA3_0_IRQHandler                           
00005ad7  TA3_N_IRQHandler                           
00005ad7  UsageFault_Handler                         
00005ad7  WDT_A_IRQHandler                           
00005ad9  SystemInit                                 
00005bbd  movePossible                               
00005c29  __TI_decompress_lzss                       
00005d51  Crystalfontz128x128_SetOrientation         
00005da5  Graphics_initContext                       
00005df9  ADC14_IRQHandler                           
00005df9  ADC14_IRQHandler                           
00005e49  Init_Graph                                 
00005e95  Graphics_drawMultiplePixelsOnDisplay       
00005edd  __TI_auto_init_nobinit_nopinit             
00005f21  init_Character                             
00005fa5  GPIO_setAsOutputPin                        
00005fe5  HAL_LCD_SpiInit                            
00006065  HAL_LCD_writeCommand                       
0000609d  _c_int00_noargs                            
000060d1  HAL_LCD_PortInit                           
0000612d  Graphics_drawPixelOnDisplay                
00006159  HAL_LCD_writeData                          
00006185  ADC14_getResult                            
000061d5  GPIO_setOutputHighOnPin                    
000061fd  GPIO_setOutputLowOnPin                     
00006225  titleScreen                                
00006249  SPI_enableModule                           
00006265  Graphics_clearDisplayOnDisplay             
0000627f  Graphics_setBackgroundColor                
00006299  Graphics_setFont                           
000062b3  EUSCI_A_SPI_enable                         
000062c9  EUSCI_B_SPI_enable                         
000062df  Graphics_setForegroundColor                
000062f5  Graphics_translateColorOnDisplay           
0000630b  Graphics_clearDisplay                      
0000632d  __TI_decompress_none                       
0000633b  Reset_Handler                              
00006347  __TI_zero_init                             
0000635d  _system_pre_init                           
00006361  C$$EXIT                                    
00006361  abort                                      
00006378  __TI_Handler_Table_Base                    
00006384  __TI_Handler_Table_Limit                   
00006390  __TI_CINIT_Base                            
000063a0  __TI_CINIT_Limit                           
20000000  __start___llvm_prf_cnts                    
20000000  __stop___llvm_prf_cnts                     
20000400  g_sContext                                 
20000420  Lcd_ScreenHeigth                           
20000422  Lcd_ScreenWidth                            
20000424  Lcd_TouchTrim                              
20000426  Lcd_FlagRead                               
20000427  Lcd_FontSolid                              
20000428  Lcd_Orientation                            
20000429  Lcd_PenSolid                               
2000042c  g_sCrystalfontz128x128                     
2000fe00  __stack                                    
20010000  __STACK_END                                
4000480c  WDTCTL_SYM                                 
ffffffff  __TI_pprof_out_hndl                        
ffffffff  __TI_prof_data_size                        
ffffffff  __TI_prof_data_start                       
ffffffff  __binit__                                  
ffffffff  __c_args__                                 
ffffffff  binit                                      
UNDEFED   __mpu_init                                 
UNDEFED   _system_post_cinit                         

[145 symbols]
