<?xml version="1.0" encoding="ISO-8859-1" ?>
<link_info>
   <banner>TI ARM Linker PC v20.2.1.LTS</banner>
   <copyright>Copyright (c) 1996-2018 Texas Instruments Incorporated</copyright>
   <link_time>0x5fc4683b</link_time>
   <link_errors>0x0</link_errors>
   <output_file>EmeraldMountain.out</output_file>
   <entry_point>
      <name>_c_int00_noargs</name>
      <address>0x5f11</address>
   </entry_point>
   <input_file_list>
      <input_file id="fl-2">
         <path>.\</path>
         <kind>object</kind>
         <file>BasicMap.obj</file>
         <name>BasicMap.obj</name>
      </input_file>
      <input_file id="fl-3">
         <path>.\</path>
         <kind>object</kind>
         <file>Emerald.obj</file>
         <name>Emerald.obj</name>
      </input_file>
      <input_file id="fl-4">
         <path>.\</path>
         <kind>object</kind>
         <file>HAL_I2C.obj</file>
         <name>HAL_I2C.obj</name>
      </input_file>
      <input_file id="fl-5">
         <path>.\</path>
         <kind>object</kind>
         <file>HAL_TMP006.obj</file>
         <name>HAL_TMP006.obj</name>
      </input_file>
      <input_file id="fl-6">
         <path>.\</path>
         <kind>object</kind>
         <file>Miner.obj</file>
         <name>Miner.obj</name>
      </input_file>
      <input_file id="fl-7">
         <path>.\</path>
         <kind>object</kind>
         <file>MinerBackground.obj</file>
         <name>MinerBackground.obj</name>
      </input_file>
      <input_file id="fl-8">
         <path>.\</path>
         <kind>object</kind>
         <file>MinerBig.obj</file>
         <name>MinerBig.obj</name>
      </input_file>
      <input_file id="fl-9">
         <path>.\</path>
         <kind>object</kind>
         <file>SlimeBig.obj</file>
         <name>SlimeBig.obj</name>
      </input_file>
      <input_file id="fl-a">
         <path>.\</path>
         <kind>object</kind>
         <file>characters.obj</file>
         <name>characters.obj</name>
      </input_file>
      <input_file id="fl-b">
         <path>.\</path>
         <kind>object</kind>
         <file>main.obj</file>
         <name>main.obj</name>
      </input_file>
      <input_file id="fl-c">
         <path>.\</path>
         <kind>object</kind>
         <file>system_msp432p401r.obj</file>
         <name>system_msp432p401r.obj</name>
      </input_file>
      <input_file id="fl-d">
         <path>.\</path>
         <kind>object</kind>
         <file>titleScreen.obj</file>
         <name>titleScreen.obj</name>
      </input_file>
      <input_file id="fl-e">
         <path>.\LcdDriver\</path>
         <kind>object</kind>
         <file>Crystalfontz128x128_ST7735.obj</file>
         <name>Crystalfontz128x128_ST7735.obj</name>
      </input_file>
      <input_file id="fl-f">
         <path>.\LcdDriver\</path>
         <kind>object</kind>
         <file>HAL_MSP_EXP432P401R_Crystalfontz128x128_ST7735.obj</file>
         <name>HAL_MSP_EXP432P401R_Crystalfontz128x128_ST7735.obj</name>
      </input_file>
      <input_file id="fl-10">
         <path>.\ccs\</path>
         <kind>object</kind>
         <file>startup_msp432p401r_ccs.obj</file>
         <name>startup_msp432p401r_ccs.obj</name>
      </input_file>
      <input_file id="fl-1b">
         <kind>object</kind>
         <file>&lt;internal&gt;</file>
         <name>&lt;internal&gt;</name>
      </input_file>
      <input_file id="fl-1c">
         <path>C:\ti\simplelink_msp432p4_sdk_3_40_01_02\source\ti\grlib\lib\ccs\m4f\</path>
         <kind>archive</kind>
         <file>grlib.a</file>
         <name>context.obj</name>
      </input_file>
      <input_file id="fl-1d">
         <path>C:\ti\simplelink_msp432p4_sdk_3_40_01_02\source\ti\grlib\lib\ccs\m4f\</path>
         <kind>archive</kind>
         <file>grlib.a</file>
         <name>display.obj</name>
      </input_file>
      <input_file id="fl-1e">
         <path>C:\ti\simplelink_msp432p4_sdk_3_40_01_02\source\ti\grlib\lib\ccs\m4f\</path>
         <kind>archive</kind>
         <file>grlib.a</file>
         <name>fontfixed6x8.obj</name>
      </input_file>
      <input_file id="fl-1f">
         <path>C:\ti\simplelink_msp432p4_sdk_3_40_01_02\source\ti\grlib\lib\ccs\m4f\</path>
         <kind>archive</kind>
         <file>grlib.a</file>
         <name>image.obj</name>
      </input_file>
      <input_file id="fl-20">
         <path>C:\ti\simplelink_msp432p4_sdk_3_40_01_02\source\ti\devices\msp432p4xx\driverlib\ccs\</path>
         <kind>archive</kind>
         <file>msp432p4xx_driverlib.lib</file>
         <name>adc14.o</name>
      </input_file>
      <input_file id="fl-21">
         <path>C:\ti\simplelink_msp432p4_sdk_3_40_01_02\source\ti\devices\msp432p4xx\driverlib\ccs\</path>
         <kind>archive</kind>
         <file>msp432p4xx_driverlib.lib</file>
         <name>gpio.o</name>
      </input_file>
      <input_file id="fl-22">
         <path>C:\ti\simplelink_msp432p4_sdk_3_40_01_02\source\ti\devices\msp432p4xx\driverlib\ccs\</path>
         <kind>archive</kind>
         <file>msp432p4xx_driverlib.lib</file>
         <name>i2c.o</name>
      </input_file>
      <input_file id="fl-23">
         <path>C:\ti\simplelink_msp432p4_sdk_3_40_01_02\source\ti\devices\msp432p4xx\driverlib\ccs\</path>
         <kind>archive</kind>
         <file>msp432p4xx_driverlib.lib</file>
         <name>interrupt.o</name>
      </input_file>
      <input_file id="fl-24">
         <path>C:\ti\simplelink_msp432p4_sdk_3_40_01_02\source\ti\devices\msp432p4xx\driverlib\ccs\</path>
         <kind>archive</kind>
         <file>msp432p4xx_driverlib.lib</file>
         <name>spi.o</name>
      </input_file>
      <input_file id="fl-25">
         <path>C:\ti\simplelink_msp432p4_sdk_3_40_01_02\source\ti\devices\msp432p4xx\driverlib\ccs\</path>
         <kind>archive</kind>
         <file>msp432p4xx_driverlib.lib</file>
         <name>timer32.o</name>
      </input_file>
      <input_file id="fl-26">
         <path>C:\ti\simplelink_msp432p4_sdk_3_40_01_02\source\ti\devices\msp432p4xx\driverlib\ccs\</path>
         <kind>archive</kind>
         <file>msp432p4xx_driverlib.lib</file>
         <name>cpu.o</name>
      </input_file>
      <input_file id="fl-dc">
         <path>C:\ti\ccs1011\ccs\tools\compiler\ti-cgt-arm_20.2.1.LTS\lib\</path>
         <kind>archive</kind>
         <file>rtsv7M4_T_le_v4SPD16_eabi.lib</file>
         <name>e_pow.c.obj</name>
      </input_file>
      <input_file id="fl-dd">
         <path>C:\ti\ccs1011\ccs\tools\compiler\ti-cgt-arm_20.2.1.LTS\lib\</path>
         <kind>archive</kind>
         <file>rtsv7M4_T_le_v4SPD16_eabi.lib</file>
         <name>e_sqrt.c.obj</name>
      </input_file>
      <input_file id="fl-de">
         <path>C:\ti\ccs1011\ccs\tools\compiler\ti-cgt-arm_20.2.1.LTS\lib\</path>
         <kind>archive</kind>
         <file>rtsv7M4_T_le_v4SPD16_eabi.lib</file>
         <name>s_scalbn.c.obj</name>
      </input_file>
      <input_file id="fl-df">
         <path>C:\ti\ccs1011\ccs\tools\compiler\ti-cgt-arm_20.2.1.LTS\lib\</path>
         <kind>archive</kind>
         <file>rtsv7M4_T_le_v4SPD16_eabi.lib</file>
         <name>fd_add_t2.asm.obj</name>
      </input_file>
      <input_file id="fl-e0">
         <path>C:\ti\ccs1011\ccs\tools\compiler\ti-cgt-arm_20.2.1.LTS\lib\</path>
         <kind>archive</kind>
         <file>rtsv7M4_T_le_v4SPD16_eabi.lib</file>
         <name>fd_cmp_t2.asm.obj</name>
      </input_file>
      <input_file id="fl-e1">
         <path>C:\ti\ccs1011\ccs\tools\compiler\ti-cgt-arm_20.2.1.LTS\lib\</path>
         <kind>archive</kind>
         <file>rtsv7M4_T_le_v4SPD16_eabi.lib</file>
         <name>fd_div_t2.asm.obj</name>
      </input_file>
      <input_file id="fl-e2">
         <path>C:\ti\ccs1011\ccs\tools\compiler\ti-cgt-arm_20.2.1.LTS\lib\</path>
         <kind>archive</kind>
         <file>rtsv7M4_T_le_v4SPD16_eabi.lib</file>
         <name>fd_mul_t2.asm.obj</name>
      </input_file>
      <input_file id="fl-e3">
         <path>C:\ti\ccs1011\ccs\tools\compiler\ti-cgt-arm_20.2.1.LTS\lib\</path>
         <kind>archive</kind>
         <file>rtsv7M4_T_le_v4SPD16_eabi.lib</file>
         <name>i_tofd_t2.asm.obj</name>
      </input_file>
      <input_file id="fl-e4">
         <path>C:\ti\ccs1011\ccs\tools\compiler\ti-cgt-arm_20.2.1.LTS\lib\</path>
         <kind>archive</kind>
         <file>rtsv7M4_T_le_v4SPD16_eabi.lib</file>
         <name>memcpy_t2.asm.obj</name>
      </input_file>
      <input_file id="fl-e5">
         <path>C:\ti\ccs1011\ccs\tools\compiler\ti-cgt-arm_20.2.1.LTS\lib\</path>
         <kind>archive</kind>
         <file>rtsv7M4_T_le_v4SPD16_eabi.lib</file>
         <name>copy_zero_init.c.obj</name>
      </input_file>
      <input_file id="fl-e6">
         <path>C:\ti\ccs1011\ccs\tools\compiler\ti-cgt-arm_20.2.1.LTS\lib\</path>
         <kind>archive</kind>
         <file>rtsv7M4_T_le_v4SPD16_eabi.lib</file>
         <name>copy_decompress_none.c.obj</name>
      </input_file>
      <input_file id="fl-e7">
         <path>C:\ti\ccs1011\ccs\tools\compiler\ti-cgt-arm_20.2.1.LTS\lib\</path>
         <kind>archive</kind>
         <file>rtsv7M4_T_le_v4SPD16_eabi.lib</file>
         <name>copy_decompress_lzss.c.obj</name>
      </input_file>
      <input_file id="fl-e8">
         <path>C:\ti\ccs1011\ccs\tools\compiler\ti-cgt-arm_20.2.1.LTS\lib\</path>
         <kind>archive</kind>
         <file>rtsv7M4_T_le_v4SPD16_eabi.lib</file>
         <name>errno.c.obj</name>
      </input_file>
      <input_file id="fl-e9">
         <path>C:\ti\ccs1011\ccs\tools\compiler\ti-cgt-arm_20.2.1.LTS\lib\</path>
         <kind>archive</kind>
         <file>rtsv7M4_T_le_v4SPD16_eabi.lib</file>
         <name>boot_cortex_m.c.obj</name>
      </input_file>
      <input_file id="fl-ea">
         <path>C:\ti\ccs1011\ccs\tools\compiler\ti-cgt-arm_20.2.1.LTS\lib\</path>
         <kind>archive</kind>
         <file>rtsv7M4_T_le_v4SPD16_eabi.lib</file>
         <name>s_copysign.c.obj</name>
      </input_file>
      <input_file id="fl-eb">
         <path>C:\ti\ccs1011\ccs\tools\compiler\ti-cgt-arm_20.2.1.LTS\lib\</path>
         <kind>archive</kind>
         <file>rtsv7M4_T_le_v4SPD16_eabi.lib</file>
         <name>memset_t2.asm.obj</name>
      </input_file>
      <input_file id="fl-ec">
         <path>C:\ti\ccs1011\ccs\tools\compiler\ti-cgt-arm_20.2.1.LTS\lib\</path>
         <kind>archive</kind>
         <file>rtsv7M4_T_le_v4SPD16_eabi.lib</file>
         <name>autoinit.c.obj</name>
      </input_file>
      <input_file id="fl-ed">
         <path>C:\ti\ccs1011\ccs\tools\compiler\ti-cgt-arm_20.2.1.LTS\lib\</path>
         <kind>archive</kind>
         <file>rtsv7M4_T_le_v4SPD16_eabi.lib</file>
         <name>pre_init.c.obj</name>
      </input_file>
      <input_file id="fl-ee">
         <path>C:\ti\ccs1011\ccs\tools\compiler\ti-cgt-arm_20.2.1.LTS\lib\</path>
         <kind>archive</kind>
         <file>rtsv7M4_T_le_v4SPD16_eabi.lib</file>
         <name>cpy_tbl.c.obj</name>
      </input_file>
      <input_file id="fl-ef">
         <path>C:\ti\ccs1011\ccs\tools\compiler\ti-cgt-arm_20.2.1.LTS\lib\</path>
         <kind>archive</kind>
         <file>rtsv7M4_T_le_v4SPD16_eabi.lib</file>
         <name>exit.c.obj</name>
      </input_file>
      <input_file id="fl-f0">
         <path>C:\ti\ccs1011\ccs\tools\compiler\ti-cgt-arm_20.2.1.LTS\lib\</path>
         <kind>archive</kind>
         <file>rtsv7M4_T_le_v4SPD16_eabi.lib</file>
         <name>_lock.c.obj</name>
      </input_file>
      <input_file id="fl-f1">
         <path>C:\ti\ccs1011\ccs\tools\compiler\ti-cgt-arm_20.2.1.LTS\lib\</path>
         <kind>archive</kind>
         <file>rtsv7M4_T_le_v4SPD16_eabi.lib</file>
         <name>args_main.c.obj</name>
      </input_file>
   </input_file_list>
   <object_component_list>
      <object_component id="oc-26">
         <name>.intvecs:retain</name>
         <load_address>0x0</load_address>
         <run_address>0x0</run_address>
         <size>0xe4</size>
         <input_file_ref idref="fl-10"/>
      </object_component>
      <object_component id="oc-f1">
         <name>.text:Graphics_drawImage</name>
         <load_address>0x4920</load_address>
         <run_address>0x4920</run_address>
         <size>0x390</size>
         <input_file_ref idref="fl-1f"/>
      </object_component>
      <object_component id="oc-295">
         <name>.text:Crystalfontz128x128_PixelDrawMultiple</name>
         <load_address>0x4cb0</load_address>
         <run_address>0x4cb0</run_address>
         <size>0x1d8</size>
         <input_file_ref idref="fl-e"/>
      </object_component>
      <object_component id="oc-15c">
         <name>.text:_getIndexForMemRegister</name>
         <load_address>0x4e88</load_address>
         <run_address>0x4e88</run_address>
         <size>0x160</size>
         <input_file_ref idref="fl-20"/>
      </object_component>
      <object_component id="oc-df">
         <name>.text:InitJoyStick</name>
         <load_address>0x4fe8</load_address>
         <run_address>0x4fe8</run_address>
         <size>0x144</size>
         <input_file_ref idref="fl-b"/>
      </object_component>
      <object_component id="oc-26a">
         <name>.text:Crystalfontz128x128_SetDrawFrame</name>
         <load_address>0x512c</load_address>
         <run_address>0x512c</run_address>
         <size>0x134</size>
         <input_file_ref idref="fl-e"/>
      </object_component>
      <object_component id="oc-185">
         <name>.text:Crystalfontz128x128_Init</name>
         <load_address>0x5260</load_address>
         <run_address>0x5260</run_address>
         <size>0x12c</size>
         <input_file_ref idref="fl-e"/>
      </object_component>
      <object_component id="oc-9f">
         <name>.text:main</name>
         <load_address>0x538c</load_address>
         <run_address>0x538c</run_address>
         <size>0xc4</size>
         <input_file_ref idref="fl-b"/>
      </object_component>
      <object_component id="oc-17e">
         <name>.text:ADC14_configureConversionMemory</name>
         <load_address>0x5450</load_address>
         <run_address>0x5450</run_address>
         <size>0xb4</size>
         <input_file_ref idref="fl-20"/>
      </object_component>
      <object_component id="oc-178">
         <name>.text:ADC14_configureMultiSequenceMode</name>
         <load_address>0x5504</load_address>
         <run_address>0x5504</run_address>
         <size>0xb4</size>
         <input_file_ref idref="fl-20"/>
      </object_component>
      <object_component id="oc-fd">
         <name>.text:move</name>
         <load_address>0x55b8</load_address>
         <run_address>0x55b8</run_address>
         <size>0xb4</size>
         <input_file_ref idref="fl-a"/>
      </object_component>
      <object_component id="oc-338">
         <name>.text:SPI_initMaster</name>
         <load_address>0x566c</load_address>
         <run_address>0x566c</run_address>
         <size>0xb0</size>
         <input_file_ref idref="fl-24"/>
      </object_component>
      <object_component id="oc-2a7">
         <name>.text:Crystalfontz128x128_RectFill</name>
         <load_address>0x571c</load_address>
         <run_address>0x571c</run_address>
         <size>0x9c</size>
         <input_file_ref idref="fl-e"/>
      </object_component>
      <object_component id="oc-37">
         <name>.text</name>
         <load_address>0x57b8</load_address>
         <run_address>0x57b8</run_address>
         <size>0x9c</size>
         <input_file_ref idref="fl-e4"/>
      </object_component>
      <object_component id="oc-32b">
         <name>.text:GPIO_setAsPeripheralModuleFunctionOutputPin</name>
         <load_address>0x5854</load_address>
         <run_address>0x5854</run_address>
         <size>0x88</size>
         <input_file_ref idref="fl-21"/>
      </object_component>
      <object_component id="oc-93">
         <name>.text</name>
         <load_address>0x58dc</load_address>
         <run_address>0x58dc</run_address>
         <size>0x7a</size>
         <input_file_ref idref="fl-eb"/>
      </object_component>
      <object_component id="oc-6d">
         <name>.text:Default_Handler</name>
         <load_address>0x5956</load_address>
         <run_address>0x5956</run_address>
         <size>0x2</size>
         <input_file_ref idref="fl-10"/>
      </object_component>
      <object_component id="oc-b1">
         <name>.text:SystemInit</name>
         <load_address>0x5958</load_address>
         <run_address>0x5958</run_address>
         <size>0x78</size>
         <input_file_ref idref="fl-c"/>
      </object_component>
      <object_component id="oc-1bd">
         <name>.text:Graphics_convertPalette</name>
         <load_address>0x59d0</load_address>
         <run_address>0x59d0</run_address>
         <size>0x6c</size>
         <input_file_ref idref="fl-1f"/>
      </object_component>
      <object_component id="oc-1d7">
         <name>.text:movePossible</name>
         <load_address>0x5a3c</load_address>
         <run_address>0x5a3c</run_address>
         <size>0x6c</size>
         <input_file_ref idref="fl-a"/>
      </object_component>
      <object_component id="oc-17">
         <name>.text:decompress:lzss:__TI_decompress_lzss</name>
         <load_address>0x5aa8</load_address>
         <run_address>0x5aa8</run_address>
         <size>0x68</size>
         <input_file_ref idref="fl-e7"/>
      </object_component>
      <object_component id="oc-29b">
         <name>.text:Crystalfontz128x128_LineDrawH</name>
         <load_address>0x5b10</load_address>
         <run_address>0x5b10</run_address>
         <size>0x60</size>
         <input_file_ref idref="fl-e"/>
      </object_component>
      <object_component id="oc-2a1">
         <name>.text:Crystalfontz128x128_LineDrawV</name>
         <load_address>0x5b70</load_address>
         <run_address>0x5b70</run_address>
         <size>0x60</size>
         <input_file_ref idref="fl-e"/>
      </object_component>
      <object_component id="oc-18b">
         <name>.text:Crystalfontz128x128_SetOrientation</name>
         <load_address>0x5bd0</load_address>
         <run_address>0x5bd0</run_address>
         <size>0x54</size>
         <input_file_ref idref="fl-e"/>
      </object_component>
      <object_component id="oc-191">
         <name>.text:Graphics_initContext</name>
         <load_address>0x5c24</load_address>
         <run_address>0x5c24</run_address>
         <size>0x52</size>
         <input_file_ref idref="fl-1c"/>
      </object_component>
      <object_component id="oc-73">
         <name>.text:ADC14_IRQHandler</name>
         <load_address>0x5c78</load_address>
         <run_address>0x5c78</run_address>
         <size>0x50</size>
         <input_file_ref idref="fl-b"/>
      </object_component>
      <object_component id="oc-e5">
         <name>.text:Init_Graph</name>
         <load_address>0x5cc8</load_address>
         <run_address>0x5cc8</run_address>
         <size>0x4c</size>
         <input_file_ref idref="fl-b"/>
      </object_component>
      <object_component id="oc-1c3">
         <name>.text:Graphics_drawMultiplePixelsOnDisplay</name>
         <load_address>0x5d14</load_address>
         <run_address>0x5d14</run_address>
         <size>0x46</size>
         <input_file_ref idref="fl-1d"/>
      </object_component>
      <object_component id="oc-129">
         <name>.text:__TI_auto_init_nobinit_nopinit:__TI_auto_init_nobinit_nopinit</name>
         <load_address>0x5d5c</load_address>
         <run_address>0x5d5c</run_address>
         <size>0x44</size>
         <input_file_ref idref="fl-ec"/>
      </object_component>
      <object_component id="oc-28f">
         <name>.text:Crystalfontz128x128_PixelDraw</name>
         <load_address>0x5da0</load_address>
         <run_address>0x5da0</run_address>
         <size>0x40</size>
         <input_file_ref idref="fl-e"/>
      </object_component>
      <object_component id="oc-331">
         <name>.text:GPIO_setAsOutputPin</name>
         <load_address>0x5de0</load_address>
         <run_address>0x5de0</run_address>
         <size>0x40</size>
         <input_file_ref idref="fl-21"/>
      </object_component>
      <object_component id="oc-24c">
         <name>.text:HAL_LCD_SpiInit</name>
         <load_address>0x5e20</load_address>
         <run_address>0x5e20</run_address>
         <size>0x40</size>
         <input_file_ref idref="fl-f"/>
      </object_component>
      <object_component id="oc-391">
         <name>.text:is_A_Module</name>
         <load_address>0x5e60</load_address>
         <run_address>0x5e60</run_address>
         <size>0x40</size>
         <input_file_ref idref="fl-24"/>
      </object_component>
      <object_component id="oc-25e">
         <name>.text:HAL_LCD_writeCommand</name>
         <load_address>0x5ea0</load_address>
         <run_address>0x5ea0</run_address>
         <size>0x38</size>
         <input_file_ref idref="fl-f"/>
      </object_component>
      <object_component id="oc-f7">
         <name>.text:init_Character</name>
         <load_address>0x5ed8</load_address>
         <run_address>0x5ed8</run_address>
         <size>0x38</size>
         <input_file_ref idref="fl-a"/>
      </object_component>
      <object_component id="oc-55">
         <name>.text:_c_int00_noargs:_c_int00_noargs</name>
         <load_address>0x5f10</load_address>
         <run_address>0x5f10</run_address>
         <size>0x34</size>
         <input_file_ref idref="fl-e9"/>
      </object_component>
      <object_component id="oc-246">
         <name>.text:HAL_LCD_PortInit</name>
         <load_address>0x5f44</load_address>
         <run_address>0x5f44</run_address>
         <size>0x30</size>
         <input_file_ref idref="fl-f"/>
      </object_component>
      <object_component id="oc-2b9">
         <name>.text:Crystalfontz128x128_ClearScreen</name>
         <load_address>0x5f74</load_address>
         <run_address>0x5f74</run_address>
         <size>0x2c</size>
         <input_file_ref idref="fl-e"/>
      </object_component>
      <object_component id="oc-1c9">
         <name>.text:Graphics_drawPixelOnDisplay</name>
         <load_address>0x5fa0</load_address>
         <run_address>0x5fa0</run_address>
         <size>0x2c</size>
         <input_file_ref idref="fl-1d"/>
      </object_component>
      <object_component id="oc-264">
         <name>.text:HAL_LCD_writeData</name>
         <load_address>0x5fcc</load_address>
         <run_address>0x5fcc</run_address>
         <size>0x2c</size>
         <input_file_ref idref="fl-f"/>
      </object_component>
      <object_component id="oc-b9">
         <name>.text:ADC14_getResult</name>
         <load_address>0x5ff8</load_address>
         <run_address>0x5ff8</run_address>
         <size>0x28</size>
         <input_file_ref idref="fl-20"/>
      </object_component>
      <object_component id="oc-2ad">
         <name>.text:Crystalfontz128x128_ColorTranslate</name>
         <load_address>0x6020</load_address>
         <run_address>0x6020</run_address>
         <size>0x28</size>
         <input_file_ref idref="fl-e"/>
      </object_component>
      <object_component id="oc-258">
         <name>.text:GPIO_setOutputHighOnPin</name>
         <load_address>0x6048</load_address>
         <run_address>0x6048</run_address>
         <size>0x28</size>
         <input_file_ref idref="fl-21"/>
      </object_component>
      <object_component id="oc-252">
         <name>.text:GPIO_setOutputLowOnPin</name>
         <load_address>0x6070</load_address>
         <run_address>0x6070</run_address>
         <size>0x28</size>
         <input_file_ref idref="fl-21"/>
      </object_component>
      <object_component id="oc-eb">
         <name>.text:titleScreen</name>
         <load_address>0x6098</load_address>
         <run_address>0x6098</run_address>
         <size>0x24</size>
         <input_file_ref idref="fl-b"/>
      </object_component>
      <object_component id="oc-33e">
         <name>.text:SPI_enableModule</name>
         <load_address>0x60bc</load_address>
         <run_address>0x60bc</run_address>
         <size>0x1c</size>
         <input_file_ref idref="fl-24"/>
      </object_component>
      <object_component id="oc-286">
         <name>.text:Graphics_clearDisplayOnDisplay</name>
         <load_address>0x60d8</load_address>
         <run_address>0x60d8</run_address>
         <size>0x1a</size>
         <input_file_ref idref="fl-1d"/>
      </object_component>
      <object_component id="oc-19d">
         <name>.text:Graphics_setBackgroundColor</name>
         <load_address>0x60f2</load_address>
         <run_address>0x60f2</run_address>
         <size>0x1a</size>
         <input_file_ref idref="fl-1c"/>
      </object_component>
      <object_component id="oc-1a3">
         <name>.text:Graphics_setFont</name>
         <load_address>0x610c</load_address>
         <run_address>0x610c</run_address>
         <size>0x1a</size>
         <input_file_ref idref="fl-1c"/>
      </object_component>
      <object_component id="oc-399">
         <name>.text:EUSCI_A_SPI_enable</name>
         <load_address>0x6126</load_address>
         <run_address>0x6126</run_address>
         <size>0x16</size>
         <input_file_ref idref="fl-24"/>
      </object_component>
      <object_component id="oc-39f">
         <name>.text:EUSCI_B_SPI_enable</name>
         <load_address>0x613c</load_address>
         <run_address>0x613c</run_address>
         <size>0x16</size>
         <input_file_ref idref="fl-24"/>
      </object_component>
      <object_component id="oc-197">
         <name>.text:Graphics_setForegroundColor</name>
         <load_address>0x6152</load_address>
         <run_address>0x6152</run_address>
         <size>0x16</size>
         <input_file_ref idref="fl-1c"/>
      </object_component>
      <object_component id="oc-27d">
         <name>.text:Graphics_translateColorOnDisplay</name>
         <load_address>0x6168</load_address>
         <run_address>0x6168</run_address>
         <size>0x16</size>
         <input_file_ref idref="fl-1d"/>
      </object_component>
      <object_component id="oc-1a9">
         <name>.text:Graphics_clearDisplay</name>
         <load_address>0x617e</load_address>
         <run_address>0x617e</run_address>
         <size>0x12</size>
         <input_file_ref idref="fl-1c"/>
      </object_component>
      <object_component id="oc-23e">
         <name>.text:ADCIsConversionRunning</name>
         <load_address>0x6190</load_address>
         <run_address>0x6190</run_address>
         <size>0x10</size>
         <input_file_ref idref="fl-20"/>
      </object_component>
      <object_component id="oc-1d">
         <name>.text:decompress:none:__TI_decompress_none</name>
         <load_address>0x61a0</load_address>
         <run_address>0x61a0</run_address>
         <size>0xe</size>
         <input_file_ref idref="fl-e6"/>
      </object_component>
      <object_component id="oc-67">
         <name>.text:Reset_Handler</name>
         <load_address>0x61ae</load_address>
         <run_address>0x61ae</run_address>
         <size>0xc</size>
         <input_file_ref idref="fl-10"/>
      </object_component>
      <object_component id="oc-49">
         <name>.text:decompress:ZI:__TI_zero_init</name>
         <load_address>0x61ba</load_address>
         <run_address>0x61ba</run_address>
         <size>0xc</size>
         <input_file_ref idref="fl-e5"/>
      </object_component>
      <object_component id="oc-2b3">
         <name>.text:Crystalfontz128x128_Flush</name>
         <load_address>0x61c6</load_address>
         <run_address>0x61c6</run_address>
         <size>0xa</size>
         <input_file_ref idref="fl-e"/>
      </object_component>
      <object_component id="oc-99">
         <name>.text:_system_pre_init</name>
         <load_address>0x61d0</load_address>
         <run_address>0x61d0</run_address>
         <size>0x4</size>
         <input_file_ref idref="fl-ed"/>
      </object_component>
      <object_component id="oc-11d">
         <name>.text:abort:abort</name>
         <load_address>0x61d4</load_address>
         <run_address>0x61d4</run_address>
         <size>0x4</size>
         <input_file_ref idref="fl-ef"/>
      </object_component>
      <object_component id="oc-1f3">
         <name>.const:.string:pixel_BasicMap00004BPP_UNCOMP</name>
         <load_address>0xe4</load_address>
         <run_address>0xe4</run_address>
         <size>0x2000</size>
         <input_file_ref idref="fl-2"/>
      </object_component>
      <object_component id="oc-2ca">
         <name>.const:.string:pixel_titleScreen00004BPP_UNCOMP</name>
         <load_address>0x20e4</load_address>
         <run_address>0x20e4</run_address>
         <size>0x2000</size>
         <input_file_ref idref="fl-d"/>
      </object_component>
      <object_component id="oc-2c1">
         <name>.const:.string:g_pucFontFixed6x8Data</name>
         <load_address>0x40e4</load_address>
         <run_address>0x40e4</run_address>
         <size>0x2f8</size>
         <input_file_ref idref="fl-1e"/>
      </object_component>
      <object_component id="oc-204">
         <name>.const:.string:pixel_MinerBig00004BPP_UNCOMP</name>
         <load_address>0x43dc</load_address>
         <run_address>0x43dc</run_address>
         <size>0x120</size>
         <input_file_ref idref="fl-8"/>
      </object_component>
      <object_component id="oc-1b5">
         <name>.const:g_sFontFixed6x8</name>
         <load_address>0x44fc</load_address>
         <run_address>0x44fc</run_address>
         <size>0xc8</size>
         <input_file_ref idref="fl-1e"/>
      </object_component>
      <object_component id="oc-20d">
         <name>.const:.string:pixel_SlimeBig00004BPP_UNCOMP</name>
         <load_address>0x45c4</load_address>
         <run_address>0x45c4</run_address>
         <size>0xa2</size>
         <input_file_ref idref="fl-9"/>
      </object_component>
      <object_component id="oc-162">
         <name>.const:_ctlRegs</name>
         <load_address>0x4668</load_address>
         <run_address>0x4668</run_address>
         <size>0x80</size>
         <input_file_ref idref="fl-20"/>
      </object_component>
      <object_component id="oc-1f0">
         <name>.const:palette_BasicMap00004BPP_UNCOMP</name>
         <load_address>0x46e8</load_address>
         <run_address>0x46e8</run_address>
         <size>0x40</size>
         <input_file_ref idref="fl-2"/>
      </object_component>
      <object_component id="oc-1f8">
         <name>.const:palette_Emerald100004BPP_UNCOMP</name>
         <load_address>0x4728</load_address>
         <run_address>0x4728</run_address>
         <size>0x40</size>
         <input_file_ref idref="fl-3"/>
      </object_component>
      <object_component id="oc-201">
         <name>.const:palette_MinerBig00004BPP_UNCOMP</name>
         <load_address>0x4768</load_address>
         <run_address>0x4768</run_address>
         <size>0x40</size>
         <input_file_ref idref="fl-8"/>
      </object_component>
      <object_component id="oc-20a">
         <name>.const:palette_SlimeBig00004BPP_UNCOMP</name>
         <load_address>0x47a8</load_address>
         <run_address>0x47a8</run_address>
         <size>0x40</size>
         <input_file_ref idref="fl-9"/>
      </object_component>
      <object_component id="oc-2c7">
         <name>.const:palette_titleScreen00004BPP_UNCOMP</name>
         <load_address>0x47e8</load_address>
         <run_address>0x47e8</run_address>
         <size>0x40</size>
         <input_file_ref idref="fl-d"/>
      </object_component>
      <object_component id="oc-1fb">
         <name>.const:.string:pixel_Emerald100004BPP_UNCOMP</name>
         <load_address>0x4828</load_address>
         <run_address>0x4828</run_address>
         <size>0x32</size>
         <input_file_ref idref="fl-3"/>
      </object_component>
      <object_component id="oc-34d">
         <name>.const:GPIO_PORT_TO_BASE</name>
         <load_address>0x485c</load_address>
         <run_address>0x485c</run_address>
         <size>0x30</size>
         <input_file_ref idref="fl-21"/>
      </object_component>
      <object_component id="oc-1b2">
         <name>.const:g_sCrystalfontz128x128_funcs</name>
         <load_address>0x488c</load_address>
         <run_address>0x488c</run_address>
         <size>0x20</size>
         <input_file_ref idref="fl-e"/>
      </object_component>
      <object_component id="oc-344">
         <name>.const:$P$T0$1</name>
         <load_address>0x48ac</load_address>
         <run_address>0x48ac</run_address>
         <size>0x1c</size>
         <input_file_ref idref="fl-f"/>
      </object_component>
      <object_component id="oc-106">
         <name>.const:BasicMap00004BPP_UNCOMP</name>
         <load_address>0x48c8</load_address>
         <run_address>0x48c8</run_address>
         <size>0x10</size>
         <input_file_ref idref="fl-2"/>
      </object_component>
      <object_component id="oc-109">
         <name>.const:Emerald100004BPP_UNCOMP</name>
         <load_address>0x48d8</load_address>
         <run_address>0x48d8</run_address>
         <size>0x10</size>
         <input_file_ref idref="fl-3"/>
      </object_component>
      <object_component id="oc-10c">
         <name>.const:MinerBig00004BPP_UNCOMP</name>
         <load_address>0x48e8</load_address>
         <run_address>0x48e8</run_address>
         <size>0x10</size>
         <input_file_ref idref="fl-8"/>
      </object_component>
      <object_component id="oc-10f">
         <name>.const:SlimeBig00004BPP_UNCOMP</name>
         <load_address>0x48f8</load_address>
         <run_address>0x48f8</run_address>
         <size>0x10</size>
         <input_file_ref idref="fl-9"/>
      </object_component>
      <object_component id="oc-1b9">
         <name>.const:titleScreen00004BPP_UNCOMP</name>
         <load_address>0x4908</load_address>
         <run_address>0x4908</run_address>
         <size>0x10</size>
         <input_file_ref idref="fl-d"/>
      </object_component>
      <object_component id="oc-367">
         <name>.const:$P$T0$1</name>
         <load_address>0x4918</load_address>
         <run_address>0x4918</run_address>
         <size>0x8</size>
         <input_file_ref idref="fl-e"/>
      </object_component>
      <object_component id="oc-3ed">
         <name>.cinit..data.load</name>
         <load_address>0x61d8</load_address>
         <run_address>0x61d8</run_address>
         <size>0xd</size>
      </object_component>
      <object_component id="oc-3eb">
         <name>__TI_handler_table</name>
         <load_address>0x61e8</load_address>
         <run_address>0x61e8</run_address>
         <size>0xc</size>
      </object_component>
      <object_component id="oc-3ee">
         <name>.cinit..bss.load</name>
         <load_address>0x61f8</load_address>
         <run_address>0x61f8</run_address>
         <size>0x8</size>
      </object_component>
      <object_component id="oc-3ec">
         <name>__TI_cinit_table</name>
         <load_address>0x6200</load_address>
         <run_address>0x6200</run_address>
         <size>0x10</size>
      </object_component>
      <object_component id="oc-3bf">
         <name>.binit</name>
         <load_address>0x0</load_address>
         <run_address>0x0</run_address>
         <size>0x0</size>
      </object_component>
      <object_component id="oc-1af">
         <name>.data:g_sCrystalfontz128x128</name>
         <load_address>0x2000042c</load_address>
         <run_address>0x2000042c</run_address>
         <size>0x10</size>
         <input_file_ref idref="fl-e"/>
      </object_component>
      <object_component id="oc-bf">
         <name>.bss:resultsBuffer</name>
         <uninitialized>true</uninitialized>
         <run_address>0x2000041c</run_address>
         <size>0x4</size>
         <input_file_ref idref="fl-b"/>
      </object_component>
      <object_component id="oc-2d0">
         <name>.bss:g_pulConvertedPalette</name>
         <uninitialized>true</uninitialized>
         <run_address>0x20000000</run_address>
         <size>0x400</size>
         <input_file_ref idref="fl-1f"/>
      </object_component>
      <object_component id="oc-103">
         <name>.common:g_sContext</name>
         <uninitialized>true</uninitialized>
         <run_address>0x20000400</run_address>
         <size>0x1c</size>
      </object_component>
      <object_component id="oc-279">
         <name>.common:Lcd_Orientation</name>
         <uninitialized>true</uninitialized>
         <run_address>0x20000428</run_address>
         <size>0x1</size>
      </object_component>
      <object_component id="oc-270">
         <name>.common:Lcd_ScreenWidth</name>
         <uninitialized>true</uninitialized>
         <run_address>0x20000422</run_address>
         <size>0x2</size>
      </object_component>
      <object_component id="oc-273">
         <name>.common:Lcd_ScreenHeigth</name>
         <uninitialized>true</uninitialized>
         <run_address>0x20000420</run_address>
         <size>0x2</size>
      </object_component>
      <object_component id="oc-274">
         <name>.common:Lcd_PenSolid</name>
         <uninitialized>true</uninitialized>
         <run_address>0x20000429</run_address>
         <size>0x1</size>
      </object_component>
      <object_component id="oc-275">
         <name>.common:Lcd_FontSolid</name>
         <uninitialized>true</uninitialized>
         <run_address>0x20000427</run_address>
         <size>0x1</size>
      </object_component>
      <object_component id="oc-276">
         <name>.common:Lcd_FlagRead</name>
         <uninitialized>true</uninitialized>
         <run_address>0x20000426</run_address>
         <size>0x1</size>
      </object_component>
      <object_component id="oc-277">
         <name>.common:Lcd_TouchTrim</name>
         <uninitialized>true</uninitialized>
         <run_address>0x20000424</run_address>
         <size>0x2</size>
      </object_component>
      <object_component id="oc-29">
         <name>.stack</name>
         <uninitialized>true</uninitialized>
         <run_address>0x2000fe00</run_address>
         <size>0x4</size>
         <input_file_ref idref="fl-e9"/>
      </object_component>
      <object_component id="oc-3f0">
         <name>.stack</name>
         <uninitialized>true</uninitialized>
         <run_address>0x2000fe00</run_address>
         <size>0x0</size>
      </object_component>
      <object_component id="oc-177">
         <name>.debug_info</name>
         <load_address>0x0</load_address>
         <run_address>0x0</run_address>
         <size>0x251</size>
         <input_file_ref idref="fl-2"/>
      </object_component>
      <object_component id="oc-1f4">
         <name>.debug_info</name>
         <load_address>0x251</load_address>
         <run_address>0x251</run_address>
         <size>0x102</size>
         <input_file_ref idref="fl-2"/>
      </object_component>
      <object_component id="oc-1f1">
         <name>.debug_info</name>
         <load_address>0x353</load_address>
         <run_address>0x353</run_address>
         <size>0x106</size>
         <input_file_ref idref="fl-2"/>
      </object_component>
      <object_component id="oc-107">
         <name>.debug_info</name>
         <load_address>0x459</load_address>
         <run_address>0x459</run_address>
         <size>0xf7</size>
         <input_file_ref idref="fl-2"/>
      </object_component>
      <object_component id="oc-ca">
         <name>.debug_info</name>
         <load_address>0x550</load_address>
         <run_address>0x550</run_address>
         <size>0x26b</size>
         <input_file_ref idref="fl-2"/>
      </object_component>
      <object_component id="oc-1d2">
         <name>.debug_info</name>
         <load_address>0x7bb</load_address>
         <run_address>0x7bb</run_address>
         <size>0x439</size>
         <input_file_ref idref="fl-2"/>
      </object_component>
      <object_component id="oc-32">
         <name>.debug_info</name>
         <load_address>0xbf4</load_address>
         <run_address>0xbf4</run_address>
         <size>0x84</size>
         <input_file_ref idref="fl-2"/>
      </object_component>
      <object_component id="oc-172">
         <name>.debug_info</name>
         <load_address>0xc78</load_address>
         <run_address>0xc78</run_address>
         <size>0x2a4</size>
         <input_file_ref idref="fl-2"/>
      </object_component>
      <object_component id="oc-1eb">
         <name>.debug_info</name>
         <load_address>0xf1c</load_address>
         <run_address>0xf1c</run_address>
         <size>0xef</size>
         <input_file_ref idref="fl-2"/>
      </object_component>
      <object_component id="oc-c3">
         <name>.debug_info</name>
         <load_address>0x100b</load_address>
         <run_address>0x100b</run_address>
         <size>0xbb</size>
         <input_file_ref idref="fl-2"/>
      </object_component>
      <object_component id="oc-200">
         <name>.debug_info</name>
         <load_address>0x10c6</load_address>
         <run_address>0x10c6</run_address>
         <size>0x24e</size>
         <input_file_ref idref="fl-3"/>
      </object_component>
      <object_component id="oc-1fc">
         <name>.debug_info</name>
         <load_address>0x1314</load_address>
         <run_address>0x1314</run_address>
         <size>0x101</size>
         <input_file_ref idref="fl-3"/>
      </object_component>
      <object_component id="oc-1f9">
         <name>.debug_info</name>
         <load_address>0x1415</load_address>
         <run_address>0x1415</run_address>
         <size>0x105</size>
         <input_file_ref idref="fl-3"/>
      </object_component>
      <object_component id="oc-10a">
         <name>.debug_info</name>
         <load_address>0x151a</load_address>
         <run_address>0x151a</run_address>
         <size>0xf6</size>
         <input_file_ref idref="fl-3"/>
      </object_component>
      <object_component id="oc-2e6">
         <name>.debug_info</name>
         <load_address>0x1610</load_address>
         <run_address>0x1610</run_address>
         <size>0x9a1</size>
         <input_file_ref idref="fl-4"/>
      </object_component>
      <object_component id="oc-37b">
         <name>.debug_info</name>
         <load_address>0x1fb1</load_address>
         <run_address>0x1fb1</run_address>
         <size>0x9a</size>
         <input_file_ref idref="fl-4"/>
      </object_component>
      <object_component id="oc-1e6">
         <name>.debug_info</name>
         <load_address>0x204b</load_address>
         <run_address>0x204b</run_address>
         <size>0x1028</size>
         <input_file_ref idref="fl-4"/>
      </object_component>
      <object_component id="oc-1e1">
         <name>.debug_info</name>
         <load_address>0x3073</load_address>
         <run_address>0x3073</run_address>
         <size>0x37e2</size>
         <input_file_ref idref="fl-4"/>
      </object_component>
      <object_component id="oc-113">
         <name>.debug_info</name>
         <load_address>0x6855</load_address>
         <run_address>0x6855</run_address>
         <size>0x8b</size>
         <input_file_ref idref="fl-4"/>
      </object_component>
      <object_component id="oc-348">
         <name>.debug_info</name>
         <load_address>0x68e0</load_address>
         <run_address>0x68e0</run_address>
         <size>0x131</size>
         <input_file_ref idref="fl-4"/>
      </object_component>
      <object_component id="oc-209">
         <name>.debug_info</name>
         <load_address>0x6a11</load_address>
         <run_address>0x6a11</run_address>
         <size>0x251</size>
         <input_file_ref idref="fl-8"/>
      </object_component>
      <object_component id="oc-205">
         <name>.debug_info</name>
         <load_address>0x6c62</load_address>
         <run_address>0x6c62</run_address>
         <size>0x102</size>
         <input_file_ref idref="fl-8"/>
      </object_component>
      <object_component id="oc-202">
         <name>.debug_info</name>
         <load_address>0x6d64</load_address>
         <run_address>0x6d64</run_address>
         <size>0x106</size>
         <input_file_ref idref="fl-8"/>
      </object_component>
      <object_component id="oc-10d">
         <name>.debug_info</name>
         <load_address>0x6e6a</load_address>
         <run_address>0x6e6a</run_address>
         <size>0xf7</size>
         <input_file_ref idref="fl-8"/>
      </object_component>
      <object_component id="oc-212">
         <name>.debug_info</name>
         <load_address>0x6f61</load_address>
         <run_address>0x6f61</run_address>
         <size>0x24f</size>
         <input_file_ref idref="fl-9"/>
      </object_component>
      <object_component id="oc-20e">
         <name>.debug_info</name>
         <load_address>0x71b0</load_address>
         <run_address>0x71b0</run_address>
         <size>0x102</size>
         <input_file_ref idref="fl-9"/>
      </object_component>
      <object_component id="oc-20b">
         <name>.debug_info</name>
         <load_address>0x72b2</load_address>
         <run_address>0x72b2</run_address>
         <size>0x106</size>
         <input_file_ref idref="fl-9"/>
      </object_component>
      <object_component id="oc-110">
         <name>.debug_info</name>
         <load_address>0x73b8</load_address>
         <run_address>0x73b8</run_address>
         <size>0xf7</size>
         <input_file_ref idref="fl-9"/>
      </object_component>
      <object_component id="oc-1de">
         <name>.debug_info</name>
         <load_address>0x74af</load_address>
         <run_address>0x74af</run_address>
         <size>0x42e</size>
         <input_file_ref idref="fl-a"/>
      </object_component>
      <object_component id="oc-f8">
         <name>.debug_info</name>
         <load_address>0x78dd</load_address>
         <run_address>0x78dd</run_address>
         <size>0x213</size>
         <input_file_ref idref="fl-a"/>
      </object_component>
      <object_component id="oc-100">
         <name>.debug_info</name>
         <load_address>0x7af0</load_address>
         <run_address>0x7af0</run_address>
         <size>0x22b</size>
         <input_file_ref idref="fl-a"/>
      </object_component>
      <object_component id="oc-1db">
         <name>.debug_info</name>
         <load_address>0x7d1b</load_address>
         <run_address>0x7d1b</run_address>
         <size>0x19a</size>
         <input_file_ref idref="fl-a"/>
      </object_component>
      <object_component id="oc-118">
         <name>.debug_info</name>
         <load_address>0x7eb5</load_address>
         <run_address>0x7eb5</run_address>
         <size>0xda</size>
         <input_file_ref idref="fl-a"/>
      </object_component>
      <object_component id="oc-104">
         <name>.debug_info</name>
         <load_address>0x7f8f</load_address>
         <run_address>0x7f8f</run_address>
         <size>0xda5</size>
         <input_file_ref idref="fl-b"/>
      </object_component>
      <object_component id="oc-c0">
         <name>.debug_info</name>
         <load_address>0x8d34</load_address>
         <run_address>0x8d34</run_address>
         <size>0xde</size>
         <input_file_ref idref="fl-b"/>
      </object_component>
      <object_component id="oc-a0">
         <name>.debug_info</name>
         <load_address>0x8e12</load_address>
         <run_address>0x8e12</run_address>
         <size>0x1c3</size>
         <input_file_ref idref="fl-b"/>
      </object_component>
      <object_component id="oc-e6">
         <name>.debug_info</name>
         <load_address>0x8fd5</load_address>
         <run_address>0x8fd5</run_address>
         <size>0x220</size>
         <input_file_ref idref="fl-b"/>
      </object_component>
      <object_component id="oc-e0">
         <name>.debug_info</name>
         <load_address>0x91f5</load_address>
         <run_address>0x91f5</run_address>
         <size>0x206</size>
         <input_file_ref idref="fl-b"/>
      </object_component>
      <object_component id="oc-74">
         <name>.debug_info</name>
         <load_address>0x93fb</load_address>
         <run_address>0x93fb</run_address>
         <size>0x15f</size>
         <input_file_ref idref="fl-b"/>
      </object_component>
      <object_component id="oc-ec">
         <name>.debug_info</name>
         <load_address>0x955a</load_address>
         <run_address>0x955a</run_address>
         <size>0x159</size>
         <input_file_ref idref="fl-b"/>
      </object_component>
      <object_component id="oc-b2">
         <name>.debug_info</name>
         <load_address>0x96b3</load_address>
         <run_address>0x96b3</run_address>
         <size>0x130</size>
         <input_file_ref idref="fl-c"/>
      </object_component>
      <object_component id="oc-2cf">
         <name>.debug_info</name>
         <load_address>0x97e3</load_address>
         <run_address>0x97e3</run_address>
         <size>0x254</size>
         <input_file_ref idref="fl-d"/>
      </object_component>
      <object_component id="oc-2cb">
         <name>.debug_info</name>
         <load_address>0x9a37</load_address>
         <run_address>0x9a37</run_address>
         <size>0x10b</size>
         <input_file_ref idref="fl-d"/>
      </object_component>
      <object_component id="oc-2c8">
         <name>.debug_info</name>
         <load_address>0x9b42</load_address>
         <run_address>0x9b42</run_address>
         <size>0x10f</size>
         <input_file_ref idref="fl-d"/>
      </object_component>
      <object_component id="oc-1ba">
         <name>.debug_info</name>
         <load_address>0x9c51</load_address>
         <run_address>0x9c51</run_address>
         <size>0x100</size>
         <input_file_ref idref="fl-d"/>
      </object_component>
      <object_component id="oc-271">
         <name>.debug_info</name>
         <load_address>0x9d51</load_address>
         <run_address>0x9d51</run_address>
         <size>0x92e</size>
         <input_file_ref idref="fl-e"/>
      </object_component>
      <object_component id="oc-1b0">
         <name>.debug_info</name>
         <load_address>0xa67f</load_address>
         <run_address>0xa67f</run_address>
         <size>0x112</size>
         <input_file_ref idref="fl-e"/>
      </object_component>
      <object_component id="oc-1b3">
         <name>.debug_info</name>
         <load_address>0xa791</load_address>
         <run_address>0xa791</run_address>
         <size>0x11e</size>
         <input_file_ref idref="fl-e"/>
      </object_component>
      <object_component id="oc-368">
         <name>.debug_info</name>
         <load_address>0xa8af</load_address>
         <run_address>0xa8af</run_address>
         <size>0xf3</size>
         <input_file_ref idref="fl-e"/>
      </object_component>
      <object_component id="oc-186">
         <name>.debug_info</name>
         <load_address>0xa9a2</load_address>
         <run_address>0xa9a2</run_address>
         <size>0x3e5</size>
         <input_file_ref idref="fl-e"/>
      </object_component>
      <object_component id="oc-26b">
         <name>.debug_info</name>
         <load_address>0xad87</load_address>
         <run_address>0xad87</run_address>
         <size>0x2f1</size>
         <input_file_ref idref="fl-e"/>
      </object_component>
      <object_component id="oc-18d">
         <name>.debug_info</name>
         <load_address>0xb078</load_address>
         <run_address>0xb078</run_address>
         <size>0x24d</size>
         <input_file_ref idref="fl-e"/>
      </object_component>
      <object_component id="oc-290">
         <name>.debug_info</name>
         <load_address>0xb2c5</load_address>
         <run_address>0xb2c5</run_address>
         <size>0x292</size>
         <input_file_ref idref="fl-e"/>
      </object_component>
      <object_component id="oc-297">
         <name>.debug_info</name>
         <load_address>0xb557</load_address>
         <run_address>0xb557</run_address>
         <size>0x3f5</size>
         <input_file_ref idref="fl-e"/>
      </object_component>
      <object_component id="oc-29c">
         <name>.debug_info</name>
         <load_address>0xb94c</load_address>
         <run_address>0xb94c</run_address>
         <size>0x2ad</size>
         <input_file_ref idref="fl-e"/>
      </object_component>
      <object_component id="oc-2a2">
         <name>.debug_info</name>
         <load_address>0xbbf9</load_address>
         <run_address>0xbbf9</run_address>
         <size>0x2ad</size>
         <input_file_ref idref="fl-e"/>
      </object_component>
      <object_component id="oc-2a8">
         <name>.debug_info</name>
         <load_address>0xbea6</load_address>
         <run_address>0xbea6</run_address>
         <size>0x2de</size>
         <input_file_ref idref="fl-e"/>
      </object_component>
      <object_component id="oc-2af">
         <name>.debug_info</name>
         <load_address>0xc184</load_address>
         <run_address>0xc184</run_address>
         <size>0x1fb</size>
         <input_file_ref idref="fl-e"/>
      </object_component>
      <object_component id="oc-2b4">
         <name>.debug_info</name>
         <load_address>0xc37f</load_address>
         <run_address>0xc37f</run_address>
         <size>0x1b6</size>
         <input_file_ref idref="fl-e"/>
      </object_component>
      <object_component id="oc-2bb">
         <name>.debug_info</name>
         <load_address>0xc535</load_address>
         <run_address>0xc535</run_address>
         <size>0x226</size>
         <input_file_ref idref="fl-e"/>
      </object_component>
      <object_component id="oc-357">
         <name>.debug_info</name>
         <load_address>0xc75b</load_address>
         <run_address>0xc75b</run_address>
         <size>0x37e2</size>
         <input_file_ref idref="fl-e"/>
      </object_component>
      <object_component id="oc-3a8">
         <name>.debug_info</name>
         <load_address>0xff3d</load_address>
         <run_address>0xff3d</run_address>
         <size>0x874</size>
         <input_file_ref idref="fl-f"/>
      </object_component>
      <object_component id="oc-345">
         <name>.debug_info</name>
         <load_address>0x107b1</load_address>
         <run_address>0x107b1</run_address>
         <size>0x106</size>
         <input_file_ref idref="fl-f"/>
      </object_component>
      <object_component id="oc-247">
         <name>.debug_info</name>
         <load_address>0x108b7</load_address>
         <run_address>0x108b7</run_address>
         <size>0x25d</size>
         <input_file_ref idref="fl-f"/>
      </object_component>
      <object_component id="oc-24d">
         <name>.debug_info</name>
         <load_address>0x10b14</load_address>
         <run_address>0x10b14</run_address>
         <size>0x226</size>
         <input_file_ref idref="fl-f"/>
      </object_component>
      <object_component id="oc-25f">
         <name>.debug_info</name>
         <load_address>0x10d3a</load_address>
         <run_address>0x10d3a</run_address>
         <size>0x21d</size>
         <input_file_ref idref="fl-f"/>
      </object_component>
      <object_component id="oc-265">
         <name>.debug_info</name>
         <load_address>0x10f57</load_address>
         <run_address>0x10f57</run_address>
         <size>0x1d0</size>
         <input_file_ref idref="fl-f"/>
      </object_component>
      <object_component id="oc-7b">
         <name>.debug_info</name>
         <load_address>0x11127</load_address>
         <run_address>0x11127</run_address>
         <size>0x2d0</size>
         <input_file_ref idref="fl-10"/>
      </object_component>
      <object_component id="oc-27">
         <name>.debug_info</name>
         <load_address>0x113f7</load_address>
         <run_address>0x113f7</run_address>
         <size>0xfc</size>
         <input_file_ref idref="fl-10"/>
      </object_component>
      <object_component id="oc-6a">
         <name>.debug_info</name>
         <load_address>0x114f3</load_address>
         <run_address>0x114f3</run_address>
         <size>0x15f</size>
         <input_file_ref idref="fl-10"/>
      </object_component>
      <object_component id="oc-71">
         <name>.debug_info</name>
         <load_address>0x11652</load_address>
         <run_address>0x11652</run_address>
         <size>0x147</size>
         <input_file_ref idref="fl-10"/>
      </object_component>
      <object_component id="oc-27c">
         <name>.debug_info</name>
         <load_address>0x11799</load_address>
         <run_address>0x11799</run_address>
         <size>0x561</size>
         <input_file_ref idref="fl-1c"/>
      </object_component>
      <object_component id="oc-192">
         <name>.debug_info</name>
         <load_address>0x11cfa</load_address>
         <run_address>0x11cfa</run_address>
         <size>0x1ef</size>
         <input_file_ref idref="fl-1c"/>
      </object_component>
      <object_component id="oc-19e">
         <name>.debug_info</name>
         <load_address>0x11ee9</load_address>
         <run_address>0x11ee9</run_address>
         <size>0x203</size>
         <input_file_ref idref="fl-1c"/>
      </object_component>
      <object_component id="oc-1a4">
         <name>.debug_info</name>
         <load_address>0x120ec</load_address>
         <run_address>0x120ec</run_address>
         <size>0x1d0</size>
         <input_file_ref idref="fl-1c"/>
      </object_component>
      <object_component id="oc-198">
         <name>.debug_info</name>
         <load_address>0x122bc</load_address>
         <run_address>0x122bc</run_address>
         <size>0x1f6</size>
         <input_file_ref idref="fl-1c"/>
      </object_component>
      <object_component id="oc-1aa">
         <name>.debug_info</name>
         <load_address>0x124b2</load_address>
         <run_address>0x124b2</run_address>
         <size>0x1c3</size>
         <input_file_ref idref="fl-1c"/>
      </object_component>
      <object_component id="oc-2de">
         <name>.debug_info</name>
         <load_address>0x12675</load_address>
         <run_address>0x12675</run_address>
         <size>0x26b</size>
         <input_file_ref idref="fl-1c"/>
      </object_component>
      <object_component id="oc-2d9">
         <name>.debug_info</name>
         <load_address>0x128e0</load_address>
         <run_address>0x128e0</run_address>
         <size>0x439</size>
         <input_file_ref idref="fl-1c"/>
      </object_component>
      <object_component id="oc-237">
         <name>.debug_info</name>
         <load_address>0x12d19</load_address>
         <run_address>0x12d19</run_address>
         <size>0x297</size>
         <input_file_ref idref="fl-1c"/>
      </object_component>
      <object_component id="oc-166">
         <name>.debug_info</name>
         <load_address>0x12fb0</load_address>
         <run_address>0x12fb0</run_address>
         <size>0xef</size>
         <input_file_ref idref="fl-1c"/>
      </object_component>
      <object_component id="oc-16b">
         <name>.debug_info</name>
         <load_address>0x1309f</load_address>
         <run_address>0x1309f</run_address>
         <size>0xbb</size>
         <input_file_ref idref="fl-1c"/>
      </object_component>
      <object_component id="oc-2d5">
         <name>.debug_info</name>
         <load_address>0x1315a</load_address>
         <run_address>0x1315a</run_address>
         <size>0x3fb</size>
         <input_file_ref idref="fl-1d"/>
      </object_component>
      <object_component id="oc-1cb">
         <name>.debug_info</name>
         <load_address>0x13555</load_address>
         <run_address>0x13555</run_address>
         <size>0x203</size>
         <input_file_ref idref="fl-1d"/>
      </object_component>
      <object_component id="oc-1c5">
         <name>.debug_info</name>
         <load_address>0x13758</load_address>
         <run_address>0x13758</run_address>
         <size>0x257</size>
         <input_file_ref idref="fl-1d"/>
      </object_component>
      <object_component id="oc-27f">
         <name>.debug_info</name>
         <load_address>0x139af</load_address>
         <run_address>0x139af</run_address>
         <size>0x1e3</size>
         <input_file_ref idref="fl-1d"/>
      </object_component>
      <object_component id="oc-288">
         <name>.debug_info</name>
         <load_address>0x13b92</load_address>
         <run_address>0x13b92</run_address>
         <size>0x1db</size>
         <input_file_ref idref="fl-1d"/>
      </object_component>
      <object_component id="oc-2c6">
         <name>.debug_info</name>
         <load_address>0x13d6d</load_address>
         <run_address>0x13d6d</run_address>
         <size>0x27c</size>
         <input_file_ref idref="fl-1e"/>
      </object_component>
      <object_component id="oc-2c2">
         <name>.debug_info</name>
         <load_address>0x13fe9</load_address>
         <run_address>0x13fe9</run_address>
         <size>0x13a</size>
         <input_file_ref idref="fl-1e"/>
      </object_component>
      <object_component id="oc-1b6">
         <name>.debug_info</name>
         <load_address>0x14123</load_address>
         <run_address>0x14123</run_address>
         <size>0x12f</size>
         <input_file_ref idref="fl-1e"/>
      </object_component>
      <object_component id="oc-1d0">
         <name>.debug_info</name>
         <load_address>0x14252</load_address>
         <run_address>0x14252</run_address>
         <size>0x556</size>
         <input_file_ref idref="fl-1f"/>
      </object_component>
      <object_component id="oc-2d1">
         <name>.debug_info</name>
         <load_address>0x147a8</load_address>
         <run_address>0x147a8</run_address>
         <size>0x12d</size>
         <input_file_ref idref="fl-1f"/>
      </object_component>
      <object_component id="oc-1c0">
         <name>.debug_info</name>
         <load_address>0x148d5</load_address>
         <run_address>0x148d5</run_address>
         <size>0x230</size>
         <input_file_ref idref="fl-1f"/>
      </object_component>
      <object_component id="oc-f3">
         <name>.debug_info</name>
         <load_address>0x14b05</load_address>
         <run_address>0x14b05</run_address>
         <size>0x3e2</size>
         <input_file_ref idref="fl-1f"/>
      </object_component>
      <object_component id="oc-236">
         <name>.debug_info</name>
         <load_address>0x14ee7</load_address>
         <run_address>0x14ee7</run_address>
         <size>0x706</size>
         <input_file_ref idref="fl-20"/>
      </object_component>
      <object_component id="oc-163">
         <name>.debug_info</name>
         <load_address>0x155ed</load_address>
         <run_address>0x155ed</run_address>
         <size>0x124</size>
         <input_file_ref idref="fl-20"/>
      </object_component>
      <object_component id="oc-160">
         <name>.debug_info</name>
         <load_address>0x15711</load_address>
         <run_address>0x15711</run_address>
         <size>0x1d9</size>
         <input_file_ref idref="fl-20"/>
      </object_component>
      <object_component id="oc-242">
         <name>.debug_info</name>
         <load_address>0x158ea</load_address>
         <run_address>0x158ea</run_address>
         <size>0x1b8</size>
         <input_file_ref idref="fl-20"/>
      </object_component>
      <object_component id="oc-17c">
         <name>.debug_info</name>
         <load_address>0x15aa2</load_address>
         <run_address>0x15aa2</run_address>
         <size>0x308</size>
         <input_file_ref idref="fl-20"/>
      </object_component>
      <object_component id="oc-182">
         <name>.debug_info</name>
         <load_address>0x15daa</load_address>
         <run_address>0x15daa</run_address>
         <size>0x38b</size>
         <input_file_ref idref="fl-20"/>
      </object_component>
      <object_component id="oc-bd">
         <name>.debug_info</name>
         <load_address>0x16135</load_address>
         <run_address>0x16135</run_address>
         <size>0x22f</size>
         <input_file_ref idref="fl-20"/>
      </object_component>
      <object_component id="oc-320">
         <name>.debug_info</name>
         <load_address>0x16364</load_address>
         <run_address>0x16364</run_address>
         <size>0x431a</size>
         <input_file_ref idref="fl-20"/>
      </object_component>
      <object_component id="oc-325">
         <name>.debug_info</name>
         <load_address>0x1a67e</load_address>
         <run_address>0x1a67e</run_address>
         <size>0x1028</size>
         <input_file_ref idref="fl-20"/>
      </object_component>
      <object_component id="oc-3ab">
         <name>.debug_info</name>
         <load_address>0x1b6a6</load_address>
         <run_address>0x1b6a6</run_address>
         <size>0x701</size>
         <input_file_ref idref="fl-21"/>
      </object_component>
      <object_component id="oc-34e">
         <name>.debug_info</name>
         <load_address>0x1bda7</load_address>
         <run_address>0x1bda7</run_address>
         <size>0x135</size>
         <input_file_ref idref="fl-21"/>
      </object_component>
      <object_component id="oc-333">
         <name>.debug_info</name>
         <load_address>0x1bedc</load_address>
         <run_address>0x1bedc</run_address>
         <size>0x252</size>
         <input_file_ref idref="fl-21"/>
      </object_component>
      <object_component id="oc-32d">
         <name>.debug_info</name>
         <load_address>0x1c12e</load_address>
         <run_address>0x1c12e</run_address>
         <size>0x2a5</size>
         <input_file_ref idref="fl-21"/>
      </object_component>
      <object_component id="oc-25a">
         <name>.debug_info</name>
         <load_address>0x1c3d3</load_address>
         <run_address>0x1c3d3</run_address>
         <size>0x25a</size>
         <input_file_ref idref="fl-21"/>
      </object_component>
      <object_component id="oc-254">
         <name>.debug_info</name>
         <load_address>0x1c62d</load_address>
         <run_address>0x1c62d</run_address>
         <size>0x258</size>
         <input_file_ref idref="fl-21"/>
      </object_component>
      <object_component id="oc-398">
         <name>.debug_info</name>
         <load_address>0x1c885</load_address>
         <run_address>0x1c885</run_address>
         <size>0x6f5</size>
         <input_file_ref idref="fl-24"/>
      </object_component>
      <object_component id="oc-392">
         <name>.debug_info</name>
         <load_address>0x1cf7a</load_address>
         <run_address>0x1cf7a</run_address>
         <size>0x1c7</size>
         <input_file_ref idref="fl-24"/>
      </object_component>
      <object_component id="oc-339">
         <name>.debug_info</name>
         <load_address>0x1d141</load_address>
         <run_address>0x1d141</run_address>
         <size>0x22b</size>
         <input_file_ref idref="fl-24"/>
      </object_component>
      <object_component id="oc-33f">
         <name>.debug_info</name>
         <load_address>0x1d36c</load_address>
         <run_address>0x1d36c</run_address>
         <size>0x235</size>
         <input_file_ref idref="fl-24"/>
      </object_component>
      <object_component id="oc-3a0">
         <name>.debug_info</name>
         <load_address>0x1d5a1</load_address>
         <run_address>0x1d5a1</run_address>
         <size>0x1e9</size>
         <input_file_ref idref="fl-24"/>
      </object_component>
      <object_component id="oc-39a">
         <name>.debug_info</name>
         <load_address>0x1d78a</load_address>
         <run_address>0x1d78a</run_address>
         <size>0x1e9</size>
         <input_file_ref idref="fl-24"/>
      </object_component>
      <object_component id="oc-3b1">
         <name>.debug_info</name>
         <load_address>0x1d973</load_address>
         <run_address>0x1d973</run_address>
         <size>0x131</size>
         <input_file_ref idref="fl-24"/>
      </object_component>
      <object_component id="oc-39">
         <name>.debug_info</name>
         <load_address>0x1daa4</load_address>
         <run_address>0x1daa4</run_address>
         <size>0x119</size>
         <input_file_ref idref="fl-e4"/>
      </object_component>
      <object_component id="oc-92">
         <name>.debug_info</name>
         <load_address>0x1dbbd</load_address>
         <run_address>0x1dbbd</run_address>
         <size>0x2d4</size>
         <input_file_ref idref="fl-e5"/>
      </object_component>
      <object_component id="oc-4a">
         <name>.debug_info</name>
         <load_address>0x1de91</load_address>
         <run_address>0x1de91</run_address>
         <size>0x1b5</size>
         <input_file_ref idref="fl-e5"/>
      </object_component>
      <object_component id="oc-8d">
         <name>.debug_info</name>
         <load_address>0x1e046</load_address>
         <run_address>0x1e046</run_address>
         <size>0x46</size>
         <input_file_ref idref="fl-e5"/>
      </object_component>
      <object_component id="oc-d6">
         <name>.debug_info</name>
         <load_address>0x1e08c</load_address>
         <run_address>0x1e08c</run_address>
         <size>0x2c</size>
         <input_file_ref idref="fl-e5"/>
      </object_component>
      <object_component id="oc-42">
         <name>.debug_info</name>
         <load_address>0x1e0b8</load_address>
         <run_address>0x1e0b8</run_address>
         <size>0x2a8</size>
         <input_file_ref idref="fl-e6"/>
      </object_component>
      <object_component id="oc-1f">
         <name>.debug_info</name>
         <load_address>0x1e360</load_address>
         <run_address>0x1e360</run_address>
         <size>0x1ea</size>
         <input_file_ref idref="fl-e6"/>
      </object_component>
      <object_component id="oc-3d">
         <name>.debug_info</name>
         <load_address>0x1e54a</load_address>
         <run_address>0x1e54a</run_address>
         <size>0x46</size>
         <input_file_ref idref="fl-e6"/>
      </object_component>
      <object_component id="oc-85">
         <name>.debug_info</name>
         <load_address>0x1e590</load_address>
         <run_address>0x1e590</run_address>
         <size>0x2c</size>
         <input_file_ref idref="fl-e6"/>
      </object_component>
      <object_component id="oc-83">
         <name>.debug_info</name>
         <load_address>0x1e5bc</load_address>
         <run_address>0x1e5bc</run_address>
         <size>0x29e</size>
         <input_file_ref idref="fl-e7"/>
      </object_component>
      <object_component id="oc-1a">
         <name>.debug_info</name>
         <load_address>0x1e85a</load_address>
         <run_address>0x1e85a</run_address>
         <size>0x250</size>
         <input_file_ref idref="fl-e7"/>
      </object_component>
      <object_component id="oc-2d">
         <name>.debug_info</name>
         <load_address>0x1eaaa</load_address>
         <run_address>0x1eaaa</run_address>
         <size>0x60</size>
         <input_file_ref idref="fl-e7"/>
      </object_component>
      <object_component id="oc-cf">
         <name>.debug_info</name>
         <load_address>0x1eb0a</load_address>
         <run_address>0x1eb0a</run_address>
         <size>0x46</size>
         <input_file_ref idref="fl-e7"/>
      </object_component>
      <object_component id="oc-7e">
         <name>.debug_info</name>
         <load_address>0x1eb50</load_address>
         <run_address>0x1eb50</run_address>
         <size>0x39</size>
         <input_file_ref idref="fl-e7"/>
      </object_component>
      <object_component id="oc-2a">
         <name>.debug_info</name>
         <load_address>0x1eb89</load_address>
         <run_address>0x1eb89</run_address>
         <size>0x10b</size>
         <input_file_ref idref="fl-e9"/>
      </object_component>
      <object_component id="oc-59">
         <name>.debug_info</name>
         <load_address>0x1ec94</load_address>
         <run_address>0x1ec94</run_address>
         <size>0x1a9</size>
         <input_file_ref idref="fl-e9"/>
      </object_component>
      <object_component id="oc-94">
         <name>.debug_info</name>
         <load_address>0x1ee3d</load_address>
         <run_address>0x1ee3d</run_address>
         <size>0x147</size>
         <input_file_ref idref="fl-eb"/>
      </object_component>
      <object_component id="oc-21e">
         <name>.debug_info</name>
         <load_address>0x1ef84</load_address>
         <run_address>0x1ef84</run_address>
         <size>0x4b3</size>
         <input_file_ref idref="fl-ec"/>
      </object_component>
      <object_component id="oc-12a">
         <name>.debug_info</name>
         <load_address>0x1f437</load_address>
         <run_address>0x1f437</run_address>
         <size>0x1a6</size>
         <input_file_ref idref="fl-ec"/>
      </object_component>
      <object_component id="oc-30d">
         <name>.debug_info</name>
         <load_address>0x1f5dd</load_address>
         <run_address>0x1f5dd</run_address>
         <size>0x39</size>
         <input_file_ref idref="fl-ec"/>
      </object_component>
      <object_component id="oc-383">
         <name>.debug_info</name>
         <load_address>0x1f616</load_address>
         <run_address>0x1f616</run_address>
         <size>0x39</size>
         <input_file_ref idref="fl-ec"/>
      </object_component>
      <object_component id="oc-312">
         <name>.debug_info</name>
         <load_address>0x1f64f</load_address>
         <run_address>0x1f64f</run_address>
         <size>0x39</size>
         <input_file_ref idref="fl-ec"/>
      </object_component>
      <object_component id="oc-317">
         <name>.debug_info</name>
         <load_address>0x1f688</load_address>
         <run_address>0x1f688</run_address>
         <size>0xcd</size>
         <input_file_ref idref="fl-ec"/>
      </object_component>
      <object_component id="oc-9a">
         <name>.debug_info</name>
         <load_address>0x1f755</load_address>
         <run_address>0x1f755</run_address>
         <size>0x153</size>
         <input_file_ref idref="fl-ed"/>
      </object_component>
      <object_component id="oc-11f">
         <name>.debug_info</name>
         <load_address>0x1f8a8</load_address>
         <run_address>0x1f8a8</run_address>
         <size>0x122</size>
         <input_file_ref idref="fl-ef"/>
      </object_component>
      <object_component id="oc-3f1">
         <name>.debug_info</name>
         <load_address>0x1f9ca</load_address>
         <run_address>0x1f9ca</run_address>
         <size>0xa4</size>
      </object_component>
      <object_component id="oc-23d">
         <name>.debug_line</name>
         <load_address>0x0</load_address>
         <run_address>0x0</run_address>
         <size>0x20</size>
         <input_file_ref idref="fl-2"/>
      </object_component>
      <object_component id="oc-2ea">
         <name>.debug_line</name>
         <load_address>0x20</load_address>
         <run_address>0x20</run_address>
         <size>0x31</size>
         <input_file_ref idref="fl-2"/>
      </object_component>
      <object_component id="oc-2e8">
         <name>.debug_line</name>
         <load_address>0x51</load_address>
         <run_address>0x51</run_address>
         <size>0x31</size>
         <input_file_ref idref="fl-2"/>
      </object_component>
      <object_component id="oc-1f7">
         <name>.debug_line</name>
         <load_address>0x82</load_address>
         <run_address>0x82</run_address>
         <size>0x31</size>
         <input_file_ref idref="fl-2"/>
      </object_component>
      <object_component id="oc-cd">
         <name>.debug_line</name>
         <load_address>0xb3</load_address>
         <run_address>0xb3</run_address>
         <size>0x6f</size>
         <input_file_ref idref="fl-2"/>
      </object_component>
      <object_component id="oc-1d5">
         <name>.debug_line</name>
         <load_address>0x122</load_address>
         <run_address>0x122</run_address>
         <size>0x64</size>
         <input_file_ref idref="fl-2"/>
      </object_component>
      <object_component id="oc-35">
         <name>.debug_line</name>
         <load_address>0x186</load_address>
         <run_address>0x186</run_address>
         <size>0x20</size>
         <input_file_ref idref="fl-2"/>
      </object_component>
      <object_component id="oc-175">
         <name>.debug_line</name>
         <load_address>0x1a6</load_address>
         <run_address>0x1a6</run_address>
         <size>0x73</size>
         <input_file_ref idref="fl-2"/>
      </object_component>
      <object_component id="oc-1ee">
         <name>.debug_line</name>
         <load_address>0x219</load_address>
         <run_address>0x219</run_address>
         <size>0x6f</size>
         <input_file_ref idref="fl-2"/>
      </object_component>
      <object_component id="oc-c6">
         <name>.debug_line</name>
         <load_address>0x288</load_address>
         <run_address>0x288</run_address>
         <size>0x70</size>
         <input_file_ref idref="fl-2"/>
      </object_component>
      <object_component id="oc-2f0">
         <name>.debug_line</name>
         <load_address>0x2f8</load_address>
         <run_address>0x2f8</run_address>
         <size>0x20</size>
         <input_file_ref idref="fl-3"/>
      </object_component>
      <object_component id="oc-2ee">
         <name>.debug_line</name>
         <load_address>0x318</load_address>
         <run_address>0x318</run_address>
         <size>0x30</size>
         <input_file_ref idref="fl-3"/>
      </object_component>
      <object_component id="oc-2ec">
         <name>.debug_line</name>
         <load_address>0x348</load_address>
         <run_address>0x348</run_address>
         <size>0x30</size>
         <input_file_ref idref="fl-3"/>
      </object_component>
      <object_component id="oc-1ff">
         <name>.debug_line</name>
         <load_address>0x378</load_address>
         <run_address>0x378</run_address>
         <size>0x30</size>
         <input_file_ref idref="fl-3"/>
      </object_component>
      <object_component id="oc-37a">
         <name>.debug_line</name>
         <load_address>0x3a8</load_address>
         <run_address>0x3a8</run_address>
         <size>0xd3</size>
         <input_file_ref idref="fl-4"/>
      </object_component>
      <object_component id="oc-37e">
         <name>.debug_line</name>
         <load_address>0x47b</load_address>
         <run_address>0x47b</run_address>
         <size>0x79</size>
         <input_file_ref idref="fl-4"/>
      </object_component>
      <object_component id="oc-1e9">
         <name>.debug_line</name>
         <load_address>0x4f4</load_address>
         <run_address>0x4f4</run_address>
         <size>0x78</size>
         <input_file_ref idref="fl-4"/>
      </object_component>
      <object_component id="oc-1e4">
         <name>.debug_line</name>
         <load_address>0x56c</load_address>
         <run_address>0x56c</run_address>
         <size>0x7b</size>
         <input_file_ref idref="fl-4"/>
      </object_component>
      <object_component id="oc-116">
         <name>.debug_line</name>
         <load_address>0x5e7</load_address>
         <run_address>0x5e7</run_address>
         <size>0x20</size>
         <input_file_ref idref="fl-4"/>
      </object_component>
      <object_component id="oc-34b">
         <name>.debug_line</name>
         <load_address>0x607</load_address>
         <run_address>0x607</run_address>
         <size>0x79</size>
         <input_file_ref idref="fl-4"/>
      </object_component>
      <object_component id="oc-2f6">
         <name>.debug_line</name>
         <load_address>0x680</load_address>
         <run_address>0x680</run_address>
         <size>0x20</size>
         <input_file_ref idref="fl-8"/>
      </object_component>
      <object_component id="oc-2f4">
         <name>.debug_line</name>
         <load_address>0x6a0</load_address>
         <run_address>0x6a0</run_address>
         <size>0x31</size>
         <input_file_ref idref="fl-8"/>
      </object_component>
      <object_component id="oc-2f2">
         <name>.debug_line</name>
[...]
         <index>0x1</index>
         <name>__TI_decompress_none</name>
      </handler>
      <handler>
         <index>0x2</index>
         <name>__TI_zero_init</name>
      </handler>
   </handler_table>
   <symbol_table>
      <symbol id="sm-1">
         <name>WDTCTL_SYM</name>
         <value>0x4000480c</value>
      </symbol>
      <symbol id="sm-2">
         <name>__start___llvm_prf_cnts</name>
         <value>0x20000000</value>
      </symbol>
      <symbol id="sm-3">
         <name>__stop___llvm_prf_cnts</name>
         <value>0x20000000</value>
      </symbol>
      <symbol id="sm-4">
         <name>__TI_CINIT_Base</name>
         <value>0x6200</value>
      </symbol>
      <symbol id="sm-5">
         <name>__TI_CINIT_Limit</name>
         <value>0x6210</value>
      </symbol>
      <symbol id="sm-6">
         <name>__TI_Handler_Table_Base</name>
         <value>0x61e8</value>
      </symbol>
      <symbol id="sm-7">
         <name>__TI_Handler_Table_Limit</name>
         <value>0x61f4</value>
      </symbol>
      <symbol id="sm-8">
         <name>binit</name>
         <value>0xffffffff</value>
      </symbol>
      <symbol id="sm-9">
         <name>__binit__</name>
         <value>0xffffffff</value>
      </symbol>
      <symbol id="sm-a">
         <name>__STACK_SIZE</name>
         <value>0x200</value>
      </symbol>
      <symbol id="sm-b">
         <name>__STACK_END</name>
         <value>0x20010000</value>
      </symbol>
      <symbol id="sm-c">
         <name>__c_args__</name>
         <value>0xffffffff</value>
      </symbol>
      <symbol id="sm-d">
         <name>__TI_pprof_out_hndl</name>
         <value>0xffffffff</value>
      </symbol>
      <symbol id="sm-e">
         <name>__TI_prof_data_start</name>
         <value>0xffffffff</value>
      </symbol>
      <symbol id="sm-f">
         <name>__TI_prof_data_size</name>
         <value>0xffffffff</value>
      </symbol>
      <symbol id="sm-62">
         <name>BasicMap00004BPP_UNCOMP</name>
         <value>0x48c8</value>
         <object_component_ref idref="oc-106"/>
      </symbol>
      <symbol id="sm-7b">
         <name>Emerald100004BPP_UNCOMP</name>
         <value>0x48d8</value>
         <object_component_ref idref="oc-109"/>
      </symbol>
      <symbol id="sm-b4">
         <name>MinerBig00004BPP_UNCOMP</name>
         <value>0x48e8</value>
         <object_component_ref idref="oc-10c"/>
      </symbol>
      <symbol id="sm-cd">
         <name>SlimeBig00004BPP_UNCOMP</name>
         <value>0x48f8</value>
         <object_component_ref idref="oc-10f"/>
      </symbol>
      <symbol id="sm-fb">
         <name>move</name>
         <value>0x55b9</value>
         <object_component_ref idref="oc-fd"/>
      </symbol>
      <symbol id="sm-fc">
         <name>init_Character</name>
         <value>0x5ed9</value>
         <object_component_ref idref="oc-f7"/>
      </symbol>
      <symbol id="sm-fd">
         <name>movePossible</name>
         <value>0x5a3d</value>
         <object_component_ref idref="oc-1d7"/>
      </symbol>
      <symbol id="sm-155">
         <name>g_sContext</name>
         <value>0x20000400</value>
      </symbol>
      <symbol id="sm-156">
         <name>InitJoyStick</name>
         <value>0x4fe9</value>
         <object_component_ref idref="oc-df"/>
      </symbol>
      <symbol id="sm-157">
         <name>main</name>
         <value>0x538d</value>
         <object_component_ref idref="oc-9f"/>
      </symbol>
      <symbol id="sm-158">
         <name>ADC14_IRQHandler</name>
         <value>0x5c79</value>
         <object_component_ref idref="oc-73"/>
      </symbol>
      <symbol id="sm-159">
         <name>Init_Graph</name>
         <value>0x5cc9</value>
         <object_component_ref idref="oc-e5"/>
      </symbol>
      <symbol id="sm-15a">
         <name>titleScreen</name>
         <value>0x6099</value>
         <object_component_ref idref="oc-eb"/>
      </symbol>
      <symbol id="sm-16d">
         <name>SystemInit</name>
         <value>0x5959</value>
         <object_component_ref idref="oc-b1"/>
      </symbol>
      <symbol id="sm-186">
         <name>titleScreen00004BPP_UNCOMP</name>
         <value>0x4908</value>
         <object_component_ref idref="oc-1b9"/>
      </symbol>
      <symbol id="sm-23a">
         <name>Lcd_Orientation</name>
         <value>0x20000428</value>
      </symbol>
      <symbol id="sm-23b">
         <name>Lcd_ScreenWidth</name>
         <value>0x20000422</value>
      </symbol>
      <symbol id="sm-23c">
         <name>Lcd_ScreenHeigth</name>
         <value>0x20000420</value>
      </symbol>
      <symbol id="sm-23d">
         <name>Lcd_PenSolid</name>
         <value>0x20000429</value>
      </symbol>
      <symbol id="sm-23e">
         <name>Lcd_FontSolid</name>
         <value>0x20000427</value>
      </symbol>
      <symbol id="sm-23f">
         <name>Lcd_FlagRead</name>
         <value>0x20000426</value>
      </symbol>
      <symbol id="sm-240">
         <name>Lcd_TouchTrim</name>
         <value>0x20000424</value>
      </symbol>
      <symbol id="sm-241">
         <name>Crystalfontz128x128_SetDrawFrame</name>
         <value>0x512d</value>
         <object_component_ref idref="oc-26a"/>
      </symbol>
      <symbol id="sm-242">
         <name>Crystalfontz128x128_SetOrientation</name>
         <value>0x5bd1</value>
         <object_component_ref idref="oc-18b"/>
      </symbol>
      <symbol id="sm-243">
         <name>g_sCrystalfontz128x128_funcs</name>
         <value>0x488c</value>
         <object_component_ref idref="oc-1b2"/>
      </symbol>
      <symbol id="sm-244">
         <name>g_sCrystalfontz128x128</name>
         <value>0x2000042c</value>
         <object_component_ref idref="oc-1af"/>
      </symbol>
      <symbol id="sm-245">
         <name>Crystalfontz128x128_Init</name>
         <value>0x5261</value>
         <object_component_ref idref="oc-185"/>
      </symbol>
      <symbol id="sm-27e">
         <name>HAL_LCD_writeData</name>
         <value>0x5fcd</value>
         <object_component_ref idref="oc-264"/>
      </symbol>
      <symbol id="sm-27f">
         <name>HAL_LCD_SpiInit</name>
         <value>0x5e21</value>
         <object_component_ref idref="oc-24c"/>
      </symbol>
      <symbol id="sm-280">
         <name>HAL_LCD_PortInit</name>
         <value>0x5f45</value>
         <object_component_ref idref="oc-246"/>
      </symbol>
      <symbol id="sm-281">
         <name>HAL_LCD_writeCommand</name>
         <value>0x5ea1</value>
         <object_component_ref idref="oc-25e"/>
      </symbol>
      <symbol id="sm-29d">
         <name>Reset_Handler</name>
         <value>0x61af</value>
         <object_component_ref idref="oc-67"/>
      </symbol>
      <symbol id="sm-29e">
         <name>Default_Handler</name>
         <value>0x5957</value>
         <object_component_ref idref="oc-6d"/>
      </symbol>
      <symbol id="sm-29f">
         <name>interruptVectors</name>
         <value>0x0</value>
         <object_component_ref idref="oc-26"/>
      </symbol>
      <symbol id="sm-2e5">
         <name>Graphics_setBackgroundColor</name>
         <value>0x60f3</value>
         <object_component_ref idref="oc-19d"/>
      </symbol>
      <symbol id="sm-2e6">
         <name>Graphics_setFont</name>
         <value>0x610d</value>
         <object_component_ref idref="oc-1a3"/>
      </symbol>
      <symbol id="sm-2e7">
         <name>Graphics_initContext</name>
         <value>0x5c25</value>
         <object_component_ref idref="oc-191"/>
      </symbol>
      <symbol id="sm-2e8">
         <name>Graphics_setForegroundColor</name>
         <value>0x6153</value>
         <object_component_ref idref="oc-197"/>
      </symbol>
      <symbol id="sm-2e9">
         <name>Graphics_clearDisplay</name>
         <value>0x617f</value>
         <object_component_ref idref="oc-1a9"/>
      </symbol>
      <symbol id="sm-30e">
         <name>Graphics_clearDisplayOnDisplay</name>
         <value>0x60d9</value>
         <object_component_ref idref="oc-286"/>
      </symbol>
      <symbol id="sm-30f">
         <name>Graphics_drawPixelOnDisplay</name>
         <value>0x5fa1</value>
         <object_component_ref idref="oc-1c9"/>
      </symbol>
      <symbol id="sm-310">
         <name>Graphics_translateColorOnDisplay</name>
         <value>0x6169</value>
         <object_component_ref idref="oc-27d"/>
      </symbol>
      <symbol id="sm-311">
         <name>Graphics_drawMultiplePixelsOnDisplay</name>
         <value>0x5d15</value>
         <object_component_ref idref="oc-1c3"/>
      </symbol>
      <symbol id="sm-323">
         <name>g_sFontFixed6x8</name>
         <value>0x44fc</value>
         <object_component_ref idref="oc-1b5"/>
      </symbol>
      <symbol id="sm-359">
         <name>Graphics_drawImage</name>
         <value>0x4921</value>
         <object_component_ref idref="oc-f1"/>
      </symbol>
      <symbol id="sm-3e0">
         <name>ADC14_configureMultiSequenceMode</name>
         <value>0x5505</value>
         <object_component_ref idref="oc-178"/>
      </symbol>
      <symbol id="sm-3e1">
         <name>ADC14_configureConversionMemory</name>
         <value>0x5451</value>
         <object_component_ref idref="oc-17e"/>
      </symbol>
      <symbol id="sm-3e2">
         <name>ADC14_getResult</name>
         <value>0x5ff9</value>
         <object_component_ref idref="oc-b9"/>
      </symbol>
      <symbol id="sm-41b">
         <name>GPIO_setOutputHighOnPin</name>
         <value>0x6049</value>
         <object_component_ref idref="oc-258"/>
      </symbol>
      <symbol id="sm-41c">
         <name>GPIO_setAsOutputPin</name>
         <value>0x5de1</value>
         <object_component_ref idref="oc-331"/>
      </symbol>
      <symbol id="sm-41d">
         <name>GPIO_setOutputLowOnPin</name>
         <value>0x6071</value>
         <object_component_ref idref="oc-252"/>
      </symbol>
      <symbol id="sm-41e">
         <name>GPIO_setAsPeripheralModuleFunctionOutputPin</name>
         <value>0x5855</value>
         <object_component_ref idref="oc-32b"/>
      </symbol>
      <symbol id="sm-45f">
         <name>EUSCI_B_SPI_enable</name>
         <value>0x613d</value>
         <object_component_ref idref="oc-39f"/>
      </symbol>
      <symbol id="sm-460">
         <name>SPI_enableModule</name>
         <value>0x60bd</value>
         <object_component_ref idref="oc-33e"/>
      </symbol>
      <symbol id="sm-461">
         <name>EUSCI_A_SPI_enable</name>
         <value>0x6127</value>
         <object_component_ref idref="oc-399"/>
      </symbol>
      <symbol id="sm-462">
         <name>SPI_initMaster</name>
         <value>0x566d</value>
         <object_component_ref idref="oc-338"/>
      </symbol>
      <symbol id="sm-487">
         <name>memcpy</name>
         <value>0x57b9</value>
         <object_component_ref idref="oc-37"/>
      </symbol>
      <symbol id="sm-488">
         <name>__aeabi_memcpy</name>
         <value>0x57b9</value>
         <object_component_ref idref="oc-37"/>
      </symbol>
      <symbol id="sm-489">
         <name>__aeabi_memcpy8</name>
         <value>0x57b9</value>
         <object_component_ref idref="oc-37"/>
      </symbol>
      <symbol id="sm-48a">
         <name>__aeabi_memcpy4</name>
         <value>0x57b9</value>
         <object_component_ref idref="oc-37"/>
      </symbol>
      <symbol id="sm-4a1">
         <name>__TI_zero_init</name>
         <value>0x61bb</value>
         <object_component_ref idref="oc-49"/>
      </symbol>
      <symbol id="sm-4b8">
         <name>__TI_decompress_none</name>
         <value>0x61a1</value>
         <object_component_ref idref="oc-1d"/>
      </symbol>
      <symbol id="sm-4db">
         <name>__TI_decompress_lzss</name>
         <value>0x5aa9</value>
         <object_component_ref idref="oc-17"/>
      </symbol>
      <symbol id="sm-4ef">
         <name>__stack</name>
         <value>0x2000fe00</value>
         <object_component_ref idref="oc-29"/>
      </symbol>
      <symbol id="sm-4f0">
         <name>_c_int00_noargs</name>
         <value>0x5f11</value>
         <object_component_ref idref="oc-55"/>
      </symbol>
      <symbol id="sm-500">
         <name>__aeabi_memset</name>
         <value>0x58df</value>
         <object_component_ref idref="oc-93"/>
      </symbol>
      <symbol id="sm-501">
         <name>memset</name>
         <value>0x58e5</value>
         <object_component_ref idref="oc-93"/>
      </symbol>
      <symbol id="sm-502">
         <name>__aeabi_memset8</name>
         <value>0x58df</value>
         <object_component_ref idref="oc-93"/>
      </symbol>
      <symbol id="sm-503">
         <name>__aeabi_memset4</name>
         <value>0x58df</value>
         <object_component_ref idref="oc-93"/>
      </symbol>
      <symbol id="sm-504">
         <name>__aeabi_memclr8</name>
         <value>0x58dd</value>
         <object_component_ref idref="oc-93"/>
      </symbol>
      <symbol id="sm-505">
         <name>__aeabi_memclr4</name>
         <value>0x58dd</value>
         <object_component_ref idref="oc-93"/>
      </symbol>
      <symbol id="sm-506">
         <name>__aeabi_memclr</name>
         <value>0x58dd</value>
         <object_component_ref idref="oc-93"/>
      </symbol>
      <symbol id="sm-52e">
         <name>__TI_auto_init_nobinit_nopinit</name>
         <value>0x5d5d</value>
         <object_component_ref idref="oc-129"/>
      </symbol>
      <symbol id="sm-538">
         <name>_system_pre_init</name>
         <value>0x61d1</value>
         <object_component_ref idref="oc-99"/>
      </symbol>
      <symbol id="sm-544">
         <name>C$$EXIT</name>
         <value>0x61d5</value>
         <object_component_ref idref="oc-11d"/>
      </symbol>
      <symbol id="sm-545">
         <name>abort</name>
         <value>0x61d5</value>
         <object_component_ref idref="oc-11d"/>
      </symbol>
      <symbol id="sm-548">
         <name>__TI_static_base__</name>
         <value>0x0</value>
      </symbol>
      <symbol id="sm-54b">
         <name>__mpu_init</name>
         <value>0x0</value>
      </symbol>
      <symbol id="sm-54c">
         <name>_system_post_cinit</name>
         <value>0x0</value>
      </symbol>
      <symbol id="sm-54d">
         <name>NMI_Handler</name>
         <value>0x5957</value>
      </symbol>
      <symbol id="sm-54e">
         <name>HardFault_Handler</name>
         <value>0x5957</value>
      </symbol>
      <symbol id="sm-54f">
         <name>MemManage_Handler</name>
         <value>0x5957</value>
      </symbol>
      <symbol id="sm-550">
         <name>BusFault_Handler</name>
         <value>0x5957</value>
      </symbol>
      <symbol id="sm-551">
         <name>UsageFault_Handler</name>
         <value>0x5957</value>
      </symbol>
      <symbol id="sm-552">
         <name>SVC_Handler</name>
         <value>0x5957</value>
      </symbol>
      <symbol id="sm-553">
         <name>DebugMon_Handler</name>
         <value>0x5957</value>
      </symbol>
      <symbol id="sm-554">
         <name>PendSV_Handler</name>
         <value>0x5957</value>
      </symbol>
      <symbol id="sm-555">
         <name>SysTick_Handler</name>
         <value>0x5957</value>
      </symbol>
      <symbol id="sm-556">
         <name>PSS_IRQHandler</name>
         <value>0x5957</value>
      </symbol>
      <symbol id="sm-557">
         <name>CS_IRQHandler</name>
         <value>0x5957</value>
      </symbol>
      <symbol id="sm-558">
         <name>PCM_IRQHandler</name>
         <value>0x5957</value>
      </symbol>
      <symbol id="sm-559">
         <name>WDT_A_IRQHandler</name>
         <value>0x5957</value>
      </symbol>
      <symbol id="sm-55a">
         <name>FPU_IRQHandler</name>
         <value>0x5957</value>
      </symbol>
      <symbol id="sm-55b">
         <name>FLCTL_IRQHandler</name>
         <value>0x5957</value>
      </symbol>
      <symbol id="sm-55c">
         <name>COMP_E0_IRQHandler</name>
         <value>0x5957</value>
      </symbol>
      <symbol id="sm-55d">
         <name>COMP_E1_IRQHandler</name>
         <value>0x5957</value>
      </symbol>
      <symbol id="sm-55e">
         <name>TA0_0_IRQHandler</name>
         <value>0x5957</value>
      </symbol>
      <symbol id="sm-55f">
         <name>TA0_N_IRQHandler</name>
         <value>0x5957</value>
      </symbol>
      <symbol id="sm-560">
         <name>TA1_0_IRQHandler</name>
         <value>0x5957</value>
      </symbol>
      <symbol id="sm-561">
         <name>TA1_N_IRQHandler</name>
         <value>0x5957</value>
      </symbol>
      <symbol id="sm-562">
         <name>TA2_0_IRQHandler</name>
         <value>0x5957</value>
      </symbol>
      <symbol id="sm-563">
         <name>TA2_N_IRQHandler</name>
         <value>0x5957</value>
      </symbol>
      <symbol id="sm-564">
         <name>TA3_0_IRQHandler</name>
         <value>0x5957</value>
      </symbol>
      <symbol id="sm-565">
         <name>TA3_N_IRQHandler</name>
         <value>0x5957</value>
      </symbol>
      <symbol id="sm-566">
         <name>EUSCIA0_IRQHandler</name>
         <value>0x5957</value>
      </symbol>
      <symbol id="sm-567">
         <name>EUSCIA1_IRQHandler</name>
         <value>0x5957</value>
      </symbol>
      <symbol id="sm-568">
         <name>EUSCIA2_IRQHandler</name>
         <value>0x5957</value>
      </symbol>
      <symbol id="sm-569">
         <name>EUSCIA3_IRQHandler</name>
         <value>0x5957</value>
      </symbol>
      <symbol id="sm-56a">
         <name>EUSCIB0_IRQHandler</name>
         <value>0x5957</value>
      </symbol>
      <symbol id="sm-56b">
         <name>EUSCIB1_IRQHandler</name>
         <value>0x5957</value>
      </symbol>
      <symbol id="sm-56c">
         <name>EUSCIB2_IRQHandler</name>
         <value>0x5957</value>
      </symbol>
      <symbol id="sm-56d">
         <name>EUSCIB3_IRQHandler</name>
         <value>0x5957</value>
      </symbol>
      <symbol id="sm-56e">
         <name>ADC14_IRQHandler</name>
         <value>0x5c79</value>
      </symbol>
      <symbol id="sm-56f">
         <name>T32_INT1_IRQHandler</name>
         <value>0x5957</value>
      </symbol>
      <symbol id="sm-570">
         <name>T32_INT2_IRQHandler</name>
         <value>0x5957</value>
      </symbol>
      <symbol id="sm-571">
         <name>T32_INTC_IRQHandler</name>
         <value>0x5957</value>
      </symbol>
      <symbol id="sm-572">
         <name>AES256_IRQHandler</name>
         <value>0x5957</value>
      </symbol>
      <symbol id="sm-573">
         <name>RTC_C_IRQHandler</name>
         <value>0x5957</value>
      </symbol>
      <symbol id="sm-574">
         <name>DMA_ERR_IRQHandler</name>
         <value>0x5957</value>
      </symbol>
      <symbol id="sm-575">
         <name>DMA_INT3_IRQHandler</name>
         <value>0x5957</value>
      </symbol>
      <symbol id="sm-576">
         <name>DMA_INT2_IRQHandler</name>
         <value>0x5957</value>
      </symbol>
      <symbol id="sm-577">
         <name>DMA_INT1_IRQHandler</name>
         <value>0x5957</value>
      </symbol>
      <symbol id="sm-578">
         <name>DMA_INT0_IRQHandler</name>
         <value>0x5957</value>
      </symbol>
      <symbol id="sm-579">
         <name>PORT1_IRQHandler</name>
         <value>0x5957</value>
      </symbol>
      <symbol id="sm-57a">
         <name>PORT2_IRQHandler</name>
         <value>0x5957</value>
      </symbol>
      <symbol id="sm-57b">
         <name>PORT3_IRQHandler</name>
         <value>0x5957</value>
      </symbol>
      <symbol id="sm-57c">
         <name>PORT4_IRQHandler</name>
         <value>0x5957</value>
      </symbol>
      <symbol id="sm-57d">
         <name>PORT5_IRQHandler</name>
         <value>0x5957</value>
      </symbol>
      <symbol id="sm-57e">
         <name>PORT6_IRQHandler</name>
         <value>0x5957</value>
      </symbol>
   </symbol_table>
   <title>Link successful</title>
</link_info>
