******************************************************************************
                  TI ARM Linker PC v20.2.1                     
******************************************************************************
>> Linked Thu Dec  3 18:32:47 2020

OUTPUT FILE NAME:   <EmeraldMountain.out>
ENTRY POINT SYMBOL: "_c_int00_noargs"  address: 0000d3e1


MEMORY CONFIGURATION

         name            origin    length      used     unused   attr    fill
----------------------  --------  ---------  --------  --------  ----  --------
  MAIN                  00000000   00040000  0000d888  00032778  R  X
  INFO                  00200000   00004000  00000000  00004000  R  X
  SRAM_CODE             01000000   00010000  00000642  0000f9be  RW X
  SRAM_DATA             20000000   00010000  00000642  0000f9be  RW  


SEGMENT ALLOCATION MAP

run origin  load origin   length   init length attrs members
----------  ----------- ---------- ----------- ----- -------
00000000    00000000    0000d888   0000d888    r-x
  00000000    00000000    000000e4   000000e4    r-- .intvecs
  000000e4    000000e4    00008ce8   00008ce8    r-- .const
  00008dcc    00008dcc    00004a84   00004a84    r-x .text
  0000d850    0000d850    00000038   00000038    r-- .cinit
20000000    20000000    00000444   00000000    rw-
  20000000    20000000    0000042a   00000000    rw- .bss
  2000042c    2000042c    00000018   00000000    rw- .data
2000fe00    2000fe00    00000200   00000000    rw-
  2000fe00    2000fe00    00000200   00000000    rw- .stack


SECTION ALLOCATION MAP

 output                                  attributes/
section   page    origin      length       input sections
--------  ----  ----------  ----------   ----------------
.intvecs   0    00000000    000000e4     
                  00000000    000000e4     startup_msp432p401r_ccs.obj (.intvecs:retain)

.const     0    000000e4    00008ce8     
                  000000e4    00002000     BasicMap.obj (.const:.string:pixel_BasicMap00004BPP_UNCOMP)
                  000020e4    00002000     EndScreen.obj (.const:.string:pixel_EndScreen00004BPP_UNCOMP)
                  000040e4    00002000     FinalLevel.obj (.const:.string:pixel_FinalLevel00004BPP_UNCOMP)
                  000060e4    00002000     titleScreen.obj (.const:.string:pixel_titleScreen00004BPP_UNCOMP)
                  000080e4    000002f8     grlib.a : fontfixed6x8.obj (.const:.string:g_pucFontFixed6x8Data)
                  000083dc    00000120     MinerBackground.obj (.const:.string:pixel_MinerBackground00004BPP_UNCOMP)
                  000084fc    00000120     MinerBig.obj (.const:.string:pixel_MinerBig00004BPP_UNCOMP)
                  0000861c    00000101     rtsv7M4_T_le_v4SPD16_eabi.lib : ctype.c.obj (.const:.string:_ctypes_)
                  0000871d    000000c8     SlimeBigBackground.obj (.const:.string:pixel_SlimeBigBackground00004BPP_UNCOMP)
                  000087e5    00000003     --HOLE-- [fill = 0]
                  000087e8    000000c8     grlib.a : fontfixed6x8.obj (.const:g_sFontFixed6x8)
                  000088b0    000000a2     SlimeBig.obj (.const:.string:pixel_SlimeBig00004BPP_UNCOMP)
                  00008952    00000002     --HOLE-- [fill = 0]
                  00008954    00000080     msp432p4xx_driverlib.lib : adc14.o (.const:_ctlRegs)
                  000089d4    00000040     BasicMap.obj (.const:palette_BasicMap00004BPP_UNCOMP)
                  00008a14    00000040     Emerald.obj (.const:palette_Emerald100004BPP_UNCOMP)
                  00008a54    00000040     EndScreen.obj (.const:palette_EndScreen00004BPP_UNCOMP)
                  00008a94    00000040     FinalLevel.obj (.const:palette_FinalLevel00004BPP_UNCOMP)
                  00008ad4    00000040     GemBackground.obj (.const:palette_GemBackground00004BPP_UNCOMP)
                  00008b14    00000040     MinerBackground.obj (.const:palette_MinerBackground00004BPP_UNCOMP)
                  00008b54    00000040     MinerBig.obj (.const:palette_MinerBig00004BPP_UNCOMP)
                  00008b94    00000040     SlimeBig.obj (.const:palette_SlimeBig00004BPP_UNCOMP)
                  00008bd4    00000040     SlimeBigBackground.obj (.const:palette_SlimeBigBackground00004BPP_UNCOMP)
                  00008c14    00000040     titleScreen.obj (.const:palette_titleScreen00004BPP_UNCOMP)
                  00008c54    00000032     Emerald.obj (.const:.string:pixel_Emerald100004BPP_UNCOMP)
                  00008c86    00000032     GemBackground.obj (.const:.string:pixel_GemBackground00004BPP_UNCOMP)
                  00008cb8    00000030     msp432p4xx_driverlib.lib : gpio.o (.const:GPIO_PORT_TO_BASE)
                  00008ce8    00000020     Crystalfontz128x128_ST7735.obj (.const:g_sCrystalfontz128x128_funcs)
                  00008d08    0000001c     HAL_MSP_EXP432P401R_Crystalfontz128x128_ST7735.obj (.const:$P$T0$1)
                  00008d24    00000010     BasicMap.obj (.const:BasicMap00004BPP_UNCOMP)
                  00008d34    00000010     Emerald.obj (.const:Emerald100004BPP_UNCOMP)
                  00008d44    00000010     EndScreen.obj (.const:EndScreen00004BPP_UNCOMP)
                  00008d54    00000010     FinalLevel.obj (.const:FinalLevel00004BPP_UNCOMP)
                  00008d64    00000010     GemBackground.obj (.const:GemBackground00004BPP_UNCOMP)
                  00008d74    00000010     MinerBackground.obj (.const:MinerBackground00004BPP_UNCOMP)
                  00008d84    00000010     MinerBig.obj (.const:MinerBig00004BPP_UNCOMP)
                  00008d94    00000010     SlimeBig.obj (.const:SlimeBig00004BPP_UNCOMP)
                  00008da4    00000010     SlimeBigBackground.obj (.const:SlimeBigBackground00004BPP_UNCOMP)
                  00008db4    00000010     titleScreen.obj (.const:titleScreen00004BPP_UNCOMP)
                  00008dc4    00000008     Crystalfontz128x128_ST7735.obj (.const:$P$T0$1)

.text      0    00008dcc    00004a84     
                  00008dcc    00000a4e     rtsv7M4_T_le_v4SPD16_eabi.lib : _printfi.c.obj (.text:__TI_printfi)
                  0000981a    0000047e     grlib.a : string.obj (.text:Graphics_drawString)
                  00009c98    00000390             : image.obj (.text:Graphics_drawImage)
                  0000a028    00000270     rtsv7M4_T_le_v4SPD16_eabi.lib : _printfi.c.obj (.text:_pconv_a)
                  0000a298    000001f8     main.obj (.text:bossLevel)
                  0000a490    000001d8     Crystalfontz128x128_ST7735.obj (.text:Crystalfontz128x128_PixelDrawMultiple)
                  0000a668    000001d0     rtsv7M4_T_le_v4SPD16_eabi.lib : _printfi.c.obj (.text:_pconv_g)
                  0000a838    000001b6                                   : fd_add_t2.asm.obj (.text)
                  0000a9ee    00000002     startup_msp432p401r_ccs.obj (.text:Default_Handler)
                  0000a9f0    00000178     main.obj (.text:level2)
                  0000ab68    00000178     main.obj (.text:level3)
                  0000ace0    00000178     main.obj (.text:level4)
                  0000ae58    00000178     main.obj (.text:level5)
                  0000afd0    00000160     msp432p4xx_driverlib.lib : adc14.o (.text:_getIndexForMemRegister)
                  0000b130    00000144     main.obj (.text:InitJoyStick)
                  0000b274    0000013c     rtsv7M4_T_le_v4SPD16_eabi.lib : _printfi.c.obj (.text:_pconv_e)
                  0000b3b0    0000013c     main.obj (.text:level1)
                  0000b4ec    00000136     rtsv7M4_T_le_v4SPD16_eabi.lib : fd_div_t2.asm.obj (.text)
                  0000b622    00000002                                   : div0.asm.obj (.text)
                  0000b624    00000134     Crystalfontz128x128_ST7735.obj (.text:Crystalfontz128x128_SetDrawFrame)
                  0000b758    00000134     main.obj (.text:main)
                  0000b88c    0000012c     Crystalfontz128x128_ST7735.obj (.text:Crystalfontz128x128_Init)
                  0000b9b8    00000124     rtsv7M4_T_le_v4SPD16_eabi.lib : _printfi.c.obj (.text:fcvt)
                  0000badc    00000110                                   : s_scalbn.c.obj (.text:scalbn)
                  0000bbec    0000010c     characters.obj (.text:isHit)
                  0000bcf8    000000fc     rtsv7M4_T_le_v4SPD16_eabi.lib : fd_mul_t2.asm.obj (.text)
                  0000bdf4    000000e0     characters.obj (.text:nextRoom)
                  0000bed4    000000be     characters.obj (.text:move)
                  0000bf92    00000002     --HOLE-- [fill = 0]
                  0000bf94    000000b4     msp432p4xx_driverlib.lib : adc14.o (.text:ADC14_configureConversionMemory)
                  0000c048    000000b4                              : adc14.o (.text:ADC14_configureMultiSequenceMode)
                  0000c0fc    000000b1     rtsv7M4_T_le_v4SPD16_eabi.lib : _printfi.c.obj (.text:_ltostr)
                  0000c1ad    00000001     --HOLE-- [fill = 0]
                  0000c1ae    000000b0     msp432p4xx_driverlib.lib : spi.o (.text:SPI_initMaster)
                  0000c25e    000000a2     characters.obj (.text:moveMonster)
                  0000c300    0000009c     Crystalfontz128x128_ST7735.obj (.text:Crystalfontz128x128_RectFill)
                  0000c39c    0000009c     grlib.a : line.obj (.text:Graphics_drawLineH)
                  0000c438    0000009c     rtsv7M4_T_le_v4SPD16_eabi.lib : memcpy_t2.asm.obj (.text)
                  0000c4d4    00000096                                   : ull_div_t2.asm.obj (.text)
                  0000c56a    00000002     --HOLE-- [fill = 0]
                  0000c56c    00000088     msp432p4xx_driverlib.lib : gpio.o (.text:GPIO_setAsPeripheralModuleFunctionOutputPin)
                  0000c5f4    00000086     rtsv7M4_T_le_v4SPD16_eabi.lib : fd_cmp_t2.asm.obj (.text:__aeabi_cdcmple)
                  0000c67a    00000086                                   : fd_cmp_t2.asm.obj (.text:__aeabi_cdrcmple)
                  0000c700    00000082     score.obj (.text:checkIfOverlapTreasure)
                  0000c782    0000007a     rtsv7M4_T_le_v4SPD16_eabi.lib : memset_t2.asm.obj (.text)
                  0000c7fc    00000078     system_msp432p401r.obj (.text:SystemInit)
                  0000c874    00000076     characters.obj (.text:checkIfOverlap)
                  0000c8ea    0000006e     rtsv7M4_T_le_v4SPD16_eabi.lib : _printfi.c.obj (.text:_mcpy)
                  0000c958    0000006c     grlib.a : image.obj (.text:Graphics_convertPalette)
                  0000c9c4    0000006c     characters.obj (.text:movePossible)
                  0000ca30    00000068     msp432p4xx_driverlib.lib : timer32.o (.text:Timer32_initModule)
                  0000ca98    00000068     rtsv7M4_T_le_v4SPD16_eabi.lib : copy_decompress_lzss.c.obj (.text:decompress:lzss:__TI_decompress_lzss)
                  0000cb00    00000064                                   : s_frexp.c.obj (.text:frexp)
                  0000cb64    00000060     Crystalfontz128x128_ST7735.obj (.text:Crystalfontz128x128_LineDrawH)
                  0000cbc4    00000060     Crystalfontz128x128_ST7735.obj (.text:Crystalfontz128x128_LineDrawV)
                  0000cc24    0000005c     characters.obj (.text:init_Character)
                  0000cc80    00000056     rtsv7M4_T_le_v4SPD16_eabi.lib : _printfi.c.obj (.text:_pconv_f)
                  0000ccd6    00000002     --HOLE-- [fill = 0]
                  0000ccd8    00000054     Crystalfontz128x128_ST7735.obj (.text:Crystalfontz128x128_SetOrientation)
                  0000cd2c    00000054     rtsv7M4_T_le_v4SPD16_eabi.lib : _ltoa.c.obj (.text:__TI_ltoa)
                  0000cd80    00000054     score.obj (.text:drawScore)
                  0000cdd4    00000052     grlib.a : context.obj (.text:Graphics_initContext)
                  0000ce26    00000052     rtsv7M4_T_le_v4SPD16_eabi.lib : _printfi.c.obj (.text:_ecpy)
                  0000ce78    00000050     main.obj (.text:ADC14_IRQHandler)
                  0000cec8    0000004c     main.obj (.text:Init_Graph)
                  0000cf14    0000004c     rtsv7M4_T_le_v4SPD16_eabi.lib : atoi.c.obj (.text:atoi)
                  0000cf60    0000004c     characters.obj (.text:attack)
                  0000cfac    0000004c     score.obj (.text:init_Treasure)
                  0000cff8    00000048     rtsv7M4_T_le_v4SPD16_eabi.lib : fd_toi_t2.asm.obj (.text)
                  0000d040    00000046     grlib.a : display.obj (.text:Graphics_drawMultiplePixelsOnDisplay)
                  0000d086    00000002     --HOLE-- [fill = 0]
                  0000d088    00000044     rtsv7M4_T_le_v4SPD16_eabi.lib : autoinit.c.obj (.text:__TI_auto_init_nobinit_nopinit:__TI_auto_init_nobinit_nopinit)
                  0000d0cc    00000040     Crystalfontz128x128_ST7735.obj (.text:Crystalfontz128x128_PixelDraw)
                  0000d10c    00000040     msp432p4xx_driverlib.lib : gpio.o (.text:GPIO_setAsOutputPin)
                  0000d14c    00000040     grlib.a : string.obj (.text:Graphics_getNumberOfLeadingZeros)
                  0000d18c    00000040     HAL_MSP_EXP432P401R_Crystalfontz128x128_ST7735.obj (.text:HAL_LCD_SpiInit)
                  0000d1cc    00000040     msp432p4xx_driverlib.lib : spi.o (.text:is_A_Module)
                  0000d20c    00000040     rtsv7M4_T_le_v4SPD16_eabi.lib : sprintf.c.obj (.text:sprintf)
                  0000d24c    0000003e                                   : _printfi.c.obj (.text:_fcpy)
                  0000d28a    00000002     --HOLE-- [fill = 0]
                  0000d28c    0000003c     characters.obj (.text:checkAttackTimer)
                  0000d2c8    0000003a     score.obj (.text:spawnTreasure)
                  0000d302    00000002     --HOLE-- [fill = 0]
                  0000d304    00000038     HAL_MSP_EXP432P401R_Crystalfontz128x128_ST7735.obj (.text:HAL_LCD_writeCommand)
                  0000d33c    00000038     msp432p4xx_driverlib.lib : timer32.o (.text:Timer32_startTimer)
                  0000d374    00000036     grlib.a : display.obj (.text:Graphics_drawHorizontalLineOnDisplay)
                  0000d3aa    00000002     --HOLE-- [fill = 0]
                  0000d3ac    00000034     msp432p4xx_driverlib.lib : timer32.o (.text:Timer32_setCount)
                  0000d3e0    00000034     rtsv7M4_T_le_v4SPD16_eabi.lib : boot_cortex_m.c.obj (.text:_c_int00_noargs:_c_int00_noargs)
                  0000d414    00000034     main.obj (.text:titleScreen)
                  0000d448    00000030     HAL_MSP_EXP432P401R_Crystalfontz128x128_ST7735.obj (.text:HAL_LCD_PortInit)
                  0000d478    00000030     characters.obj (.text:delay)
                  0000d4a8    0000002e     rtsv7M4_T_le_v4SPD16_eabi.lib : i_tofd_t2.asm.obj (.text)
                  0000d4d6    00000002     --HOLE-- [fill = 0]
                  0000d4d8    0000002c     Crystalfontz128x128_ST7735.obj (.text:Crystalfontz128x128_ClearScreen)
                  0000d504    0000002c     grlib.a : display.obj (.text:Graphics_drawPixelOnDisplay)
                  0000d530    0000002c     HAL_MSP_EXP432P401R_Crystalfontz128x128_ST7735.obj (.text:HAL_LCD_writeData)
                  0000d55c    00000028     msp432p4xx_driverlib.lib : adc14.o (.text:ADC14_getResult)
                  0000d584    00000028     Crystalfontz128x128_ST7735.obj (.text:Crystalfontz128x128_ColorTranslate)
                  0000d5ac    00000028     msp432p4xx_driverlib.lib : gpio.o (.text:GPIO_setOutputHighOnPin)
                  0000d5d4    00000028                              : gpio.o (.text:GPIO_setOutputLowOnPin)
                  0000d5fc    00000028     main.obj (.text:gameOver)
                  0000d624    00000020     score.obj (.text:calcScore)
                  0000d644    0000001c     msp432p4xx_driverlib.lib : spi.o (.text:SPI_enableModule)
                  0000d660    0000001c     main.obj (.text:delay_init)
                  0000d67c    0000001c     rtsv7M4_T_le_v4SPD16_eabi.lib : memccpy.c.obj (.text:memccpy)
                  0000d698    0000001a     grlib.a : display.obj (.text:Graphics_clearDisplayOnDisplay)
                  0000d6b2    0000001a             : context.obj (.text:Graphics_setBackgroundColor)
                  0000d6cc    0000001a             : context.obj (.text:Graphics_setFont)
                  0000d6e6    0000001a     rtsv7M4_T_le_v4SPD16_eabi.lib : s_copysign.c.obj (.text:copysign)
                  0000d700    00000018                                   : sprintf.c.obj (.text:_outs)
                  0000d718    00000016     msp432p4xx_driverlib.lib : spi.o (.text:EUSCI_A_SPI_enable)
                  0000d72e    00000016                              : spi.o (.text:EUSCI_B_SPI_enable)
                  0000d744    00000016     grlib.a : context.obj (.text:Graphics_setForegroundColor)
                  0000d75a    00000016             : display.obj (.text:Graphics_translateColorOnDisplay)
                  0000d770    00000016     rtsv7M4_T_le_v4SPD16_eabi.lib : strchr.c.obj (.text:strchr)
                  0000d786    00000014     msp432p4xx_driverlib.lib : timer32.o (.text:Timer32_disableInterrupt)
                  0000d79a    00000014                              : timer32.o (.text:Timer32_haltTimer)
                  0000d7ae    00000014     rtsv7M4_T_le_v4SPD16_eabi.lib : strlen.c.obj (.text:strlen)
                  0000d7c2    00000012     grlib.a : context.obj (.text:Graphics_clearDisplay)
                  0000d7d4    00000012     rtsv7M4_T_le_v4SPD16_eabi.lib : wcslen.c.obj (.text:wcslen)
                  0000d7e6    00000002     --HOLE-- [fill = 0]
                  0000d7e8    00000010     msp432p4xx_driverlib.lib : adc14.o (.text:ADCIsConversionRunning)
                  0000d7f8    0000000e                              : timer32.o (.text:Timer32_getValue)
                  0000d806    0000000e     rtsv7M4_T_le_v4SPD16_eabi.lib : copy_decompress_none.c.obj (.text:decompress:none:__TI_decompress_none)
                  0000d814    0000000c     startup_msp432p401r_ccs.obj (.text:Reset_Handler)
                  0000d820    0000000c     rtsv7M4_T_le_v4SPD16_eabi.lib : copy_zero_init.c.obj (.text:decompress:ZI:__TI_zero_init)
                  0000d82c    0000000a     Crystalfontz128x128_ST7735.obj (.text:Crystalfontz128x128_Flush)
                  0000d836    0000000a     rtsv7M4_T_le_v4SPD16_eabi.lib : sprintf.c.obj (.text:_outc)
                  0000d840    00000008                                   : errno.c.obj (.text:__aeabi_errno_addr)
                  0000d848    00000004                                   : pre_init.c.obj (.text:_system_pre_init)
                  0000d84c    00000004                                   : exit.c.obj (.text:abort:abort)

.cinit     0    0000d850    00000038     
                  0000d850    0000000d     (.cinit..data.load) [load image, compression = lzss]
                  0000d85d    00000003     --HOLE-- [fill = 0]
                  0000d860    0000000c     (__TI_handler_table)
                  0000d86c    00000004     --HOLE-- [fill = 0]
                  0000d870    00000008     (.cinit..bss.load) [load image, compression = zero_init]
                  0000d878    00000010     (__TI_cinit_table)

.init_array 
*          0    00000000    00000000     UNINITIALIZED

.binit     0    00000000    00000000     

.bss       0    20000000    0000042a     UNINITIALIZED
                  20000000    00000400     grlib.a : image.obj (.bss:g_pulConvertedPalette)
                  20000400    0000001c     (.common:g_sContext)
                  2000041c    00000004     main.obj (.bss:resultsBuffer)
                  20000420    00000002     (.common:Lcd_ScreenHeigth)
                  20000422    00000002     (.common:Lcd_ScreenWidth)
                  20000424    00000002     (.common:Lcd_TouchTrim)
                  20000426    00000001     (.common:Lcd_FlagRead)
                  20000427    00000001     (.common:Lcd_FontSolid)
                  20000428    00000001     (.common:Lcd_Orientation)
                  20000429    00000001     (.common:Lcd_PenSolid)

.data      0    2000042c    00000018     UNINITIALIZED
                  2000042c    00000010     Crystalfontz128x128_ST7735.obj (.data:g_sCrystalfontz128x128)
                  2000043c    00000004     rtsv7M4_T_le_v4SPD16_eabi.lib : errno.c.obj (.data)
                  20000440    00000004     score.obj (.data)

.stack     0    2000fe00    00000200     UNINITIALIZED
                  2000fe00    00000004     rtsv7M4_T_le_v4SPD16_eabi.lib : boot_cortex_m.c.obj (.stack)
                  2000fe04    000001fc     --HOLE--

__llvm_prf_cnts 
*          0    20000000    00000000     UNINITIALIZED

MODULE SUMMARY

       Module                                               code    ro data   rw data
       ------                                               ----    -------   -------
    .\
       BasicMap.obj                                         0       8272      0      
       EndScreen.obj                                        0       8272      0      
       FinalLevel.obj                                       0       8272      0      
       titleScreen.obj                                      0       8272      0      
       main.obj                                             3232    0         64     
       characters.obj                                       1346    0         0      
       score.obj                                            380     0         8      
       MinerBackground.obj                                  0       368       0      
       MinerBig.obj                                         0       368       0      
       SlimeBigBackground.obj                               0       280       0      
       SlimeBig.obj                                         0       242       0      
       Emerald.obj                                          0       130       0      
       GemBackground.obj                                    0       130       0      
       system_msp432p401r.obj                               120     0         0      
    +--+----------------------------------------------------+-------+---------+---------+
       Total:                                               5078    34606     72     
                                                                                     
    .\LcdDriver\
       Crystalfontz128x128_ST7735.obj                       1670    40        52     
       HAL_MSP_EXP432P401R_Crystalfontz128x128_ST7735.obj   212     28        0      
    +--+----------------------------------------------------+-------+---------+---------+
       Total:                                               1882    68        52     
                                                                                     
    .\ccs\
       startup_msp432p401r_ccs.obj                          14      228       0      
    +--+----------------------------------------------------+-------+---------+---------+
       Total:                                               14      228       0      
                                                                                     
    C:/ti/simplelink_msp432p4_sdk_3_40_01_02/source/ti/devices/msp432p4xx/driverlib/ccs/msp432p4xx_driverlib.lib
       adc14.o                                              768     128       0      
       gpio.o                                               280     48        0      
       spi.o                                                312     0         0      
       timer32.o                                            266     0         0      
    +--+----------------------------------------------------+-------+---------+---------+
       Total:                                               1626    176       0      
                                                                                     
    C:/ti/simplelink_msp432p4_sdk_3_40_01_02/source/ti/grlib/lib/ccs/m4f/grlib.a
       image.obj                                            1020    0         2048   
       string.obj                                           1214    0         0      
       fontfixed6x8.obj                                     0       960       0      
       display.obj                                          216     0         0      
       context.obj                                          174     0         0      
       line.obj                                             156     0         0      
    +--+----------------------------------------------------+-------+---------+---------+
       Total:                                               2780    960       2048   
                                                                                     
    C:\ti\ccs1010\ccs\tools\compiler\ti-cgt-arm_20.2.1.LTS\lib\rtsv7M4_T_le_v4SPD16_eabi.lib
       _printfi.c.obj                                       4851    0         0      
       fd_add_t2.asm.obj                                    438     0         0      
       fd_div_t2.asm.obj                                    310     0         0      
       s_scalbn.c.obj                                       272     0         0      
       fd_cmp_t2.asm.obj                                    268     0         0      
       ctype.c.obj                                          0       257       0      
       fd_mul_t2.asm.obj                                    252     0         0      
       memcpy_t2.asm.obj                                    156     0         0      
       ull_div_t2.asm.obj                                   150     0         0      
       memset_t2.asm.obj                                    122     0         0      
       copy_decompress_lzss.c.obj                           104     0         0      
       s_frexp.c.obj                                        100     0         0      
       sprintf.c.obj                                        98      0         0      
       _ltoa.c.obj                                          84      0         0      
       atoi.c.obj                                           76      0         0      
       fd_toi_t2.asm.obj                                    72      0         0      
       autoinit.c.obj                                       68      0         0      
       boot_cortex_m.c.obj                                  52      0         0      
       i_tofd_t2.asm.obj                                    46      0         0      
       memccpy.c.obj                                        28      0         0      
       s_copysign.c.obj                                     26      0         0      
       strchr.c.obj                                         22      0         0      
       strlen.c.obj                                         20      0         0      
       wcslen.c.obj                                         18      0         0      
       errno.c.obj                                          8       0         8      
       copy_decompress_none.c.obj                           14      0         0      
       copy_zero_init.c.obj                                 12      0         0      
       exit.c.obj                                           4       0         0      
       pre_init.c.obj                                       4       0         0      
       div0.asm.obj                                         2       0         0      
    +--+----------------------------------------------------+-------+---------+---------+
       Total:                                               7677    257       8      
                                                                                     
       Stack:                                               0       0         1024   
       Linker Generated:                                    0       49        0      
    +--+----------------------------------------------------+-------+---------+---------+
       Grand Total:                                         19057   36344     3204   


LINKER GENERATED COPY TABLES

__TI_cinit_table @ 0000d878 records: 2, size/record: 8, table size: 16
	.data: load addr=0000d850, load size=0000000d bytes, run addr=2000042c, run size=00000018 bytes, compression=lzss
	.bss: load addr=0000d870, load size=00000008 bytes, run addr=20000000, run size=0000042a bytes, compression=zero_init


LINKER GENERATED HANDLER TABLE

__TI_handler_table @ 0000d860 records: 3, size/record: 4, table size: 12
	index: 0, handler: __TI_decompress_lzss
	index: 1, handler: __TI_decompress_none
	index: 2, handler: __TI_zero_init


GLOBAL SYMBOLS: SORTED ALPHABETICALLY BY Name 

address   name                                       
-------   ----                                       
0000ce79  ADC14_IRQHandler                           
0000ce79  ADC14_IRQHandler                           
0000bf95  ADC14_configureConversionMemory            
0000c049  ADC14_configureMultiSequenceMode           
0000d55d  ADC14_getResult                            
0000a9ef  AES256_IRQHandler                          
00008d24  BasicMap00004BPP_UNCOMP                    
0000a9ef  BusFault_Handler                           
0000d84d  C$$EXIT                                    
0000a9ef  COMP_E0_IRQHandler                         
0000a9ef  COMP_E1_IRQHandler                         
0000a9ef  CS_IRQHandler                              
0000b88d  Crystalfontz128x128_Init                   
0000b625  Crystalfontz128x128_SetDrawFrame           
0000ccd9  Crystalfontz128x128_SetOrientation         
0000a9ef  DMA_ERR_IRQHandler                         
0000a9ef  DMA_INT0_IRQHandler                        
0000a9ef  DMA_INT1_IRQHandler                        
0000a9ef  DMA_INT2_IRQHandler                        
0000a9ef  DMA_INT3_IRQHandler                        
0000a9ef  DebugMon_Handler                           
0000a9ef  Default_Handler                            
0000a9ef  EUSCIA0_IRQHandler                         
0000a9ef  EUSCIA1_IRQHandler                         
0000a9ef  EUSCIA2_IRQHandler                         
0000a9ef  EUSCIA3_IRQHandler                         
0000a9ef  EUSCIB0_IRQHandler                         
0000a9ef  EUSCIB1_IRQHandler                         
0000a9ef  EUSCIB2_IRQHandler                         
0000a9ef  EUSCIB3_IRQHandler                         
0000d719  EUSCI_A_SPI_enable                         
0000d72f  EUSCI_B_SPI_enable                         
00008d34  Emerald100004BPP_UNCOMP                    
00008d44  EndScreen00004BPP_UNCOMP                   
0000a9ef  FLCTL_IRQHandler                           
0000a9ef  FPU_IRQHandler                             
00008d54  FinalLevel00004BPP_UNCOMP                  
0000d10d  GPIO_setAsOutputPin                        
0000c56d  GPIO_setAsPeripheralModuleFunctionOutputPin
0000d5ad  GPIO_setOutputHighOnPin                    
0000d5d5  GPIO_setOutputLowOnPin                     
00008d64  GemBackground00004BPP_UNCOMP               
0000d7c3  Graphics_clearDisplay                      
0000d699  Graphics_clearDisplayOnDisplay             
0000d375  Graphics_drawHorizontalLineOnDisplay       
00009c99  Graphics_drawImage                         
0000c39d  Graphics_drawLineH                         
0000d041  Graphics_drawMultiplePixelsOnDisplay       
0000d505  Graphics_drawPixelOnDisplay                
0000981b  Graphics_drawString                        
0000cdd5  Graphics_initContext                       
0000d6b3  Graphics_setBackgroundColor                
0000d6cd  Graphics_setFont                           
0000d745  Graphics_setForegroundColor                
0000d75b  Graphics_translateColorOnDisplay           
0000d449  HAL_LCD_PortInit                           
0000d18d  HAL_LCD_SpiInit                            
0000d305  HAL_LCD_writeCommand                       
0000d531  HAL_LCD_writeData                          
0000a9ef  HardFault_Handler                          
0000b131  InitJoyStick                               
0000cec9  Init_Graph                                 
20000426  Lcd_FlagRead                               
20000427  Lcd_FontSolid                              
20000428  Lcd_Orientation                            
20000429  Lcd_PenSolid                               
20000420  Lcd_ScreenHeigth                           
20000422  Lcd_ScreenWidth                            
20000424  Lcd_TouchTrim                              
0000a9ef  MemManage_Handler                          
00008d74  MinerBackground00004BPP_UNCOMP             
00008d84  MinerBig00004BPP_UNCOMP                    
0000a9ef  NMI_Handler                                
0000a9ef  PCM_IRQHandler                             
0000a9ef  PORT1_IRQHandler                           
0000a9ef  PORT2_IRQHandler                           
0000a9ef  PORT3_IRQHandler                           
0000a9ef  PORT4_IRQHandler                           
0000a9ef  PORT5_IRQHandler                           
0000a9ef  PORT6_IRQHandler                           
0000a9ef  PSS_IRQHandler                             
0000a9ef  PendSV_Handler                             
0000a9ef  RTC_C_IRQHandler                           
0000d815  Reset_Handler                              
0000d645  SPI_enableModule                           
0000c1af  SPI_initMaster                             
0000a9ef  SVC_Handler                                
00008d94  SlimeBig00004BPP_UNCOMP                    
00008da4  SlimeBigBackground00004BPP_UNCOMP          
0000a9ef  SysTick_Handler                            
0000c7fd  SystemInit                                 
0000a9ef  T32_INT1_IRQHandler                        
0000a9ef  T32_INT2_IRQHandler                        
0000a9ef  T32_INTC_IRQHandler                        
0000a9ef  TA0_0_IRQHandler                           
0000a9ef  TA0_N_IRQHandler                           
0000a9ef  TA1_0_IRQHandler                           
0000a9ef  TA1_N_IRQHandler                           
0000a9ef  TA2_0_IRQHandler                           
0000a9ef  TA2_N_IRQHandler                           
0000a9ef  TA3_0_IRQHandler                           
0000a9ef  TA3_N_IRQHandler                           
0000d787  Timer32_disableInterrupt                   
0000d7f9  Timer32_getValue                           
0000d79b  Timer32_haltTimer                          
0000ca31  Timer32_initModule                         
0000d3ad  Timer32_setCount                           
0000d33d  Timer32_startTimer                         
0000a9ef  UsageFault_Handler                         
4000480c  WDTCTL_SYM                                 
0000a9ef  WDT_A_IRQHandler                           
20010000  __STACK_END                                
00000200  __STACK_SIZE                               
0000d878  __TI_CINIT_Base                            
0000d888  __TI_CINIT_Limit                           
0000d860  __TI_Handler_Table_Base                    
0000d86c  __TI_Handler_Table_Limit                   
0000d089  __TI_auto_init_nobinit_nopinit             
0000ca99  __TI_decompress_lzss                       
0000d807  __TI_decompress_none                       
0000cd2d  __TI_ltoa                                  
ffffffff  __TI_pprof_out_hndl                        
00008dcd  __TI_printfi                               
ffffffff  __TI_prof_data_size                        
ffffffff  __TI_prof_data_start                       
00000000  __TI_static_base__                         
0000d821  __TI_zero_init                             
0000c5f5  __aeabi_cdcmpeq                            
0000c5f5  __aeabi_cdcmple                            
0000c67b  __aeabi_cdrcmple                           
0000cff9  __aeabi_d2iz                               
0000a843  __aeabi_dadd                               
0000b4ed  __aeabi_ddiv                               
0000bcf9  __aeabi_dmul                               
0000a839  __aeabi_dsub                               
0000d841  __aeabi_errno_addr                         
0000d4a9  __aeabi_i2d                                
0000b623  __aeabi_idiv0                              
0000b623  __aeabi_ldiv0                              
0000c783  __aeabi_memclr                             
0000c783  __aeabi_memclr4                            
0000c783  __aeabi_memclr8                            
0000c439  __aeabi_memcpy                             
0000c439  __aeabi_memcpy4                            
0000c439  __aeabi_memcpy8                            
0000c785  __aeabi_memset                             
0000c785  __aeabi_memset4                            
0000c785  __aeabi_memset8                            
0000c4d5  __aeabi_uldivmod                           
ffffffff  __binit__                                  
ffffffff  __c_args__                                 
UNDEFED   __mpu_init                                 
2000fe00  __stack                                    
20000000  __start___llvm_prf_cnts                    
20000000  __stop___llvm_prf_cnts                     
0000d3e1  _c_int00_noargs                            
0000861c  _ctypes_                                   
UNDEFED   _system_post_cinit                         
0000d849  _system_pre_init                           
0000d84d  abort                                      
0000cf15  atoi                                       
0000cf61  attack                                     
ffffffff  binit                                      
0000a299  bossLevel                                  
0000d625  calcScore                                  
0000d28d  checkAttackTimer                           
0000c875  checkIfOverlap                             
0000c701  checkIfOverlapTreasure                     
0000d6e7  copysign                                   
0000d6e7  copysignl                                  
0000d479  delay                                      
0000d661  delay_init                                 
0000cd81  drawScore                                  
2000043c  errno                                      
0000cb01  frexp                                      
0000cb01  frexpl                                     
20000400  g_sContext                                 
2000042c  g_sCrystalfontz128x128                     
00008ce8  g_sCrystalfontz128x128_funcs               
000087e8  g_sFontFixed6x8                            
0000d5fd  gameOver                                   
0000cc25  init_Character                             
0000cfad  init_Treasure                              
00000000  interruptVectors                           
0000bbed  isHit                                      
0000badd  ldexp                                      
0000badd  ldexpl                                     
0000b3b1  level1                                     
0000a9f1  level2                                     
0000ab69  level3                                     
0000ace1  level4                                     
0000ae59  level5                                     
0000b759  main                                       
0000d67d  memccpy                                    
0000c439  memcpy                                     
0000c78b  memset                                     
0000bed5  move                                       
0000c25f  moveMonster                                
0000c9c5  movePossible                               
0000bdf5  nextRoom                                   
0000badd  scalbn                                     
0000badd  scalbnl                                    
0000d2c9  spawnTreasure                              
0000d20d  sprintf                                    
0000d771  strchr                                     
0000d7af  strlen                                     
0000d415  titleScreen                                
00008db4  titleScreen00004BPP_UNCOMP                 
0000d7d5  wcslen                                     


GLOBAL SYMBOLS: SORTED BY Symbol Address 

address   name                                       
-------   ----                                       
00000000  __TI_static_base__                         
00000000  interruptVectors                           
00000200  __STACK_SIZE                               
0000861c  _ctypes_                                   
000087e8  g_sFontFixed6x8                            
00008ce8  g_sCrystalfontz128x128_funcs               
00008d24  BasicMap00004BPP_UNCOMP                    
00008d34  Emerald100004BPP_UNCOMP                    
00008d44  EndScreen00004BPP_UNCOMP                   
00008d54  FinalLevel00004BPP_UNCOMP                  
00008d64  GemBackground00004BPP_UNCOMP               
00008d74  MinerBackground00004BPP_UNCOMP             
00008d84  MinerBig00004BPP_UNCOMP                    
00008d94  SlimeBig00004BPP_UNCOMP                    
00008da4  SlimeBigBackground00004BPP_UNCOMP          
00008db4  titleScreen00004BPP_UNCOMP                 
00008dcd  __TI_printfi                               
0000981b  Graphics_drawString                        
00009c99  Graphics_drawImage                         
0000a299  bossLevel                                  
0000a839  __aeabi_dsub                               
0000a843  __aeabi_dadd                               
0000a9ef  AES256_IRQHandler                          
0000a9ef  BusFault_Handler                           
0000a9ef  COMP_E0_IRQHandler                         
0000a9ef  COMP_E1_IRQHandler                         
0000a9ef  CS_IRQHandler                              
0000a9ef  DMA_ERR_IRQHandler                         
0000a9ef  DMA_INT0_IRQHandler                        
0000a9ef  DMA_INT1_IRQHandler                        
0000a9ef  DMA_INT2_IRQHandler                        
0000a9ef  DMA_INT3_IRQHandler                        
0000a9ef  DebugMon_Handler                           
0000a9ef  Default_Handler                            
0000a9ef  EUSCIA0_IRQHandler                         
0000a9ef  EUSCIA1_IRQHandler                         
0000a9ef  EUSCIA2_IRQHandler                         
0000a9ef  EUSCIA3_IRQHandler                         
0000a9ef  EUSCIB0_IRQHandler                         
0000a9ef  EUSCIB1_IRQHandler                         
0000a9ef  EUSCIB2_IRQHandler                         
0000a9ef  EUSCIB3_IRQHandler                         
0000a9ef  FLCTL_IRQHandler                           
0000a9ef  FPU_IRQHandler                             
0000a9ef  HardFault_Handler                          
0000a9ef  MemManage_Handler                          
0000a9ef  NMI_Handler                                
0000a9ef  PCM_IRQHandler                             
0000a9ef  PORT1_IRQHandler                           
0000a9ef  PORT2_IRQHandler                           
0000a9ef  PORT3_IRQHandler                           
0000a9ef  PORT4_IRQHandler                           
0000a9ef  PORT5_IRQHandler                           
0000a9ef  PORT6_IRQHandler                           
0000a9ef  PSS_IRQHandler                             
0000a9ef  PendSV_Handler                             
0000a9ef  RTC_C_IRQHandler                           
0000a9ef  SVC_Handler                                
0000a9ef  SysTick_Handler                            
0000a9ef  T32_INT1_IRQHandler                        
0000a9ef  T32_INT2_IRQHandler                        
0000a9ef  T32_INTC_IRQHandler                        
0000a9ef  TA0_0_IRQHandler                           
0000a9ef  TA0_N_IRQHandler                           
0000a9ef  TA1_0_IRQHandler                           
0000a9ef  TA1_N_IRQHandler                           
0000a9ef  TA2_0_IRQHandler                           
0000a9ef  TA2_N_IRQHandler                           
0000a9ef  TA3_0_IRQHandler                           
0000a9ef  TA3_N_IRQHandler                           
0000a9ef  UsageFault_Handler                         
0000a9ef  WDT_A_IRQHandler                           
0000a9f1  level2                                     
0000ab69  level3                                     
0000ace1  level4                                     
0000ae59  level5                                     
0000b131  InitJoyStick                               
0000b3b1  level1                                     
0000b4ed  __aeabi_ddiv                               
0000b623  __aeabi_idiv0                              
0000b623  __aeabi_ldiv0                              
0000b625  Crystalfontz128x128_SetDrawFrame           
0000b759  main                                       
0000b88d  Crystalfontz128x128_Init                   
0000badd  ldexp                                      
0000badd  ldexpl                                     
0000badd  scalbn                                     
0000badd  scalbnl                                    
0000bbed  isHit                                      
0000bcf9  __aeabi_dmul                               
0000bdf5  nextRoom                                   
0000bed5  move                                       
0000bf95  ADC14_configureConversionMemory            
0000c049  ADC14_configureMultiSequenceMode           
0000c1af  SPI_initMaster                             
0000c25f  moveMonster                                
0000c39d  Graphics_drawLineH                         
0000c439  __aeabi_memcpy                             
0000c439  __aeabi_memcpy4                            
0000c439  __aeabi_memcpy8                            
0000c439  memcpy                                     
0000c4d5  __aeabi_uldivmod                           
0000c56d  GPIO_setAsPeripheralModuleFunctionOutputPin
0000c5f5  __aeabi_cdcmpeq                            
0000c5f5  __aeabi_cdcmple                            
0000c67b  __aeabi_cdrcmple                           
0000c701  checkIfOverlapTreasure                     
0000c783  __aeabi_memclr                             
0000c783  __aeabi_memclr4                            
0000c783  __aeabi_memclr8                            
0000c785  __aeabi_memset                             
0000c785  __aeabi_memset4                            
0000c785  __aeabi_memset8                            
0000c78b  memset                                     
0000c7fd  SystemInit                                 
0000c875  checkIfOverlap                             
0000c9c5  movePossible                               
0000ca31  Timer32_initModule                         
0000ca99  __TI_decompress_lzss                       
0000cb01  frexp                                      
0000cb01  frexpl                                     
0000cc25  init_Character                             
0000ccd9  Crystalfontz128x128_SetOrientation         
0000cd2d  __TI_ltoa                                  
0000cd81  drawScore                                  
0000cdd5  Graphics_initContext                       
0000ce79  ADC14_IRQHandler                           
0000ce79  ADC14_IRQHandler                           
0000cec9  Init_Graph                                 
0000cf15  atoi                                       
0000cf61  attack                                     
0000cfad  init_Treasure                              
0000cff9  __aeabi_d2iz                               
0000d041  Graphics_drawMultiplePixelsOnDisplay       
0000d089  __TI_auto_init_nobinit_nopinit             
0000d10d  GPIO_setAsOutputPin                        
0000d18d  HAL_LCD_SpiInit                            
0000d20d  sprintf                                    
0000d28d  checkAttackTimer                           
0000d2c9  spawnTreasure                              
0000d305  HAL_LCD_writeCommand                       
0000d33d  Timer32_startTimer                         
0000d375  Graphics_drawHorizontalLineOnDisplay       
0000d3ad  Timer32_setCount                           
0000d3e1  _c_int00_noargs                            
0000d415  titleScreen                                
0000d449  HAL_LCD_PortInit                           
0000d479  delay                                      
0000d4a9  __aeabi_i2d                                
0000d505  Graphics_drawPixelOnDisplay                
0000d531  HAL_LCD_writeData                          
0000d55d  ADC14_getResult                            
0000d5ad  GPIO_setOutputHighOnPin                    
0000d5d5  GPIO_setOutputLowOnPin                     
0000d5fd  gameOver                                   
0000d625  calcScore                                  
0000d645  SPI_enableModule                           
0000d661  delay_init                                 
0000d67d  memccpy                                    
0000d699  Graphics_clearDisplayOnDisplay             
0000d6b3  Graphics_setBackgroundColor                
0000d6cd  Graphics_setFont                           
0000d6e7  copysign                                   
0000d6e7  copysignl                                  
0000d719  EUSCI_A_SPI_enable                         
0000d72f  EUSCI_B_SPI_enable                         
0000d745  Graphics_setForegroundColor                
0000d75b  Graphics_translateColorOnDisplay           
0000d771  strchr                                     
0000d787  Timer32_disableInterrupt                   
0000d79b  Timer32_haltTimer                          
0000d7af  strlen                                     
0000d7c3  Graphics_clearDisplay                      
0000d7d5  wcslen                                     
0000d7f9  Timer32_getValue                           
0000d807  __TI_decompress_none                       
0000d815  Reset_Handler                              
0000d821  __TI_zero_init                             
0000d841  __aeabi_errno_addr                         
0000d849  _system_pre_init                           
0000d84d  C$$EXIT                                    
0000d84d  abort                                      
0000d860  __TI_Handler_Table_Base                    
0000d86c  __TI_Handler_Table_Limit                   
0000d878  __TI_CINIT_Base                            
0000d888  __TI_CINIT_Limit                           
20000000  __start___llvm_prf_cnts                    
20000000  __stop___llvm_prf_cnts                     
20000400  g_sContext                                 
20000420  Lcd_ScreenHeigth                           
20000422  Lcd_ScreenWidth                            
20000424  Lcd_TouchTrim                              
20000426  Lcd_FlagRead                               
20000427  Lcd_FontSolid                              
20000428  Lcd_Orientation                            
20000429  Lcd_PenSolid                               
2000042c  g_sCrystalfontz128x128                     
2000043c  errno                                      
2000fe00  __stack                                    
20010000  __STACK_END                                
4000480c  WDTCTL_SYM                                 
ffffffff  __TI_pprof_out_hndl                        
ffffffff  __TI_prof_data_size                        
ffffffff  __TI_prof_data_start                       
ffffffff  __binit__                                  
ffffffff  __c_args__                                 
ffffffff  binit                                      
UNDEFED   __mpu_init                                 
UNDEFED   _system_post_cinit                         

[209 symbols]
