******************************************************************************
                  TI ARM Linker Unix v20.2.1                   
******************************************************************************
>> Linked Tue Dec  1 23:18:14 2020

OUTPUT FILE NAME:   <EmeraldMountain.out>
ENTRY POINT SYMBOL: "_c_int00_noargs"  address: 00008659


MEMORY CONFIGURATION

         name            origin    length      used     unused   attr    fill
----------------------  --------  ---------  --------  --------  ----  --------
  MAIN                  00000000   00040000  00008adc  00037524  R  X
  INFO                  00200000   00004000  00000000  00004000  R  X
  SRAM_CODE             01000000   00010000  00000642  0000f9be  RW X
  SRAM_DATA             20000000   00010000  00000642  0000f9be  RW  


SEGMENT ALLOCATION MAP

run origin  load origin   length   init length attrs members
----------  ----------- ---------- ----------- ----- -------
00000000    00000000    00008ae0   00008ae0    r-x
  00000000    00000000    000000e4   000000e4    r-- .intvecs
  000000e4    000000e4    00004b30   00004b30    r-- .const
  00004c14    00004c14    00003e90   00003e90    r-x .text
  00008aa8    00008aa8    00000038   00000038    r-- .cinit
20000000    20000000    00000444   00000000    rw-
  20000000    20000000    0000042a   00000000    rw- .bss
  2000042c    2000042c    00000018   00000000    rw- .data
2000fe00    2000fe00    00000200   00000000    rw-
  2000fe00    2000fe00    00000200   00000000    rw- .stack


SECTION ALLOCATION MAP

 output                                  attributes/
section   page    origin      length       input sections
--------  ----  ----------  ----------   ----------------
.intvecs   0    00000000    000000e4     
                  00000000    000000e4     startup_msp432p401r_ccs.obj (.intvecs:retain)

.const     0    000000e4    00004b30     
                  000000e4    00002000     BasicMap.obj (.const:.string:pixel_BasicMap00004BPP_UNCOMP)
                  000020e4    00002000     titleScreen.obj (.const:.string:pixel_titleScreen00004BPP_UNCOMP)
                  000040e4    000002f8     grlib.a : fontfixed6x8.obj (.const:.string:g_pucFontFixed6x8Data)
                  000043dc    00000120     MinerBackground.obj (.const:.string:pixel_MinerBackground00004BPP_UNCOMP)
                  000044fc    00000120     MinerBig.obj (.const:.string:pixel_MinerBig00004BPP_UNCOMP)
                  0000461c    00000101     rtsv7M4_T_le_v4SPD16_eabi.lib : ctype.c.obj (.const:.string:_ctypes_)
                  0000471d    00000003     --HOLE-- [fill = 0]
                  00004720    000000c8     grlib.a : fontfixed6x8.obj (.const:g_sFontFixed6x8)
                  000047e8    000000a2     SlimeBig.obj (.const:.string:pixel_SlimeBig00004BPP_UNCOMP)
                  0000488a    00000002     --HOLE-- [fill = 0]
                  0000488c    00000080     msp432p4xx_driverlib.lib : adc14.o (.const:_ctlRegs)
                  0000490c    00000040     BasicMap.obj (.const:palette_BasicMap00004BPP_UNCOMP)
                  0000494c    00000040     Emerald.obj (.const:palette_Emerald100004BPP_UNCOMP)
                  0000498c    00000040     GemBackground.obj (.const:palette_GemBackground00004BPP_UNCOMP)
                  000049cc    00000040     MinerBackground.obj (.const:palette_MinerBackground00004BPP_UNCOMP)
                  00004a0c    00000040     MinerBig.obj (.const:palette_MinerBig00004BPP_UNCOMP)
                  00004a4c    00000040     SlimeBig.obj (.const:palette_SlimeBig00004BPP_UNCOMP)
                  00004a8c    00000040     titleScreen.obj (.const:palette_titleScreen00004BPP_UNCOMP)
                  00004acc    00000032     Emerald.obj (.const:.string:pixel_Emerald100004BPP_UNCOMP)
                  00004afe    00000032     GemBackground.obj (.const:.string:pixel_GemBackground00004BPP_UNCOMP)
                  00004b30    00000030     msp432p4xx_driverlib.lib : gpio.o (.const:GPIO_PORT_TO_BASE)
                  00004b60    00000020     Crystalfontz128x128_ST7735.obj (.const:g_sCrystalfontz128x128_funcs)
                  00004b80    0000001c     HAL_MSP_EXP432P401R_Crystalfontz128x128_ST7735.obj (.const:$P$T0$1)
                  00004b9c    00000010     BasicMap.obj (.const:BasicMap00004BPP_UNCOMP)
                  00004bac    00000010     Emerald.obj (.const:Emerald100004BPP_UNCOMP)
                  00004bbc    00000010     GemBackground.obj (.const:GemBackground00004BPP_UNCOMP)
                  00004bcc    00000010     MinerBackground.obj (.const:MinerBackground00004BPP_UNCOMP)
                  00004bdc    00000010     MinerBig.obj (.const:MinerBig00004BPP_UNCOMP)
                  00004bec    00000010     SlimeBig.obj (.const:SlimeBig00004BPP_UNCOMP)
                  00004bfc    00000010     titleScreen.obj (.const:titleScreen00004BPP_UNCOMP)
                  00004c0c    00000008     Crystalfontz128x128_ST7735.obj (.const:$P$T0$1)

.text      0    00004c14    00003e90     
                  00004c14    00000a4e     rtsv7M4_T_le_v4SPD16_eabi.lib : _printfi.c.obj (.text:__TI_printfi)
                  00005662    0000047e     grlib.a : string.obj (.text:Graphics_drawString)
                  00005ae0    00000390             : image.obj (.text:Graphics_drawImage)
                  00005e70    00000270     rtsv7M4_T_le_v4SPD16_eabi.lib : _printfi.c.obj (.text:_pconv_a)
                  000060e0    000001d8     Crystalfontz128x128_ST7735.obj (.text:Crystalfontz128x128_PixelDrawMultiple)
                  000062b8    000001d0     rtsv7M4_T_le_v4SPD16_eabi.lib : _printfi.c.obj (.text:_pconv_g)
                  00006488    000001b6                                   : fd_add_t2.asm.obj (.text)
                  0000663e    00000002     startup_msp432p401r_ccs.obj (.text:Default_Handler)
                  00006640    00000178     main.obj (.text:main)
                  000067b8    00000160     msp432p4xx_driverlib.lib : adc14.o (.text:_getIndexForMemRegister)
                  00006918    00000144     main.obj (.text:InitJoyStick)
                  00006a5c    0000013c     rtsv7M4_T_le_v4SPD16_eabi.lib : _printfi.c.obj (.text:_pconv_e)
                  00006b98    00000136                                   : fd_div_t2.asm.obj (.text)
                  00006cce    00000002                                   : div0.asm.obj (.text)
                  00006cd0    00000134     Crystalfontz128x128_ST7735.obj (.text:Crystalfontz128x128_SetDrawFrame)
                  00006e04    0000012c     Crystalfontz128x128_ST7735.obj (.text:Crystalfontz128x128_Init)
                  00006f30    00000124     rtsv7M4_T_le_v4SPD16_eabi.lib : _printfi.c.obj (.text:fcvt)
                  00007054    00000110                                   : s_scalbn.c.obj (.text:scalbn)
                  00007164    000000fc                                   : fd_mul_t2.asm.obj (.text)
                  00007260    000000f8     characters.obj (.text:isHit)
                  00007358    000000ca     characters.obj (.text:move)
                  00007422    00000002     --HOLE-- [fill = 0]
                  00007424    000000b4     msp432p4xx_driverlib.lib : adc14.o (.text:ADC14_configureConversionMemory)
                  000074d8    000000b4                              : adc14.o (.text:ADC14_configureMultiSequenceMode)
                  0000758c    000000b1     rtsv7M4_T_le_v4SPD16_eabi.lib : _printfi.c.obj (.text:_ltostr)
                  0000763d    00000001     --HOLE-- [fill = 0]
                  0000763e    000000b0     msp432p4xx_driverlib.lib : spi.o (.text:SPI_initMaster)
                  000076ee    0000009c     Crystalfontz128x128_ST7735.obj (.text:Crystalfontz128x128_RectFill)
                  0000778a    0000009c     grlib.a : line.obj (.text:Graphics_drawLineH)
                  00007826    0000009c     rtsv7M4_T_le_v4SPD16_eabi.lib : memcpy_t2.asm.obj (.text)
                  000078c2    00000096                                   : ull_div_t2.asm.obj (.text)
                  00007958    00000088     msp432p4xx_driverlib.lib : gpio.o (.text:GPIO_setAsPeripheralModuleFunctionOutputPin)
                  000079e0    00000086     rtsv7M4_T_le_v4SPD16_eabi.lib : fd_cmp_t2.asm.obj (.text:__aeabi_cdcmple)
                  00007a66    00000086                                   : fd_cmp_t2.asm.obj (.text:__aeabi_cdrcmple)
                  00007aec    0000007a                                   : memset_t2.asm.obj (.text)
                  00007b66    00000002     --HOLE-- [fill = 0]
                  00007b68    00000078     system_msp432p401r.obj (.text:SystemInit)
                  00007be0    0000006e     rtsv7M4_T_le_v4SPD16_eabi.lib : _printfi.c.obj (.text:_mcpy)
                  00007c4e    00000002     --HOLE-- [fill = 0]
                  00007c50    0000006c     grlib.a : image.obj (.text:Graphics_convertPalette)
                  00007cbc    0000006c     characters.obj (.text:movePossible)
                  00007d28    00000068     msp432p4xx_driverlib.lib : timer32.o (.text:Timer32_initModule)
                  00007d90    00000068     rtsv7M4_T_le_v4SPD16_eabi.lib : copy_decompress_lzss.c.obj (.text:decompress:lzss:__TI_decompress_lzss)
                  00007df8    00000064                                   : s_frexp.c.obj (.text:frexp)
                  00007e5c    00000060     Crystalfontz128x128_ST7735.obj (.text:Crystalfontz128x128_LineDrawH)
                  00007ebc    00000060     Crystalfontz128x128_ST7735.obj (.text:Crystalfontz128x128_LineDrawV)
                  00007f1c    0000005a     characters.obj (.text:checkIfOverlap)
                  00007f76    00000056     rtsv7M4_T_le_v4SPD16_eabi.lib : _printfi.c.obj (.text:_pconv_f)
                  00007fcc    00000054     Crystalfontz128x128_ST7735.obj (.text:Crystalfontz128x128_SetOrientation)
                  00008020    00000054     rtsv7M4_T_le_v4SPD16_eabi.lib : _ltoa.c.obj (.text:__TI_ltoa)
                  00008074    00000054     score.obj (.text:drawScore)
                  000080c8    00000052     grlib.a : context.obj (.text:Graphics_initContext)
                  0000811a    00000052     rtsv7M4_T_le_v4SPD16_eabi.lib : _printfi.c.obj (.text:_ecpy)
                  0000816c    00000050     main.obj (.text:ADC14_IRQHandler)
                  000081bc    0000004c     main.obj (.text:Init_Graph)
                  00008208    0000004c     rtsv7M4_T_le_v4SPD16_eabi.lib : atoi.c.obj (.text:atoi)
                  00008254    0000004c     characters.obj (.text:init_Character)
                  000082a0    00000048     score.obj (.text:init_Treasure)
                  000082e8    00000048     rtsv7M4_T_le_v4SPD16_eabi.lib : fd_toi_t2.asm.obj (.text)
                  00008330    00000046     grlib.a : display.obj (.text:Graphics_drawMultiplePixelsOnDisplay)
                  00008376    00000002     --HOLE-- [fill = 0]
                  00008378    00000044     rtsv7M4_T_le_v4SPD16_eabi.lib : autoinit.c.obj (.text:__TI_auto_init_nobinit_nopinit:__TI_auto_init_nobinit_nopinit)
                  000083bc    00000040     Crystalfontz128x128_ST7735.obj (.text:Crystalfontz128x128_PixelDraw)
                  000083fc    00000040     msp432p4xx_driverlib.lib : gpio.o (.text:GPIO_setAsOutputPin)
                  0000843c    00000040     grlib.a : string.obj (.text:Graphics_getNumberOfLeadingZeros)
                  0000847c    00000040     HAL_MSP_EXP432P401R_Crystalfontz128x128_ST7735.obj (.text:HAL_LCD_SpiInit)
                  000084bc    00000040     msp432p4xx_driverlib.lib : spi.o (.text:is_A_Module)
                  000084fc    00000040     rtsv7M4_T_le_v4SPD16_eabi.lib : sprintf.c.obj (.text:sprintf)
                  0000853c    0000003e                                   : _printfi.c.obj (.text:_fcpy)
                  0000857a    00000002     --HOLE-- [fill = 0]
                  0000857c    00000038     HAL_MSP_EXP432P401R_Crystalfontz128x128_ST7735.obj (.text:HAL_LCD_writeCommand)
                  000085b4    00000038     msp432p4xx_driverlib.lib : timer32.o (.text:Timer32_startTimer)
                  000085ec    00000036     grlib.a : display.obj (.text:Graphics_drawHorizontalLineOnDisplay)
                  00008622    00000002     --HOLE-- [fill = 0]
                  00008624    00000034     msp432p4xx_driverlib.lib : timer32.o (.text:Timer32_setCount)
                  00008658    00000034     rtsv7M4_T_le_v4SPD16_eabi.lib : boot_cortex_m.c.obj (.text:_c_int00_noargs:_c_int00_noargs)
                  0000868c    00000034     score.obj (.text:spawnTreasure)
                  000086c0    00000030     HAL_MSP_EXP432P401R_Crystalfontz128x128_ST7735.obj (.text:HAL_LCD_PortInit)
                  000086f0    00000030     characters.obj (.text:delay)
                  00008720    0000002e     rtsv7M4_T_le_v4SPD16_eabi.lib : i_tofd_t2.asm.obj (.text)
                  0000874e    00000002     --HOLE-- [fill = 0]
                  00008750    0000002c     Crystalfontz128x128_ST7735.obj (.text:Crystalfontz128x128_ClearScreen)
                  0000877c    0000002c     grlib.a : display.obj (.text:Graphics_drawPixelOnDisplay)
                  000087a8    0000002c     HAL_MSP_EXP432P401R_Crystalfontz128x128_ST7735.obj (.text:HAL_LCD_writeData)
                  000087d4    00000028     msp432p4xx_driverlib.lib : adc14.o (.text:ADC14_getResult)
                  000087fc    00000028     Crystalfontz128x128_ST7735.obj (.text:Crystalfontz128x128_ColorTranslate)
                  00008824    00000028     msp432p4xx_driverlib.lib : gpio.o (.text:GPIO_setOutputHighOnPin)
                  0000884c    00000028                              : gpio.o (.text:GPIO_setOutputLowOnPin)
                  00008874    00000024     main.obj (.text:titleScreen)
                  00008898    0000001c     msp432p4xx_driverlib.lib : spi.o (.text:SPI_enableModule)
                  000088b4    0000001c     main.obj (.text:delay_init)
                  000088d0    0000001c     rtsv7M4_T_le_v4SPD16_eabi.lib : memccpy.c.obj (.text:memccpy)
                  000088ec    0000001a     grlib.a : display.obj (.text:Graphics_clearDisplayOnDisplay)
                  00008906    0000001a             : context.obj (.text:Graphics_setBackgroundColor)
                  00008920    0000001a             : context.obj (.text:Graphics_setFont)
                  0000893a    0000001a     rtsv7M4_T_le_v4SPD16_eabi.lib : s_copysign.c.obj (.text:copysign)
                  00008954    00000018                                   : sprintf.c.obj (.text:_outs)
                  0000896c    00000016     msp432p4xx_driverlib.lib : spi.o (.text:EUSCI_A_SPI_enable)
                  00008982    00000016                              : spi.o (.text:EUSCI_B_SPI_enable)
                  00008998    00000016     grlib.a : context.obj (.text:Graphics_setForegroundColor)
                  000089ae    00000016             : display.obj (.text:Graphics_translateColorOnDisplay)
                  000089c4    00000016     rtsv7M4_T_le_v4SPD16_eabi.lib : strchr.c.obj (.text:strchr)
                  000089da    00000014     msp432p4xx_driverlib.lib : timer32.o (.text:Timer32_disableInterrupt)
                  000089ee    00000014                              : timer32.o (.text:Timer32_haltTimer)
                  00008a02    00000014     rtsv7M4_T_le_v4SPD16_eabi.lib : strlen.c.obj (.text:strlen)
                  00008a16    00000012     grlib.a : context.obj (.text:Graphics_clearDisplay)
                  00008a28    00000012     rtsv7M4_T_le_v4SPD16_eabi.lib : wcslen.c.obj (.text:wcslen)
                  00008a3a    00000002     --HOLE-- [fill = 0]
                  00008a3c    00000010     msp432p4xx_driverlib.lib : adc14.o (.text:ADCIsConversionRunning)
                  00008a4c    0000000e                              : timer32.o (.text:Timer32_getValue)
                  00008a5a    0000000e     rtsv7M4_T_le_v4SPD16_eabi.lib : copy_decompress_none.c.obj (.text:decompress:none:__TI_decompress_none)
                  00008a68    0000000c     startup_msp432p401r_ccs.obj (.text:Reset_Handler)
                  00008a74    0000000c     rtsv7M4_T_le_v4SPD16_eabi.lib : copy_zero_init.c.obj (.text:decompress:ZI:__TI_zero_init)
                  00008a80    0000000a     Crystalfontz128x128_ST7735.obj (.text:Crystalfontz128x128_Flush)
                  00008a8a    0000000a     rtsv7M4_T_le_v4SPD16_eabi.lib : sprintf.c.obj (.text:_outc)
                  00008a94    00000008                                   : errno.c.obj (.text:__aeabi_errno_addr)
                  00008a9c    00000004                                   : pre_init.c.obj (.text:_system_pre_init)
                  00008aa0    00000004                                   : exit.c.obj (.text:abort:abort)

.cinit     0    00008aa8    00000038     
                  00008aa8    0000000d     (.cinit..data.load) [load image, compression = lzss]
                  00008ab5    00000003     --HOLE-- [fill = 0]
                  00008ab8    0000000c     (__TI_handler_table)
                  00008ac4    00000004     --HOLE-- [fill = 0]
                  00008ac8    00000008     (.cinit..bss.load) [load image, compression = zero_init]
                  00008ad0    00000010     (__TI_cinit_table)

.init_array 
*          0    00000000    00000000     UNINITIALIZED

.binit     0    00000000    00000000     

.bss       0    20000000    0000042a     UNINITIALIZED
                  20000000    00000400     grlib.a : image.obj (.bss:g_pulConvertedPalette)
                  20000400    0000001c     (.common:g_sContext)
                  2000041c    00000004     main.obj (.bss:resultsBuffer)
                  20000420    00000002     (.common:Lcd_ScreenHeigth)
                  20000422    00000002     (.common:Lcd_ScreenWidth)
                  20000424    00000002     (.common:Lcd_TouchTrim)
                  20000426    00000001     (.common:Lcd_FlagRead)
                  20000427    00000001     (.common:Lcd_FontSolid)
                  20000428    00000001     (.common:Lcd_Orientation)
                  20000429    00000001     (.common:Lcd_PenSolid)

.data      0    2000042c    00000018     UNINITIALIZED
                  2000042c    00000010     Crystalfontz128x128_ST7735.obj (.data:g_sCrystalfontz128x128)
                  2000043c    00000004     rtsv7M4_T_le_v4SPD16_eabi.lib : errno.c.obj (.data)
                  20000440    00000004     score.obj (.data)

.stack     0    2000fe00    00000200     UNINITIALIZED
                  2000fe00    00000004     rtsv7M4_T_le_v4SPD16_eabi.lib : boot_cortex_m.c.obj (.stack)
                  2000fe04    000001fc     --HOLE--

__llvm_prf_cnts 
*          0    20000000    00000000     UNINITIALIZED

MODULE SUMMARY

       Module                                               code    ro data   rw data
       ------                                               ----    -------   -------
    ./
       BasicMap.obj                                         0       8272      0      
       titleScreen.obj                                      0       8272      0      
       main.obj                                             920     0         64     
       characters.obj                                       772     0         0      
       MinerBackground.obj                                  0       368       0      
       MinerBig.obj                                         0       368       0      
       SlimeBig.obj                                         0       242       0      
       score.obj                                            208     0         8      
       Emerald.obj                                          0       130       0      
       GemBackground.obj                                    0       130       0      
       system_msp432p401r.obj                               120     0         0      
    +--+----------------------------------------------------+-------+---------+---------+
       Total:                                               2020    17782     72     
                                                                                     
    ./LcdDriver/
       Crystalfontz128x128_ST7735.obj                       1670    40        52     
       HAL_MSP_EXP432P401R_Crystalfontz128x128_ST7735.obj   212     28        0      
    +--+----------------------------------------------------+-------+---------+---------+
       Total:                                               1882    68        52     
                                                                                     
    ./ccs/
       startup_msp432p401r_ccs.obj                          14      228       0      
    +--+----------------------------------------------------+-------+---------+---------+
       Total:                                               14      228       0      
                                                                                     
    /Applications/ti/ccs1010/ccs/tools/compiler/ti-cgt-arm_20.2.1.LTS/lib/rtsv7M4_T_le_v4SPD16_eabi.lib
       _printfi.c.obj                                       4851    0         0      
       fd_add_t2.asm.obj                                    438     0         0      
       fd_div_t2.asm.obj                                    310     0         0      
       s_scalbn.c.obj                                       272     0         0      
       fd_cmp_t2.asm.obj                                    268     0         0      
       ctype.c.obj                                          0       257       0      
       fd_mul_t2.asm.obj                                    252     0         0      
       memcpy_t2.asm.obj                                    156     0         0      
       ull_div_t2.asm.obj                                   150     0         0      
       memset_t2.asm.obj                                    122     0         0      
       copy_decompress_lzss.c.obj                           104     0         0      
       s_frexp.c.obj                                        100     0         0      
       sprintf.c.obj                                        98      0         0      
       _ltoa.c.obj                                          84      0         0      
       atoi.c.obj                                           76      0         0      
       fd_toi_t2.asm.obj                                    72      0         0      
       autoinit.c.obj                                       68      0         0      
       boot_cortex_m.c.obj                                  52      0         0      
       i_tofd_t2.asm.obj                                    46      0         0      
       memccpy.c.obj                                        28      0         0      
       s_copysign.c.obj                                     26      0         0      
       strchr.c.obj                                         22      0         0      
       strlen.c.obj                                         20      0         0      
       wcslen.c.obj                                         18      0         0      
       errno.c.obj                                          8       0         8      
       copy_decompress_none.c.obj                           14      0         0      
       copy_zero_init.c.obj                                 12      0         0      
       exit.c.obj                                           4       0         0      
       pre_init.c.obj                                       4       0         0      
       div0.asm.obj                                         2       0         0      
    +--+----------------------------------------------------+-------+---------+---------+
       Total:                                               7677    257       8      
                                                                                     
    /Applications/ti/simplelink_msp432p4_sdk_3_40_01_02/source/ti/devices/msp432p4xx/driverlib/ccs/msp432p4xx_driverlib.lib
       adc14.o                                              768     128       0      
       gpio.o                                               280     48        0      
       spi.o                                                312     0         0      
       timer32.o                                            266     0         0      
    +--+----------------------------------------------------+-------+---------+---------+
       Total:                                               1626    176       0      
                                                                                     
    /Applications/ti/simplelink_msp432p4_sdk_3_40_01_02/source/ti/grlib/lib/ccs/m4f/grlib.a
       image.obj                                            1020    0         2048   
       string.obj                                           1214    0         0      
       fontfixed6x8.obj                                     0       960       0      
       display.obj                                          216     0         0      
       context.obj                                          174     0         0      
       line.obj                                             156     0         0      
    +--+----------------------------------------------------+-------+---------+---------+
       Total:                                               2780    960       2048   
                                                                                     
       Stack:                                               0       0         1024   
       Linker Generated:                                    0       49        0      
    +--+----------------------------------------------------+-------+---------+---------+
       Grand Total:                                         15999   19520     3204   


LINKER GENERATED COPY TABLES

__TI_cinit_table @ 00008ad0 records: 2, size/record: 8, table size: 16
	.data: load addr=00008aa8, load size=0000000d bytes, run addr=2000042c, run size=00000018 bytes, compression=lzss
	.bss: load addr=00008ac8, load size=00000008 bytes, run addr=20000000, run size=0000042a bytes, compression=zero_init


LINKER GENERATED HANDLER TABLE

__TI_handler_table @ 00008ab8 records: 3, size/record: 4, table size: 12
	index: 0, handler: __TI_decompress_lzss
	index: 1, handler: __TI_decompress_none
	index: 2, handler: __TI_zero_init


GLOBAL SYMBOLS: SORTED ALPHABETICALLY BY Name 

address   name                                       
-------   ----                                       
0000816d  ADC14_IRQHandler                           
0000816d  ADC14_IRQHandler                           
00007425  ADC14_configureConversionMemory            
000074d9  ADC14_configureMultiSequenceMode           
000087d5  ADC14_getResult                            
0000663f  AES256_IRQHandler                          
00004b9c  BasicMap00004BPP_UNCOMP                    
0000663f  BusFault_Handler                           
00008aa1  C$$EXIT                                    
0000663f  COMP_E0_IRQHandler                         
0000663f  COMP_E1_IRQHandler                         
0000663f  CS_IRQHandler                              
00006e05  Crystalfontz128x128_Init                   
00006cd1  Crystalfontz128x128_SetDrawFrame           
00007fcd  Crystalfontz128x128_SetOrientation         
0000663f  DMA_ERR_IRQHandler                         
0000663f  DMA_INT0_IRQHandler                        
0000663f  DMA_INT1_IRQHandler                        
0000663f  DMA_INT2_IRQHandler                        
0000663f  DMA_INT3_IRQHandler                        
0000663f  DebugMon_Handler                           
0000663f  Default_Handler                            
0000663f  EUSCIA0_IRQHandler                         
0000663f  EUSCIA1_IRQHandler                         
0000663f  EUSCIA2_IRQHandler                         
0000663f  EUSCIA3_IRQHandler                         
0000663f  EUSCIB0_IRQHandler                         
0000663f  EUSCIB1_IRQHandler                         
0000663f  EUSCIB2_IRQHandler                         
0000663f  EUSCIB3_IRQHandler                         
0000896d  EUSCI_A_SPI_enable                         
00008983  EUSCI_B_SPI_enable                         
00004bac  Emerald100004BPP_UNCOMP                    
0000663f  FLCTL_IRQHandler                           
0000663f  FPU_IRQHandler                             
000083fd  GPIO_setAsOutputPin                        
00007959  GPIO_setAsPeripheralModuleFunctionOutputPin
00008825  GPIO_setOutputHighOnPin                    
0000884d  GPIO_setOutputLowOnPin                     
00004bbc  GemBackground00004BPP_UNCOMP               
00008a17  Graphics_clearDisplay                      
000088ed  Graphics_clearDisplayOnDisplay             
000085ed  Graphics_drawHorizontalLineOnDisplay       
00005ae1  Graphics_drawImage                         
0000778b  Graphics_drawLineH                         
00008331  Graphics_drawMultiplePixelsOnDisplay       
0000877d  Graphics_drawPixelOnDisplay                
00005663  Graphics_drawString                        
000080c9  Graphics_initContext                       
00008907  Graphics_setBackgroundColor                
00008921  Graphics_setFont                           
00008999  Graphics_setForegroundColor                
000089af  Graphics_translateColorOnDisplay           
000086c1  HAL_LCD_PortInit                           
0000847d  HAL_LCD_SpiInit                            
0000857d  HAL_LCD_writeCommand                       
000087a9  HAL_LCD_writeData                          
0000663f  HardFault_Handler                          
00006919  InitJoyStick                               
000081bd  Init_Graph                                 
20000426  Lcd_FlagRead                               
20000427  Lcd_FontSolid                              
20000428  Lcd_Orientation                            
20000429  Lcd_PenSolid                               
20000420  Lcd_ScreenHeigth                           
20000422  Lcd_ScreenWidth                            
20000424  Lcd_TouchTrim                              
0000663f  MemManage_Handler                          
00004bcc  MinerBackground00004BPP_UNCOMP             
00004bdc  MinerBig00004BPP_UNCOMP                    
0000663f  NMI_Handler                                
0000663f  PCM_IRQHandler                             
0000663f  PORT1_IRQHandler                           
0000663f  PORT2_IRQHandler                           
0000663f  PORT3_IRQHandler                           
0000663f  PORT4_IRQHandler                           
0000663f  PORT5_IRQHandler                           
0000663f  PORT6_IRQHandler                           
0000663f  PSS_IRQHandler                             
0000663f  PendSV_Handler                             
0000663f  RTC_C_IRQHandler                           
00008a69  Reset_Handler                              
00008899  SPI_enableModule                           
0000763f  SPI_initMaster                             
0000663f  SVC_Handler                                
00004bec  SlimeBig00004BPP_UNCOMP                    
0000663f  SysTick_Handler                            
00007b69  SystemInit                                 
0000663f  T32_INT1_IRQHandler                        
0000663f  T32_INT2_IRQHandler                        
0000663f  T32_INTC_IRQHandler                        
0000663f  TA0_0_IRQHandler                           
0000663f  TA0_N_IRQHandler                           
0000663f  TA1_0_IRQHandler                           
0000663f  TA1_N_IRQHandler                           
0000663f  TA2_0_IRQHandler                           
0000663f  TA2_N_IRQHandler                           
0000663f  TA3_0_IRQHandler                           
0000663f  TA3_N_IRQHandler                           
000089db  Timer32_disableInterrupt                   
00008a4d  Timer32_getValue                           
000089ef  Timer32_haltTimer                          
00007d29  Timer32_initModule                         
00008625  Timer32_setCount                           
000085b5  Timer32_startTimer                         
0000663f  UsageFault_Handler                         
4000480c  WDTCTL_SYM                                 
0000663f  WDT_A_IRQHandler                           
20010000  __STACK_END                                
00000200  __STACK_SIZE                               
00008ad0  __TI_CINIT_Base                            
00008ae0  __TI_CINIT_Limit                           
00008ab8  __TI_Handler_Table_Base                    
00008ac4  __TI_Handler_Table_Limit                   
00008379  __TI_auto_init_nobinit_nopinit             
00007d91  __TI_decompress_lzss                       
00008a5b  __TI_decompress_none                       
00008021  __TI_ltoa                                  
ffffffff  __TI_pprof_out_hndl                        
00004c15  __TI_printfi                               
ffffffff  __TI_prof_data_size                        
ffffffff  __TI_prof_data_start                       
00000000  __TI_static_base__                         
00008a75  __TI_zero_init                             
000079e1  __aeabi_cdcmpeq                            
000079e1  __aeabi_cdcmple                            
00007a67  __aeabi_cdrcmple                           
000082e9  __aeabi_d2iz                               
00006493  __aeabi_dadd                               
00006b99  __aeabi_ddiv                               
00007165  __aeabi_dmul                               
00006489  __aeabi_dsub                               
00008a95  __aeabi_errno_addr                         
00008721  __aeabi_i2d                                
00006ccf  __aeabi_idiv0                              
00006ccf  __aeabi_ldiv0                              
00007aed  __aeabi_memclr                             
00007aed  __aeabi_memclr4                            
00007aed  __aeabi_memclr8                            
00007827  __aeabi_memcpy                             
00007827  __aeabi_memcpy4                            
00007827  __aeabi_memcpy8                            
00007aef  __aeabi_memset                             
00007aef  __aeabi_memset4                            
00007aef  __aeabi_memset8                            
000078c3  __aeabi_uldivmod                           
ffffffff  __binit__                                  
ffffffff  __c_args__                                 
UNDEFED   __mpu_init                                 
2000fe00  __stack                                    
20000000  __start___llvm_prf_cnts                    
20000000  __stop___llvm_prf_cnts                     
00008659  _c_int00_noargs                            
0000461c  _ctypes_                                   
UNDEFED   _system_post_cinit                         
00008a9d  _system_pre_init                           
00008aa1  abort                                      
00008209  atoi                                       
ffffffff  binit                                      
00007f1d  checkIfOverlap                             
0000893b  copysign                                   
0000893b  copysignl                                  
000086f1  delay                                      
000088b5  delay_init                                 
00008075  drawScore                                  
2000043c  errno                                      
00007df9  frexp                                      
00007df9  frexpl                                     
20000400  g_sContext                                 
2000042c  g_sCrystalfontz128x128                     
00004b60  g_sCrystalfontz128x128_funcs               
00004720  g_sFontFixed6x8                            
00008255  init_Character                             
000082a1  init_Treasure                              
00000000  interruptVectors                           
00007261  isHit                                      
00007055  ldexp                                      
00007055  ldexpl                                     
00006641  main                                       
000088d1  memccpy                                    
00007827  memcpy                                     
00007af5  memset                                     
00007359  move                                       
00007cbd  movePossible                               
00007055  scalbn                                     
00007055  scalbnl                                    
0000868d  spawnTreasure                              
000084fd  sprintf                                    
000089c5  strchr                                     
00008a03  strlen                                     
00008875  titleScreen                                
00004bfc  titleScreen00004BPP_UNCOMP                 
00008a29  wcslen                                     


GLOBAL SYMBOLS: SORTED BY Symbol Address 

address   name                                       
-------   ----                                       
00000000  __TI_static_base__                         
00000000  interruptVectors                           
00000200  __STACK_SIZE                               
0000461c  _ctypes_                                   
00004720  g_sFontFixed6x8                            
00004b60  g_sCrystalfontz128x128_funcs               
00004b9c  BasicMap00004BPP_UNCOMP                    
00004bac  Emerald100004BPP_UNCOMP                    
00004bbc  GemBackground00004BPP_UNCOMP               
00004bcc  MinerBackground00004BPP_UNCOMP             
00004bdc  MinerBig00004BPP_UNCOMP                    
00004bec  SlimeBig00004BPP_UNCOMP                    
00004bfc  titleScreen00004BPP_UNCOMP                 
00004c15  __TI_printfi                               
00005663  Graphics_drawString                        
00005ae1  Graphics_drawImage                         
00006489  __aeabi_dsub                               
00006493  __aeabi_dadd                               
0000663f  AES256_IRQHandler                          
0000663f  BusFault_Handler                           
0000663f  COMP_E0_IRQHandler                         
0000663f  COMP_E1_IRQHandler                         
0000663f  CS_IRQHandler                              
0000663f  DMA_ERR_IRQHandler                         
0000663f  DMA_INT0_IRQHandler                        
0000663f  DMA_INT1_IRQHandler                        
0000663f  DMA_INT2_IRQHandler                        
0000663f  DMA_INT3_IRQHandler                        
0000663f  DebugMon_Handler                           
0000663f  Default_Handler                            
0000663f  EUSCIA0_IRQHandler                         
0000663f  EUSCIA1_IRQHandler                         
0000663f  EUSCIA2_IRQHandler                         
0000663f  EUSCIA3_IRQHandler                         
0000663f  EUSCIB0_IRQHandler                         
0000663f  EUSCIB1_IRQHandler                         
0000663f  EUSCIB2_IRQHandler                         
0000663f  EUSCIB3_IRQHandler                         
0000663f  FLCTL_IRQHandler                           
0000663f  FPU_IRQHandler                             
0000663f  HardFault_Handler                          
0000663f  MemManage_Handler                          
0000663f  NMI_Handler                                
0000663f  PCM_IRQHandler                             
0000663f  PORT1_IRQHandler                           
0000663f  PORT2_IRQHandler                           
0000663f  PORT3_IRQHandler                           
0000663f  PORT4_IRQHandler                           
0000663f  PORT5_IRQHandler                           
0000663f  PORT6_IRQHandler                           
0000663f  PSS_IRQHandler                             
0000663f  PendSV_Handler                             
0000663f  RTC_C_IRQHandler                           
0000663f  SVC_Handler                                
0000663f  SysTick_Handler                            
0000663f  T32_INT1_IRQHandler                        
0000663f  T32_INT2_IRQHandler                        
0000663f  T32_INTC_IRQHandler                        
0000663f  TA0_0_IRQHandler                           
0000663f  TA0_N_IRQHandler                           
0000663f  TA1_0_IRQHandler                           
0000663f  TA1_N_IRQHandler                           
0000663f  TA2_0_IRQHandler                           
0000663f  TA2_N_IRQHandler                           
0000663f  TA3_0_IRQHandler                           
0000663f  TA3_N_IRQHandler                           
0000663f  UsageFault_Handler                         
0000663f  WDT_A_IRQHandler                           
00006641  main                                       
00006919  InitJoyStick                               
00006b99  __aeabi_ddiv                               
00006ccf  __aeabi_idiv0                              
00006ccf  __aeabi_ldiv0                              
00006cd1  Crystalfontz128x128_SetDrawFrame           
00006e05  Crystalfontz128x128_Init                   
00007055  ldexp                                      
00007055  ldexpl                                     
00007055  scalbn                                     
00007055  scalbnl                                    
00007165  __aeabi_dmul                               
00007261  isHit                                      
00007359  move                                       
00007425  ADC14_configureConversionMemory            
000074d9  ADC14_configureMultiSequenceMode           
0000763f  SPI_initMaster                             
0000778b  Graphics_drawLineH                         
00007827  __aeabi_memcpy                             
00007827  __aeabi_memcpy4                            
00007827  __aeabi_memcpy8                            
00007827  memcpy                                     
000078c3  __aeabi_uldivmod                           
00007959  GPIO_setAsPeripheralModuleFunctionOutputPin
000079e1  __aeabi_cdcmpeq                            
000079e1  __aeabi_cdcmple                            
00007a67  __aeabi_cdrcmple                           
00007aed  __aeabi_memclr                             
00007aed  __aeabi_memclr4                            
00007aed  __aeabi_memclr8                            
00007aef  __aeabi_memset                             
00007aef  __aeabi_memset4                            
00007aef  __aeabi_memset8                            
00007af5  memset                                     
00007b69  SystemInit                                 
00007cbd  movePossible                               
00007d29  Timer32_initModule                         
00007d91  __TI_decompress_lzss                       
00007df9  frexp                                      
00007df9  frexpl                                     
00007f1d  checkIfOverlap                             
00007fcd  Crystalfontz128x128_SetOrientation         
00008021  __TI_ltoa                                  
00008075  drawScore                                  
000080c9  Graphics_initContext                       
0000816d  ADC14_IRQHandler                           
0000816d  ADC14_IRQHandler                           
000081bd  Init_Graph                                 
00008209  atoi                                       
00008255  init_Character                             
000082a1  init_Treasure                              
000082e9  __aeabi_d2iz                               
00008331  Graphics_drawMultiplePixelsOnDisplay       
00008379  __TI_auto_init_nobinit_nopinit             
000083fd  GPIO_setAsOutputPin                        
0000847d  HAL_LCD_SpiInit                            
000084fd  sprintf                                    
0000857d  HAL_LCD_writeCommand                       
000085b5  Timer32_startTimer                         
000085ed  Graphics_drawHorizontalLineOnDisplay       
00008625  Timer32_setCount                           
00008659  _c_int00_noargs                            
0000868d  spawnTreasure                              
000086c1  HAL_LCD_PortInit                           
000086f1  delay                                      
00008721  __aeabi_i2d                                
0000877d  Graphics_drawPixelOnDisplay                
000087a9  HAL_LCD_writeData                          
000087d5  ADC14_getResult                            
00008825  GPIO_setOutputHighOnPin                    
0000884d  GPIO_setOutputLowOnPin                     
00008875  titleScreen                                
00008899  SPI_enableModule                           
000088b5  delay_init                                 
000088d1  memccpy                                    
000088ed  Graphics_clearDisplayOnDisplay             
00008907  Graphics_setBackgroundColor                
00008921  Graphics_setFont                           
0000893b  copysign                                   
0000893b  copysignl                                  
0000896d  EUSCI_A_SPI_enable                         
00008983  EUSCI_B_SPI_enable                         
00008999  Graphics_setForegroundColor                
000089af  Graphics_translateColorOnDisplay           
000089c5  strchr                                     
000089db  Timer32_disableInterrupt                   
000089ef  Timer32_haltTimer                          
00008a03  strlen                                     
00008a17  Graphics_clearDisplay                      
00008a29  wcslen                                     
00008a4d  Timer32_getValue                           
00008a5b  __TI_decompress_none                       
00008a69  Reset_Handler                              
00008a75  __TI_zero_init                             
00008a95  __aeabi_errno_addr                         
00008a9d  _system_pre_init                           
00008aa1  C$$EXIT                                    
00008aa1  abort                                      
00008ab8  __TI_Handler_Table_Base                    
00008ac4  __TI_Handler_Table_Limit                   
00008ad0  __TI_CINIT_Base                            
00008ae0  __TI_CINIT_Limit                           
20000000  __start___llvm_prf_cnts                    
20000000  __stop___llvm_prf_cnts                     
20000400  g_sContext                                 
20000420  Lcd_ScreenHeigth                           
20000422  Lcd_ScreenWidth                            
20000424  Lcd_TouchTrim                              
20000426  Lcd_FlagRead                               
20000427  Lcd_FontSolid                              
20000428  Lcd_Orientation                            
20000429  Lcd_PenSolid                               
2000042c  g_sCrystalfontz128x128                     
2000043c  errno                                      
2000fe00  __stack                                    
20010000  __STACK_END                                
4000480c  WDTCTL_SYM                                 
ffffffff  __TI_pprof_out_hndl                        
ffffffff  __TI_prof_data_size                        
ffffffff  __TI_prof_data_start                       
ffffffff  __binit__                                  
ffffffff  __c_args__                                 
ffffffff  binit                                      
UNDEFED   __mpu_init                                 
UNDEFED   _system_post_cinit                         

[193 symbols]
