******************************************************************************
                  TI ARM Linker PC v20.2.1                     
******************************************************************************
>> Linked Tue Nov 10 13:46:58 2020

OUTPUT FILE NAME:   <Hurst_EE334_HW3Prob2.out>
ENTRY POINT SYMBOL: "_c_int00_noargs"  address: 00001945


MEMORY CONFIGURATION

         name            origin    length      used     unused   attr    fill
----------------------  --------  ---------  --------  --------  ----  --------
  MAIN                  00000000   00040000  0000273e  0003d8c2  R  X
  INFO                  00200000   00004000  00000000  00004000  R  X
  SRAM_CODE             01000000   00010000  0000021a  0000fde6  RW X
  SRAM_DATA             20000000   00010000  0000021a  0000fde6  RW  


SEGMENT ALLOCATION MAP

run origin  load origin   length   init length attrs members
----------  ----------- ---------- ----------- ----- -------
00000000    00000000    00002740   00002740    r-x
  00000000    00000000    000000e4   000000e4    r-- .intvecs
  000000e4    000000e4    00001b5e   00001b5e    r-x .text
  00001c44    00001c44    00000ac4   00000ac4    r-- .const
  00002708    00002708    00000038   00000038    r-- .cinit
20000000    20000000    0000001a   00000000    rw-
  20000000    20000000    00000010   00000000    rw- .data
  20000010    20000010    0000000a   00000000    rw- .bss
2000fe00    2000fe00    00000200   00000000    rw-
  2000fe00    2000fe00    00000200   00000000    rw- .stack


SECTION ALLOCATION MAP

 output                                  attributes/
section   page    origin      length       input sections
--------  ----  ----------  ----------   ----------------
.intvecs   0    00000000    000000e4     
                  00000000    000000e4     startup_msp432p401r_ccs.obj (.intvecs:retain)

.text      0    000000e4    00001b5e     
                  000000e4    0000047e     grlib.a : string.obj (.text:Graphics_drawString)
                  00000562    0000026e             : circle.obj (.text:Graphics_drawCircle)
                  000007d0    00000250     main.obj (.text:main)
                  00000a20    0000022a     grlib.a : circle.obj (.text:Graphics_fillCircle)
                  00000c4a    000001d8     Crystalfontz128x128_ST7735.obj (.text:Crystalfontz128x128_PixelDrawMultiple)
                  00000e22    00000002     startup_msp432p401r_ccs.obj (.text:Default_Handler)
                  00000e24    00000134     Crystalfontz128x128_ST7735.obj (.text:Crystalfontz128x128_SetDrawFrame)
                  00000f58    0000012c     Crystalfontz128x128_ST7735.obj (.text:Crystalfontz128x128_Init)
                  00001084    000000b0     msp432p4xx_driverlib.lib : spi.o (.text:SPI_initMaster)
                  00001134    0000009c     Crystalfontz128x128_ST7735.obj (.text:Crystalfontz128x128_RectFill)
                  000011d0    0000009c     grlib.a : line.obj (.text:Graphics_drawLineH)
                  0000126c    0000009c     rtsv7M4_T_le_v4SPD16_eabi.lib : memcpy_t2.asm.obj (.text)
                  00001308    00000088     msp432p4xx_driverlib.lib : gpio.o (.text:GPIO_setAsPeripheralModuleFunctionOutputPin)
                  00001390    00000078     system_msp432p401r.obj (.text:SystemInit)
                  00001408    00000068     msp432p4xx_driverlib.lib : timer32.o (.text:Timer32_initModule)
                  00001470    00000068     rtsv7M4_T_le_v4SPD16_eabi.lib : copy_decompress_lzss.c.obj (.text:decompress:lzss:__TI_decompress_lzss)
                  000014d8    00000060     Crystalfontz128x128_ST7735.obj (.text:Crystalfontz128x128_LineDrawH)
                  00001538    00000060     Crystalfontz128x128_ST7735.obj (.text:Crystalfontz128x128_LineDrawV)
                  00001598    0000005a     grlib.a : context.obj (.text:Graphics_drawPixel)
                  000015f2    00000002     --HOLE-- [fill = 0]
                  000015f4    00000054     Crystalfontz128x128_ST7735.obj (.text:Crystalfontz128x128_SetOrientation)
                  00001648    00000052     grlib.a : context.obj (.text:Graphics_initContext)
                  0000169a    00000002     --HOLE-- [fill = 0]
                  0000169c    00000048     main.obj (.text:Init_Graph)
                  000016e4    00000044     rtsv7M4_T_le_v4SPD16_eabi.lib : autoinit.c.obj (.text:__TI_auto_init_nobinit_nopinit:__TI_auto_init_nobinit_nopinit)
                  00001728    00000040     Crystalfontz128x128_ST7735.obj (.text:Crystalfontz128x128_PixelDraw)
                  00001768    00000040     msp432p4xx_driverlib.lib : gpio.o (.text:GPIO_setAsOutputPin)
                  000017a8    00000040     grlib.a : string.obj (.text:Graphics_getNumberOfLeadingZeros)
                  000017e8    00000040     HAL_MSP_EXP432P401R_Crystalfontz128x128_ST7735.obj (.text:HAL_LCD_SpiInit)
                  00001828    00000040     msp432p4xx_driverlib.lib : spi.o (.text:is_A_Module)
                  00001868    00000038     HAL_MSP_EXP432P401R_Crystalfontz128x128_ST7735.obj (.text:HAL_LCD_writeCommand)
                  000018a0    00000038     msp432p4xx_driverlib.lib : timer32.o (.text:Timer32_startTimer)
                  000018d8    00000036     grlib.a : display.obj (.text:Graphics_drawHorizontalLineOnDisplay)
                  0000190e    00000002     --HOLE-- [fill = 0]
                  00001910    00000034     msp432p4xx_driverlib.lib : timer32.o (.text:Timer32_setCount)
                  00001944    00000034     rtsv7M4_T_le_v4SPD16_eabi.lib : boot_cortex_m.c.obj (.text:_c_int00_noargs:_c_int00_noargs)
                  00001978    00000030     HAL_MSP_EXP432P401R_Crystalfontz128x128_ST7735.obj (.text:HAL_LCD_PortInit)
                  000019a8    00000030     main.obj (.text:delay)
                  000019d8    0000002c     Crystalfontz128x128_ST7735.obj (.text:Crystalfontz128x128_ClearScreen)
                  00001a04    0000002c     grlib.a : display.obj (.text:Graphics_drawPixelOnDisplay)
                  00001a30    0000002c     HAL_MSP_EXP432P401R_Crystalfontz128x128_ST7735.obj (.text:HAL_LCD_writeData)
                  00001a5c    00000028     Crystalfontz128x128_ST7735.obj (.text:Crystalfontz128x128_ColorTranslate)
                  00001a84    00000028     msp432p4xx_driverlib.lib : gpio.o (.text:GPIO_setOutputHighOnPin)
                  00001aac    00000028                              : gpio.o (.text:GPIO_setOutputLowOnPin)
                  00001ad4    0000001c                              : spi.o (.text:SPI_enableModule)
                  00001af0    0000001c     rtsv7M4_T_le_v4SPD16_eabi.lib : copy_zero_init.c.obj (.text:decompress:ZI:__TI_zero_init_nomemset:__TI_zero_init_nomemset)
                  00001b0c    0000001c     main.obj (.text:delay_init)
                  00001b28    0000001a     grlib.a : display.obj (.text:Graphics_clearDisplayOnDisplay)
                  00001b42    0000001a             : context.obj (.text:Graphics_setBackgroundColor)
                  00001b5c    0000001a             : context.obj (.text:Graphics_setFont)
                  00001b76    00000016     msp432p4xx_driverlib.lib : spi.o (.text:EUSCI_A_SPI_enable)
                  00001b8c    00000016                              : spi.o (.text:EUSCI_B_SPI_enable)
                  00001ba2    00000016     grlib.a : context.obj (.text:Graphics_setForegroundColor)
                  00001bb8    00000016             : display.obj (.text:Graphics_translateColorOnDisplay)
                  00001bce    00000014     msp432p4xx_driverlib.lib : timer32.o (.text:Timer32_disableInterrupt)
                  00001be2    00000014                              : timer32.o (.text:Timer32_haltTimer)
                  00001bf6    00000012     grlib.a : context.obj (.text:Graphics_clearDisplay)
                  00001c08    0000000e     msp432p4xx_driverlib.lib : timer32.o (.text:Timer32_getValue)
                  00001c16    0000000e     rtsv7M4_T_le_v4SPD16_eabi.lib : copy_decompress_none.c.obj (.text:decompress:none:__TI_decompress_none)
                  00001c24    0000000c     startup_msp432p401r_ccs.obj (.text:Reset_Handler)
                  00001c30    0000000a     Crystalfontz128x128_ST7735.obj (.text:Crystalfontz128x128_Flush)
                  00001c3a    00000004     rtsv7M4_T_le_v4SPD16_eabi.lib : pre_init.c.obj (.text:_system_pre_init)
                  00001c3e    00000004                                   : exit.c.obj (.text:abort:abort)

.const     0    00001c44    00000ac4     
                  00001c44    000005c7     grlib.a : fontcmss12b.obj (.const:.string:g_pucCmss12bData)
                  0000220b    000002f8             : fontfixed6x8.obj (.const:.string:g_pucFontFixed6x8Data)
                  00002503    00000001     --HOLE-- [fill = 0]
                  00002504    000000c8             : fontcmss12b.obj (.const:g_sFontCmss12b)
                  000025cc    000000c8             : fontfixed6x8.obj (.const:g_sFontFixed6x8)
                  00002694    00000030     msp432p4xx_driverlib.lib : gpio.o (.const:GPIO_PORT_TO_BASE)
                  000026c4    00000020     Crystalfontz128x128_ST7735.obj (.const:g_sCrystalfontz128x128_funcs)
                  000026e4    0000001c     HAL_MSP_EXP432P401R_Crystalfontz128x128_ST7735.obj (.const:$P$T0$1)
                  00002700    00000008     Crystalfontz128x128_ST7735.obj (.const:$P$T0$1)

.cinit     0    00002708    00000038     
                  00002708    0000000d     (.cinit..data.load) [load image, compression = lzss]
                  00002715    00000003     --HOLE-- [fill = 0]
                  00002718    0000000c     (__TI_handler_table)
                  00002724    00000004     --HOLE-- [fill = 0]
                  00002728    00000008     (.cinit..bss.load) [load image, compression = zero_init]
                  00002730    00000010     (__TI_cinit_table)

.init_array 
*          0    00000000    00000000     UNINITIALIZED

.binit     0    00000000    00000000     

.data      0    20000000    00000010     UNINITIALIZED
                  20000000    00000010     Crystalfontz128x128_ST7735.obj (.data:g_sCrystalfontz128x128)

.bss       0    20000010    0000000a     UNINITIALIZED
                  20000010    00000002     (.common:Lcd_ScreenHeigth)
                  20000012    00000002     (.common:Lcd_ScreenWidth)
                  20000014    00000002     (.common:Lcd_TouchTrim)
                  20000016    00000001     (.common:Lcd_FlagRead)
                  20000017    00000001     (.common:Lcd_FontSolid)
                  20000018    00000001     (.common:Lcd_Orientation)
                  20000019    00000001     (.common:Lcd_PenSolid)

.stack     0    2000fe00    00000200     UNINITIALIZED
                  2000fe00    00000004     rtsv7M4_T_le_v4SPD16_eabi.lib : boot_cortex_m.c.obj (.stack)
                  2000fe04    000001fc     --HOLE--

__llvm_prf_cnts 
*          0    20000000    00000000     UNINITIALIZED

MODULE SUMMARY

       Module                                               code   ro data   rw data
       ------                                               ----   -------   -------
    .\
       main.obj                                             740    0         0      
       system_msp432p401r.obj                               120    0         0      
    +--+----------------------------------------------------+------+---------+---------+
       Total:                                               860    0         0      
                                                                                    
    .\LcdDriver\
       Crystalfontz128x128_ST7735.obj                       1670   40        52     
       HAL_MSP_EXP432P401R_Crystalfontz128x128_ST7735.obj   212    28        0      
    +--+----------------------------------------------------+------+---------+---------+
       Total:                                               1882   68        52     
                                                                                    
    .\ccs\
       startup_msp432p401r_ccs.obj                          14     228       0      
    +--+----------------------------------------------------+------+---------+---------+
       Total:                                               14     228       0      
                                                                                    
    C:/ti/simplelink_msp432p4_sdk_3_40_01_02/source/ti/devices/msp432p4xx/driverlib/ccs/msp432p4xx_driverlib.lib
       gpio.o                                               280    48        0      
       spi.o                                                312    0         0      
       timer32.o                                            266    0         0      
    +--+----------------------------------------------------+------+---------+---------+
       Total:                                               858    48        0      
                                                                                    
    C:/ti/simplelink_msp432p4_sdk_3_40_01_02/source/ti/grlib/lib/ccs/m4f/grlib.a
       fontcmss12b.obj                                      0      1679      0      
       string.obj                                           1214   0         0      
       circle.obj                                           1176   0         0      
       fontfixed6x8.obj                                     0      960       0      
       context.obj                                          264    0         0      
       line.obj                                             156    0         0      
       display.obj                                          146    0         0      
    +--+----------------------------------------------------+------+---------+---------+
       Total:                                               2956   2639      0      
                                                                                    
    C:\ti\ccs1010\ccs\tools\compiler\ti-cgt-arm_20.2.1.LTS\lib\rtsv7M4_T_le_v4SPD16_eabi.lib
       memcpy_t2.asm.obj                                    156    0         0      
       copy_decompress_lzss.c.obj                           104    0         0      
       autoinit.c.obj                                       68     0         0      
       boot_cortex_m.c.obj                                  52     0         0      
       copy_zero_init.c.obj                                 28     0         0      
       copy_decompress_none.c.obj                           14     0         0      
       exit.c.obj                                           4      0         0      
       pre_init.c.obj                                       4      0         0      
    +--+----------------------------------------------------+------+---------+---------+
       Total:                                               430    0         0      
                                                                                    
       Stack:                                               0      0         1024   
       Linker Generated:                                    0      49        0      
    +--+----------------------------------------------------+------+---------+---------+
       Grand Total:                                         7000   3032      1076   


LINKER GENERATED COPY TABLES

__TI_cinit_table @ 00002730 records: 2, size/record: 8, table size: 16
	.data: load addr=00002708, load size=0000000d bytes, run addr=20000000, run size=00000010 bytes, compression=lzss
	.bss: load addr=00002728, load size=00000008 bytes, run addr=20000010, run size=0000000a bytes, compression=zero_init


LINKER GENERATED HANDLER TABLE

__TI_handler_table @ 00002718 records: 3, size/record: 4, table size: 12
	index: 0, handler: __TI_decompress_lzss
	index: 1, handler: __TI_decompress_none
	index: 2, handler: __TI_zero_init


GLOBAL SYMBOLS: SORTED ALPHABETICALLY BY Name 

address   name                                       
-------   ----                                       
00000e23  ADC14_IRQHandler                           
00000e23  AES256_IRQHandler                          
00000e23  BusFault_Handler                           
00001c3f  C$$EXIT                                    
00000e23  COMP_E0_IRQHandler                         
00000e23  COMP_E1_IRQHandler                         
00000e23  CS_IRQHandler                              
00000f59  Crystalfontz128x128_Init                   
00000e25  Crystalfontz128x128_SetDrawFrame           
000015f5  Crystalfontz128x128_SetOrientation         
00000e23  DMA_ERR_IRQHandler                         
00000e23  DMA_INT0_IRQHandler                        
00000e23  DMA_INT1_IRQHandler                        
00000e23  DMA_INT2_IRQHandler                        
00000e23  DMA_INT3_IRQHandler                        
00000e23  DebugMon_Handler                           
00000e23  Default_Handler                            
00000e23  EUSCIA0_IRQHandler                         
00000e23  EUSCIA1_IRQHandler                         
00000e23  EUSCIA2_IRQHandler                         
00000e23  EUSCIA3_IRQHandler                         
00000e23  EUSCIB0_IRQHandler                         
00000e23  EUSCIB1_IRQHandler                         
00000e23  EUSCIB2_IRQHandler                         
00000e23  EUSCIB3_IRQHandler                         
00001b77  EUSCI_A_SPI_enable                         
00001b8d  EUSCI_B_SPI_enable                         
00000e23  FLCTL_IRQHandler                           
00000e23  FPU_IRQHandler                             
00001769  GPIO_setAsOutputPin                        
00001309  GPIO_setAsPeripheralModuleFunctionOutputPin
00001a85  GPIO_setOutputHighOnPin                    
00001aad  GPIO_setOutputLowOnPin                     
00001bf7  Graphics_clearDisplay                      
00001b29  Graphics_clearDisplayOnDisplay             
00000563  Graphics_drawCircle                        
000018d9  Graphics_drawHorizontalLineOnDisplay       
000011d1  Graphics_drawLineH                         
00001599  Graphics_drawPixel                         
00001a05  Graphics_drawPixelOnDisplay                
000000e5  Graphics_drawString                        
00000a21  Graphics_fillCircle                        
00001649  Graphics_initContext                       
00001b43  Graphics_setBackgroundColor                
00001b5d  Graphics_setFont                           
00001ba3  Graphics_setForegroundColor                
00001bb9  Graphics_translateColorOnDisplay           
00001979  HAL_LCD_PortInit                           
000017e9  HAL_LCD_SpiInit                            
00001869  HAL_LCD_writeCommand                       
00001a31  HAL_LCD_writeData                          
00000e23  HardFault_Handler                          
0000169d  Init_Graph                                 
20000016  Lcd_FlagRead                               
20000017  Lcd_FontSolid                              
20000018  Lcd_Orientation                            
20000019  Lcd_PenSolid                               
20000010  Lcd_ScreenHeigth                           
20000012  Lcd_ScreenWidth                            
20000014  Lcd_TouchTrim                              
00000e23  MemManage_Handler                          
00000e23  NMI_Handler                                
00000e23  PCM_IRQHandler                             
00000e23  PORT1_IRQHandler                           
00000e23  PORT2_IRQHandler                           
00000e23  PORT3_IRQHandler                           
00000e23  PORT4_IRQHandler                           
00000e23  PORT5_IRQHandler                           
00000e23  PORT6_IRQHandler                           
00000e23  PSS_IRQHandler                             
00000e23  PendSV_Handler                             
00000e23  RTC_C_IRQHandler                           
00001c25  Reset_Handler                              
00001ad5  SPI_enableModule                           
00001085  SPI_initMaster                             
00000e23  SVC_Handler                                
00000e23  SysTick_Handler                            
00001391  SystemInit                                 
00000e23  T32_INT1_IRQHandler                        
00000e23  T32_INT2_IRQHandler                        
00000e23  T32_INTC_IRQHandler                        
00000e23  TA0_0_IRQHandler                           
00000e23  TA0_N_IRQHandler                           
00000e23  TA1_0_IRQHandler                           
00000e23  TA1_N_IRQHandler                           
00000e23  TA2_0_IRQHandler                           
00000e23  TA2_N_IRQHandler                           
00000e23  TA3_0_IRQHandler                           
00000e23  TA3_N_IRQHandler                           
00001bcf  Timer32_disableInterrupt                   
00001c09  Timer32_getValue                           
00001be3  Timer32_haltTimer                          
00001409  Timer32_initModule                         
00001911  Timer32_setCount                           
000018a1  Timer32_startTimer                         
00000e23  UsageFault_Handler                         
4000480c  WDTCTL_SYM                                 
00000e23  WDT_A_IRQHandler                           
20010000  __STACK_END                                
00000200  __STACK_SIZE                               
00002730  __TI_CINIT_Base                            
00002740  __TI_CINIT_Limit                           
00002718  __TI_Handler_Table_Base                    
00002724  __TI_Handler_Table_Limit                   
000016e5  __TI_auto_init_nobinit_nopinit             
00001471  __TI_decompress_lzss                       
00001c17  __TI_decompress_none                       
ffffffff  __TI_pprof_out_hndl                        
ffffffff  __TI_prof_data_size                        
ffffffff  __TI_prof_data_start                       
00000000  __TI_static_base__                         
00001af1  __TI_zero_init_nomemset                    
0000126d  __aeabi_memcpy                             
0000126d  __aeabi_memcpy4                            
0000126d  __aeabi_memcpy8                            
ffffffff  __binit__                                  
ffffffff  __c_args__                                 
UNDEFED   __mpu_init                                 
2000fe00  __stack                                    
20000000  __start___llvm_prf_cnts                    
20000000  __stop___llvm_prf_cnts                     
00001945  _c_int00_noargs                            
UNDEFED   _system_post_cinit                         
00001c3b  _system_pre_init                           
00001c3f  abort                                      
ffffffff  binit                                      
000019a9  delay                                      
00001b0d  delay_init                                 
20000000  g_sCrystalfontz128x128                     
000026c4  g_sCrystalfontz128x128_funcs               
00002504  g_sFontCmss12b                             
000025cc  g_sFontFixed6x8                            
00000000  interruptVectors                           
000007d1  main                                       
0000126d  memcpy                                     


GLOBAL SYMBOLS: SORTED BY Symbol Address 

address   name                                       
-------   ----                                       
00000000  __TI_static_base__                         
00000000  interruptVectors                           
000000e5  Graphics_drawString                        
00000200  __STACK_SIZE                               
00000563  Graphics_drawCircle                        
000007d1  main                                       
00000a21  Graphics_fillCircle                        
00000e23  ADC14_IRQHandler                           
00000e23  AES256_IRQHandler                          
00000e23  BusFault_Handler                           
00000e23  COMP_E0_IRQHandler                         
00000e23  COMP_E1_IRQHandler                         
00000e23  CS_IRQHandler                              
00000e23  DMA_ERR_IRQHandler                         
00000e23  DMA_INT0_IRQHandler                        
00000e23  DMA_INT1_IRQHandler                        
00000e23  DMA_INT2_IRQHandler                        
00000e23  DMA_INT3_IRQHandler                        
00000e23  DebugMon_Handler                           
00000e23  Default_Handler                            
00000e23  EUSCIA0_IRQHandler                         
00000e23  EUSCIA1_IRQHandler                         
00000e23  EUSCIA2_IRQHandler                         
00000e23  EUSCIA3_IRQHandler                         
00000e23  EUSCIB0_IRQHandler                         
00000e23  EUSCIB1_IRQHandler                         
00000e23  EUSCIB2_IRQHandler                         
00000e23  EUSCIB3_IRQHandler                         
00000e23  FLCTL_IRQHandler                           
00000e23  FPU_IRQHandler                             
00000e23  HardFault_Handler                          
00000e23  MemManage_Handler                          
00000e23  NMI_Handler                                
00000e23  PCM_IRQHandler                             
00000e23  PORT1_IRQHandler                           
00000e23  PORT2_IRQHandler                           
00000e23  PORT3_IRQHandler                           
00000e23  PORT4_IRQHandler                           
00000e23  PORT5_IRQHandler                           
00000e23  PORT6_IRQHandler                           
00000e23  PSS_IRQHandler                             
00000e23  PendSV_Handler                             
00000e23  RTC_C_IRQHandler                           
00000e23  SVC_Handler                                
00000e23  SysTick_Handler                            
00000e23  T32_INT1_IRQHandler                        
00000e23  T32_INT2_IRQHandler                        
00000e23  T32_INTC_IRQHandler                        
00000e23  TA0_0_IRQHandler                           
00000e23  TA0_N_IRQHandler                           
00000e23  TA1_0_IRQHandler                           
00000e23  TA1_N_IRQHandler                           
00000e23  TA2_0_IRQHandler                           
00000e23  TA2_N_IRQHandler                           
00000e23  TA3_0_IRQHandler                           
00000e23  TA3_N_IRQHandler                           
00000e23  UsageFault_Handler                         
00000e23  WDT_A_IRQHandler                           
00000e25  Crystalfontz128x128_SetDrawFrame           
00000f59  Crystalfontz128x128_Init                   
00001085  SPI_initMaster                             
000011d1  Graphics_drawLineH                         
0000126d  __aeabi_memcpy                             
0000126d  __aeabi_memcpy4                            
0000126d  __aeabi_memcpy8                            
0000126d  memcpy                                     
00001309  GPIO_setAsPeripheralModuleFunctionOutputPin
00001391  SystemInit                                 
00001409  Timer32_initModule                         
00001471  __TI_decompress_lzss                       
00001599  Graphics_drawPixel                         
000015f5  Crystalfontz128x128_SetOrientation         
00001649  Graphics_initContext                       
0000169d  Init_Graph                                 
000016e5  __TI_auto_init_nobinit_nopinit             
00001769  GPIO_setAsOutputPin                        
000017e9  HAL_LCD_SpiInit                            
00001869  HAL_LCD_writeCommand                       
000018a1  Timer32_startTimer                         
000018d9  Graphics_drawHorizontalLineOnDisplay       
00001911  Timer32_setCount                           
00001945  _c_int00_noargs                            
00001979  HAL_LCD_PortInit                           
000019a9  delay                                      
00001a05  Graphics_drawPixelOnDisplay                
00001a31  HAL_LCD_writeData                          
00001a85  GPIO_setOutputHighOnPin                    
00001aad  GPIO_setOutputLowOnPin                     
00001ad5  SPI_enableModule                           
00001af1  __TI_zero_init_nomemset                    
00001b0d  delay_init                                 
00001b29  Graphics_clearDisplayOnDisplay             
00001b43  Graphics_setBackgroundColor                
00001b5d  Graphics_setFont                           
00001b77  EUSCI_A_SPI_enable                         
00001b8d  EUSCI_B_SPI_enable                         
00001ba3  Graphics_setForegroundColor                
00001bb9  Graphics_translateColorOnDisplay           
00001bcf  Timer32_disableInterrupt                   
00001be3  Timer32_haltTimer                          
00001bf7  Graphics_clearDisplay                      
00001c09  Timer32_getValue                           
00001c17  __TI_decompress_none                       
00001c25  Reset_Handler                              
00001c3b  _system_pre_init                           
00001c3f  C$$EXIT                                    
00001c3f  abort                                      
00002504  g_sFontCmss12b                             
000025cc  g_sFontFixed6x8                            
000026c4  g_sCrystalfontz128x128_funcs               
00002718  __TI_Handler_Table_Base                    
00002724  __TI_Handler_Table_Limit                   
00002730  __TI_CINIT_Base                            
00002740  __TI_CINIT_Limit                           
20000000  __start___llvm_prf_cnts                    
20000000  __stop___llvm_prf_cnts                     
20000000  g_sCrystalfontz128x128                     
20000010  Lcd_ScreenHeigth                           
20000012  Lcd_ScreenWidth                            
20000014  Lcd_TouchTrim                              
20000016  Lcd_FlagRead                               
20000017  Lcd_FontSolid                              
20000018  Lcd_Orientation                            
20000019  Lcd_PenSolid                               
2000fe00  __stack                                    
20010000  __STACK_END                                
4000480c  WDTCTL_SYM                                 
ffffffff  __TI_pprof_out_hndl                        
ffffffff  __TI_prof_data_size                        
ffffffff  __TI_prof_data_start                       
ffffffff  __binit__                                  
ffffffff  __c_args__                                 
ffffffff  binit                                      
UNDEFED   __mpu_init                                 
UNDEFED   _system_post_cinit                         

[135 symbols]
