******************************************************************************
                  TI ARM Linker PC v20.2.1                     
******************************************************************************
>> Linked Thu Oct 29 11:04:51 2020

OUTPUT FILE NAME:   <Hurst_EE334_HW3Prob1.out>
ENTRY POINT SYMBOL: "_c_int00_noargs"  address: 00001871


MEMORY CONFIGURATION

         name            origin    length      used     unused   attr    fill
----------------------  --------  ---------  --------  --------  ----  --------
  MAIN                  00000000   00040000  00002648  0003d9b8  R  X
  INFO                  00200000   00004000  00000000  00004000  R  X
  SRAM_CODE             01000000   00010000  0000021a  0000fde6  RW X
  SRAM_DATA             20000000   00010000  0000021a  0000fde6  RW  


SEGMENT ALLOCATION MAP

run origin  load origin   length   init length attrs members
----------  ----------- ---------- ----------- ----- -------
00000000    00000000    00002648   00002648    r-x
  00000000    00000000    000000e4   000000e4    r-- .intvecs
  000000e4    000000e4    00001a68   00001a68    r-x .text
  00001b4c    00001b4c    00000ac4   00000ac4    r-- .const
  00002610    00002610    00000038   00000038    r-- .cinit
20000000    20000000    0000001a   00000000    rw-
  20000000    20000000    00000010   00000000    rw- .data
  20000010    20000010    0000000a   00000000    rw- .bss
2000fe00    2000fe00    00000200   00000000    rw-
  2000fe00    2000fe00    00000200   00000000    rw- .stack


SECTION ALLOCATION MAP

 output                                  attributes/
section   page    origin      length       input sections
--------  ----  ----------  ----------   ----------------
.intvecs   0    00000000    000000e4     
                  00000000    000000e4     startup_msp432p401r_ccs.obj (.intvecs:retain)

.text      0    000000e4    00001a68     
                  000000e4    0000047e     grlib.a : string.obj (.text:Graphics_drawString)
                  00000562    00000002     startup_msp432p401r_ccs.obj (.text:Default_Handler)
                  00000564    00000208     main.obj (.text:main)
                  0000076c    000001d8     Crystalfontz128x128_ST7735.obj (.text:Crystalfontz128x128_PixelDrawMultiple)
                  00000944    000001b6     rtsv7M4_T_le_v4SPD16_eabi.lib : fd_add_t2.asm.obj (.text)
                  00000afa    00000136                                   : fd_div_t2.asm.obj (.text)
                  00000c30    00000134     Crystalfontz128x128_ST7735.obj (.text:Crystalfontz128x128_SetDrawFrame)
                  00000d64    0000012c     Crystalfontz128x128_ST7735.obj (.text:Crystalfontz128x128_Init)
                  00000e90    000000fa     grlib.a : string.obj (.text:Graphics_getStringWidth)
                  00000f8a    000000b0     msp432p4xx_driverlib.lib : spi.o (.text:SPI_initMaster)
                  0000103a    0000009c     Crystalfontz128x128_ST7735.obj (.text:Crystalfontz128x128_RectFill)
                  000010d6    0000009c     grlib.a : line.obj (.text:Graphics_drawLineH)
                  00001172    0000009c     rtsv7M4_T_le_v4SPD16_eabi.lib : memcpy_t2.asm.obj (.text)
                  0000120e    00000002     --HOLE-- [fill = 0]
                  00001210    00000088     msp432p4xx_driverlib.lib : gpio.o (.text:GPIO_setAsPeripheralModuleFunctionOutputPin)
                  00001298    00000086     rtsv7M4_T_le_v4SPD16_eabi.lib : fd_cmp_t2.asm.obj (.text:__aeabi_cdcmple)
                  0000131e    00000086                                   : fd_cmp_t2.asm.obj (.text:__aeabi_cdrcmple)
                  000013a4    00000078     system_msp432p401r.obj (.text:SystemInit)
                  0000141c    00000068     rtsv7M4_T_le_v4SPD16_eabi.lib : copy_decompress_lzss.c.obj (.text:decompress:lzss:__TI_decompress_lzss)
                  00001484    00000060     Crystalfontz128x128_ST7735.obj (.text:Crystalfontz128x128_LineDrawH)
                  000014e4    00000060     Crystalfontz128x128_ST7735.obj (.text:Crystalfontz128x128_LineDrawV)
                  00001544    00000054     Crystalfontz128x128_ST7735.obj (.text:Crystalfontz128x128_SetOrientation)
                  00001598    00000052     grlib.a : context.obj (.text:Graphics_initContext)
                  000015ea    00000002     --HOLE-- [fill = 0]
                  000015ec    00000048     main.obj (.text:Init_Graph)
                  00001634    00000048     rtsv7M4_T_le_v4SPD16_eabi.lib : fd_toi_t2.asm.obj (.text)
                  0000167c    00000044                                   : autoinit.c.obj (.text:__TI_auto_init_nobinit_nopinit:__TI_auto_init_nobinit_nopinit)
                  000016c0    00000040     Crystalfontz128x128_ST7735.obj (.text:Crystalfontz128x128_PixelDraw)
                  00001700    00000040     msp432p4xx_driverlib.lib : gpio.o (.text:GPIO_setAsOutputPin)
                  00001740    00000040     grlib.a : string.obj (.text:Graphics_getNumberOfLeadingZeros)
                  00001780    00000040     HAL_MSP_EXP432P401R_Crystalfontz128x128_ST7735.obj (.text:HAL_LCD_SpiInit)
                  000017c0    00000040     msp432p4xx_driverlib.lib : spi.o (.text:is_A_Module)
                  00001800    00000038     HAL_MSP_EXP432P401R_Crystalfontz128x128_ST7735.obj (.text:HAL_LCD_writeCommand)
                  00001838    00000036     grlib.a : display.obj (.text:Graphics_drawHorizontalLineOnDisplay)
                  0000186e    00000002     --HOLE-- [fill = 0]
                  00001870    00000034     rtsv7M4_T_le_v4SPD16_eabi.lib : boot_cortex_m.c.obj (.text:_c_int00_noargs:_c_int00_noargs)
                  000018a4    00000030     HAL_MSP_EXP432P401R_Crystalfontz128x128_ST7735.obj (.text:HAL_LCD_PortInit)
                  000018d4    0000002e     rtsv7M4_T_le_v4SPD16_eabi.lib : i_tofd_t2.asm.obj (.text)
                  00001902    00000002     --HOLE-- [fill = 0]
                  00001904    0000002c     Crystalfontz128x128_ST7735.obj (.text:Crystalfontz128x128_ClearScreen)
                  00001930    0000002c     grlib.a : display.obj (.text:Graphics_drawPixelOnDisplay)
                  0000195c    0000002c     HAL_MSP_EXP432P401R_Crystalfontz128x128_ST7735.obj (.text:HAL_LCD_writeData)
                  00001988    00000028     Crystalfontz128x128_ST7735.obj (.text:Crystalfontz128x128_ColorTranslate)
                  000019b0    00000028     msp432p4xx_driverlib.lib : gpio.o (.text:GPIO_setOutputHighOnPin)
                  000019d8    00000028                              : gpio.o (.text:GPIO_setOutputLowOnPin)
                  00001a00    00000020     rtsv7M4_T_le_v4SPD16_eabi.lib : u_tofd_t2.asm.obj (.text)
                  00001a20    0000001c     msp432p4xx_driverlib.lib : spi.o (.text:SPI_enableModule)
                  00001a3c    0000001c     rtsv7M4_T_le_v4SPD16_eabi.lib : copy_zero_init.c.obj (.text:decompress:ZI:__TI_zero_init_nomemset:__TI_zero_init_nomemset)
                  00001a58    0000001a     grlib.a : display.obj (.text:Graphics_clearDisplayOnDisplay)
                  00001a72    0000001a             : context.obj (.text:Graphics_setBackgroundColor)
                  00001a8c    0000001a             : context.obj (.text:Graphics_setFont)
                  00001aa6    00000016     msp432p4xx_driverlib.lib : spi.o (.text:EUSCI_A_SPI_enable)
                  00001abc    00000016                              : spi.o (.text:EUSCI_B_SPI_enable)
                  00001ad2    00000016     grlib.a : context.obj (.text:Graphics_setForegroundColor)
                  00001ae8    00000016             : display.obj (.text:Graphics_translateColorOnDisplay)
                  00001afe    00000012             : context.obj (.text:Graphics_clearDisplay)
                  00001b10    00000010             : string.obj (.text:Graphics_getStringHeight)
                  00001b20    0000000e     rtsv7M4_T_le_v4SPD16_eabi.lib : copy_decompress_none.c.obj (.text:decompress:none:__TI_decompress_none)
                  00001b2e    0000000c     startup_msp432p401r_ccs.obj (.text:Reset_Handler)
                  00001b3a    0000000a     Crystalfontz128x128_ST7735.obj (.text:Crystalfontz128x128_Flush)
                  00001b44    00000004     rtsv7M4_T_le_v4SPD16_eabi.lib : pre_init.c.obj (.text:_system_pre_init)
                  00001b48    00000004                                   : exit.c.obj (.text:abort:abort)

.const     0    00001b4c    00000ac4     
                  00001b4c    000005c7     grlib.a : fontcmss12b.obj (.const:.string:g_pucCmss12bData)
                  00002113    000002f8             : fontfixed6x8.obj (.const:.string:g_pucFontFixed6x8Data)
                  0000240b    00000001     --HOLE-- [fill = 0]
                  0000240c    000000c8             : fontcmss12b.obj (.const:g_sFontCmss12b)
                  000024d4    000000c8             : fontfixed6x8.obj (.const:g_sFontFixed6x8)
                  0000259c    00000030     msp432p4xx_driverlib.lib : gpio.o (.const:GPIO_PORT_TO_BASE)
                  000025cc    00000020     Crystalfontz128x128_ST7735.obj (.const:g_sCrystalfontz128x128_funcs)
                  000025ec    0000001c     HAL_MSP_EXP432P401R_Crystalfontz128x128_ST7735.obj (.const:$P$T0$1)
                  00002608    00000008     Crystalfontz128x128_ST7735.obj (.const:$P$T0$1)

.cinit     0    00002610    00000038     
                  00002610    0000000d     (.cinit..data.load) [load image, compression = lzss]
                  0000261d    00000003     --HOLE-- [fill = 0]
                  00002620    0000000c     (__TI_handler_table)
                  0000262c    00000004     --HOLE-- [fill = 0]
                  00002630    00000008     (.cinit..bss.load) [load image, compression = zero_init]
                  00002638    00000010     (__TI_cinit_table)

.init_array 
*          0    00000000    00000000     UNINITIALIZED

.binit     0    00000000    00000000     

.data      0    20000000    00000010     UNINITIALIZED
                  20000000    00000010     Crystalfontz128x128_ST7735.obj (.data:g_sCrystalfontz128x128)

.bss       0    20000010    0000000a     UNINITIALIZED
                  20000010    00000002     (.common:Lcd_ScreenHeigth)
                  20000012    00000002     (.common:Lcd_ScreenWidth)
                  20000014    00000002     (.common:Lcd_TouchTrim)
                  20000016    00000001     (.common:Lcd_FlagRead)
                  20000017    00000001     (.common:Lcd_FontSolid)
                  20000018    00000001     (.common:Lcd_Orientation)
                  20000019    00000001     (.common:Lcd_PenSolid)

.stack     0    2000fe00    00000200     UNINITIALIZED
                  2000fe00    00000004     rtsv7M4_T_le_v4SPD16_eabi.lib : boot_cortex_m.c.obj (.stack)
                  2000fe04    000001fc     --HOLE--

__llvm_prf_cnts 
*          0    20000000    00000000     UNINITIALIZED

MODULE SUMMARY

       Module                                               code   ro data   rw data
       ------                                               ----   -------   -------
    .\
       main.obj                                             592    0         0      
       system_msp432p401r.obj                               120    0         0      
    +--+----------------------------------------------------+------+---------+---------+
       Total:                                               712    0         0      
                                                                                    
    .\LcdDriver\
       Crystalfontz128x128_ST7735.obj                       1670   40        52     
       HAL_MSP_EXP432P401R_Crystalfontz128x128_ST7735.obj   212    28        0      
    +--+----------------------------------------------------+------+---------+---------+
       Total:                                               1882   68        52     
                                                                                    
    .\ccs\
       startup_msp432p401r_ccs.obj                          14     228       0      
    +--+----------------------------------------------------+------+---------+---------+
       Total:                                               14     228       0      
                                                                                    
    C:/ti/simplelink_msp432p4_sdk_3_40_01_02/source/ti/devices/msp432p4xx/driverlib/ccs/msp432p4xx_driverlib.lib
       gpio.o                                               280    48        0      
       spi.o                                                312    0         0      
    +--+----------------------------------------------------+------+---------+---------+
       Total:                                               592    48        0      
                                                                                    
    C:/ti/simplelink_msp432p4_sdk_3_40_01_02/source/ti/grlib/lib/ccs/m4f/grlib.a
       fontcmss12b.obj                                      0      1679      0      
       string.obj                                           1480   0         0      
       fontfixed6x8.obj                                     0      960       0      
       context.obj                                          174    0         0      
       line.obj                                             156    0         0      
       display.obj                                          146    0         0      
    +--+----------------------------------------------------+------+---------+---------+
       Total:                                               1956   2639      0      
                                                                                    
    C:\ti\ccs1010\ccs\tools\compiler\ti-cgt-arm_20.2.1.LTS\lib\rtsv7M4_T_le_v4SPD16_eabi.lib
       fd_add_t2.asm.obj                                    438    0         0      
       fd_div_t2.asm.obj                                    310    0         0      
       fd_cmp_t2.asm.obj                                    268    0         0      
       memcpy_t2.asm.obj                                    156    0         0      
       copy_decompress_lzss.c.obj                           104    0         0      
       fd_toi_t2.asm.obj                                    72     0         0      
       autoinit.c.obj                                       68     0         0      
       boot_cortex_m.c.obj                                  52     0         0      
       i_tofd_t2.asm.obj                                    46     0         0      
       u_tofd_t2.asm.obj                                    32     0         0      
       copy_zero_init.c.obj                                 28     0         0      
       copy_decompress_none.c.obj                           14     0         0      
       exit.c.obj                                           4      0         0      
       pre_init.c.obj                                       4      0         0      
    +--+----------------------------------------------------+------+---------+---------+
       Total:                                               1596   0         0      
                                                                                    
       Stack:                                               0      0         1024   
       Linker Generated:                                    0      49        0      
    +--+----------------------------------------------------+------+---------+---------+
       Grand Total:                                         6752   3032      1076   


LINKER GENERATED COPY TABLES

__TI_cinit_table @ 00002638 records: 2, size/record: 8, table size: 16
	.data: load addr=00002610, load size=0000000d bytes, run addr=20000000, run size=00000010 bytes, compression=lzss
	.bss: load addr=00002630, load size=00000008 bytes, run addr=20000010, run size=0000000a bytes, compression=zero_init


LINKER GENERATED HANDLER TABLE

__TI_handler_table @ 00002620 records: 3, size/record: 4, table size: 12
	index: 0, handler: __TI_decompress_lzss
	index: 1, handler: __TI_decompress_none
	index: 2, handler: __TI_zero_init


GLOBAL SYMBOLS: SORTED ALPHABETICALLY BY Name 

address   name                                       
-------   ----                                       
00000563  ADC14_IRQHandler                           
00000563  AES256_IRQHandler                          
00000563  BusFault_Handler                           
00001b49  C$$EXIT                                    
00000563  COMP_E0_IRQHandler                         
00000563  COMP_E1_IRQHandler                         
00000563  CS_IRQHandler                              
00000d65  Crystalfontz128x128_Init                   
00000c31  Crystalfontz128x128_SetDrawFrame           
00001545  Crystalfontz128x128_SetOrientation         
00000563  DMA_ERR_IRQHandler                         
00000563  DMA_INT0_IRQHandler                        
00000563  DMA_INT1_IRQHandler                        
00000563  DMA_INT2_IRQHandler                        
00000563  DMA_INT3_IRQHandler                        
00000563  DebugMon_Handler                           
00000563  Default_Handler                            
00000563  EUSCIA0_IRQHandler                         
00000563  EUSCIA1_IRQHandler                         
00000563  EUSCIA2_IRQHandler                         
00000563  EUSCIA3_IRQHandler                         
00000563  EUSCIB0_IRQHandler                         
00000563  EUSCIB1_IRQHandler                         
00000563  EUSCIB2_IRQHandler                         
00000563  EUSCIB3_IRQHandler                         
00001aa7  EUSCI_A_SPI_enable                         
00001abd  EUSCI_B_SPI_enable                         
00000563  FLCTL_IRQHandler                           
00000563  FPU_IRQHandler                             
00001701  GPIO_setAsOutputPin                        
00001211  GPIO_setAsPeripheralModuleFunctionOutputPin
000019b1  GPIO_setOutputHighOnPin                    
000019d9  GPIO_setOutputLowOnPin                     
00001aff  Graphics_clearDisplay                      
00001a59  Graphics_clearDisplayOnDisplay             
00001839  Graphics_drawHorizontalLineOnDisplay       
000010d7  Graphics_drawLineH                         
00001931  Graphics_drawPixelOnDisplay                
000000e5  Graphics_drawString                        
00001b11  Graphics_getStringHeight                   
00000e91  Graphics_getStringWidth                    
00001599  Graphics_initContext                       
00001a73  Graphics_setBackgroundColor                
00001a8d  Graphics_setFont                           
00001ad3  Graphics_setForegroundColor                
00001ae9  Graphics_translateColorOnDisplay           
000018a5  HAL_LCD_PortInit                           
00001781  HAL_LCD_SpiInit                            
00001801  HAL_LCD_writeCommand                       
0000195d  HAL_LCD_writeData                          
00000563  HardFault_Handler                          
000015ed  Init_Graph                                 
20000016  Lcd_FlagRead                               
20000017  Lcd_FontSolid                              
20000018  Lcd_Orientation                            
20000019  Lcd_PenSolid                               
20000010  Lcd_ScreenHeigth                           
20000012  Lcd_ScreenWidth                            
20000014  Lcd_TouchTrim                              
00000563  MemManage_Handler                          
00000563  NMI_Handler                                
00000563  PCM_IRQHandler                             
00000563  PORT1_IRQHandler                           
00000563  PORT2_IRQHandler                           
00000563  PORT3_IRQHandler                           
00000563  PORT4_IRQHandler                           
00000563  PORT5_IRQHandler                           
00000563  PORT6_IRQHandler                           
00000563  PSS_IRQHandler                             
00000563  PendSV_Handler                             
00000563  RTC_C_IRQHandler                           
00001b2f  Reset_Handler                              
00001a21  SPI_enableModule                           
00000f8b  SPI_initMaster                             
00000563  SVC_Handler                                
00000563  SysTick_Handler                            
000013a5  SystemInit                                 
00000563  T32_INT1_IRQHandler                        
00000563  T32_INT2_IRQHandler                        
00000563  T32_INTC_IRQHandler                        
00000563  TA0_0_IRQHandler                           
00000563  TA0_N_IRQHandler                           
00000563  TA1_0_IRQHandler                           
00000563  TA1_N_IRQHandler                           
00000563  TA2_0_IRQHandler                           
00000563  TA2_N_IRQHandler                           
00000563  TA3_0_IRQHandler                           
00000563  TA3_N_IRQHandler                           
00000563  UsageFault_Handler                         
4000480c  WDTCTL_SYM                                 
00000563  WDT_A_IRQHandler                           
20010000  __STACK_END                                
00000200  __STACK_SIZE                               
00002638  __TI_CINIT_Base                            
00002648  __TI_CINIT_Limit                           
00002620  __TI_Handler_Table_Base                    
0000262c  __TI_Handler_Table_Limit                   
0000167d  __TI_auto_init_nobinit_nopinit             
0000141d  __TI_decompress_lzss                       
00001b21  __TI_decompress_none                       
ffffffff  __TI_pprof_out_hndl                        
ffffffff  __TI_prof_data_size                        
ffffffff  __TI_prof_data_start                       
00000000  __TI_static_base__                         
00001a3d  __TI_zero_init_nomemset                    
00001299  __aeabi_cdcmpeq                            
00001299  __aeabi_cdcmple                            
0000131f  __aeabi_cdrcmple                           
00001635  __aeabi_d2iz                               
0000094f  __aeabi_dadd                               
00000afb  __aeabi_ddiv                               
00000945  __aeabi_dsub                               
000018d5  __aeabi_i2d                                
00001173  __aeabi_memcpy                             
00001173  __aeabi_memcpy4                            
00001173  __aeabi_memcpy8                            
00001a01  __aeabi_ui2d                               
ffffffff  __binit__                                  
ffffffff  __c_args__                                 
UNDEFED   __mpu_init                                 
2000fe00  __stack                                    
20000000  __start___llvm_prf_cnts                    
20000000  __stop___llvm_prf_cnts                     
00001871  _c_int00_noargs                            
UNDEFED   _system_post_cinit                         
00001b45  _system_pre_init                           
00001b49  abort                                      
ffffffff  binit                                      
20000000  g_sCrystalfontz128x128                     
000025cc  g_sCrystalfontz128x128_funcs               
0000240c  g_sFontCmss12b                             
000024d4  g_sFontFixed6x8                            
00000000  interruptVectors                           
00000565  main                                       
00001173  memcpy                                     


GLOBAL SYMBOLS: SORTED BY Symbol Address 

address   name                                       
-------   ----                                       
00000000  __TI_static_base__                         
00000000  interruptVectors                           
000000e5  Graphics_drawString                        
00000200  __STACK_SIZE                               
00000563  ADC14_IRQHandler                           
00000563  AES256_IRQHandler                          
00000563  BusFault_Handler                           
00000563  COMP_E0_IRQHandler                         
00000563  COMP_E1_IRQHandler                         
00000563  CS_IRQHandler                              
00000563  DMA_ERR_IRQHandler                         
00000563  DMA_INT0_IRQHandler                        
00000563  DMA_INT1_IRQHandler                        
00000563  DMA_INT2_IRQHandler                        
00000563  DMA_INT3_IRQHandler                        
00000563  DebugMon_Handler                           
00000563  Default_Handler                            
00000563  EUSCIA0_IRQHandler                         
00000563  EUSCIA1_IRQHandler                         
00000563  EUSCIA2_IRQHandler                         
00000563  EUSCIA3_IRQHandler                         
00000563  EUSCIB0_IRQHandler                         
00000563  EUSCIB1_IRQHandler                         
00000563  EUSCIB2_IRQHandler                         
00000563  EUSCIB3_IRQHandler                         
00000563  FLCTL_IRQHandler                           
00000563  FPU_IRQHandler                             
00000563  HardFault_Handler                          
00000563  MemManage_Handler                          
00000563  NMI_Handler                                
00000563  PCM_IRQHandler                             
00000563  PORT1_IRQHandler                           
00000563  PORT2_IRQHandler                           
00000563  PORT3_IRQHandler                           
00000563  PORT4_IRQHandler                           
00000563  PORT5_IRQHandler                           
00000563  PORT6_IRQHandler                           
00000563  PSS_IRQHandler                             
00000563  PendSV_Handler                             
00000563  RTC_C_IRQHandler                           
00000563  SVC_Handler                                
00000563  SysTick_Handler                            
00000563  T32_INT1_IRQHandler                        
00000563  T32_INT2_IRQHandler                        
00000563  T32_INTC_IRQHandler                        
00000563  TA0_0_IRQHandler                           
00000563  TA0_N_IRQHandler                           
00000563  TA1_0_IRQHandler                           
00000563  TA1_N_IRQHandler                           
00000563  TA2_0_IRQHandler                           
00000563  TA2_N_IRQHandler                           
00000563  TA3_0_IRQHandler                           
00000563  TA3_N_IRQHandler                           
00000563  UsageFault_Handler                         
00000563  WDT_A_IRQHandler                           
00000565  main                                       
00000945  __aeabi_dsub                               
0000094f  __aeabi_dadd                               
00000afb  __aeabi_ddiv                               
00000c31  Crystalfontz128x128_SetDrawFrame           
00000d65  Crystalfontz128x128_Init                   
00000e91  Graphics_getStringWidth                    
00000f8b  SPI_initMaster                             
000010d7  Graphics_drawLineH                         
00001173  __aeabi_memcpy                             
00001173  __aeabi_memcpy4                            
00001173  __aeabi_memcpy8                            
00001173  memcpy                                     
00001211  GPIO_setAsPeripheralModuleFunctionOutputPin
00001299  __aeabi_cdcmpeq                            
00001299  __aeabi_cdcmple                            
0000131f  __aeabi_cdrcmple                           
000013a5  SystemInit                                 
0000141d  __TI_decompress_lzss                       
00001545  Crystalfontz128x128_SetOrientation         
00001599  Graphics_initContext                       
000015ed  Init_Graph                                 
00001635  __aeabi_d2iz                               
0000167d  __TI_auto_init_nobinit_nopinit             
00001701  GPIO_setAsOutputPin                        
00001781  HAL_LCD_SpiInit                            
00001801  HAL_LCD_writeCommand                       
00001839  Graphics_drawHorizontalLineOnDisplay       
00001871  _c_int00_noargs                            
000018a5  HAL_LCD_PortInit                           
000018d5  __aeabi_i2d                                
00001931  Graphics_drawPixelOnDisplay                
0000195d  HAL_LCD_writeData                          
000019b1  GPIO_setOutputHighOnPin                    
000019d9  GPIO_setOutputLowOnPin                     
00001a01  __aeabi_ui2d                               
00001a21  SPI_enableModule                           
00001a3d  __TI_zero_init_nomemset                    
00001a59  Graphics_clearDisplayOnDisplay             
00001a73  Graphics_setBackgroundColor                
00001a8d  Graphics_setFont                           
00001aa7  EUSCI_A_SPI_enable                         
00001abd  EUSCI_B_SPI_enable                         
00001ad3  Graphics_setForegroundColor                
00001ae9  Graphics_translateColorOnDisplay           
00001aff  Graphics_clearDisplay                      
00001b11  Graphics_getStringHeight                   
00001b21  __TI_decompress_none                       
00001b2f  Reset_Handler                              
00001b45  _system_pre_init                           
00001b49  C$$EXIT                                    
00001b49  abort                                      
0000240c  g_sFontCmss12b                             
000024d4  g_sFontFixed6x8                            
000025cc  g_sCrystalfontz128x128_funcs               
00002620  __TI_Handler_Table_Base                    
0000262c  __TI_Handler_Table_Limit                   
00002638  __TI_CINIT_Base                            
00002648  __TI_CINIT_Limit                           
20000000  __start___llvm_prf_cnts                    
20000000  __stop___llvm_prf_cnts                     
20000000  g_sCrystalfontz128x128                     
20000010  Lcd_ScreenHeigth                           
20000012  Lcd_ScreenWidth                            
20000014  Lcd_TouchTrim                              
20000016  Lcd_FlagRead                               
20000017  Lcd_FontSolid                              
20000018  Lcd_Orientation                            
20000019  Lcd_PenSolid                               
2000fe00  __stack                                    
20010000  __STACK_END                                
4000480c  WDTCTL_SYM                                 
ffffffff  __TI_pprof_out_hndl                        
ffffffff  __TI_prof_data_size                        
ffffffff  __TI_prof_data_start                       
ffffffff  __binit__                                  
ffffffff  __c_args__                                 
ffffffff  binit                                      
UNDEFED   __mpu_init                                 
UNDEFED   _system_post_cinit                         

[135 symbols]
