******************************************************************************
                  TI ARM Linker PC v20.2.1                     
******************************************************************************
>> Linked Mon Nov 16 18:18:06 2020

OUTPUT FILE NAME:   <Hurst_EE334_HW4Prob2.out>
ENTRY POINT SYMBOL: "_c_int00_noargs"  address: 000013f9


MEMORY CONFIGURATION

         name            origin    length      used     unused   attr    fill
----------------------  --------  ---------  --------  --------  ----  --------
  MAIN                  00000000   00040000  00001b6c  0003e494  R  X
  INFO                  00200000   00004000  00000000  00004000  R  X
  SRAM_CODE             01000000   00010000  0000023e  0000fdc2  RW X
  SRAM_DATA             20000000   00010000  0000023e  0000fdc2  RW  


SEGMENT ALLOCATION MAP

run origin  load origin   length   init length attrs members
----------  ----------- ---------- ----------- ----- -------
00000000    00000000    00001b70   00001b70    r-x
  00000000    00000000    000000e4   000000e4    r-- .intvecs
  000000e4    000000e4    0000159c   0000159c    r-x .text
  00001680    00001680    000004b4   000004b4    r-- .const
  00001b38    00001b38    00000038   00000038    r-- .cinit
20000000    20000000    00000040   00000000    rw-
  20000000    20000000    0000002e   00000000    rw- .bss
  20000030    20000030    00000010   00000000    rw- .data
2000fe00    2000fe00    00000200   00000000    rw-
  2000fe00    2000fe00    00000200   00000000    rw- .stack


SECTION ALLOCATION MAP

 output                                  attributes/
section   page    origin      length       input sections
--------  ----  ----------  ----------   ----------------
.intvecs   0    00000000    000000e4     
                  00000000    000000e4     startup_msp432p401r_ccs.obj (.intvecs:retain)

.text      0    000000e4    0000159c     
                  000000e4    0000022a     grlib.a : circle.obj (.text:Graphics_fillCircle)
                  0000030e    000001d8     Crystalfontz128x128_ST7735.obj (.text:Crystalfontz128x128_PixelDrawMultiple)
                  000004e6    00000002     startup_msp432p401r_ccs.obj (.text:Default_Handler)
                  000004e8    00000160     msp432p4xx_driverlib.lib : adc14.o (.text:_getIndexForMemRegister)
                  00000648    00000144     main.obj (.text:InitJoyStick)
                  0000078c    00000134     Crystalfontz128x128_ST7735.obj (.text:Crystalfontz128x128_SetDrawFrame)
                  000008c0    0000012c     Crystalfontz128x128_ST7735.obj (.text:Crystalfontz128x128_Init)
                  000009ec    000000d0     main.obj (.text:ADC14_IRQHandler)
                  00000abc    000000b4     msp432p4xx_driverlib.lib : adc14.o (.text:ADC14_configureConversionMemory)
                  00000b70    000000b4                              : adc14.o (.text:ADC14_configureMultiSequenceMode)
                  00000c24    000000b0                              : spi.o (.text:SPI_initMaster)
                  00000cd4    0000009c     Crystalfontz128x128_ST7735.obj (.text:Crystalfontz128x128_RectFill)
                  00000d70    0000009c     grlib.a : line.obj (.text:Graphics_drawLineH)
                  00000e0c    0000009c     rtsv7M4_T_le_v4SPD16_eabi.lib : memcpy_t2.asm.obj (.text)
                  00000ea8    00000088     msp432p4xx_driverlib.lib : gpio.o (.text:GPIO_setAsPeripheralModuleFunctionOutputPin)
                  00000f30    00000084     main.obj (.text:main)
                  00000fb4    00000078     system_msp432p401r.obj (.text:SystemInit)
                  0000102c    00000068     rtsv7M4_T_le_v4SPD16_eabi.lib : copy_decompress_lzss.c.obj (.text:decompress:lzss:__TI_decompress_lzss)
                  00001094    00000060     Crystalfontz128x128_ST7735.obj (.text:Crystalfontz128x128_LineDrawH)
                  000010f4    00000060     Crystalfontz128x128_ST7735.obj (.text:Crystalfontz128x128_LineDrawV)
                  00001154    00000054     Crystalfontz128x128_ST7735.obj (.text:Crystalfontz128x128_SetOrientation)
                  000011a8    00000052     grlib.a : context.obj (.text:Graphics_initContext)
                  000011fa    00000002     --HOLE-- [fill = 0]
                  000011fc    00000048     main.obj (.text:Init_Graph)
                  00001244    00000044     rtsv7M4_T_le_v4SPD16_eabi.lib : autoinit.c.obj (.text:__TI_auto_init_nobinit_nopinit:__TI_auto_init_nobinit_nopinit)
                  00001288    00000040     Crystalfontz128x128_ST7735.obj (.text:Crystalfontz128x128_PixelDraw)
                  000012c8    00000040     msp432p4xx_driverlib.lib : gpio.o (.text:GPIO_setAsOutputPin)
                  00001308    00000040     HAL_MSP_EXP432P401R_Crystalfontz128x128_ST7735.obj (.text:HAL_LCD_SpiInit)
                  00001348    00000040     msp432p4xx_driverlib.lib : spi.o (.text:is_A_Module)
                  00001388    00000038     HAL_MSP_EXP432P401R_Crystalfontz128x128_ST7735.obj (.text:HAL_LCD_writeCommand)
                  000013c0    00000036     grlib.a : display.obj (.text:Graphics_drawHorizontalLineOnDisplay)
                  000013f6    00000002     --HOLE-- [fill = 0]
                  000013f8    00000034     rtsv7M4_T_le_v4SPD16_eabi.lib : boot_cortex_m.c.obj (.text:_c_int00_noargs:_c_int00_noargs)
                  0000142c    00000030     HAL_MSP_EXP432P401R_Crystalfontz128x128_ST7735.obj (.text:HAL_LCD_PortInit)
                  0000145c    0000002c     Crystalfontz128x128_ST7735.obj (.text:Crystalfontz128x128_ClearScreen)
                  00001488    0000002c     HAL_MSP_EXP432P401R_Crystalfontz128x128_ST7735.obj (.text:HAL_LCD_writeData)
                  000014b4    00000028     msp432p4xx_driverlib.lib : adc14.o (.text:ADC14_getResult)
                  000014dc    00000028     Crystalfontz128x128_ST7735.obj (.text:Crystalfontz128x128_ColorTranslate)
                  00001504    00000028     msp432p4xx_driverlib.lib : gpio.o (.text:GPIO_setOutputHighOnPin)
                  0000152c    00000028                              : gpio.o (.text:GPIO_setOutputLowOnPin)
                  00001554    0000001c                              : spi.o (.text:SPI_enableModule)
                  00001570    0000001c     rtsv7M4_T_le_v4SPD16_eabi.lib : copy_zero_init.c.obj (.text:decompress:ZI:__TI_zero_init_nomemset:__TI_zero_init_nomemset)
                  0000158c    0000001a     grlib.a : display.obj (.text:Graphics_clearDisplayOnDisplay)
                  000015a6    0000001a             : context.obj (.text:Graphics_setBackgroundColor)
                  000015c0    0000001a             : context.obj (.text:Graphics_setFont)
                  000015da    00000016     msp432p4xx_driverlib.lib : spi.o (.text:EUSCI_A_SPI_enable)
                  000015f0    00000016                              : spi.o (.text:EUSCI_B_SPI_enable)
                  00001606    00000016     grlib.a : context.obj (.text:Graphics_setForegroundColor)
                  0000161c    00000016             : display.obj (.text:Graphics_translateColorOnDisplay)
                  00001632    00000012             : context.obj (.text:Graphics_clearDisplay)
                  00001644    00000010     msp432p4xx_driverlib.lib : adc14.o (.text:ADCIsConversionRunning)
                  00001654    0000000e     rtsv7M4_T_le_v4SPD16_eabi.lib : copy_decompress_none.c.obj (.text:decompress:none:__TI_decompress_none)
                  00001662    0000000c     startup_msp432p401r_ccs.obj (.text:Reset_Handler)
                  0000166e    0000000a     Crystalfontz128x128_ST7735.obj (.text:Crystalfontz128x128_Flush)
                  00001678    00000004     rtsv7M4_T_le_v4SPD16_eabi.lib : pre_init.c.obj (.text:_system_pre_init)
                  0000167c    00000004                                   : exit.c.obj (.text:abort:abort)

.const     0    00001680    000004b4     
                  00001680    000002f8     grlib.a : fontfixed6x8.obj (.const:.string:g_pucFontFixed6x8Data)
                  00001978    000000c8             : fontfixed6x8.obj (.const:g_sFontFixed6x8)
                  00001a40    00000080     msp432p4xx_driverlib.lib : adc14.o (.const:_ctlRegs)
                  00001ac0    00000030                              : gpio.o (.const:GPIO_PORT_TO_BASE)
                  00001af0    00000020     Crystalfontz128x128_ST7735.obj (.const:g_sCrystalfontz128x128_funcs)
                  00001b10    0000001c     HAL_MSP_EXP432P401R_Crystalfontz128x128_ST7735.obj (.const:$P$T0$1)
                  00001b2c    00000008     Crystalfontz128x128_ST7735.obj (.const:$P$T0$1)

.cinit     0    00001b38    00000038     
                  00001b38    0000000d     (.cinit..data.load) [load image, compression = lzss]
                  00001b45    00000003     --HOLE-- [fill = 0]
                  00001b48    0000000c     (__TI_handler_table)
                  00001b54    00000004     --HOLE-- [fill = 0]
                  00001b58    00000008     (.cinit..bss.load) [load image, compression = zero_init]
                  00001b60    00000010     (__TI_cinit_table)

.init_array 
*          0    00000000    00000000     UNINITIALIZED

.binit     0    00000000    00000000     

.bss       0    20000000    0000002e     UNINITIALIZED
                  20000000    0000001c     (.common:g_sContext)
                  2000001c    00000004     main.obj (.bss:resultsBuffer)
                  20000020    00000004     (.common:r)
                  20000024    00000002     (.common:Lcd_ScreenHeigth)
                  20000026    00000002     (.common:Lcd_ScreenWidth)
                  20000028    00000002     (.common:Lcd_TouchTrim)
                  2000002a    00000001     (.common:Lcd_FlagRead)
                  2000002b    00000001     (.common:Lcd_FontSolid)
                  2000002c    00000001     (.common:Lcd_Orientation)
                  2000002d    00000001     (.common:Lcd_PenSolid)

.data      0    20000030    00000010     UNINITIALIZED
                  20000030    00000010     Crystalfontz128x128_ST7735.obj (.data:g_sCrystalfontz128x128)

.stack     0    2000fe00    00000200     UNINITIALIZED
                  2000fe00    00000004     rtsv7M4_T_le_v4SPD16_eabi.lib : boot_cortex_m.c.obj (.stack)
                  2000fe04    000001fc     --HOLE--

__llvm_prf_cnts 
*          0    20000000    00000000     UNINITIALIZED

MODULE SUMMARY

       Module                                               code   ro data   rw data
       ------                                               ----   -------   -------
    .\
       main.obj                                             736    0         72     
       system_msp432p401r.obj                               120    0         0      
    +--+----------------------------------------------------+------+---------+---------+
       Total:                                               856    0         72     
                                                                                    
    .\LcdDriver\
       Crystalfontz128x128_ST7735.obj                       1670   40        52     
       HAL_MSP_EXP432P401R_Crystalfontz128x128_ST7735.obj   212    28        0      
    +--+----------------------------------------------------+------+---------+---------+
       Total:                                               1882   68        52     
                                                                                    
    .\ccs\
       startup_msp432p401r_ccs.obj                          14     228       0      
    +--+----------------------------------------------------+------+---------+---------+
       Total:                                               14     228       0      
                                                                                    
    C:/ti/simplelink_msp432p4_sdk_3_40_01_02/source/ti/devices/msp432p4xx/driverlib/ccs/msp432p4xx_driverlib.lib
       adc14.o                                              768    128       0      
       gpio.o                                               280    48        0      
       spi.o                                                312    0         0      
    +--+----------------------------------------------------+------+---------+---------+
       Total:                                               1360   176       0      
                                                                                    
    C:/ti/simplelink_msp432p4_sdk_3_40_01_02/source/ti/grlib/lib/ccs/m4f/grlib.a
       fontfixed6x8.obj                                     0      960       0      
       circle.obj                                           554    0         0      
       context.obj                                          174    0         0      
       line.obj                                             156    0         0      
       display.obj                                          102    0         0      
    +--+----------------------------------------------------+------+---------+---------+
       Total:                                               986    960       0      
                                                                                    
    C:\ti\ccs1010\ccs\tools\compiler\ti-cgt-arm_20.2.1.LTS\lib\rtsv7M4_T_le_v4SPD16_eabi.lib
       memcpy_t2.asm.obj                                    156    0         0      
       copy_decompress_lzss.c.obj                           104    0         0      
       autoinit.c.obj                                       68     0         0      
       boot_cortex_m.c.obj                                  52     0         0      
       copy_zero_init.c.obj                                 28     0         0      
       copy_decompress_none.c.obj                           14     0         0      
       exit.c.obj                                           4      0         0      
       pre_init.c.obj                                       4      0         0      
    +--+----------------------------------------------------+------+---------+---------+
       Total:                                               430    0         0      
                                                                                    
       Stack:                                               0      0         1024   
       Linker Generated:                                    0      49        0      
    +--+----------------------------------------------------+------+---------+---------+
       Grand Total:                                         5528   1481      1148   


LINKER GENERATED COPY TABLES

__TI_cinit_table @ 00001b60 records: 2, size/record: 8, table size: 16
	.data: load addr=00001b38, load size=0000000d bytes, run addr=20000030, run size=00000010 bytes, compression=lzss
	.bss: load addr=00001b58, load size=00000008 bytes, run addr=20000000, run size=0000002e bytes, compression=zero_init


LINKER GENERATED HANDLER TABLE

__TI_handler_table @ 00001b48 records: 3, size/record: 4, table size: 12
	index: 0, handler: __TI_decompress_lzss
	index: 1, handler: __TI_decompress_none
	index: 2, handler: __TI_zero_init


GLOBAL SYMBOLS: SORTED ALPHABETICALLY BY Name 

address   name                                       
-------   ----                                       
000009ed  ADC14_IRQHandler                           
000009ed  ADC14_IRQHandler                           
00000abd  ADC14_configureConversionMemory            
00000b71  ADC14_configureMultiSequenceMode           
000014b5  ADC14_getResult                            
000004e7  AES256_IRQHandler                          
000004e7  BusFault_Handler                           
0000167d  C$$EXIT                                    
000004e7  COMP_E0_IRQHandler                         
000004e7  COMP_E1_IRQHandler                         
000004e7  CS_IRQHandler                              
000008c1  Crystalfontz128x128_Init                   
0000078d  Crystalfontz128x128_SetDrawFrame           
00001155  Crystalfontz128x128_SetOrientation         
000004e7  DMA_ERR_IRQHandler                         
000004e7  DMA_INT0_IRQHandler                        
000004e7  DMA_INT1_IRQHandler                        
000004e7  DMA_INT2_IRQHandler                        
000004e7  DMA_INT3_IRQHandler                        
000004e7  DebugMon_Handler                           
000004e7  Default_Handler                            
000004e7  EUSCIA0_IRQHandler                         
000004e7  EUSCIA1_IRQHandler                         
000004e7  EUSCIA2_IRQHandler                         
000004e7  EUSCIA3_IRQHandler                         
000004e7  EUSCIB0_IRQHandler                         
000004e7  EUSCIB1_IRQHandler                         
000004e7  EUSCIB2_IRQHandler                         
000004e7  EUSCIB3_IRQHandler                         
000015db  EUSCI_A_SPI_enable                         
000015f1  EUSCI_B_SPI_enable                         
000004e7  FLCTL_IRQHandler                           
000004e7  FPU_IRQHandler                             
000012c9  GPIO_setAsOutputPin                        
00000ea9  GPIO_setAsPeripheralModuleFunctionOutputPin
00001505  GPIO_setOutputHighOnPin                    
0000152d  GPIO_setOutputLowOnPin                     
00001633  Graphics_clearDisplay                      
0000158d  Graphics_clearDisplayOnDisplay             
000013c1  Graphics_drawHorizontalLineOnDisplay       
00000d71  Graphics_drawLineH                         
000000e5  Graphics_fillCircle                        
000011a9  Graphics_initContext                       
000015a7  Graphics_setBackgroundColor                
000015c1  Graphics_setFont                           
00001607  Graphics_setForegroundColor                
0000161d  Graphics_translateColorOnDisplay           
0000142d  HAL_LCD_PortInit                           
00001309  HAL_LCD_SpiInit                            
00001389  HAL_LCD_writeCommand                       
00001489  HAL_LCD_writeData                          
000004e7  HardFault_Handler                          
00000649  InitJoyStick                               
000011fd  Init_Graph                                 
2000002a  Lcd_FlagRead                               
2000002b  Lcd_FontSolid                              
2000002c  Lcd_Orientation                            
2000002d  Lcd_PenSolid                               
20000024  Lcd_ScreenHeigth                           
20000026  Lcd_ScreenWidth                            
20000028  Lcd_TouchTrim                              
000004e7  MemManage_Handler                          
000004e7  NMI_Handler                                
000004e7  PCM_IRQHandler                             
000004e7  PORT1_IRQHandler                           
000004e7  PORT2_IRQHandler                           
000004e7  PORT3_IRQHandler                           
000004e7  PORT4_IRQHandler                           
000004e7  PORT5_IRQHandler                           
000004e7  PORT6_IRQHandler                           
000004e7  PSS_IRQHandler                             
000004e7  PendSV_Handler                             
000004e7  RTC_C_IRQHandler                           
00001663  Reset_Handler                              
00001555  SPI_enableModule                           
00000c25  SPI_initMaster                             
000004e7  SVC_Handler                                
000004e7  SysTick_Handler                            
00000fb5  SystemInit                                 
000004e7  T32_INT1_IRQHandler                        
000004e7  T32_INT2_IRQHandler                        
000004e7  T32_INTC_IRQHandler                        
000004e7  TA0_0_IRQHandler                           
000004e7  TA0_N_IRQHandler                           
000004e7  TA1_0_IRQHandler                           
000004e7  TA1_N_IRQHandler                           
000004e7  TA2_0_IRQHandler                           
000004e7  TA2_N_IRQHandler                           
000004e7  TA3_0_IRQHandler                           
000004e7  TA3_N_IRQHandler                           
000004e7  UsageFault_Handler                         
4000480c  WDTCTL_SYM                                 
000004e7  WDT_A_IRQHandler                           
20010000  __STACK_END                                
00000200  __STACK_SIZE                               
00001b60  __TI_CINIT_Base                            
00001b70  __TI_CINIT_Limit                           
00001b48  __TI_Handler_Table_Base                    
00001b54  __TI_Handler_Table_Limit                   
00001245  __TI_auto_init_nobinit_nopinit             
0000102d  __TI_decompress_lzss                       
00001655  __TI_decompress_none                       
ffffffff  __TI_pprof_out_hndl                        
ffffffff  __TI_prof_data_size                        
ffffffff  __TI_prof_data_start                       
00000000  __TI_static_base__                         
00001571  __TI_zero_init_nomemset                    
00000e0d  __aeabi_memcpy                             
00000e0d  __aeabi_memcpy4                            
00000e0d  __aeabi_memcpy8                            
ffffffff  __binit__                                  
ffffffff  __c_args__                                 
UNDEFED   __mpu_init                                 
2000fe00  __stack                                    
20000000  __start___llvm_prf_cnts                    
20000000  __stop___llvm_prf_cnts                     
000013f9  _c_int00_noargs                            
UNDEFED   _system_post_cinit                         
00001679  _system_pre_init                           
0000167d  abort                                      
ffffffff  binit                                      
20000000  g_sContext                                 
20000030  g_sCrystalfontz128x128                     
00001af0  g_sCrystalfontz128x128_funcs               
00001978  g_sFontFixed6x8                            
00000000  interruptVectors                           
00000f31  main                                       
00000e0d  memcpy                                     
20000020  r                                          


GLOBAL SYMBOLS: SORTED BY Symbol Address 

address   name                                       
-------   ----                                       
00000000  __TI_static_base__                         
00000000  interruptVectors                           
000000e5  Graphics_fillCircle                        
00000200  __STACK_SIZE                               
000004e7  AES256_IRQHandler                          
000004e7  BusFault_Handler                           
000004e7  COMP_E0_IRQHandler                         
000004e7  COMP_E1_IRQHandler                         
000004e7  CS_IRQHandler                              
000004e7  DMA_ERR_IRQHandler                         
000004e7  DMA_INT0_IRQHandler                        
000004e7  DMA_INT1_IRQHandler                        
000004e7  DMA_INT2_IRQHandler                        
000004e7  DMA_INT3_IRQHandler                        
000004e7  DebugMon_Handler                           
000004e7  Default_Handler                            
000004e7  EUSCIA0_IRQHandler                         
000004e7  EUSCIA1_IRQHandler                         
000004e7  EUSCIA2_IRQHandler                         
000004e7  EUSCIA3_IRQHandler                         
000004e7  EUSCIB0_IRQHandler                         
000004e7  EUSCIB1_IRQHandler                         
000004e7  EUSCIB2_IRQHandler                         
000004e7  EUSCIB3_IRQHandler                         
000004e7  FLCTL_IRQHandler                           
000004e7  FPU_IRQHandler                             
000004e7  HardFault_Handler                          
000004e7  MemManage_Handler                          
000004e7  NMI_Handler                                
000004e7  PCM_IRQHandler                             
000004e7  PORT1_IRQHandler                           
000004e7  PORT2_IRQHandler                           
000004e7  PORT3_IRQHandler                           
000004e7  PORT4_IRQHandler                           
000004e7  PORT5_IRQHandler                           
000004e7  PORT6_IRQHandler                           
000004e7  PSS_IRQHandler                             
000004e7  PendSV_Handler                             
000004e7  RTC_C_IRQHandler                           
000004e7  SVC_Handler                                
000004e7  SysTick_Handler                            
000004e7  T32_INT1_IRQHandler                        
000004e7  T32_INT2_IRQHandler                        
000004e7  T32_INTC_IRQHandler                        
000004e7  TA0_0_IRQHandler                           
000004e7  TA0_N_IRQHandler                           
000004e7  TA1_0_IRQHandler                           
000004e7  TA1_N_IRQHandler                           
000004e7  TA2_0_IRQHandler                           
000004e7  TA2_N_IRQHandler                           
000004e7  TA3_0_IRQHandler                           
000004e7  TA3_N_IRQHandler                           
000004e7  UsageFault_Handler                         
000004e7  WDT_A_IRQHandler                           
00000649  InitJoyStick                               
0000078d  Crystalfontz128x128_SetDrawFrame           
000008c1  Crystalfontz128x128_Init                   
000009ed  ADC14_IRQHandler                           
000009ed  ADC14_IRQHandler                           
00000abd  ADC14_configureConversionMemory            
00000b71  ADC14_configureMultiSequenceMode           
00000c25  SPI_initMaster                             
00000d71  Graphics_drawLineH                         
00000e0d  __aeabi_memcpy                             
00000e0d  __aeabi_memcpy4                            
00000e0d  __aeabi_memcpy8                            
00000e0d  memcpy                                     
00000ea9  GPIO_setAsPeripheralModuleFunctionOutputPin
00000f31  main                                       
00000fb5  SystemInit                                 
0000102d  __TI_decompress_lzss                       
00001155  Crystalfontz128x128_SetOrientation         
000011a9  Graphics_initContext                       
000011fd  Init_Graph                                 
00001245  __TI_auto_init_nobinit_nopinit             
000012c9  GPIO_setAsOutputPin                        
00001309  HAL_LCD_SpiInit                            
00001389  HAL_LCD_writeCommand                       
000013c1  Graphics_drawHorizontalLineOnDisplay       
000013f9  _c_int00_noargs                            
0000142d  HAL_LCD_PortInit                           
00001489  HAL_LCD_writeData                          
000014b5  ADC14_getResult                            
00001505  GPIO_setOutputHighOnPin                    
0000152d  GPIO_setOutputLowOnPin                     
00001555  SPI_enableModule                           
00001571  __TI_zero_init_nomemset                    
0000158d  Graphics_clearDisplayOnDisplay             
000015a7  Graphics_setBackgroundColor                
000015c1  Graphics_setFont                           
000015db  EUSCI_A_SPI_enable                         
000015f1  EUSCI_B_SPI_enable                         
00001607  Graphics_setForegroundColor                
0000161d  Graphics_translateColorOnDisplay           
00001633  Graphics_clearDisplay                      
00001655  __TI_decompress_none                       
00001663  Reset_Handler                              
00001679  _system_pre_init                           
0000167d  C$$EXIT                                    
0000167d  abort                                      
00001978  g_sFontFixed6x8                            
00001af0  g_sCrystalfontz128x128_funcs               
00001b48  __TI_Handler_Table_Base                    
00001b54  __TI_Handler_Table_Limit                   
00001b60  __TI_CINIT_Base                            
00001b70  __TI_CINIT_Limit                           
20000000  __start___llvm_prf_cnts                    
20000000  __stop___llvm_prf_cnts                     
20000000  g_sContext                                 
20000020  r                                          
20000024  Lcd_ScreenHeigth                           
20000026  Lcd_ScreenWidth                            
20000028  Lcd_TouchTrim                              
2000002a  Lcd_FlagRead                               
2000002b  Lcd_FontSolid                              
2000002c  Lcd_Orientation                            
2000002d  Lcd_PenSolid                               
20000030  g_sCrystalfontz128x128                     
2000fe00  __stack                                    
20010000  __STACK_END                                
4000480c  WDTCTL_SYM                                 
ffffffff  __TI_pprof_out_hndl                        
ffffffff  __TI_prof_data_size                        
ffffffff  __TI_prof_data_start                       
ffffffff  __binit__                                  
ffffffff  __c_args__                                 
ffffffff  binit                                      
UNDEFED   __mpu_init                                 
UNDEFED   _system_post_cinit                         

[129 symbols]
