******************************************************************************
                  TI ARM Linker PC v20.2.1                     
******************************************************************************
>> Linked Wed Oct 28 17:19:43 2020

OUTPUT FILE NAME:   <LCD_Lines_shapes.out>
ENTRY POINT SYMBOL: "_c_int00_noargs"  address: 000011c9


MEMORY CONFIGURATION

         name            origin    length      used     unused   attr    fill
----------------------  --------  ---------  --------  --------  ----  --------
  MAIN                  00000000   00040000  00001f40  0003e0c0  R  X
  INFO                  00200000   00004000  00000000  00004000  R  X
  SRAM_CODE             01000000   00010000  0000021a  0000fde6  RW X
  SRAM_DATA             20000000   00010000  0000021a  0000fde6  RW  


SEGMENT ALLOCATION MAP

run origin  load origin   length   init length attrs members
----------  ----------- ---------- ----------- ----- -------
00000000    00000000    00001f40   00001f40    r-x
  00000000    00000000    000000e4   000000e4    r-- .intvecs
  000000e4    000000e4    00001360   00001360    r-x .text
  00001444    00001444    00000ac4   00000ac4    r-- .const
  00001f08    00001f08    00000038   00000038    r-- .cinit
20000000    20000000    0000001a   00000000    rw-
  20000000    20000000    00000010   00000000    rw- .data
  20000010    20000010    0000000a   00000000    rw- .bss
2000fe00    2000fe00    00000200   00000000    rw-
  2000fe00    2000fe00    00000200   00000000    rw- .stack


SECTION ALLOCATION MAP

 output                                  attributes/
section   page    origin      length       input sections
--------  ----  ----------  ----------   ----------------
.intvecs   0    00000000    000000e4     
                  00000000    000000e4     startup_msp432p401r_ccs.obj (.intvecs:retain)

.text      0    000000e4    00001360     
                  000000e4    0000047e     grlib.a : string.obj (.text:Graphics_drawString)
                  00000562    000001d8     Crystalfontz128x128_ST7735.obj (.text:Crystalfontz128x128_PixelDrawMultiple)
                  0000073a    00000002     startup_msp432p401r_ccs.obj (.text:Default_Handler)
                  0000073c    00000134     Crystalfontz128x128_ST7735.obj (.text:Crystalfontz128x128_SetDrawFrame)
                  00000870    0000012c     Crystalfontz128x128_ST7735.obj (.text:Crystalfontz128x128_Init)
                  0000099c    000000b0     msp432p4xx_driverlib.lib : spi.o (.text:SPI_initMaster)
                  00000a4c    0000009c     Crystalfontz128x128_ST7735.obj (.text:Crystalfontz128x128_RectFill)
                  00000ae8    0000009c     grlib.a : line.obj (.text:Graphics_drawLineH)
                  00000b84    0000009c     main.obj (.text:main)
                  00000c20    0000009c     rtsv7M4_T_le_v4SPD16_eabi.lib : memcpy_t2.asm.obj (.text)
                  00000cbc    00000088     msp432p4xx_driverlib.lib : gpio.o (.text:GPIO_setAsPeripheralModuleFunctionOutputPin)
                  00000d44    00000078     system_msp432p401r.obj (.text:SystemInit)
                  00000dbc    00000068     rtsv7M4_T_le_v4SPD16_eabi.lib : copy_decompress_lzss.c.obj (.text:decompress:lzss:__TI_decompress_lzss)
                  00000e24    00000060     Crystalfontz128x128_ST7735.obj (.text:Crystalfontz128x128_LineDrawH)
                  00000e84    00000060     Crystalfontz128x128_ST7735.obj (.text:Crystalfontz128x128_LineDrawV)
                  00000ee4    00000054     Crystalfontz128x128_ST7735.obj (.text:Crystalfontz128x128_SetOrientation)
                  00000f38    00000052     grlib.a : context.obj (.text:Graphics_initContext)
                  00000f8a    00000002     --HOLE-- [fill = 0]
                  00000f8c    00000048     main.obj (.text:Init_Graph)
                  00000fd4    00000044     rtsv7M4_T_le_v4SPD16_eabi.lib : autoinit.c.obj (.text:__TI_auto_init_nobinit_nopinit:__TI_auto_init_nobinit_nopinit)
                  00001018    00000040     Crystalfontz128x128_ST7735.obj (.text:Crystalfontz128x128_PixelDraw)
                  00001058    00000040     msp432p4xx_driverlib.lib : gpio.o (.text:GPIO_setAsOutputPin)
                  00001098    00000040     grlib.a : string.obj (.text:Graphics_getNumberOfLeadingZeros)
                  000010d8    00000040     HAL_MSP_EXP432P401R_Crystalfontz128x128_ST7735.obj (.text:HAL_LCD_SpiInit)
                  00001118    00000040     msp432p4xx_driverlib.lib : spi.o (.text:is_A_Module)
                  00001158    00000038     HAL_MSP_EXP432P401R_Crystalfontz128x128_ST7735.obj (.text:HAL_LCD_writeCommand)
                  00001190    00000036     grlib.a : display.obj (.text:Graphics_drawHorizontalLineOnDisplay)
                  000011c6    00000002     --HOLE-- [fill = 0]
                  000011c8    00000034     rtsv7M4_T_le_v4SPD16_eabi.lib : boot_cortex_m.c.obj (.text:_c_int00_noargs:_c_int00_noargs)
                  000011fc    00000030     HAL_MSP_EXP432P401R_Crystalfontz128x128_ST7735.obj (.text:HAL_LCD_PortInit)
                  0000122c    0000002c     Crystalfontz128x128_ST7735.obj (.text:Crystalfontz128x128_ClearScreen)
                  00001258    0000002c     grlib.a : display.obj (.text:Graphics_drawPixelOnDisplay)
                  00001284    0000002c     HAL_MSP_EXP432P401R_Crystalfontz128x128_ST7735.obj (.text:HAL_LCD_writeData)
                  000012b0    00000028     Crystalfontz128x128_ST7735.obj (.text:Crystalfontz128x128_ColorTranslate)
                  000012d8    00000028     msp432p4xx_driverlib.lib : gpio.o (.text:GPIO_setOutputHighOnPin)
                  00001300    00000028                              : gpio.o (.text:GPIO_setOutputLowOnPin)
                  00001328    0000001c                              : spi.o (.text:SPI_enableModule)
                  00001344    0000001c     rtsv7M4_T_le_v4SPD16_eabi.lib : copy_zero_init.c.obj (.text:decompress:ZI:__TI_zero_init_nomemset:__TI_zero_init_nomemset)
                  00001360    0000001a     grlib.a : display.obj (.text:Graphics_clearDisplayOnDisplay)
                  0000137a    0000001a             : context.obj (.text:Graphics_setBackgroundColor)
                  00001394    0000001a             : context.obj (.text:Graphics_setFont)
                  000013ae    00000016     msp432p4xx_driverlib.lib : spi.o (.text:EUSCI_A_SPI_enable)
                  000013c4    00000016                              : spi.o (.text:EUSCI_B_SPI_enable)
                  000013da    00000016     grlib.a : context.obj (.text:Graphics_setForegroundColor)
                  000013f0    00000016             : display.obj (.text:Graphics_translateColorOnDisplay)
                  00001406    00000012             : context.obj (.text:Graphics_clearDisplay)
                  00001418    0000000e     rtsv7M4_T_le_v4SPD16_eabi.lib : copy_decompress_none.c.obj (.text:decompress:none:__TI_decompress_none)
                  00001426    0000000c     startup_msp432p401r_ccs.obj (.text:Reset_Handler)
                  00001432    0000000a     Crystalfontz128x128_ST7735.obj (.text:Crystalfontz128x128_Flush)
                  0000143c    00000004     rtsv7M4_T_le_v4SPD16_eabi.lib : pre_init.c.obj (.text:_system_pre_init)
                  00001440    00000004                                   : exit.c.obj (.text:abort:abort)

.const     0    00001444    00000ac4     
                  00001444    000005c7     grlib.a : fontcmss12b.obj (.const:.string:g_pucCmss12bData)
                  00001a0b    000002f8             : fontfixed6x8.obj (.const:.string:g_pucFontFixed6x8Data)
                  00001d03    00000001     --HOLE-- [fill = 0]
                  00001d04    000000c8             : fontcmss12b.obj (.const:g_sFontCmss12b)
                  00001dcc    000000c8             : fontfixed6x8.obj (.const:g_sFontFixed6x8)
                  00001e94    00000030     msp432p4xx_driverlib.lib : gpio.o (.const:GPIO_PORT_TO_BASE)
                  00001ec4    00000020     Crystalfontz128x128_ST7735.obj (.const:g_sCrystalfontz128x128_funcs)
                  00001ee4    0000001c     HAL_MSP_EXP432P401R_Crystalfontz128x128_ST7735.obj (.const:$P$T0$1)
                  00001f00    00000008     Crystalfontz128x128_ST7735.obj (.const:$P$T0$1)

.cinit     0    00001f08    00000038     
                  00001f08    0000000d     (.cinit..data.load) [load image, compression = lzss]
                  00001f15    00000003     --HOLE-- [fill = 0]
                  00001f18    0000000c     (__TI_handler_table)
                  00001f24    00000004     --HOLE-- [fill = 0]
                  00001f28    00000008     (.cinit..bss.load) [load image, compression = zero_init]
                  00001f30    00000010     (__TI_cinit_table)

.init_array 
*          0    00000000    00000000     UNINITIALIZED

.binit     0    00000000    00000000     

.data      0    20000000    00000010     UNINITIALIZED
                  20000000    00000010     Crystalfontz128x128_ST7735.obj (.data:g_sCrystalfontz128x128)

.bss       0    20000010    0000000a     UNINITIALIZED
                  20000010    00000002     (.common:Lcd_ScreenHeigth)
                  20000012    00000002     (.common:Lcd_ScreenWidth)
                  20000014    00000002     (.common:Lcd_TouchTrim)
                  20000016    00000001     (.common:Lcd_FlagRead)
                  20000017    00000001     (.common:Lcd_FontSolid)
                  20000018    00000001     (.common:Lcd_Orientation)
                  20000019    00000001     (.common:Lcd_PenSolid)

.stack     0    2000fe00    00000200     UNINITIALIZED
                  2000fe00    00000004     rtsv7M4_T_le_v4SPD16_eabi.lib : boot_cortex_m.c.obj (.stack)
                  2000fe04    000001fc     --HOLE--

__llvm_prf_cnts 
*          0    20000000    00000000     UNINITIALIZED

MODULE SUMMARY

       Module                                               code   ro data   rw data
       ------                                               ----   -------   -------
    .\
       main.obj                                             228    0         0      
       system_msp432p401r.obj                               120    0         0      
    +--+----------------------------------------------------+------+---------+---------+
       Total:                                               348    0         0      
                                                                                    
    .\LcdDriver\
       Crystalfontz128x128_ST7735.obj                       1670   40        52     
       HAL_MSP_EXP432P401R_Crystalfontz128x128_ST7735.obj   212    28        0      
    +--+----------------------------------------------------+------+---------+---------+
       Total:                                               1882   68        52     
                                                                                    
    .\ccs\
       startup_msp432p401r_ccs.obj                          14     228       0      
    +--+----------------------------------------------------+------+---------+---------+
       Total:                                               14     228       0      
                                                                                    
    C:/ti/simplelink_msp432p4_sdk_3_40_01_02/source/ti/devices/msp432p4xx/driverlib/ccs/msp432p4xx_driverlib.lib
       gpio.o                                               280    48        0      
       spi.o                                                312    0         0      
    +--+----------------------------------------------------+------+---------+---------+
       Total:                                               592    48        0      
                                                                                    
    C:/ti/simplelink_msp432p4_sdk_3_40_01_02/source/ti/grlib/lib/ccs/m4f/grlib.a
       fontcmss12b.obj                                      0      1679      0      
       string.obj                                           1214   0         0      
       fontfixed6x8.obj                                     0      960       0      
       context.obj                                          174    0         0      
       line.obj                                             156    0         0      
       display.obj                                          146    0         0      
    +--+----------------------------------------------------+------+---------+---------+
       Total:                                               1690   2639      0      
                                                                                    
    C:\ti\ccs1010\ccs\tools\compiler\ti-cgt-arm_20.2.1.LTS\lib\rtsv7M4_T_le_v4SPD16_eabi.lib
       memcpy_t2.asm.obj                                    156    0         0      
       copy_decompress_lzss.c.obj                           104    0         0      
       autoinit.c.obj                                       68     0         0      
       boot_cortex_m.c.obj                                  52     0         0      
       copy_zero_init.c.obj                                 28     0         0      
       copy_decompress_none.c.obj                           14     0         0      
       exit.c.obj                                           4      0         0      
       pre_init.c.obj                                       4      0         0      
    +--+----------------------------------------------------+------+---------+---------+
       Total:                                               430    0         0      
                                                                                    
       Stack:                                               0      0         1024   
       Linker Generated:                                    0      49        0      
    +--+----------------------------------------------------+------+---------+---------+
       Grand Total:                                         4956   3032      1076   


LINKER GENERATED COPY TABLES

__TI_cinit_table @ 00001f30 records: 2, size/record: 8, table size: 16
	.data: load addr=00001f08, load size=0000000d bytes, run addr=20000000, run size=00000010 bytes, compression=lzss
	.bss: load addr=00001f28, load size=00000008 bytes, run addr=20000010, run size=0000000a bytes, compression=zero_init


LINKER GENERATED HANDLER TABLE

__TI_handler_table @ 00001f18 records: 3, size/record: 4, table size: 12
	index: 0, handler: __TI_decompress_lzss
	index: 1, handler: __TI_decompress_none
	index: 2, handler: __TI_zero_init


GLOBAL SYMBOLS: SORTED ALPHABETICALLY BY Name 

address   name                                       
-------   ----                                       
0000073b  ADC14_IRQHandler                           
0000073b  AES256_IRQHandler                          
0000073b  BusFault_Handler                           
00001441  C$$EXIT                                    
0000073b  COMP_E0_IRQHandler                         
0000073b  COMP_E1_IRQHandler                         
0000073b  CS_IRQHandler                              
00000871  Crystalfontz128x128_Init                   
0000073d  Crystalfontz128x128_SetDrawFrame           
00000ee5  Crystalfontz128x128_SetOrientation         
0000073b  DMA_ERR_IRQHandler                         
0000073b  DMA_INT0_IRQHandler                        
0000073b  DMA_INT1_IRQHandler                        
0000073b  DMA_INT2_IRQHandler                        
0000073b  DMA_INT3_IRQHandler                        
0000073b  DebugMon_Handler                           
0000073b  Default_Handler                            
0000073b  EUSCIA0_IRQHandler                         
0000073b  EUSCIA1_IRQHandler                         
0000073b  EUSCIA2_IRQHandler                         
0000073b  EUSCIA3_IRQHandler                         
0000073b  EUSCIB0_IRQHandler                         
0000073b  EUSCIB1_IRQHandler                         
0000073b  EUSCIB2_IRQHandler                         
0000073b  EUSCIB3_IRQHandler                         
000013af  EUSCI_A_SPI_enable                         
000013c5  EUSCI_B_SPI_enable                         
0000073b  FLCTL_IRQHandler                           
0000073b  FPU_IRQHandler                             
00001059  GPIO_setAsOutputPin                        
00000cbd  GPIO_setAsPeripheralModuleFunctionOutputPin
000012d9  GPIO_setOutputHighOnPin                    
00001301  GPIO_setOutputLowOnPin                     
00001407  Graphics_clearDisplay                      
00001361  Graphics_clearDisplayOnDisplay             
00001191  Graphics_drawHorizontalLineOnDisplay       
00000ae9  Graphics_drawLineH                         
00001259  Graphics_drawPixelOnDisplay                
000000e5  Graphics_drawString                        
UNDEFED   Graphics_getStringLength                   
00000f39  Graphics_initContext                       
0000137b  Graphics_setBackgroundColor                
00001395  Graphics_setFont                           
000013db  Graphics_setForegroundColor                
000013f1  Graphics_translateColorOnDisplay           
000011fd  HAL_LCD_PortInit                           
000010d9  HAL_LCD_SpiInit                            
00001159  HAL_LCD_writeCommand                       
00001285  HAL_LCD_writeData                          
0000073b  HardFault_Handler                          
00000f8d  Init_Graph                                 
20000016  Lcd_FlagRead                               
20000017  Lcd_FontSolid                              
20000018  Lcd_Orientation                            
20000019  Lcd_PenSolid                               
20000010  Lcd_ScreenHeigth                           
20000012  Lcd_ScreenWidth                            
20000014  Lcd_TouchTrim                              
0000073b  MemManage_Handler                          
0000073b  NMI_Handler                                
0000073b  PCM_IRQHandler                             
0000073b  PORT1_IRQHandler                           
0000073b  PORT2_IRQHandler                           
0000073b  PORT3_IRQHandler                           
0000073b  PORT4_IRQHandler                           
0000073b  PORT5_IRQHandler                           
0000073b  PORT6_IRQHandler                           
0000073b  PSS_IRQHandler                             
0000073b  PendSV_Handler                             
0000073b  RTC_C_IRQHandler                           
00001427  Reset_Handler                              
00001329  SPI_enableModule                           
0000099d  SPI_initMaster                             
0000073b  SVC_Handler                                
0000073b  SysTick_Handler                            
00000d45  SystemInit                                 
0000073b  T32_INT1_IRQHandler                        
0000073b  T32_INT2_IRQHandler                        
0000073b  T32_INTC_IRQHandler                        
0000073b  TA0_0_IRQHandler                           
0000073b  TA0_N_IRQHandler                           
0000073b  TA1_0_IRQHandler                           
0000073b  TA1_N_IRQHandler                           
0000073b  TA2_0_IRQHandler                           
0000073b  TA2_N_IRQHandler                           
0000073b  TA3_0_IRQHandler                           
0000073b  TA3_N_IRQHandler                           
0000073b  UsageFault_Handler                         
4000480c  WDTCTL_SYM                                 
0000073b  WDT_A_IRQHandler                           
20010000  __STACK_END                                
00000200  __STACK_SIZE                               
00001f30  __TI_CINIT_Base                            
00001f40  __TI_CINIT_Limit                           
00001f18  __TI_Handler_Table_Base                    
00001f24  __TI_Handler_Table_Limit                   
00000fd5  __TI_auto_init_nobinit_nopinit             
00000dbd  __TI_decompress_lzss                       
00001419  __TI_decompress_none                       
ffffffff  __TI_pprof_out_hndl                        
ffffffff  __TI_prof_data_size                        
ffffffff  __TI_prof_data_start                       
00000000  __TI_static_base__                         
00001345  __TI_zero_init_nomemset                    
00000c21  __aeabi_memcpy                             
00000c21  __aeabi_memcpy4                            
00000c21  __aeabi_memcpy8                            
ffffffff  __binit__                                  
ffffffff  __c_args__                                 
UNDEFED   __mpu_init                                 
2000fe00  __stack                                    
20000000  __start___llvm_prf_cnts                    
20000000  __stop___llvm_prf_cnts                     
000011c9  _c_int00_noargs                            
UNDEFED   _system_post_cinit                         
0000143d  _system_pre_init                           
00001441  abort                                      
ffffffff  binit                                      
20000000  g_sCrystalfontz128x128                     
00001ec4  g_sCrystalfontz128x128_funcs               
00001d04  g_sFontCmss12b                             
00001dcc  g_sFontFixed6x8                            
00000000  interruptVectors                           
00000b85  main                                       
00000c21  memcpy                                     


GLOBAL SYMBOLS: SORTED BY Symbol Address 

address   name                                       
-------   ----                                       
00000000  __TI_static_base__                         
00000000  interruptVectors                           
000000e5  Graphics_drawString                        
00000200  __STACK_SIZE                               
0000073b  ADC14_IRQHandler                           
0000073b  AES256_IRQHandler                          
0000073b  BusFault_Handler                           
0000073b  COMP_E0_IRQHandler                         
0000073b  COMP_E1_IRQHandler                         
0000073b  CS_IRQHandler                              
0000073b  DMA_ERR_IRQHandler                         
0000073b  DMA_INT0_IRQHandler                        
0000073b  DMA_INT1_IRQHandler                        
0000073b  DMA_INT2_IRQHandler                        
0000073b  DMA_INT3_IRQHandler                        
0000073b  DebugMon_Handler                           
0000073b  Default_Handler                            
0000073b  EUSCIA0_IRQHandler                         
0000073b  EUSCIA1_IRQHandler                         
0000073b  EUSCIA2_IRQHandler                         
0000073b  EUSCIA3_IRQHandler                         
0000073b  EUSCIB0_IRQHandler                         
0000073b  EUSCIB1_IRQHandler                         
0000073b  EUSCIB2_IRQHandler                         
0000073b  EUSCIB3_IRQHandler                         
0000073b  FLCTL_IRQHandler                           
0000073b  FPU_IRQHandler                             
0000073b  HardFault_Handler                          
0000073b  MemManage_Handler                          
0000073b  NMI_Handler                                
0000073b  PCM_IRQHandler                             
0000073b  PORT1_IRQHandler                           
0000073b  PORT2_IRQHandler                           
0000073b  PORT3_IRQHandler                           
0000073b  PORT4_IRQHandler                           
0000073b  PORT5_IRQHandler                           
0000073b  PORT6_IRQHandler                           
0000073b  PSS_IRQHandler                             
0000073b  PendSV_Handler                             
0000073b  RTC_C_IRQHandler                           
0000073b  SVC_Handler                                
0000073b  SysTick_Handler                            
0000073b  T32_INT1_IRQHandler                        
0000073b  T32_INT2_IRQHandler                        
0000073b  T32_INTC_IRQHandler                        
0000073b  TA0_0_IRQHandler                           
0000073b  TA0_N_IRQHandler                           
0000073b  TA1_0_IRQHandler                           
0000073b  TA1_N_IRQHandler                           
0000073b  TA2_0_IRQHandler                           
0000073b  TA2_N_IRQHandler                           
0000073b  TA3_0_IRQHandler                           
0000073b  TA3_N_IRQHandler                           
0000073b  UsageFault_Handler                         
0000073b  WDT_A_IRQHandler                           
0000073d  Crystalfontz128x128_SetDrawFrame           
00000871  Crystalfontz128x128_Init                   
0000099d  SPI_initMaster                             
00000ae9  Graphics_drawLineH                         
00000b85  main                                       
00000c21  __aeabi_memcpy                             
00000c21  __aeabi_memcpy4                            
00000c21  __aeabi_memcpy8                            
00000c21  memcpy                                     
00000cbd  GPIO_setAsPeripheralModuleFunctionOutputPin
00000d45  SystemInit                                 
00000dbd  __TI_decompress_lzss                       
00000ee5  Crystalfontz128x128_SetOrientation         
00000f39  Graphics_initContext                       
00000f8d  Init_Graph                                 
00000fd5  __TI_auto_init_nobinit_nopinit             
00001059  GPIO_setAsOutputPin                        
000010d9  HAL_LCD_SpiInit                            
00001159  HAL_LCD_writeCommand                       
00001191  Graphics_drawHorizontalLineOnDisplay       
000011c9  _c_int00_noargs                            
000011fd  HAL_LCD_PortInit                           
00001259  Graphics_drawPixelOnDisplay                
00001285  HAL_LCD_writeData                          
000012d9  GPIO_setOutputHighOnPin                    
00001301  GPIO_setOutputLowOnPin                     
00001329  SPI_enableModule                           
00001345  __TI_zero_init_nomemset                    
00001361  Graphics_clearDisplayOnDisplay             
0000137b  Graphics_setBackgroundColor                
00001395  Graphics_setFont                           
000013af  EUSCI_A_SPI_enable                         
000013c5  EUSCI_B_SPI_enable                         
000013db  Graphics_setForegroundColor                
000013f1  Graphics_translateColorOnDisplay           
00001407  Graphics_clearDisplay                      
00001419  __TI_decompress_none                       
00001427  Reset_Handler                              
0000143d  _system_pre_init                           
00001441  C$$EXIT                                    
00001441  abort                                      
00001d04  g_sFontCmss12b                             
00001dcc  g_sFontFixed6x8                            
00001ec4  g_sCrystalfontz128x128_funcs               
00001f18  __TI_Handler_Table_Base                    
00001f24  __TI_Handler_Table_Limit                   
00001f30  __TI_CINIT_Base                            
00001f40  __TI_CINIT_Limit                           
20000000  __start___llvm_prf_cnts                    
20000000  __stop___llvm_prf_cnts                     
20000000  g_sCrystalfontz128x128                     
20000010  Lcd_ScreenHeigth                           
20000012  Lcd_ScreenWidth                            
20000014  Lcd_TouchTrim                              
20000016  Lcd_FlagRead                               
20000017  Lcd_FontSolid                              
20000018  Lcd_Orientation                            
20000019  Lcd_PenSolid                               
2000fe00  __stack                                    
20010000  __STACK_END                                
4000480c  WDTCTL_SYM                                 
ffffffff  __TI_pprof_out_hndl                        
ffffffff  __TI_prof_data_size                        
ffffffff  __TI_prof_data_start                       
ffffffff  __binit__                                  
ffffffff  __c_args__                                 
ffffffff  binit                                      
UNDEFED   Graphics_getStringLength                   
UNDEFED   __mpu_init                                 
UNDEFED   _system_post_cinit                         

[125 symbols]
