<?xml version="1.0" encoding="ISO-8859-1" ?>
<link_info>
   <banner>TI ARM Linker PC v20.2.1.LTS</banner>
   <copyright>Copyright (c) 1996-2018 Texas Instruments Incorporated</copyright>
   <link_time>0x5f91f3cf</link_time>
   <link_errors>0x0</link_errors>
   <output_file>String_InClassProj.out</output_file>
   <entry_point>
      <name>_c_int00_noargs</name>
      <address>0x137d</address>
   </entry_point>
   <input_file_list>
      <input_file id="fl-2">
         <path>.\</path>
         <kind>object</kind>
         <file>HAL_I2C.obj</file>
         <name>HAL_I2C.obj</name>
      </input_file>
      <input_file id="fl-3">
         <path>.\</path>
         <kind>object</kind>
         <file>HAL_TMP006.obj</file>
         <name>HAL_TMP006.obj</name>
      </input_file>
      <input_file id="fl-4">
         <path>.\</path>
         <kind>object</kind>
         <file>main.obj</file>
         <name>main.obj</name>
      </input_file>
      <input_file id="fl-5">
         <path>.\</path>
         <kind>object</kind>
         <file>system_msp432p401r.obj</file>
         <name>system_msp432p401r.obj</name>
      </input_file>
      <input_file id="fl-6">
         <path>.\LcdDriver\</path>
         <kind>object</kind>
         <file>Crystalfontz128x128_ST7735.obj</file>
         <name>Crystalfontz128x128_ST7735.obj</name>
      </input_file>
      <input_file id="fl-7">
         <path>.\LcdDriver\</path>
         <kind>object</kind>
         <file>HAL_MSP_EXP432P401R_Crystalfontz128x128_ST7735.obj</file>
         <name>HAL_MSP_EXP432P401R_Crystalfontz128x128_ST7735.obj</name>
      </input_file>
      <input_file id="fl-8">
         <path>.\ccs\</path>
         <kind>object</kind>
         <file>startup_msp432p401r_ccs.obj</file>
         <name>startup_msp432p401r_ccs.obj</name>
      </input_file>
      <input_file id="fl-13">
         <kind>object</kind>
         <file>&lt;internal&gt;</file>
         <name>&lt;internal&gt;</name>
      </input_file>
      <input_file id="fl-14">
         <path>C:\ti\simplelink_msp432p4_sdk_3_40_01_02\source\ti\grlib\lib\ccs\m4f\</path>
         <kind>archive</kind>
         <file>grlib.a</file>
         <name>context.obj</name>
      </input_file>
      <input_file id="fl-15">
         <path>C:\ti\simplelink_msp432p4_sdk_3_40_01_02\source\ti\grlib\lib\ccs\m4f\</path>
         <kind>archive</kind>
         <file>grlib.a</file>
         <name>display.obj</name>
      </input_file>
      <input_file id="fl-16">
         <path>C:\ti\simplelink_msp432p4_sdk_3_40_01_02\source\ti\grlib\lib\ccs\m4f\</path>
         <kind>archive</kind>
         <file>grlib.a</file>
         <name>fontcm24i.obj</name>
      </input_file>
      <input_file id="fl-17">
         <path>C:\ti\simplelink_msp432p4_sdk_3_40_01_02\source\ti\grlib\lib\ccs\m4f\</path>
         <kind>archive</kind>
         <file>grlib.a</file>
         <name>fontfixed6x8.obj</name>
      </input_file>
      <input_file id="fl-18">
         <path>C:\ti\simplelink_msp432p4_sdk_3_40_01_02\source\ti\grlib\lib\ccs\m4f\</path>
         <kind>archive</kind>
         <file>grlib.a</file>
         <name>string.obj</name>
      </input_file>
      <input_file id="fl-19">
         <path>C:\ti\simplelink_msp432p4_sdk_3_40_01_02\source\ti\grlib\lib\ccs\m4f\</path>
         <kind>archive</kind>
         <file>grlib.a</file>
         <name>line.obj</name>
      </input_file>
      <input_file id="fl-1a">
         <path>C:\ti\simplelink_msp432p4_sdk_3_40_01_02\source\ti\devices\msp432p4xx\driverlib\ccs\</path>
         <kind>archive</kind>
         <file>msp432p4xx_driverlib.lib</file>
         <name>gpio.o</name>
      </input_file>
      <input_file id="fl-1b">
         <path>C:\ti\simplelink_msp432p4_sdk_3_40_01_02\source\ti\devices\msp432p4xx\driverlib\ccs\</path>
         <kind>archive</kind>
         <file>msp432p4xx_driverlib.lib</file>
         <name>i2c.o</name>
      </input_file>
      <input_file id="fl-1c">
         <path>C:\ti\simplelink_msp432p4_sdk_3_40_01_02\source\ti\devices\msp432p4xx\driverlib\ccs\</path>
         <kind>archive</kind>
         <file>msp432p4xx_driverlib.lib</file>
         <name>interrupt.o</name>
      </input_file>
      <input_file id="fl-1d">
         <path>C:\ti\simplelink_msp432p4_sdk_3_40_01_02\source\ti\devices\msp432p4xx\driverlib\ccs\</path>
         <kind>archive</kind>
         <file>msp432p4xx_driverlib.lib</file>
         <name>spi.o</name>
      </input_file>
      <input_file id="fl-1e">
         <path>C:\ti\simplelink_msp432p4_sdk_3_40_01_02\source\ti\devices\msp432p4xx\driverlib\ccs\</path>
         <kind>archive</kind>
         <file>msp432p4xx_driverlib.lib</file>
         <name>timer32.o</name>
      </input_file>
      <input_file id="fl-1f">
         <path>C:\ti\simplelink_msp432p4_sdk_3_40_01_02\source\ti\devices\msp432p4xx\driverlib\ccs\</path>
         <kind>archive</kind>
         <file>msp432p4xx_driverlib.lib</file>
         <name>cpu.o</name>
      </input_file>
      <input_file id="fl-d5">
         <path>C:\ti\ccs1010\ccs\tools\compiler\ti-cgt-arm_20.2.1.LTS\lib\</path>
         <kind>archive</kind>
         <file>rtsv7M4_T_le_v4SPD16_eabi.lib</file>
         <name>e_pow.c.obj</name>
      </input_file>
      <input_file id="fl-d6">
         <path>C:\ti\ccs1010\ccs\tools\compiler\ti-cgt-arm_20.2.1.LTS\lib\</path>
         <kind>archive</kind>
         <file>rtsv7M4_T_le_v4SPD16_eabi.lib</file>
         <name>e_sqrt.c.obj</name>
      </input_file>
      <input_file id="fl-d7">
         <path>C:\ti\ccs1010\ccs\tools\compiler\ti-cgt-arm_20.2.1.LTS\lib\</path>
         <kind>archive</kind>
         <file>rtsv7M4_T_le_v4SPD16_eabi.lib</file>
         <name>s_scalbn.c.obj</name>
      </input_file>
      <input_file id="fl-d8">
         <path>C:\ti\ccs1010\ccs\tools\compiler\ti-cgt-arm_20.2.1.LTS\lib\</path>
         <kind>archive</kind>
         <file>rtsv7M4_T_le_v4SPD16_eabi.lib</file>
         <name>fd_add_t2.asm.obj</name>
      </input_file>
      <input_file id="fl-d9">
         <path>C:\ti\ccs1010\ccs\tools\compiler\ti-cgt-arm_20.2.1.LTS\lib\</path>
         <kind>archive</kind>
         <file>rtsv7M4_T_le_v4SPD16_eabi.lib</file>
         <name>fd_cmp_t2.asm.obj</name>
      </input_file>
      <input_file id="fl-da">
         <path>C:\ti\ccs1010\ccs\tools\compiler\ti-cgt-arm_20.2.1.LTS\lib\</path>
         <kind>archive</kind>
         <file>rtsv7M4_T_le_v4SPD16_eabi.lib</file>
         <name>fd_div_t2.asm.obj</name>
      </input_file>
      <input_file id="fl-db">
         <path>C:\ti\ccs1010\ccs\tools\compiler\ti-cgt-arm_20.2.1.LTS\lib\</path>
         <kind>archive</kind>
         <file>rtsv7M4_T_le_v4SPD16_eabi.lib</file>
         <name>fd_mul_t2.asm.obj</name>
      </input_file>
      <input_file id="fl-dc">
         <path>C:\ti\ccs1010\ccs\tools\compiler\ti-cgt-arm_20.2.1.LTS\lib\</path>
         <kind>archive</kind>
         <file>rtsv7M4_T_le_v4SPD16_eabi.lib</file>
         <name>i_tofd_t2.asm.obj</name>
      </input_file>
      <input_file id="fl-dd">
         <path>C:\ti\ccs1010\ccs\tools\compiler\ti-cgt-arm_20.2.1.LTS\lib\</path>
         <kind>archive</kind>
         <file>rtsv7M4_T_le_v4SPD16_eabi.lib</file>
         <name>copy_zero_init.c.obj</name>
      </input_file>
      <input_file id="fl-de">
         <path>C:\ti\ccs1010\ccs\tools\compiler\ti-cgt-arm_20.2.1.LTS\lib\</path>
         <kind>archive</kind>
         <file>rtsv7M4_T_le_v4SPD16_eabi.lib</file>
         <name>copy_decompress_none.c.obj</name>
      </input_file>
      <input_file id="fl-df">
         <path>C:\ti\ccs1010\ccs\tools\compiler\ti-cgt-arm_20.2.1.LTS\lib\</path>
         <kind>archive</kind>
         <file>rtsv7M4_T_le_v4SPD16_eabi.lib</file>
         <name>copy_decompress_lzss.c.obj</name>
      </input_file>
      <input_file id="fl-e0">
         <path>C:\ti\ccs1010\ccs\tools\compiler\ti-cgt-arm_20.2.1.LTS\lib\</path>
         <kind>archive</kind>
         <file>rtsv7M4_T_le_v4SPD16_eabi.lib</file>
         <name>errno.c.obj</name>
      </input_file>
      <input_file id="fl-e1">
         <path>C:\ti\ccs1010\ccs\tools\compiler\ti-cgt-arm_20.2.1.LTS\lib\</path>
         <kind>archive</kind>
         <file>rtsv7M4_T_le_v4SPD16_eabi.lib</file>
         <name>boot_cortex_m.c.obj</name>
      </input_file>
      <input_file id="fl-e2">
         <path>C:\ti\ccs1010\ccs\tools\compiler\ti-cgt-arm_20.2.1.LTS\lib\</path>
         <kind>archive</kind>
         <file>rtsv7M4_T_le_v4SPD16_eabi.lib</file>
         <name>s_copysign.c.obj</name>
      </input_file>
      <input_file id="fl-e3">
         <path>C:\ti\ccs1010\ccs\tools\compiler\ti-cgt-arm_20.2.1.LTS\lib\</path>
         <kind>archive</kind>
         <file>rtsv7M4_T_le_v4SPD16_eabi.lib</file>
         <name>memset_t2.asm.obj</name>
      </input_file>
      <input_file id="fl-e4">
         <path>C:\ti\ccs1010\ccs\tools\compiler\ti-cgt-arm_20.2.1.LTS\lib\</path>
         <kind>archive</kind>
         <file>rtsv7M4_T_le_v4SPD16_eabi.lib</file>
         <name>memcpy_t2.asm.obj</name>
      </input_file>
      <input_file id="fl-e5">
         <path>C:\ti\ccs1010\ccs\tools\compiler\ti-cgt-arm_20.2.1.LTS\lib\</path>
         <kind>archive</kind>
         <file>rtsv7M4_T_le_v4SPD16_eabi.lib</file>
         <name>autoinit.c.obj</name>
      </input_file>
      <input_file id="fl-e6">
         <path>C:\ti\ccs1010\ccs\tools\compiler\ti-cgt-arm_20.2.1.LTS\lib\</path>
         <kind>archive</kind>
         <file>rtsv7M4_T_le_v4SPD16_eabi.lib</file>
         <name>pre_init.c.obj</name>
      </input_file>
      <input_file id="fl-e7">
         <path>C:\ti\ccs1010\ccs\tools\compiler\ti-cgt-arm_20.2.1.LTS\lib\</path>
         <kind>archive</kind>
         <file>rtsv7M4_T_le_v4SPD16_eabi.lib</file>
         <name>cpy_tbl.c.obj</name>
      </input_file>
      <input_file id="fl-e8">
         <path>C:\ti\ccs1010\ccs\tools\compiler\ti-cgt-arm_20.2.1.LTS\lib\</path>
         <kind>archive</kind>
         <file>rtsv7M4_T_le_v4SPD16_eabi.lib</file>
         <name>exit.c.obj</name>
      </input_file>
      <input_file id="fl-e9">
         <path>C:\ti\ccs1010\ccs\tools\compiler\ti-cgt-arm_20.2.1.LTS\lib\</path>
         <kind>archive</kind>
         <file>rtsv7M4_T_le_v4SPD16_eabi.lib</file>
         <name>_lock.c.obj</name>
      </input_file>
      <input_file id="fl-ea">
         <path>C:\ti\ccs1010\ccs\tools\compiler\ti-cgt-arm_20.2.1.LTS\lib\</path>
         <kind>archive</kind>
         <file>rtsv7M4_T_le_v4SPD16_eabi.lib</file>
         <name>args_main.c.obj</name>
      </input_file>
   </input_file_list>
   <object_component_list>
      <object_component id="oc-26">
         <name>.intvecs:retain</name>
         <load_address>0x0</load_address>
         <run_address>0x0</run_address>
         <size>0xe4</size>
         <input_file_ref idref="fl-8"/>
      </object_component>
      <object_component id="oc-d6">
         <name>.text:Graphics_drawString</name>
         <load_address>0xe4</load_address>
         <run_address>0xe4</run_address>
         <size>0x47e</size>
         <input_file_ref idref="fl-18"/>
      </object_component>
      <object_component id="oc-23e">
         <name>.text:Crystalfontz128x128_PixelDrawMultiple</name>
         <load_address>0x562</load_address>
         <run_address>0x562</run_address>
         <size>0x1d8</size>
         <input_file_ref idref="fl-6"/>
      </object_component>
      <object_component id="oc-6d">
         <name>.text:Default_Handler</name>
         <load_address>0x73a</load_address>
         <run_address>0x73a</run_address>
         <size>0x2</size>
         <input_file_ref idref="fl-8"/>
      </object_component>
      <object_component id="oc-99">
         <name>.text:main</name>
         <load_address>0x73c</load_address>
         <run_address>0x73c</run_address>
         <size>0x17c</size>
         <input_file_ref idref="fl-4"/>
      </object_component>
      <object_component id="oc-223">
         <name>.text:Crystalfontz128x128_SetDrawFrame</name>
         <load_address>0x8b8</load_address>
         <run_address>0x8b8</run_address>
         <size>0x134</size>
         <input_file_ref idref="fl-6"/>
      </object_component>
      <object_component id="oc-147">
         <name>.text:Crystalfontz128x128_Init</name>
         <load_address>0x9ec</load_address>
         <run_address>0x9ec</run_address>
         <size>0x12c</size>
         <input_file_ref idref="fl-6"/>
      </object_component>
      <object_component id="oc-2c5">
         <name>.text:SPI_initMaster</name>
         <load_address>0xb18</load_address>
         <run_address>0xb18</run_address>
         <size>0xb0</size>
         <input_file_ref idref="fl-1d"/>
      </object_component>
      <object_component id="oc-250">
         <name>.text:Crystalfontz128x128_RectFill</name>
         <load_address>0xbc8</load_address>
         <run_address>0xbc8</run_address>
         <size>0x9c</size>
         <input_file_ref idref="fl-6"/>
      </object_component>
      <object_component id="oc-172">
         <name>.text:Graphics_drawLineH</name>
         <load_address>0xc64</load_address>
         <run_address>0xc64</run_address>
         <size>0x9c</size>
         <input_file_ref idref="fl-19"/>
      </object_component>
      <object_component id="oc-37">
         <name>.text</name>
         <load_address>0xd00</load_address>
         <run_address>0xd00</run_address>
         <size>0x9c</size>
         <input_file_ref idref="fl-e4"/>
      </object_component>
      <object_component id="oc-2b8">
         <name>.text:GPIO_setAsPeripheralModuleFunctionOutputPin</name>
         <load_address>0xd9c</load_address>
         <run_address>0xd9c</run_address>
         <size>0x88</size>
         <input_file_ref idref="fl-1a"/>
      </object_component>
      <object_component id="oc-ab">
         <name>.text:SystemInit</name>
         <load_address>0xe24</load_address>
         <run_address>0xe24</run_address>
         <size>0x78</size>
         <input_file_ref idref="fl-5"/>
      </object_component>
      <object_component id="oc-18a">
         <name>.text:Timer32_initModule</name>
         <load_address>0xe9c</load_address>
         <run_address>0xe9c</run_address>
         <size>0x68</size>
         <input_file_ref idref="fl-1e"/>
      </object_component>
      <object_component id="oc-17">
         <name>.text:decompress:lzss:__TI_decompress_lzss</name>
         <load_address>0xf04</load_address>
         <run_address>0xf04</run_address>
         <size>0x68</size>
         <input_file_ref idref="fl-df"/>
      </object_component>
      <object_component id="oc-244">
         <name>.text:Crystalfontz128x128_LineDrawH</name>
         <load_address>0xf6c</load_address>
         <run_address>0xf6c</run_address>
         <size>0x60</size>
         <input_file_ref idref="fl-6"/>
      </object_component>
      <object_component id="oc-24a">
         <name>.text:Crystalfontz128x128_LineDrawV</name>
         <load_address>0xfcc</load_address>
         <run_address>0xfcc</run_address>
         <size>0x60</size>
         <input_file_ref idref="fl-6"/>
      </object_component>
      <object_component id="oc-14d">
         <name>.text:Crystalfontz128x128_SetOrientation</name>
         <load_address>0x102c</load_address>
         <run_address>0x102c</run_address>
         <size>0x54</size>
         <input_file_ref idref="fl-6"/>
      </object_component>
      <object_component id="oc-153">
         <name>.text:Graphics_initContext</name>
         <load_address>0x1080</load_address>
         <run_address>0x1080</run_address>
         <size>0x52</size>
         <input_file_ref idref="fl-14"/>
      </object_component>
      <object_component id="oc-ca">
         <name>.text:Init_Graph</name>
         <load_address>0x10d4</load_address>
         <run_address>0x10d4</run_address>
         <size>0x48</size>
         <input_file_ref idref="fl-4"/>
      </object_component>
      <object_component id="oc-10e">
         <name>.text:__TI_auto_init_nobinit_nopinit:__TI_auto_init_nobinit_nopinit</name>
         <load_address>0x111c</load_address>
         <run_address>0x111c</run_address>
         <size>0x44</size>
         <input_file_ref idref="fl-e5"/>
      </object_component>
      <object_component id="oc-238">
         <name>.text:Crystalfontz128x128_PixelDraw</name>
         <load_address>0x1160</load_address>
         <run_address>0x1160</run_address>
         <size>0x40</size>
         <input_file_ref idref="fl-6"/>
      </object_component>
      <object_component id="oc-2be">
         <name>.text:GPIO_setAsOutputPin</name>
         <load_address>0x11a0</load_address>
         <run_address>0x11a0</run_address>
         <size>0x40</size>
         <input_file_ref idref="fl-1a"/>
      </object_component>
      <object_component id="oc-16c">
         <name>.text:Graphics_getNumberOfLeadingZeros</name>
         <load_address>0x11e0</load_address>
         <run_address>0x11e0</run_address>
         <size>0x40</size>
         <input_file_ref idref="fl-18"/>
      </object_component>
      <object_component id="oc-205">
         <name>.text:HAL_LCD_SpiInit</name>
         <load_address>0x1220</load_address>
         <run_address>0x1220</run_address>
         <size>0x40</size>
         <input_file_ref idref="fl-7"/>
      </object_component>
      <object_component id="oc-313">
         <name>.text:is_A_Module</name>
         <load_address>0x1260</load_address>
         <run_address>0x1260</run_address>
         <size>0x40</size>
         <input_file_ref idref="fl-1d"/>
      </object_component>
      <object_component id="oc-217">
         <name>.text:HAL_LCD_writeCommand</name>
         <load_address>0x12a0</load_address>
         <run_address>0x12a0</run_address>
         <size>0x38</size>
         <input_file_ref idref="fl-7"/>
      </object_component>
      <object_component id="oc-1b1">
         <name>.text:Timer32_startTimer</name>
         <load_address>0x12d8</load_address>
         <run_address>0x12d8</run_address>
         <size>0x38</size>
         <input_file_ref idref="fl-1e"/>
      </object_component>
      <object_component id="oc-27a">
         <name>.text:Graphics_drawHorizontalLineOnDisplay</name>
         <load_address>0x1310</load_address>
         <run_address>0x1310</run_address>
         <size>0x36</size>
         <input_file_ref idref="fl-15"/>
      </object_component>
      <object_component id="oc-1ab">
         <name>.text:Timer32_setCount</name>
         <load_address>0x1348</load_address>
         <run_address>0x1348</run_address>
         <size>0x34</size>
         <input_file_ref idref="fl-1e"/>
      </object_component>
      <object_component id="oc-55">
         <name>.text:_c_int00_noargs:_c_int00_noargs</name>
         <load_address>0x137c</load_address>
         <run_address>0x137c</run_address>
         <size>0x34</size>
         <input_file_ref idref="fl-e1"/>
      </object_component>
      <object_component id="oc-1ff">
         <name>.text:HAL_LCD_PortInit</name>
         <load_address>0x13b0</load_address>
         <run_address>0x13b0</run_address>
         <size>0x30</size>
         <input_file_ref idref="fl-7"/>
      </object_component>
      <object_component id="oc-ee">
         <name>.text:delay</name>
         <load_address>0x13e0</load_address>
         <run_address>0x13e0</run_address>
         <size>0x30</size>
         <input_file_ref idref="fl-4"/>
      </object_component>
      <object_component id="oc-262">
         <name>.text:Crystalfontz128x128_ClearScreen</name>
         <load_address>0x1410</load_address>
         <run_address>0x1410</run_address>
         <size>0x2c</size>
         <input_file_ref idref="fl-6"/>
      </object_component>
      <object_component id="oc-178">
         <name>.text:Graphics_drawPixelOnDisplay</name>
         <load_address>0x143c</load_address>
         <run_address>0x143c</run_address>
         <size>0x2c</size>
         <input_file_ref idref="fl-15"/>
      </object_component>
      <object_component id="oc-21d">
         <name>.text:HAL_LCD_writeData</name>
         <load_address>0x1468</load_address>
         <run_address>0x1468</run_address>
         <size>0x2c</size>
         <input_file_ref idref="fl-7"/>
      </object_component>
      <object_component id="oc-256">
         <name>.text:Crystalfontz128x128_ColorTranslate</name>
         <load_address>0x1494</load_address>
         <run_address>0x1494</run_address>
         <size>0x28</size>
         <input_file_ref idref="fl-6"/>
      </object_component>
      <object_component id="oc-211">
         <name>.text:GPIO_setOutputHighOnPin</name>
         <load_address>0x14bc</load_address>
         <run_address>0x14bc</run_address>
         <size>0x28</size>
         <input_file_ref idref="fl-1a"/>
      </object_component>
      <object_component id="oc-20b">
         <name>.text:GPIO_setOutputLowOnPin</name>
         <load_address>0x14e4</load_address>
         <run_address>0x14e4</run_address>
         <size>0x28</size>
         <input_file_ref idref="fl-1a"/>
      </object_component>
      <object_component id="oc-2cb">
         <name>.text:SPI_enableModule</name>
         <load_address>0x150c</load_address>
         <run_address>0x150c</run_address>
         <size>0x1c</size>
         <input_file_ref idref="fl-1d"/>
      </object_component>
      <object_component id="oc-43">
         <name>.text:decompress:ZI:__TI_zero_init_nomemset:__TI_zero_init_nomemset</name>
         <load_address>0x1528</load_address>
         <run_address>0x1528</run_address>
         <size>0x1c</size>
         <input_file_ref idref="fl-dd"/>
      </object_component>
      <object_component id="oc-dc">
         <name>.text:delay_init</name>
         <load_address>0x1544</load_address>
         <run_address>0x1544</run_address>
         <size>0x1c</size>
         <input_file_ref idref="fl-4"/>
      </object_component>
      <object_component id="oc-19e">
         <name>.text:Graphics_clearDisplayOnDisplay</name>
         <load_address>0x1560</load_address>
         <run_address>0x1560</run_address>
         <size>0x1a</size>
         <input_file_ref idref="fl-15"/>
      </object_component>
      <object_component id="oc-e2">
         <name>.text:Graphics_setBackgroundColor</name>
         <load_address>0x157a</load_address>
         <run_address>0x157a</run_address>
         <size>0x1a</size>
         <input_file_ref idref="fl-14"/>
      </object_component>
      <object_component id="oc-d0">
         <name>.text:Graphics_setFont</name>
         <load_address>0x1594</load_address>
         <run_address>0x1594</run_address>
         <size>0x1a</size>
         <input_file_ref idref="fl-14"/>
      </object_component>
      <object_component id="oc-31b">
         <name>.text:EUSCI_A_SPI_enable</name>
         <load_address>0x15ae</load_address>
         <run_address>0x15ae</run_address>
         <size>0x16</size>
         <input_file_ref idref="fl-1d"/>
      </object_component>
      <object_component id="oc-321">
         <name>.text:EUSCI_B_SPI_enable</name>
         <load_address>0x15c4</load_address>
         <run_address>0x15c4</run_address>
         <size>0x16</size>
         <input_file_ref idref="fl-1d"/>
      </object_component>
      <object_component id="oc-159">
         <name>.text:Graphics_setForegroundColor</name>
         <load_address>0x15da</load_address>
         <run_address>0x15da</run_address>
         <size>0x16</size>
         <input_file_ref idref="fl-14"/>
      </object_component>
      <object_component id="oc-197">
         <name>.text:Graphics_translateColorOnDisplay</name>
         <load_address>0x15f0</load_address>
         <run_address>0x15f0</run_address>
         <size>0x16</size>
         <input_file_ref idref="fl-15"/>
      </object_component>
      <object_component id="oc-190">
         <name>.text:Timer32_disableInterrupt</name>
         <load_address>0x1606</load_address>
         <run_address>0x1606</run_address>
         <size>0x14</size>
         <input_file_ref idref="fl-1e"/>
      </object_component>
      <object_component id="oc-1a5">
         <name>.text:Timer32_haltTimer</name>
         <load_address>0x161a</load_address>
         <run_address>0x161a</run_address>
         <size>0x14</size>
         <input_file_ref idref="fl-1e"/>
      </object_component>
      <object_component id="oc-e8">
         <name>.text:Graphics_clearDisplay</name>
         <load_address>0x162e</load_address>
         <run_address>0x162e</run_address>
         <size>0x12</size>
         <input_file_ref idref="fl-14"/>
      </object_component>
      <object_component id="oc-1b7">
         <name>.text:Timer32_getValue</name>
         <load_address>0x1640</load_address>
         <run_address>0x1640</run_address>
         <size>0xe</size>
         <input_file_ref idref="fl-1e"/>
      </object_component>
      <object_component id="oc-1d">
         <name>.text:decompress:none:__TI_decompress_none</name>
         <load_address>0x164e</load_address>
         <run_address>0x164e</run_address>
         <size>0xe</size>
         <input_file_ref idref="fl-de"/>
      </object_component>
      <object_component id="oc-67">
         <name>.text:Reset_Handler</name>
         <load_address>0x165c</load_address>
         <run_address>0x165c</run_address>
         <size>0xc</size>
         <input_file_ref idref="fl-8"/>
      </object_component>
      <object_component id="oc-25c">
         <name>.text:Crystalfontz128x128_Flush</name>
         <load_address>0x1668</load_address>
         <run_address>0x1668</run_address>
         <size>0xa</size>
         <input_file_ref idref="fl-6"/>
      </object_component>
      <object_component id="oc-93">
         <name>.text:_system_pre_init</name>
         <load_address>0x1672</load_address>
         <run_address>0x1672</run_address>
         <size>0x4</size>
         <input_file_ref idref="fl-e6"/>
      </object_component>
      <object_component id="oc-102">
         <name>.text:abort:abort</name>
         <load_address>0x1676</load_address>
         <run_address>0x1676</run_address>
         <size>0x4</size>
         <input_file_ref idref="fl-e8"/>
      </object_component>
      <object_component id="oc-1c3">
         <name>.const:.string:g_pucCm24iData</name>
         <load_address>0x167c</load_address>
         <run_address>0x167c</run_address>
         <size>0xaaf</size>
         <input_file_ref idref="fl-16"/>
      </object_component>
      <object_component id="oc-26a">
         <name>.const:.string:g_pucFontFixed6x8Data</name>
         <load_address>0x212b</load_address>
         <run_address>0x212b</run_address>
         <size>0x2f8</size>
         <input_file_ref idref="fl-17"/>
      </object_component>
      <object_component id="oc-f4">
         <name>.const:g_sFontCm24i</name>
         <load_address>0x2424</load_address>
         <run_address>0x2424</run_address>
         <size>0xc8</size>
         <input_file_ref idref="fl-16"/>
      </object_component>
      <object_component id="oc-165">
         <name>.const:g_sFontFixed6x8</name>
         <load_address>0x24ec</load_address>
         <run_address>0x24ec</run_address>
         <size>0xc8</size>
         <input_file_ref idref="fl-17"/>
      </object_component>
      <object_component id="oc-2da">
         <name>.const:GPIO_PORT_TO_BASE</name>
         <load_address>0x25b4</load_address>
         <run_address>0x25b4</run_address>
         <size>0x30</size>
         <input_file_ref idref="fl-1a"/>
      </object_component>
      <object_component id="oc-162">
         <name>.const:g_sCrystalfontz128x128_funcs</name>
         <load_address>0x25e4</load_address>
         <run_address>0x25e4</run_address>
         <size>0x20</size>
         <input_file_ref idref="fl-6"/>
      </object_component>
      <object_component id="oc-2d1">
         <name>.const:$P$T0$1</name>
         <load_address>0x2604</load_address>
         <run_address>0x2604</run_address>
         <size>0x1c</size>
         <input_file_ref idref="fl-7"/>
      </object_component>
      <object_component id="oc-2f5">
         <name>.const:$P$T0$1</name>
         <load_address>0x2620</load_address>
         <run_address>0x2620</run_address>
         <size>0x8</size>
         <input_file_ref idref="fl-6"/>
      </object_component>
      <object_component id="oc-379">
         <name>.cinit..data.load</name>
         <load_address>0x2628</load_address>
         <run_address>0x2628</run_address>
         <size>0xd</size>
      </object_component>
      <object_component id="oc-377">
         <name>__TI_handler_table</name>
         <load_address>0x2638</load_address>
         <run_address>0x2638</run_address>
         <size>0xc</size>
      </object_component>
      <object_component id="oc-37a">
         <name>.cinit..bss.load</name>
         <load_address>0x2648</load_address>
         <run_address>0x2648</run_address>
         <size>0x8</size>
      </object_component>
      <object_component id="oc-378">
         <name>__TI_cinit_table</name>
         <load_address>0x2650</load_address>
         <run_address>0x2650</run_address>
         <size>0x10</size>
      </object_component>
      <object_component id="oc-34b">
         <name>.binit</name>
         <load_address>0x0</load_address>
         <run_address>0x0</run_address>
         <size>0x0</size>
      </object_component>
      <object_component id="oc-15f">
         <name>.data:g_sCrystalfontz128x128</name>
         <load_address>0x20000000</load_address>
         <run_address>0x20000000</run_address>
         <size>0x10</size>
         <input_file_ref idref="fl-6"/>
      </object_component>
      <object_component id="oc-232">
         <name>.common:Lcd_Orientation</name>
         <uninitialized>true</uninitialized>
         <run_address>0x20000018</run_address>
         <size>0x1</size>
      </object_component>
      <object_component id="oc-229">
         <name>.common:Lcd_ScreenWidth</name>
         <uninitialized>true</uninitialized>
         <run_address>0x20000012</run_address>
         <size>0x2</size>
      </object_component>
      <object_component id="oc-22c">
         <name>.common:Lcd_ScreenHeigth</name>
         <uninitialized>true</uninitialized>
         <run_address>0x20000010</run_address>
         <size>0x2</size>
      </object_component>
      <object_component id="oc-22d">
         <name>.common:Lcd_PenSolid</name>
         <uninitialized>true</uninitialized>
         <run_address>0x20000019</run_address>
         <size>0x1</size>
      </object_component>
      <object_component id="oc-22e">
         <name>.common:Lcd_FontSolid</name>
         <uninitialized>true</uninitialized>
         <run_address>0x20000017</run_address>
         <size>0x1</size>
      </object_component>
      <object_component id="oc-22f">
         <name>.common:Lcd_FlagRead</name>
         <uninitialized>true</uninitialized>
         <run_address>0x20000016</run_address>
         <size>0x1</size>
      </object_component>
      <object_component id="oc-230">
         <name>.common:Lcd_TouchTrim</name>
         <uninitialized>true</uninitialized>
         <run_address>0x20000014</run_address>
         <size>0x2</size>
      </object_component>
      <object_component id="oc-29">
         <name>.stack</name>
         <uninitialized>true</uninitialized>
         <run_address>0x2000fe00</run_address>
         <size>0x4</size>
         <input_file_ref idref="fl-e1"/>
      </object_component>
      <object_component id="oc-37c">
         <name>.stack</name>
         <uninitialized>true</uninitialized>
         <run_address>0x2000fe00</run_address>
         <size>0x0</size>
      </object_component>
      <object_component id="oc-146">
         <name>.debug_info</name>
         <load_address>0x0</load_address>
         <run_address>0x0</run_address>
         <size>0x9a4</size>
         <input_file_ref idref="fl-2"/>
      </object_component>
      <object_component id="oc-1eb">
         <name>.debug_info</name>
         <load_address>0x9a4</load_address>
         <run_address>0x9a4</run_address>
         <size>0x9a</size>
         <input_file_ref idref="fl-2"/>
      </object_component>
      <object_component id="oc-b5">
         <name>.debug_info</name>
         <load_address>0xa3e</load_address>
         <run_address>0xa3e</run_address>
         <size>0x26b</size>
         <input_file_ref idref="fl-2"/>
      </object_component>
      <object_component id="oc-1f5">
         <name>.debug_info</name>
         <load_address>0xca9</load_address>
         <run_address>0xca9</run_address>
         <size>0x1028</size>
         <input_file_ref idref="fl-2"/>
      </object_component>
      <object_component id="oc-1f0">
         <name>.debug_info</name>
         <load_address>0x1cd1</load_address>
         <run_address>0x1cd1</run_address>
         <size>0x37e2</size>
         <input_file_ref idref="fl-2"/>
      </object_component>
      <object_component id="oc-f8">
         <name>.debug_info</name>
         <load_address>0x54b3</load_address>
         <run_address>0x54b3</run_address>
         <size>0x8b</size>
         <input_file_ref idref="fl-2"/>
      </object_component>
      <object_component id="oc-141">
         <name>.debug_info</name>
         <load_address>0x553e</load_address>
         <run_address>0x553e</run_address>
         <size>0x2a4</size>
         <input_file_ref idref="fl-2"/>
      </object_component>
      <object_component id="oc-1fa">
         <name>.debug_info</name>
         <load_address>0x57e2</load_address>
         <run_address>0x57e2</run_address>
         <size>0xef</size>
         <input_file_ref idref="fl-2"/>
      </object_component>
      <object_component id="oc-1be">
         <name>.debug_info</name>
         <load_address>0x58d1</load_address>
         <run_address>0x58d1</run_address>
         <size>0xbb</size>
         <input_file_ref idref="fl-2"/>
      </object_component>
      <object_component id="oc-2d5">
         <name>.debug_info</name>
         <load_address>0x598c</load_address>
         <run_address>0x598c</run_address>
         <size>0x131</size>
         <input_file_ref idref="fl-2"/>
      </object_component>
      <object_component id="oc-32">
         <name>.debug_info</name>
         <load_address>0x5abd</load_address>
         <run_address>0x5abd</run_address>
         <size>0x84</size>
         <input_file_ref idref="fl-3"/>
      </object_component>
      <object_component id="oc-169">
         <name>.debug_info</name>
         <load_address>0x5b41</load_address>
         <run_address>0x5b41</run_address>
         <size>0xb1c</size>
         <input_file_ref idref="fl-4"/>
      </object_component>
      <object_component id="oc-cb">
         <name>.debug_info</name>
         <load_address>0x665d</load_address>
         <run_address>0x665d</run_address>
         <size>0x223</size>
         <input_file_ref idref="fl-4"/>
      </object_component>
      <object_component id="oc-dd">
         <name>.debug_info</name>
         <load_address>0x6880</load_address>
         <run_address>0x6880</run_address>
         <size>0x13e</size>
         <input_file_ref idref="fl-4"/>
      </object_component>
      <object_component id="oc-ef">
         <name>.debug_info</name>
         <load_address>0x69be</load_address>
         <run_address>0x69be</run_address>
         <size>0x19a</size>
         <input_file_ref idref="fl-4"/>
      </object_component>
      <object_component id="oc-9a">
         <name>.debug_info</name>
         <load_address>0x6b58</load_address>
         <run_address>0x6b58</run_address>
         <size>0x33b</size>
         <input_file_ref idref="fl-4"/>
      </object_component>
      <object_component id="oc-fd">
         <name>.debug_info</name>
         <load_address>0x6e93</load_address>
         <run_address>0x6e93</run_address>
         <size>0x439</size>
         <input_file_ref idref="fl-4"/>
      </object_component>
      <object_component id="oc-ac">
         <name>.debug_info</name>
         <load_address>0x72cc</load_address>
         <run_address>0x72cc</run_address>
         <size>0x133</size>
         <input_file_ref idref="fl-5"/>
      </object_component>
      <object_component id="oc-22a">
         <name>.debug_info</name>
         <load_address>0x73ff</load_address>
         <run_address>0x73ff</run_address>
         <size>0x931</size>
         <input_file_ref idref="fl-6"/>
      </object_component>
      <object_component id="oc-160">
         <name>.debug_info</name>
         <load_address>0x7d30</load_address>
         <run_address>0x7d30</run_address>
         <size>0x115</size>
         <input_file_ref idref="fl-6"/>
      </object_component>
      <object_component id="oc-163">
         <name>.debug_info</name>
         <load_address>0x7e45</load_address>
         <run_address>0x7e45</run_address>
         <size>0x121</size>
         <input_file_ref idref="fl-6"/>
      </object_component>
      <object_component id="oc-2f6">
         <name>.debug_info</name>
         <load_address>0x7f66</load_address>
         <run_address>0x7f66</run_address>
         <size>0xf6</size>
         <input_file_ref idref="fl-6"/>
      </object_component>
      <object_component id="oc-148">
         <name>.debug_info</name>
         <load_address>0x805c</load_address>
         <run_address>0x805c</run_address>
         <size>0x3e8</size>
         <input_file_ref idref="fl-6"/>
      </object_component>
      <object_component id="oc-224">
         <name>.debug_info</name>
         <load_address>0x8444</load_address>
         <run_address>0x8444</run_address>
         <size>0x2f4</size>
         <input_file_ref idref="fl-6"/>
      </object_component>
      <object_component id="oc-150">
         <name>.debug_info</name>
         <load_address>0x8738</load_address>
         <run_address>0x8738</run_address>
         <size>0x250</size>
         <input_file_ref idref="fl-6"/>
      </object_component>
      <object_component id="oc-23a">
         <name>.debug_info</name>
         <load_address>0x8988</load_address>
         <run_address>0x8988</run_address>
         <size>0x295</size>
         <input_file_ref idref="fl-6"/>
      </object_component>
      <object_component id="oc-240">
         <name>.debug_info</name>
         <load_address>0x8c1d</load_address>
         <run_address>0x8c1d</run_address>
         <size>0x3f8</size>
         <input_file_ref idref="fl-6"/>
      </object_component>
      <object_component id="oc-245">
         <name>.debug_info</name>
         <load_address>0x9015</load_address>
         <run_address>0x9015</run_address>
         <size>0x2b0</size>
         <input_file_ref idref="fl-6"/>
      </object_component>
      <object_component id="oc-24c">
         <name>.debug_info</name>
         <load_address>0x92c5</load_address>
         <run_address>0x92c5</run_address>
         <size>0x2b0</size>
         <input_file_ref idref="fl-6"/>
      </object_component>
      <object_component id="oc-252">
         <name>.debug_info</name>
         <load_address>0x9575</load_address>
         <run_address>0x9575</run_address>
         <size>0x2e1</size>
         <input_file_ref idref="fl-6"/>
      </object_component>
      <object_component id="oc-258">
         <name>.debug_info</name>
         <load_address>0x9856</load_address>
         <run_address>0x9856</run_address>
         <size>0x1fe</size>
         <input_file_ref idref="fl-6"/>
      </object_component>
      <object_component id="oc-25e">
         <name>.debug_info</name>
         <load_address>0x9a54</load_address>
         <run_address>0x9a54</run_address>
         <size>0x1b9</size>
         <input_file_ref idref="fl-6"/>
      </object_component>
      <object_component id="oc-264">
         <name>.debug_info</name>
         <load_address>0x9c0d</load_address>
         <run_address>0x9c0d</run_address>
         <size>0x229</size>
         <input_file_ref idref="fl-6"/>
      </object_component>
      <object_component id="oc-2e9">
         <name>.debug_info</name>
         <load_address>0x9e36</load_address>
         <run_address>0x9e36</run_address>
         <size>0x37e2</size>
         <input_file_ref idref="fl-6"/>
      </object_component>
      <object_component id="oc-32a">
         <name>.debug_info</name>
         <load_address>0xd618</load_address>
         <run_address>0xd618</run_address>
         <size>0x877</size>
         <input_file_ref idref="fl-7"/>
      </object_component>
      <object_component id="oc-2d2">
         <name>.debug_info</name>
         <load_address>0xde8f</load_address>
         <run_address>0xde8f</run_address>
         <size>0x109</size>
         <input_file_ref idref="fl-7"/>
      </object_component>
      <object_component id="oc-200">
         <name>.debug_info</name>
         <load_address>0xdf98</load_address>
         <run_address>0xdf98</run_address>
         <size>0x260</size>
         <input_file_ref idref="fl-7"/>
      </object_component>
      <object_component id="oc-206">
         <name>.debug_info</name>
         <load_address>0xe1f8</load_address>
         <run_address>0xe1f8</run_address>
         <size>0x229</size>
         <input_file_ref idref="fl-7"/>
      </object_component>
      <object_component id="oc-218">
         <name>.debug_info</name>
         <load_address>0xe421</load_address>
         <run_address>0xe421</run_address>
         <size>0x220</size>
         <input_file_ref idref="fl-7"/>
      </object_component>
      <object_component id="oc-21e">
         <name>.debug_info</name>
         <load_address>0xe641</load_address>
         <run_address>0xe641</run_address>
         <size>0x1d3</size>
         <input_file_ref idref="fl-7"/>
      </object_component>
      <object_component id="oc-75">
         <name>.debug_info</name>
         <load_address>0xe814</load_address>
         <run_address>0xe814</run_address>
         <size>0x2d3</size>
         <input_file_ref idref="fl-8"/>
      </object_component>
      <object_component id="oc-27">
         <name>.debug_info</name>
         <load_address>0xeae7</load_address>
         <run_address>0xeae7</run_address>
         <size>0xff</size>
         <input_file_ref idref="fl-8"/>
      </object_component>
      <object_component id="oc-68">
         <name>.debug_info</name>
         <load_address>0xebe6</load_address>
         <run_address>0xebe6</run_address>
         <size>0x162</size>
         <input_file_ref idref="fl-8"/>
      </object_component>
      <object_component id="oc-6e">
         <name>.debug_info</name>
         <load_address>0xed48</load_address>
         <run_address>0xed48</run_address>
         <size>0x14a</size>
         <input_file_ref idref="fl-8"/>
      </object_component>
      <object_component id="oc-16b">
         <name>.debug_info</name>
         <load_address>0xee92</load_address>
         <run_address>0xee92</run_address>
         <size>0x561</size>
         <input_file_ref idref="fl-14"/>
      </object_component>
      <object_component id="oc-154">
         <name>.debug_info</name>
         <load_address>0xf3f3</load_address>
         <run_address>0xf3f3</run_address>
         <size>0x1ef</size>
         <input_file_ref idref="fl-14"/>
      </object_component>
      <object_component id="oc-e3">
         <name>.debug_info</name>
         <load_address>0xf5e2</load_address>
         <run_address>0xf5e2</run_address>
         <size>0x203</size>
         <input_file_ref idref="fl-14"/>
      </object_component>
      <object_component id="oc-d1">
         <name>.debug_info</name>
         <load_address>0xf7e5</load_address>
         <run_address>0xf7e5</run_address>
         <size>0x1d0</size>
         <input_file_ref idref="fl-14"/>
      </object_component>
      <object_component id="oc-15b">
         <name>.debug_info</name>
         <load_address>0xf9b5</load_address>
         <run_address>0xf9b5</run_address>
         <size>0x1f6</size>
         <input_file_ref idref="fl-14"/>
      </object_component>
      <object_component id="oc-ea">
         <name>.debug_info</name>
         <load_address>0xfbab</load_address>
         <run_address>0xfbab</run_address>
         <size>0x1c3</size>
         <input_file_ref idref="fl-14"/>
      </object_component>
      <object_component id="oc-274">
         <name>.debug_info</name>
         <load_address>0xfd6e</load_address>
         <run_address>0xfd6e</run_address>
         <size>0x26b</size>
         <input_file_ref idref="fl-14"/>
      </object_component>
      <object_component id="oc-185">
         <name>.debug_info</name>
         <load_address>0xffd9</load_address>
         <run_address>0xffd9</run_address>
         <size>0x439</size>
         <input_file_ref idref="fl-14"/>
      </object_component>
      <object_component id="oc-286">
         <name>.debug_info</name>
         <load_address>0x10412</load_address>
         <run_address>0x10412</run_address>
         <size>0x297</size>
         <input_file_ref idref="fl-14"/>
      </object_component>
      <object_component id="oc-2de">
         <name>.debug_info</name>
         <load_address>0x106a9</load_address>
         <run_address>0x106a9</run_address>
         <size>0xef</size>
         <input_file_ref idref="fl-14"/>
      </object_component>
      <object_component id="oc-180">
         <name>.debug_info</name>
         <load_address>0x10798</load_address>
         <run_address>0x10798</run_address>
         <size>0xbb</size>
         <input_file_ref idref="fl-14"/>
      </object_component>
      <object_component id="oc-283">
         <name>.debug_info</name>
         <load_address>0x10853</load_address>
         <run_address>0x10853</run_address>
         <size>0x3fb</size>
         <input_file_ref idref="fl-15"/>
      </object_component>
      <object_component id="oc-179">
         <name>.debug_info</name>
         <load_address>0x10c4e</load_address>
         <run_address>0x10c4e</run_address>
         <size>0x203</size>
         <input_file_ref idref="fl-15"/>
      </object_component>
      <object_component id="oc-27b">
         <name>.debug_info</name>
         <load_address>0x10e51</load_address>
         <run_address>0x10e51</run_address>
         <size>0x221</size>
         <input_file_ref idref="fl-15"/>
      </object_component>
      <object_component id="oc-19a">
         <name>.debug_info</name>
         <load_address>0x11072</load_address>
         <run_address>0x11072</run_address>
         <size>0x1e3</size>
         <input_file_ref idref="fl-15"/>
      </object_component>
      <object_component id="oc-1a0">
         <name>.debug_info</name>
         <load_address>0x11255</load_address>
         <run_address>0x11255</run_address>
         <size>0x1db</size>
         <input_file_ref idref="fl-15"/>
      </object_component>
      <object_component id="oc-1c8">
         <name>.debug_info</name>
         <load_address>0x11430</load_address>
         <run_address>0x11430</run_address>
         <size>0x279</size>
         <input_file_ref idref="fl-16"/>
      </object_component>
      <object_component id="oc-1c4">
         <name>.debug_info</name>
         <load_address>0x116a9</load_address>
         <run_address>0x116a9</run_address>
         <size>0x129</size>
         <input_file_ref idref="fl-16"/>
      </object_component>
      <object_component id="oc-f5">
         <name>.debug_info</name>
         <load_address>0x117d2</load_address>
         <run_address>0x117d2</run_address>
         <size>0x127</size>
         <input_file_ref idref="fl-16"/>
      </object_component>
      <object_component id="oc-26f">
         <name>.debug_info</name>
         <load_address>0x118f9</load_address>
         <run_address>0x118f9</run_address>
         <size>0x27c</size>
         <input_file_ref idref="fl-17"/>
      </object_component>
      <object_component id="oc-26b">
         <name>.debug_info</name>
         <load_address>0x11b75</load_address>
         <run_address>0x11b75</run_address>
         <size>0x13a</size>
         <input_file_ref idref="fl-17"/>
      </object_component>
      <object_component id="oc-166">
         <name>.debug_info</name>
         <load_address>0x11caf</load_address>
         <run_address>0x11caf</run_address>
         <size>0x12f</size>
         <input_file_ref idref="fl-17"/>
      </object_component>
      <object_component id="oc-17f">
         <name>.debug_info</name>
         <load_address>0x11dde</load_address>
         <run_address>0x11dde</run_address>
         <size>0x4ba</size>
         <input_file_ref idref="fl-18"/>
      </object_component>
      <object_component id="oc-16d">
         <name>.debug_info</name>
         <load_address>0x12298</load_address>
         <run_address>0x12298</run_address>
         <size>0x1c5</size>
         <input_file_ref idref="fl-18"/>
      </object_component>
      <object_component id="oc-d7">
         <name>.debug_info</name>
         <load_address>0x1245d</load_address>
         <run_address>0x1245d</run_address>
         <size>0x42a</size>
         <input_file_ref idref="fl-18"/>
      </object_component>
      <object_component id="oc-281">
         <name>.debug_info</name>
         <load_address>0x12887</load_address>
         <run_address>0x12887</run_address>
         <size>0x53b</size>
         <input_file_ref idref="fl-19"/>
      </object_component>
      <object_component id="oc-175">
         <name>.debug_info</name>
         <load_address>0x12dc2</load_address>
         <run_address>0x12dc2</run_address>
         <size>0x216</size>
         <input_file_ref idref="fl-19"/>
      </object_component>
      <object_component id="oc-32d">
         <name>.debug_info</name>
         <load_address>0x12fd8</load_address>
         <run_address>0x12fd8</run_address>
         <size>0x701</size>
         <input_file_ref idref="fl-1a"/>
      </object_component>
      <object_component id="oc-2db">
         <name>.debug_info</name>
         <load_address>0x136d9</load_address>
         <run_address>0x136d9</run_address>
         <size>0x135</size>
         <input_file_ref idref="fl-1a"/>
      </object_component>
      <object_component id="oc-2c2">
         <name>.debug_info</name>
         <load_address>0x1380e</load_address>
         <run_address>0x1380e</run_address>
         <size>0x252</size>
         <input_file_ref idref="fl-1a"/>
      </object_component>
      <object_component id="oc-2bc">
         <name>.debug_info</name>
         <load_address>0x13a60</load_address>
         <run_address>0x13a60</run_address>
         <size>0x2a5</size>
         <input_file_ref idref="fl-1a"/>
      </object_component>
      <object_component id="oc-214">
         <name>.debug_info</name>
         <load_address>0x13d05</load_address>
         <run_address>0x13d05</run_address>
         <size>0x25a</size>
         <input_file_ref idref="fl-1a"/>
      </object_component>
      <object_component id="oc-20e">
         <name>.debug_info</name>
         <load_address>0x13f5f</load_address>
         <run_address>0x13f5f</run_address>
         <size>0x258</size>
         <input_file_ref idref="fl-1a"/>
      </object_component>
      <object_component id="oc-338">
         <name>.debug_info</name>
         <load_address>0x141b7</load_address>
         <run_address>0x141b7</run_address>
         <size>0x1028</size>
         <input_file_ref idref="fl-1a"/>
      </object_component>
      <object_component id="oc-333">
         <name>.debug_info</name>
         <load_address>0x151df</load_address>
         <run_address>0x151df</run_address>
         <size>0x431a</size>
         <input_file_ref idref="fl-1a"/>
      </object_component>
      <object_component id="oc-31a">
         <name>.debug_info</name>
         <load_address>0x194f9</load_address>
         <run_address>0x194f9</run_address>
         <size>0x6f5</size>
         <input_file_ref idref="fl-1d"/>
      </object_component>
      <object_component id="oc-315">
         <name>.debug_info</name>
         <load_address>0x19bee</load_address>
         <run_address>0x19bee</run_address>
         <size>0x1c7</size>
         <input_file_ref idref="fl-1d"/>
      </object_component>
      <object_component id="oc-2c7">
         <name>.debug_info</name>
         <load_address>0x19db5</load_address>
         <run_address>0x19db5</run_address>
         <size>0x22b</size>
         <input_file_ref idref="fl-1d"/>
      </object_component>
      <object_component id="oc-2cd">
         <name>.debug_info</name>
         <load_address>0x19fe0</load_address>
         <run_address>0x19fe0</run_address>
         <size>0x235</size>
         <input_file_ref idref="fl-1d"/>
      </object_component>
      <object_component id="oc-322">
         <name>.debug_info</name>
         <load_address>0x1a215</load_address>
         <run_address>0x1a215</run_address>
         <size>0x1e9</size>
         <input_file_ref idref="fl-1d"/>
      </object_component>
      <object_component id="oc-31c">
         <name>.debug_info</name>
         <load_address>0x1a3fe</load_address>
         <run_address>0x1a3fe</run_address>
         <size>0x1e9</size>
         <input_file_ref idref="fl-1d"/>
      </object_component>
      <object_component id="oc-33d">
         <name>.debug_info</name>
         <load_address>0x1a5e7</load_address>
         <run_address>0x1a5e7</run_address>
         <size>0x131</size>
         <input_file_ref idref="fl-1d"/>
      </object_component>
      <object_component id="oc-18b">
         <name>.debug_info</name>
         <load_address>0x1a718</load_address>
         <run_address>0x1a718</run_address>
         <size>0x26f</size>
         <input_file_ref idref="fl-1e"/>
      </object_component>
      <object_component id="oc-1ad">
         <name>.debug_info</name>
         <load_address>0x1a987</load_address>
         <run_address>0x1a987</run_address>
         <size>0x1fd</size>
         <input_file_ref idref="fl-1e"/>
      </object_component>
      <object_component id="oc-1b8">
         <name>.debug_info</name>
         <load_address>0x1ab84</load_address>
         <run_address>0x1ab84</run_address>
         <size>0x1da</size>
         <input_file_ref idref="fl-1e"/>
      </object_component>
      <object_component id="oc-1b3">
         <name>.debug_info</name>
         <load_address>0x1ad5e</load_address>
         <run_address>0x1ad5e</run_address>
         <size>0x209</size>
         <input_file_ref idref="fl-1e"/>
      </object_component>
      <object_component id="oc-1a6">
         <name>.debug_info</name>
         <load_address>0x1af67</load_address>
         <run_address>0x1af67</run_address>
         <size>0x1d8</size>
         <input_file_ref idref="fl-1e"/>
      </object_component>
      <object_component id="oc-193">
         <name>.debug_info</name>
         <load_address>0x1b13f</load_address>
         <run_address>0x1b13f</run_address>
         <size>0x1e6</size>
         <input_file_ref idref="fl-1e"/>
      </object_component>
      <object_component id="oc-8c">
         <name>.debug_info</name>
         <load_address>0x1b325</load_address>
         <run_address>0x1b325</run_address>
         <size>0x2d4</size>
         <input_file_ref idref="fl-dd"/>
      </object_component>
      <object_component id="oc-45">
         <name>.debug_info</name>
         <load_address>0x1b5f9</load_address>
         <run_address>0x1b5f9</run_address>
         <size>0x1d2</size>
         <input_file_ref idref="fl-dd"/>
      </object_component>
      <object_component id="oc-87">
         <name>.debug_info</name>
         <load_address>0x1b7cb</load_address>
         <run_address>0x1b7cb</run_address>
         <size>0x46</size>
         <input_file_ref idref="fl-dd"/>
      </object_component>
      <object_component id="oc-c1">
         <name>.debug_info</name>
         <load_address>0x1b811</load_address>
         <run_address>0x1b811</run_address>
         <size>0x2c</size>
         <input_file_ref idref="fl-dd"/>
      </object_component>
      <object_component id="oc-42">
         <name>.debug_info</name>
         <load_address>0x1b83d</load_address>
         <run_address>0x1b83d</run_address>
         <size>0x2a8</size>
         <input_file_ref idref="fl-de"/>
      </object_component>
      <object_component id="oc-20">
         <name>.debug_info</name>
         <load_address>0x1bae5</load_address>
         <run_address>0x1bae5</run_address>
         <size>0x1ea</size>
         <input_file_ref idref="fl-de"/>
      </object_component>
      <object_component id="oc-3d">
         <name>.debug_info</name>
         <load_address>0x1bccf</load_address>
         <run_address>0x1bccf</run_address>
         <size>0x46</size>
         <input_file_ref idref="fl-de"/>
      </object_component>
      <object_component id="oc-7f">
         <name>.debug_info</name>
         <load_address>0x1bd15</load_address>
         <run_address>0x1bd15</run_address>
         <size>0x2c</size>
         <input_file_ref idref="fl-de"/>
      </object_component>
      <object_component id="oc-7d">
         <name>.debug_info</name>
         <load_address>0x1bd41</load_address>
         <run_address>0x1bd41</run_address>
         <size>0x29e</size>
         <input_file_ref idref="fl-df"/>
      </object_component>
      <object_component id="oc-19">
         <name>.debug_info</name>
         <load_address>0x1bfdf</load_address>
         <run_address>0x1bfdf</run_address>
         <size>0x250</size>
         <input_file_ref idref="fl-df"/>
      </object_component>
      <object_component id="oc-2d">
         <name>.debug_info</name>
         <load_address>0x1c22f</load_address>
         <run_address>0x1c22f</run_address>
         <size>0x60</size>
         <input_file_ref idref="fl-df"/>
      </object_component>
      <object_component id="oc-ba">
         <name>.debug_info</name>
         <load_address>0x1c28f</load_address>
         <run_address>0x1c28f</run_address>
         <size>0x46</size>
         <input_file_ref idref="fl-df"/>
      </object_component>
      <object_component id="oc-78">
         <name>.debug_info</name>
         <load_address>0x1c2d5</load_address>
         <run_address>0x1c2d5</run_address>
         <size>0x39</size>
         <input_file_ref idref="fl-df"/>
      </object_component>
      <object_component id="oc-2a">
         <name>.debug_info</name>
         <load_address>0x1c30e</load_address>
         <run_address>0x1c30e</run_address>
         <size>0x10b</size>
         <input_file_ref idref="fl-e1"/>
      </object_component>
      <object_component id="oc-57">
         <name>.debug_info</name>
         <load_address>0x1c419</load_address>
         <run_address>0x1c419</run_address>
         <size>0x1a9</size>
         <input_file_ref idref="fl-e1"/>
      </object_component>
      <object_component id="oc-38">
         <name>.debug_info</name>
         <load_address>0x1c5c2</load_address>
         <run_address>0x1c5c2</run_address>
         <size>0x119</size>
         <input_file_ref idref="fl-e4"/>
      </object_component>
      <object_component id="oc-1d4">
         <name>.debug_info</name>
         <load_address>0x1c6db</load_address>
         <run_address>0x1c6db</run_address>
         <size>0x4b3</size>
         <input_file_ref idref="fl-e5"/>
      </object_component>
      <object_component id="oc-10f">
         <name>.debug_info</name>
         <load_address>0x1cb8e</load_address>
         <run_address>0x1cb8e</run_address>
         <size>0x1a6</size>
         <input_file_ref idref="fl-e5"/>
      </object_component>
      <object_component id="oc-2a7">
         <name>.debug_info</name>
         <load_address>0x1cd34</load_address>
         <run_address>0x1cd34</run_address>
         <size>0x39</size>
         <input_file_ref idref="fl-e5"/>
      </object_component>
      <object_component id="oc-305">
         <name>.debug_info</name>
         <load_address>0x1cd6d</load_address>
         <run_address>0x1cd6d</run_address>
         <size>0x39</size>
         <input_file_ref idref="fl-e5"/>
      </object_component>
      <object_component id="oc-2ac">
         <name>.debug_info</name>
         <load_address>0x1cda6</load_address>
         <run_address>0x1cda6</run_address>
         <size>0x39</size>
         <input_file_ref idref="fl-e5"/>
      </object_component>
      <object_component id="oc-2b1">
         <name>.debug_info</name>
         <load_address>0x1cddf</load_address>
         <run_address>0x1cddf</run_address>
         <size>0xcd</size>
         <input_file_ref idref="fl-e5"/>
      </object_component>
      <object_component id="oc-96">
         <name>.debug_info</name>
         <load_address>0x1ceac</load_address>
         <run_address>0x1ceac</run_address>
         <size>0x153</size>
         <input_file_ref idref="fl-e6"/>
      </object_component>
      <object_component id="oc-104">
         <name>.debug_info</name>
         <load_address>0x1cfff</load_address>
         <run_address>0x1cfff</run_address>
         <size>0x122</size>
         <input_file_ref idref="fl-e8"/>
      </object_component>
      <object_component id="oc-37d">
         <name>.debug_info</name>
         <load_address>0x1d121</load_address>
         <run_address>0x1d121</run_address>
         <size>0xa7</size>
      </object_component>
      <object_component id="oc-1ea">
         <name>.debug_line</name>
         <load_address>0x0</load_address>
         <run_address>0x0</run_address>
         <size>0xd3</size>
         <input_file_ref idref="fl-2"/>
      </object_component>
      <object_component id="oc-1ee">
         <name>.debug_line</name>
         <load_address>0xd3</load_address>
         <run_address>0xd3</run_address>
         <size>0x79</size>
         <input_file_ref idref="fl-2"/>
      </object_component>
      <object_component id="oc-b8">
         <name>.debug_line</name>
         <load_address>0x14c</load_address>
         <run_address>0x14c</run_address>
         <size>0x6f</size>
         <input_file_ref idref="fl-2"/>
      </object_component>
      <object_component id="oc-1f8">
         <name>.debug_line</name>
         <load_address>0x1bb</load_address>
         <run_address>0x1bb</run_address>
         <size>0x78</size>
         <input_file_ref idref="fl-2"/>
      </object_component>
      <object_component id="oc-1f3">
         <name>.debug_line</name>
         <load_address>0x233</load_address>
         <run_address>0x233</run_address>
         <size>0x7b</size>
         <input_file_ref idref="fl-2"/>
      </object_component>
      <object_component id="oc-fb">
         <name>.debug_line</name>
         <load_address>0x2ae</load_address>
         <run_address>0x2ae</run_address>
         <size>0x20</size>
         <input_file_ref idref="fl-2"/>
      </object_component>
      <object_component id="oc-144">
         <name>.debug_line</name>
         <load_address>0x2ce</load_address>
         <run_address>0x2ce</run_address>
         <size>0x73</size>
         <input_file_ref idref="fl-2"/>
      </object_component>
      <object_component id="oc-1fd">
         <name>.debug_line</name>
         <load_address>0x341</load_address>
         <run_address>0x341</run_address>
         <size>0x6f</size>
         <input_file_ref idref="fl-2"/>
      </object_component>
      <object_component id="oc-1c1">
         <name>.debug_line</name>
         <load_address>0x3b0</load_address>
         <run_address>0x3b0</run_address>
         <size>0x70</size>
         <input_file_ref idref="fl-2"/>
      </object_component>
      <object_component id="oc-2d8">
         <name>.debug_line</name>
         <load_address>0x420</load_address>
         <run_address>0x420</run_address>
         <size>0x79</size>
         <input_file_ref idref="fl-2"/>
      </object_component>
      <object_component id="oc-35">
         <name>.debug_line</name>
         <load_address>0x499</load_address>
         <run_address>0x499</run_address>
         <size>0x20</size>
         <input_file_ref idref="fl-3"/>
      </object_component>
      <object_component id="oc-271">
         <name>.debug_line</name>
         <load_address>0x4b9</load_address>
         <run_address>0x4b9</run_address>
         <size>0xee</size>
         <input_file_ref idref="fl-4"/>
      </object_component>
      <object_component id="oc-ce">
         <name>.debug_line</name>
         <load_address>0x5a7</load_address>
         <run_address>0x5a7</run_address>
         <size>0x4a</size>
         <input_file_ref idref="fl-4"/>
      </object_component>
      <object_component id="oc-e0">
         <name>.debug_line</name>
         <load_address>0x5f1</load_address>
         <run_address>0x5f1</run_address>
         <size>0x46</size>
         <input_file_ref idref="fl-4"/>
      </object_component>
      <object_component id="oc-f2">
         <name>.debug_line</name>
         <load_address>0x637</load_address>
         <run_address>0x637</run_address>
         <size>0x4b</size>
         <input_file_ref idref="fl-4"/>
      </object_component>
      <object_component id="oc-9d">
         <name>.debug_line</name>
         <load_address>0x682</load_address>
         <run_address>0x682</run_address>
         <size>0x90</size>
         <input_file_ref idref="fl-4"/>
      </object_component>
      <object_component id="oc-100">
         <name>.debug_line</name>
         <load_address>0x712</load_address>
         <run_address>0x712</run_address>
         <size>0x64</size>
         <input_file_ref idref="fl-4"/>
      </object_component>
      <object_component id="oc-af">
         <name>.debug_line</name>
         <load_address>0x776</load_address>
         <run_address>0x776</run_address>
         <size>0x66</size>
         <input_file_ref idref="fl-5"/>
      </object_component>
      <object_component id="oc-2e8">
         <name>.debug_line</name>
         <load_address>0x7dc</load_address>
         <run_address>0x7dc</run_address>
         <size>0xe8</size>
         <input_file_ref idref="fl-6"/>
      </object_component>
      <object_component id="oc-237">
         <name>.debug_line</name>
         <load_address>0x8c4</load_address>
         <run_address>0x8c4</run_address>
         <size>0x4d</size>
         <input_file_ref idref="fl-6"/>
      </object_component>
      <object_component id="oc-269">
         <name>.debug_line</name>
         <load_address>0x911</load_address>
         <run_address>0x911</run_address>
         <size>0x4d</size>
         <input_file_ref idref="fl-6"/>
      </object_component>
      <object_component id="oc-32f">
         <name>.debug_line</name>
         <load_address>0x95e</load_address>
         <run_address>0x95e</run_address>
         <size>0x4d</size>
         <input_file_ref idref="fl-6"/>
      </object_component>
      <object_component id="oc-14c">
         <name>.debug_line</name>
         <load_address>0x9ab</load_address>
         <run_address>0x9ab</run_address>
         <size>0x95</size>
         <input_file_ref idref="fl-6"/>
      </object_component>
      <object_component id="oc-227">
         <name>.debug_line</name>
         <load_address>0xa40</load_address>
         <run_address>0xa40</run_address>
         <size>0x8e</size>
         <input_file_ref idref="fl-6"/>
      </object_component>
      <object_component id="oc-14e">
         <name>.debug_line</name>
         <load_address>0xace</load_address>
         <run_address>0xace</run_address>
         <size>0x71</size>
         <input_file_ref idref="fl-6"/>
      </object_component>
      <object_component id="oc-23d">
         <name>.debug_line</name>
         <load_address>0xb3f</load_address>
         <run_address>0xb3f</run_address>
         <size>0x68</size>
         <input_file_ref idref="fl-6"/>
      </object_component>
      <object_component id="oc-23f">
         <name>.debug_line</name>
         <load_address>0xba7</load_address>
         <run_address>0xba7</run_address>
         <size>0x103</size>
         <input_file_ref idref="fl-6"/>
      </object_component>
      <object_component id="oc-248">
         <name>.debug_line</name>
         <load_address>0xcaa</load_address>
         <run_address>0xcaa</run_address>
         <size>0x73</size>
         <input_file_ref idref="fl-6"/>
      </object_component>
      <object_component id="oc-24b">
         <name>.debug_line</name>
         <load_address>0xd1d</load_address>
         <run_address>0xd1d</run_address>
         <size>0x73</size>
         <input_file_ref idref="fl-6"/>
      </object_component>
      <object_component id="oc-251">
         <name>.debug_line</name>
         <load_address>0xd90</load_address>
         <run_address>0xd90</run_address>
         <size>0x7e</size>
         <input_file_ref idref="fl-6"/>
      </object_component>
      <object_component id="oc-257">
         <name>.debug_line</name>
         <load_address>0xe0e</load_address>
         <run_address>0xe0e</run_address>
         <size>0x65</size>
         <input_file_ref idref="fl-6"/>
      </object_component>
      <object_component id="oc-25d">
         <name>.debug_line</name>
         <load_address>0xe73</load_address>
         <run_address>0xe73</run_address>
         <size>0x60</size>
         <input_file_ref idref="fl-6"/>
      </object_component>
      <object_component id="oc-263">
         <name>.debug_line</name>
         <load_address>0xed3</load_address>
         <run_address>0xed3</run_address>
         <size>0x68</size>
         <input_file_ref idref="fl-6"/>
      </object_component>
      <object_component id="oc-2ec">
         <name>.debug_line</name>
         <load_address>0xf3b</load_address>
         <run_address>0xf3b</run_address>
         <size>0x7b</size>
         <input_file_ref idref="fl-6"/>
      </object_component>
      <object_component id="oc-345">
         <name>.debug_line</name>
         <load_address>0xfb6</load_address>
         <run_address>0xfb6</run_address>
         <size>0xd3</size>
         <input_file_ref idref="fl-7"/>
      </object_component>
      <object_component id="oc-329">
         <name>.debug_line</name>
         <load_address>0x1089</load_address>
         <run_address>0x1089</run_address>
         <size>0x61</size>
         <input_file_ref idref="fl-7"/>
      </object_component>
      <object_component id="oc-203">
         <name>.debug_line</name>
         <load_address>0x10ea</load_address>
         <run_address>0x10ea</run_address>
         <size>0x7c</size>
         <input_file_ref idref="fl-7"/>
      </object_component>
      <object_component id="oc-20a">
         <name>.debug_line</name>
         <load_address>0x1166</load_address>
         <run_address>0x1166</run_address>
         <size>0x7e</size>
         <input_file_ref idref="fl-7"/>
      </object_component>
      <object_component id="oc-21b">
         <name>.debug_line</name>
         <load_address>0x11e4</load_address>
         <run_address>0x11e4</run_address>
         <size>0x7d</size>
         <input_file_ref idref="fl-7"/>
      </object_component>
      <object_component id="oc-222">
         <name>.debug_line</name>
         <load_address>0x1261</load_address>
         <run_address>0x1261</run_address>
         <size>0x7b</size>
         <input_file_ref idref="fl-7"/>
      </object_component>
      <object_component id="oc-b4">
         <name>.debug_line</name>
         <load_address>0x12dc</load_address>
         <run_address>0x12dc</run_address>
         <size>0x44</size>
         <input_file_ref idref="fl-8"/>
      </object_component>
      <object_component id="oc-74">
         <name>.debug_line</name>
         <load_address>0x1320</load_address>
         <run_address>0x1320</run_address>
         <size>0x44</size>
         <input_file_ref idref="fl-8"/>
      </object_component>
      <object_component id="oc-6c">
         <name>.debug_line</name>
         <load_address>0x1364</load_address>
         <run_address>0x1364</run_address>
         <size>0x5d</size>
         <input_file_ref idref="fl-8"/>
      </object_component>
      <object_component id="oc-71">
         <name>.debug_line</name>
         <load_address>0x13c1</load_address>
         <run_address>0x13c1</run_address>
         <size>0x59</size>
         <input_file_ref idref="fl-8"/>
      </object_component>
      <object_component id="oc-273">
         <name>.debug_line</name>
         <load_address>0x141a</load_address>
         <run_address>0x141a</run_address>
         <size>0x8a</size>
         <input_file_ref idref="fl-14"/>
      </object_component>
      <object_component id="oc-158">
         <name>.debug_line</name>
         <load_address>0x14a4</load_address>
         <run_address>0x14a4</run_address>
         <size>0x58</size>
         <input_file_ref idref="fl-14"/>
      </object_component>
      <object_component id="oc-e6">
         <name>.debug_line</name>
         <load_address>0x14fc</load_address>
         <run_address>0x14fc</run_address>
         <size>0x51</size>
         <input_file_ref idref="fl-14"/>
      </object_component>
      <object_component id="oc-d4">
         <name>.debug_line</name>
         <load_address>0x154d</load_address>
         <run_address>0x154d</run_address>
         <size>0x54</size>
         <input_file_ref idref="fl-14"/>
      </object_component>
      <object_component id="oc-15a">
         <name>.debug_line</name>
         <load_address>0x15a1</load_address>
         <run_address>0x15a1</run_address>
         <size>0x4e</size>
         <input_file_ref idref="fl-14"/>
      </object_component>
      <object_component id="oc-e9">
         <name>.debug_line</name>
         <load_address>0x15ef</load_address>
         <run_address>0x15ef</run_address>
         <size>0x4e</size>
         <input_file_ref idref="fl-14"/>
      </object_component>
      <object_component id="oc-277">
         <name>.debug_line</name>
         <load_address>0x163d</load_address>
         <run_address>0x163d</run_address>
         <size>0x5d</size>
         <input_file_ref idref="fl-14"/>
      </object_component>
      <object_component id="oc-188">
         <name>.debug_line</name>
         <load_address>0x169a</load_address>
         <run_address>0x169a</run_address>
         <size>0x8a</size>
         <input_file_ref idref="fl-14"/>
      </object_component>
      <object_component id="oc-289">
         <name>.debug_line</name>
         <load_address>0x1724</load_address>
         <run_address>0x1724</run_address>
         <size>0x61</size>
         <input_file_ref idref="fl-14"/>
      </object_component>
      <object_component id="oc-2e1">
         <name>.debug_line</name>
         <load_address>0x1785</load_address>
         <run_address>0x1785</run_address>
         <size>0x5d</size>
         <input_file_ref idref="fl-14"/>
      </object_component>
      <object_component id="oc-183">
         <name>.debug_line</name>
         <load_address>0x17e2</load_address>
         <run_address>0x17e2</run_address>
         <size>0x5e</size>
         <input_file_ref idref="fl-14"/>
      </object_component>
      <object_component id="oc-301">
         <name>.debug_line</name>
         <load_address>0x1840</load_address>
         <run_address>0x1840</run_address>
         <size>0x20</size>
         <input_file_ref idref="fl-15"/>
      </object_component>
      <object_component id="oc-17d">
         <name>.debug_line</name>
         <load_address>0x1860</load_address>
         <run_address>0x1860</run_address>
         <size>0x4d</size>
         <input_file_ref idref="fl-15"/>
      </object_component>
      <object_component id="oc-27f">
         <name>.debug_line</name>
         <load_address>0x18ad</load_address>
         <run_address>0x18ad</run_address>
         <size>0x4e</size>
         <input_file_ref idref="fl-15"/>
      </object_component>
      <object_component id="oc-199">
         <name>.debug_line</name>
         <load_address>0x18fb</load_address>
         <run_address>0x18fb</run_address>
         <size>0x4e</size>
         <input_file_ref idref="fl-15"/>
      </object_component>
      <object_component id="oc-19f">
         <name>.debug_line</name>
         <load_address>0x1949</load_address>
         <run_address>0x1949</run_address>
         <size>0x4e</size>
         <input_file_ref idref="fl-15"/>
      </object_component>
      <object_component id="oc-296">
         <name>.debug_line</name>
         <load_address>0x1997</load_address>
         <run_address>0x1997</run_address>
         <size>0x20</size>
         <input_file_ref idref="fl-16"/>
      </object_component>
      <object_component id="oc-294">
         <name>.debug_line</name>
         <load_address>0x19b7</load_address>
         <run_address>0x19b7</run_address>
         <size>0x3e</size>
         <input_file_ref idref="fl-16"/>
      </object_component>
      <object_component id="oc-1c7">
         <name>.debug_line</name>
         <load_address>0x19f5</load_address>
         <run_address>0x19f5</run_address>
         <size>0x3e</size>
         <input_file_ref idref="fl-16"/>
      </object_component>
      <object_component id="oc-2fc">
         <name>.debug_line</name>
         <load_address>0x1a33</load_address>
         <run_address>0x1a33</run_address>
         <size>0x20</size>
         <input_file_ref idref="fl-17"/>
      </object_component>
      <object_component id="oc-2fa">
         <name>.debug_line</name>
         <load_address>0x1a53</load_address>
         <run_address>0x1a53</run_address>
         <size>0x41</size>
         <input_file_ref idref="fl-17"/>
      </object_component>
      <object_component id="oc-26e">
         <name>.debug_line</name>
         <load_address>0x1a94</load_address>
         <run_address>0x1a94</run_address>
         <size>0x41</size>
         <input_file_ref idref="fl-17"/>
      </object_component>
      <object_component id="oc-285">
         <name>.debug_line</name>
         <load_address>0x1ad5</load_address>
         <run_address>0x1ad5</run_address>
         <size>0x8a</size>
         <input_file_ref idref="fl-18"/>
      </object_component>
      <object_component id="oc-170">
         <name>.debug_line</name>
         <load_address>0x1b5f</load_address>
         <run_address>0x1b5f</run_address>
         <size>0x68</size>
         <input_file_ref idref="fl-18"/>
      </object_component>
      <object_component id="oc-da">
         <name>.debug_line</name>
         <load_address>0x1bc7</load_address>
         <run_address>0x1bc7</run_address>
         <size>0x20b</size>
         <input_file_ref idref="fl-18"/>
      </object_component>
      <object_component id="oc-2ff">
         <name>.debug_line</name>
         <load_address>0x1dd2</load_address>
         <run_address>0x1dd2</run_address>
         <size>0x8a</size>
         <input_file_ref idref="fl-19"/>
      </object_component>
      <object_component id="oc-173">
         <name>.debug_line</name>
         <load_address>0x1e5c</load_address>
         <run_address>0x1e5c</run_address>
         <size>0x61</size>
         <input_file_ref idref="fl-19"/>
      </object_component>
      <object_component id="oc-347">
         <name>.debug_line</name>
         <load_address>0x1ebd</load_address>
         <run_address>0x1ebd</run_address>
         <size>0x56</size>
         <input_file_ref idref="fl-1a"/>
      </object_component>
      <object_component id="oc-32c">
         <name>.debug_line</name>
         <load_address>0x1f13</load_address>
         <run_address>0x1f13</run_address>
         <size>0x51</size>
         <input_file_ref idref="fl-1a"/>
      </object_component>
      <object_component id="oc-2bf">
         <name>.debug_line</name>
         <load_address>0x1f64</load_address>
         <run_address>0x1f64</run_address>
         <size>0x6e</size>
         <input_file_ref idref="fl-1a"/>
[...]
         <usage_details>
            <allocated_space>
               <start_address>0x20000000</start_address>
               <size>0x0</size>
               <logical_group_ref idref="lg-34a"/>
            </allocated_space>
            <allocated_space>
               <start_address>0x20000000</start_address>
               <size>0x10</size>
               <logical_group_ref idref="lg-e"/>
            </allocated_space>
            <allocated_space>
               <start_address>0x20000010</start_address>
               <size>0xa</size>
               <logical_group_ref idref="lg-f"/>
            </allocated_space>
            <available_space>
               <start_address>0x2000001a</start_address>
               <size>0xfde6</size>
            </available_space>
            <allocated_space>
               <start_address>0x2000fe00</start_address>
               <size>0x200</size>
               <logical_group_ref idref="lg-11"/>
            </allocated_space>
         </usage_details>
      </memory_area>
   </placement_map>
   <cptbl_list>
      <cptbl>
         <name>__TI_cinit_table</name>
         <cprec>
            <name>.data</name>
            <load_address>0x2628</load_address>
            <load_size>0xd</load_size>
            <run_address>0x20000000</run_address>
            <run_size>0x10</run_size>
            <compression>lzss</compression>
         </cprec>
         <cprec>
            <name>.bss</name>
            <load_address>0x2648</load_address>
            <load_size>0x8</load_size>
            <run_address>0x20000010</run_address>
            <run_size>0xa</run_size>
            <compression>zero_init</compression>
         </cprec>
      </cptbl>
   </cptbl_list>
   <handler_table>
      <handler_table_name>__TI_handler_table</handler_table_name>
      <handler>
         <index>0x0</index>
         <name>__TI_decompress_lzss</name>
      </handler>
      <handler>
         <index>0x1</index>
         <name>__TI_decompress_none</name>
      </handler>
      <handler>
         <index>0x2</index>
         <name>__TI_zero_init</name>
      </handler>
   </handler_table>
   <symbol_table>
      <symbol id="sm-1">
         <name>WDTCTL_SYM</name>
         <value>0x4000480c</value>
      </symbol>
      <symbol id="sm-2">
         <name>__start___llvm_prf_cnts</name>
         <value>0x20000000</value>
      </symbol>
      <symbol id="sm-3">
         <name>__stop___llvm_prf_cnts</name>
         <value>0x20000000</value>
      </symbol>
      <symbol id="sm-4">
         <name>__TI_CINIT_Base</name>
         <value>0x2650</value>
      </symbol>
      <symbol id="sm-5">
         <name>__TI_CINIT_Limit</name>
         <value>0x2660</value>
      </symbol>
      <symbol id="sm-6">
         <name>__TI_Handler_Table_Base</name>
         <value>0x2638</value>
      </symbol>
      <symbol id="sm-7">
         <name>__TI_Handler_Table_Limit</name>
         <value>0x2644</value>
      </symbol>
      <symbol id="sm-8">
         <name>binit</name>
         <value>0xffffffff</value>
      </symbol>
      <symbol id="sm-9">
         <name>__binit__</name>
         <value>0xffffffff</value>
      </symbol>
      <symbol id="sm-a">
         <name>__STACK_SIZE</name>
         <value>0x200</value>
      </symbol>
      <symbol id="sm-b">
         <name>__STACK_END</name>
         <value>0x20010000</value>
      </symbol>
      <symbol id="sm-c">
         <name>__c_args__</name>
         <value>0xffffffff</value>
      </symbol>
      <symbol id="sm-d">
         <name>__TI_pprof_out_hndl</name>
         <value>0xffffffff</value>
      </symbol>
      <symbol id="sm-e">
         <name>__TI_prof_data_start</name>
         <value>0xffffffff</value>
      </symbol>
      <symbol id="sm-f">
         <name>__TI_prof_data_size</name>
         <value>0xffffffff</value>
      </symbol>
      <symbol id="sm-a1">
         <name>main</name>
         <value>0x73d</value>
         <object_component_ref idref="oc-99"/>
      </symbol>
      <symbol id="sm-a2">
         <name>delay</name>
         <value>0x13e1</value>
         <object_component_ref idref="oc-ee"/>
      </symbol>
      <symbol id="sm-a3">
         <name>Init_Graph</name>
         <value>0x10d5</value>
         <object_component_ref idref="oc-ca"/>
      </symbol>
      <symbol id="sm-a4">
         <name>delay_init</name>
         <value>0x1545</value>
         <object_component_ref idref="oc-dc"/>
      </symbol>
      <symbol id="sm-b7">
         <name>SystemInit</name>
         <value>0xe25</value>
         <object_component_ref idref="oc-ab"/>
      </symbol>
      <symbol id="sm-16b">
         <name>Lcd_Orientation</name>
         <value>0x20000018</value>
      </symbol>
      <symbol id="sm-16c">
         <name>Lcd_ScreenWidth</name>
         <value>0x20000012</value>
      </symbol>
      <symbol id="sm-16d">
         <name>Lcd_ScreenHeigth</name>
         <value>0x20000010</value>
      </symbol>
      <symbol id="sm-16e">
         <name>Lcd_PenSolid</name>
         <value>0x20000019</value>
      </symbol>
      <symbol id="sm-16f">
         <name>Lcd_FontSolid</name>
         <value>0x20000017</value>
      </symbol>
      <symbol id="sm-170">
         <name>Lcd_FlagRead</name>
         <value>0x20000016</value>
      </symbol>
      <symbol id="sm-171">
         <name>Lcd_TouchTrim</name>
         <value>0x20000014</value>
      </symbol>
      <symbol id="sm-172">
         <name>Crystalfontz128x128_SetDrawFrame</name>
         <value>0x8b9</value>
         <object_component_ref idref="oc-223"/>
      </symbol>
      <symbol id="sm-173">
         <name>Crystalfontz128x128_SetOrientation</name>
         <value>0x102d</value>
         <object_component_ref idref="oc-14d"/>
      </symbol>
      <symbol id="sm-174">
         <name>g_sCrystalfontz128x128_funcs</name>
         <value>0x25e4</value>
         <object_component_ref idref="oc-162"/>
      </symbol>
      <symbol id="sm-175">
         <name>g_sCrystalfontz128x128</name>
         <value>0x20000000</value>
         <object_component_ref idref="oc-15f"/>
      </symbol>
      <symbol id="sm-176">
         <name>Crystalfontz128x128_Init</name>
         <value>0x9ed</value>
         <object_component_ref idref="oc-147"/>
      </symbol>
      <symbol id="sm-1af">
         <name>HAL_LCD_writeData</name>
         <value>0x1469</value>
         <object_component_ref idref="oc-21d"/>
      </symbol>
      <symbol id="sm-1b0">
         <name>HAL_LCD_SpiInit</name>
         <value>0x1221</value>
         <object_component_ref idref="oc-205"/>
      </symbol>
      <symbol id="sm-1b1">
         <name>HAL_LCD_PortInit</name>
         <value>0x13b1</value>
         <object_component_ref idref="oc-1ff"/>
      </symbol>
      <symbol id="sm-1b2">
         <name>HAL_LCD_writeCommand</name>
         <value>0x12a1</value>
         <object_component_ref idref="oc-217"/>
      </symbol>
      <symbol id="sm-1ce">
         <name>Reset_Handler</name>
         <value>0x165d</value>
         <object_component_ref idref="oc-67"/>
      </symbol>
      <symbol id="sm-1cf">
         <name>Default_Handler</name>
         <value>0x73b</value>
         <object_component_ref idref="oc-6d"/>
      </symbol>
      <symbol id="sm-1d0">
         <name>interruptVectors</name>
         <value>0x0</value>
         <object_component_ref idref="oc-26"/>
      </symbol>
      <symbol id="sm-216">
         <name>Graphics_setBackgroundColor</name>
         <value>0x157b</value>
         <object_component_ref idref="oc-e2"/>
      </symbol>
      <symbol id="sm-217">
         <name>Graphics_setFont</name>
         <value>0x1595</value>
         <object_component_ref idref="oc-d0"/>
      </symbol>
      <symbol id="sm-218">
         <name>Graphics_initContext</name>
         <value>0x1081</value>
         <object_component_ref idref="oc-153"/>
      </symbol>
      <symbol id="sm-219">
         <name>Graphics_setForegroundColor</name>
         <value>0x15db</value>
         <object_component_ref idref="oc-159"/>
      </symbol>
      <symbol id="sm-21a">
         <name>Graphics_clearDisplay</name>
         <value>0x162f</value>
         <object_component_ref idref="oc-e8"/>
      </symbol>
      <symbol id="sm-23f">
         <name>Graphics_clearDisplayOnDisplay</name>
         <value>0x1561</value>
         <object_component_ref idref="oc-19e"/>
      </symbol>
      <symbol id="sm-240">
         <name>Graphics_drawPixelOnDisplay</name>
         <value>0x143d</value>
         <object_component_ref idref="oc-178"/>
      </symbol>
      <symbol id="sm-241">
         <name>Graphics_translateColorOnDisplay</name>
         <value>0x15f1</value>
         <object_component_ref idref="oc-197"/>
      </symbol>
      <symbol id="sm-242">
         <name>Graphics_drawHorizontalLineOnDisplay</name>
         <value>0x1311</value>
         <object_component_ref idref="oc-27a"/>
      </symbol>
      <symbol id="sm-254">
         <name>g_sFontCm24i</name>
         <value>0x2424</value>
         <object_component_ref idref="oc-f4"/>
      </symbol>
      <symbol id="sm-266">
         <name>g_sFontFixed6x8</name>
         <value>0x24ec</value>
         <object_component_ref idref="oc-165"/>
      </symbol>
      <symbol id="sm-2a6">
         <name>Graphics_drawString</name>
         <value>0xe5</value>
         <object_component_ref idref="oc-d6"/>
      </symbol>
      <symbol id="sm-2b9">
         <name>Graphics_drawLineH</name>
         <value>0xc65</value>
         <object_component_ref idref="oc-172"/>
      </symbol>
      <symbol id="sm-2fc">
         <name>GPIO_setOutputHighOnPin</name>
         <value>0x14bd</value>
         <object_component_ref idref="oc-211"/>
      </symbol>
      <symbol id="sm-2fd">
         <name>GPIO_setAsOutputPin</name>
         <value>0x11a1</value>
         <object_component_ref idref="oc-2be"/>
      </symbol>
      <symbol id="sm-2fe">
         <name>GPIO_setOutputLowOnPin</name>
         <value>0x14e5</value>
         <object_component_ref idref="oc-20b"/>
      </symbol>
      <symbol id="sm-2ff">
         <name>GPIO_setAsPeripheralModuleFunctionOutputPin</name>
         <value>0xd9d</value>
         <object_component_ref idref="oc-2b8"/>
      </symbol>
      <symbol id="sm-340">
         <name>EUSCI_B_SPI_enable</name>
         <value>0x15c5</value>
         <object_component_ref idref="oc-321"/>
      </symbol>
      <symbol id="sm-341">
         <name>SPI_enableModule</name>
         <value>0x150d</value>
         <object_component_ref idref="oc-2cb"/>
      </symbol>
      <symbol id="sm-342">
         <name>EUSCI_A_SPI_enable</name>
         <value>0x15af</value>
         <object_component_ref idref="oc-31b"/>
      </symbol>
      <symbol id="sm-343">
         <name>SPI_initMaster</name>
         <value>0xb19</value>
         <object_component_ref idref="oc-2c5"/>
      </symbol>
      <symbol id="sm-384">
         <name>Timer32_startTimer</name>
         <value>0x12d9</value>
         <object_component_ref idref="oc-1b1"/>
      </symbol>
      <symbol id="sm-385">
         <name>Timer32_setCount</name>
         <value>0x1349</value>
         <object_component_ref idref="oc-1ab"/>
      </symbol>
      <symbol id="sm-386">
         <name>Timer32_getValue</name>
         <value>0x1641</value>
         <object_component_ref idref="oc-1b7"/>
      </symbol>
      <symbol id="sm-387">
         <name>Timer32_haltTimer</name>
         <value>0x161b</value>
         <object_component_ref idref="oc-1a5"/>
      </symbol>
      <symbol id="sm-388">
         <name>Timer32_disableInterrupt</name>
         <value>0x1607</value>
         <object_component_ref idref="oc-190"/>
      </symbol>
      <symbol id="sm-389">
         <name>Timer32_initModule</name>
         <value>0xe9d</value>
         <object_component_ref idref="oc-18a"/>
      </symbol>
      <symbol id="sm-3ab">
         <name>__TI_zero_init_nomemset</name>
         <value>0x1529</value>
         <object_component_ref idref="oc-43"/>
      </symbol>
      <symbol id="sm-3c2">
         <name>__TI_decompress_none</name>
         <value>0x164f</value>
         <object_component_ref idref="oc-1d"/>
      </symbol>
      <symbol id="sm-3e5">
         <name>__TI_decompress_lzss</name>
         <value>0xf05</value>
         <object_component_ref idref="oc-17"/>
      </symbol>
      <symbol id="sm-3f9">
         <name>__stack</name>
         <value>0x2000fe00</value>
         <object_component_ref idref="oc-29"/>
      </symbol>
      <symbol id="sm-3fa">
         <name>_c_int00_noargs</name>
         <value>0x137d</value>
         <object_component_ref idref="oc-55"/>
      </symbol>
      <symbol id="sm-417">
         <name>memcpy</name>
         <value>0xd01</value>
         <object_component_ref idref="oc-37"/>
      </symbol>
      <symbol id="sm-418">
         <name>__aeabi_memcpy</name>
         <value>0xd01</value>
         <object_component_ref idref="oc-37"/>
      </symbol>
      <symbol id="sm-419">
         <name>__aeabi_memcpy8</name>
         <value>0xd01</value>
         <object_component_ref idref="oc-37"/>
      </symbol>
      <symbol id="sm-41a">
         <name>__aeabi_memcpy4</name>
         <value>0xd01</value>
         <object_component_ref idref="oc-37"/>
      </symbol>
      <symbol id="sm-442">
         <name>__TI_auto_init_nobinit_nopinit</name>
         <value>0x111d</value>
         <object_component_ref idref="oc-10e"/>
      </symbol>
      <symbol id="sm-44c">
         <name>_system_pre_init</name>
         <value>0x1673</value>
         <object_component_ref idref="oc-93"/>
      </symbol>
      <symbol id="sm-458">
         <name>C$$EXIT</name>
         <value>0x1677</value>
         <object_component_ref idref="oc-102"/>
      </symbol>
      <symbol id="sm-459">
         <name>abort</name>
         <value>0x1677</value>
         <object_component_ref idref="oc-102"/>
      </symbol>
      <symbol id="sm-45c">
         <name>__TI_static_base__</name>
         <value>0x0</value>
      </symbol>
      <symbol id="sm-45f">
         <name>__mpu_init</name>
         <value>0x0</value>
      </symbol>
      <symbol id="sm-460">
         <name>_system_post_cinit</name>
         <value>0x0</value>
      </symbol>
      <symbol id="sm-461">
         <name>NMI_Handler</name>
         <value>0x73b</value>
      </symbol>
      <symbol id="sm-462">
         <name>HardFault_Handler</name>
         <value>0x73b</value>
      </symbol>
      <symbol id="sm-463">
         <name>MemManage_Handler</name>
         <value>0x73b</value>
      </symbol>
      <symbol id="sm-464">
         <name>BusFault_Handler</name>
         <value>0x73b</value>
      </symbol>
      <symbol id="sm-465">
         <name>UsageFault_Handler</name>
         <value>0x73b</value>
      </symbol>
      <symbol id="sm-466">
         <name>SVC_Handler</name>
         <value>0x73b</value>
      </symbol>
      <symbol id="sm-467">
         <name>DebugMon_Handler</name>
         <value>0x73b</value>
      </symbol>
      <symbol id="sm-468">
         <name>PendSV_Handler</name>
         <value>0x73b</value>
      </symbol>
      <symbol id="sm-469">
         <name>SysTick_Handler</name>
         <value>0x73b</value>
      </symbol>
      <symbol id="sm-46a">
         <name>PSS_IRQHandler</name>
         <value>0x73b</value>
      </symbol>
      <symbol id="sm-46b">
         <name>CS_IRQHandler</name>
         <value>0x73b</value>
      </symbol>
      <symbol id="sm-46c">
         <name>PCM_IRQHandler</name>
         <value>0x73b</value>
      </symbol>
      <symbol id="sm-46d">
         <name>WDT_A_IRQHandler</name>
         <value>0x73b</value>
      </symbol>
      <symbol id="sm-46e">
         <name>FPU_IRQHandler</name>
         <value>0x73b</value>
      </symbol>
      <symbol id="sm-46f">
         <name>FLCTL_IRQHandler</name>
         <value>0x73b</value>
      </symbol>
      <symbol id="sm-470">
         <name>COMP_E0_IRQHandler</name>
         <value>0x73b</value>
      </symbol>
      <symbol id="sm-471">
         <name>COMP_E1_IRQHandler</name>
         <value>0x73b</value>
      </symbol>
      <symbol id="sm-472">
         <name>TA0_0_IRQHandler</name>
         <value>0x73b</value>
      </symbol>
      <symbol id="sm-473">
         <name>TA0_N_IRQHandler</name>
         <value>0x73b</value>
      </symbol>
      <symbol id="sm-474">
         <name>TA1_0_IRQHandler</name>
         <value>0x73b</value>
      </symbol>
      <symbol id="sm-475">
         <name>TA1_N_IRQHandler</name>
         <value>0x73b</value>
      </symbol>
      <symbol id="sm-476">
         <name>TA2_0_IRQHandler</name>
         <value>0x73b</value>
      </symbol>
      <symbol id="sm-477">
         <name>TA2_N_IRQHandler</name>
         <value>0x73b</value>
      </symbol>
      <symbol id="sm-478">
         <name>TA3_0_IRQHandler</name>
         <value>0x73b</value>
      </symbol>
      <symbol id="sm-479">
         <name>TA3_N_IRQHandler</name>
         <value>0x73b</value>
      </symbol>
      <symbol id="sm-47a">
         <name>EUSCIA0_IRQHandler</name>
         <value>0x73b</value>
      </symbol>
      <symbol id="sm-47b">
         <name>EUSCIA1_IRQHandler</name>
         <value>0x73b</value>
      </symbol>
      <symbol id="sm-47c">
         <name>EUSCIA2_IRQHandler</name>
         <value>0x73b</value>
      </symbol>
      <symbol id="sm-47d">
         <name>EUSCIA3_IRQHandler</name>
         <value>0x73b</value>
      </symbol>
      <symbol id="sm-47e">
         <name>EUSCIB0_IRQHandler</name>
         <value>0x73b</value>
      </symbol>
      <symbol id="sm-47f">
         <name>EUSCIB1_IRQHandler</name>
         <value>0x73b</value>
      </symbol>
      <symbol id="sm-480">
         <name>EUSCIB2_IRQHandler</name>
         <value>0x73b</value>
      </symbol>
      <symbol id="sm-481">
         <name>EUSCIB3_IRQHandler</name>
         <value>0x73b</value>
      </symbol>
      <symbol id="sm-482">
         <name>ADC14_IRQHandler</name>
         <value>0x73b</value>
      </symbol>
      <symbol id="sm-483">
         <name>T32_INT1_IRQHandler</name>
         <value>0x73b</value>
      </symbol>
      <symbol id="sm-484">
         <name>T32_INT2_IRQHandler</name>
         <value>0x73b</value>
      </symbol>
      <symbol id="sm-485">
         <name>T32_INTC_IRQHandler</name>
         <value>0x73b</value>
      </symbol>
      <symbol id="sm-486">
         <name>AES256_IRQHandler</name>
         <value>0x73b</value>
      </symbol>
      <symbol id="sm-487">
         <name>RTC_C_IRQHandler</name>
         <value>0x73b</value>
      </symbol>
      <symbol id="sm-488">
         <name>DMA_ERR_IRQHandler</name>
         <value>0x73b</value>
      </symbol>
      <symbol id="sm-489">
         <name>DMA_INT3_IRQHandler</name>
         <value>0x73b</value>
      </symbol>
      <symbol id="sm-48a">
         <name>DMA_INT2_IRQHandler</name>
         <value>0x73b</value>
      </symbol>
      <symbol id="sm-48b">
         <name>DMA_INT1_IRQHandler</name>
         <value>0x73b</value>
      </symbol>
      <symbol id="sm-48c">
         <name>DMA_INT0_IRQHandler</name>
         <value>0x73b</value>
      </symbol>
      <symbol id="sm-48d">
         <name>PORT1_IRQHandler</name>
         <value>0x73b</value>
      </symbol>
      <symbol id="sm-48e">
         <name>PORT2_IRQHandler</name>
         <value>0x73b</value>
      </symbol>
      <symbol id="sm-48f">
         <name>PORT3_IRQHandler</name>
         <value>0x73b</value>
      </symbol>
      <symbol id="sm-490">
         <name>PORT4_IRQHandler</name>
         <value>0x73b</value>
      </symbol>
      <symbol id="sm-491">
         <name>PORT5_IRQHandler</name>
         <value>0x73b</value>
      </symbol>
      <symbol id="sm-492">
         <name>PORT6_IRQHandler</name>
         <value>0x73b</value>
      </symbol>
   </symbol_table>
   <title>Link successful</title>
</link_info>
