******************************************************************************
                  TI ARM Linker PC v20.2.1                     
******************************************************************************
>> Linked Thu Oct 22 14:04:15 2020

OUTPUT FILE NAME:   <String_InClassProj.out>
ENTRY POINT SYMBOL: "_c_int00_noargs"  address: 0000137d


MEMORY CONFIGURATION

         name            origin    length      used     unused   attr    fill
----------------------  --------  ---------  --------  --------  ----  --------
  MAIN                  00000000   00040000  0000265e  0003d9a2  R  X
  INFO                  00200000   00004000  00000000  00004000  R  X
  SRAM_CODE             01000000   00010000  0000021a  0000fde6  RW X
  SRAM_DATA             20000000   00010000  0000021a  0000fde6  RW  


SEGMENT ALLOCATION MAP

run origin  load origin   length   init length attrs members
----------  ----------- ---------- ----------- ----- -------
00000000    00000000    00002660   00002660    r-x
  00000000    00000000    000000e4   000000e4    r-- .intvecs
  000000e4    000000e4    00001596   00001596    r-x .text
  0000167c    0000167c    00000fac   00000fac    r-- .const
  00002628    00002628    00000038   00000038    r-- .cinit
20000000    20000000    0000001a   00000000    rw-
  20000000    20000000    00000010   00000000    rw- .data
  20000010    20000010    0000000a   00000000    rw- .bss
2000fe00    2000fe00    00000200   00000000    rw-
  2000fe00    2000fe00    00000200   00000000    rw- .stack


SECTION ALLOCATION MAP

 output                                  attributes/
section   page    origin      length       input sections
--------  ----  ----------  ----------   ----------------
.intvecs   0    00000000    000000e4     
                  00000000    000000e4     startup_msp432p401r_ccs.obj (.intvecs:retain)

.text      0    000000e4    00001596     
                  000000e4    0000047e     grlib.a : string.obj (.text:Graphics_drawString)
                  00000562    000001d8     Crystalfontz128x128_ST7735.obj (.text:Crystalfontz128x128_PixelDrawMultiple)
                  0000073a    00000002     startup_msp432p401r_ccs.obj (.text:Default_Handler)
                  0000073c    0000017c     main.obj (.text:main)
                  000008b8    00000134     Crystalfontz128x128_ST7735.obj (.text:Crystalfontz128x128_SetDrawFrame)
                  000009ec    0000012c     Crystalfontz128x128_ST7735.obj (.text:Crystalfontz128x128_Init)
                  00000b18    000000b0     msp432p4xx_driverlib.lib : spi.o (.text:SPI_initMaster)
                  00000bc8    0000009c     Crystalfontz128x128_ST7735.obj (.text:Crystalfontz128x128_RectFill)
                  00000c64    0000009c     grlib.a : line.obj (.text:Graphics_drawLineH)
                  00000d00    0000009c     rtsv7M4_T_le_v4SPD16_eabi.lib : memcpy_t2.asm.obj (.text)
                  00000d9c    00000088     msp432p4xx_driverlib.lib : gpio.o (.text:GPIO_setAsPeripheralModuleFunctionOutputPin)
                  00000e24    00000078     system_msp432p401r.obj (.text:SystemInit)
                  00000e9c    00000068     msp432p4xx_driverlib.lib : timer32.o (.text:Timer32_initModule)
                  00000f04    00000068     rtsv7M4_T_le_v4SPD16_eabi.lib : copy_decompress_lzss.c.obj (.text:decompress:lzss:__TI_decompress_lzss)
                  00000f6c    00000060     Crystalfontz128x128_ST7735.obj (.text:Crystalfontz128x128_LineDrawH)
                  00000fcc    00000060     Crystalfontz128x128_ST7735.obj (.text:Crystalfontz128x128_LineDrawV)
                  0000102c    00000054     Crystalfontz128x128_ST7735.obj (.text:Crystalfontz128x128_SetOrientation)
                  00001080    00000052     grlib.a : context.obj (.text:Graphics_initContext)
                  000010d2    00000002     --HOLE-- [fill = 0]
                  000010d4    00000048     main.obj (.text:Init_Graph)
                  0000111c    00000044     rtsv7M4_T_le_v4SPD16_eabi.lib : autoinit.c.obj (.text:__TI_auto_init_nobinit_nopinit:__TI_auto_init_nobinit_nopinit)
                  00001160    00000040     Crystalfontz128x128_ST7735.obj (.text:Crystalfontz128x128_PixelDraw)
                  000011a0    00000040     msp432p4xx_driverlib.lib : gpio.o (.text:GPIO_setAsOutputPin)
                  000011e0    00000040     grlib.a : string.obj (.text:Graphics_getNumberOfLeadingZeros)
                  00001220    00000040     HAL_MSP_EXP432P401R_Crystalfontz128x128_ST7735.obj (.text:HAL_LCD_SpiInit)
                  00001260    00000040     msp432p4xx_driverlib.lib : spi.o (.text:is_A_Module)
                  000012a0    00000038     HAL_MSP_EXP432P401R_Crystalfontz128x128_ST7735.obj (.text:HAL_LCD_writeCommand)
                  000012d8    00000038     msp432p4xx_driverlib.lib : timer32.o (.text:Timer32_startTimer)
                  00001310    00000036     grlib.a : display.obj (.text:Graphics_drawHorizontalLineOnDisplay)
                  00001346    00000002     --HOLE-- [fill = 0]
                  00001348    00000034     msp432p4xx_driverlib.lib : timer32.o (.text:Timer32_setCount)
                  0000137c    00000034     rtsv7M4_T_le_v4SPD16_eabi.lib : boot_cortex_m.c.obj (.text:_c_int00_noargs:_c_int00_noargs)
                  000013b0    00000030     HAL_MSP_EXP432P401R_Crystalfontz128x128_ST7735.obj (.text:HAL_LCD_PortInit)
                  000013e0    00000030     main.obj (.text:delay)
                  00001410    0000002c     Crystalfontz128x128_ST7735.obj (.text:Crystalfontz128x128_ClearScreen)
                  0000143c    0000002c     grlib.a : display.obj (.text:Graphics_drawPixelOnDisplay)
                  00001468    0000002c     HAL_MSP_EXP432P401R_Crystalfontz128x128_ST7735.obj (.text:HAL_LCD_writeData)
                  00001494    00000028     Crystalfontz128x128_ST7735.obj (.text:Crystalfontz128x128_ColorTranslate)
                  000014bc    00000028     msp432p4xx_driverlib.lib : gpio.o (.text:GPIO_setOutputHighOnPin)
                  000014e4    00000028                              : gpio.o (.text:GPIO_setOutputLowOnPin)
                  0000150c    0000001c                              : spi.o (.text:SPI_enableModule)
                  00001528    0000001c     rtsv7M4_T_le_v4SPD16_eabi.lib : copy_zero_init.c.obj (.text:decompress:ZI:__TI_zero_init_nomemset:__TI_zero_init_nomemset)
                  00001544    0000001c     main.obj (.text:delay_init)
                  00001560    0000001a     grlib.a : display.obj (.text:Graphics_clearDisplayOnDisplay)
                  0000157a    0000001a             : context.obj (.text:Graphics_setBackgroundColor)
                  00001594    0000001a             : context.obj (.text:Graphics_setFont)
                  000015ae    00000016     msp432p4xx_driverlib.lib : spi.o (.text:EUSCI_A_SPI_enable)
                  000015c4    00000016                              : spi.o (.text:EUSCI_B_SPI_enable)
                  000015da    00000016     grlib.a : context.obj (.text:Graphics_setForegroundColor)
                  000015f0    00000016             : display.obj (.text:Graphics_translateColorOnDisplay)
                  00001606    00000014     msp432p4xx_driverlib.lib : timer32.o (.text:Timer32_disableInterrupt)
                  0000161a    00000014                              : timer32.o (.text:Timer32_haltTimer)
                  0000162e    00000012     grlib.a : context.obj (.text:Graphics_clearDisplay)
                  00001640    0000000e     msp432p4xx_driverlib.lib : timer32.o (.text:Timer32_getValue)
                  0000164e    0000000e     rtsv7M4_T_le_v4SPD16_eabi.lib : copy_decompress_none.c.obj (.text:decompress:none:__TI_decompress_none)
                  0000165c    0000000c     startup_msp432p401r_ccs.obj (.text:Reset_Handler)
                  00001668    0000000a     Crystalfontz128x128_ST7735.obj (.text:Crystalfontz128x128_Flush)
                  00001672    00000004     rtsv7M4_T_le_v4SPD16_eabi.lib : pre_init.c.obj (.text:_system_pre_init)
                  00001676    00000004                                   : exit.c.obj (.text:abort:abort)

.const     0    0000167c    00000fac     
                  0000167c    00000aaf     grlib.a : fontcm24i.obj (.const:.string:g_pucCm24iData)
                  0000212b    000002f8             : fontfixed6x8.obj (.const:.string:g_pucFontFixed6x8Data)
                  00002423    00000001     --HOLE-- [fill = 0]
                  00002424    000000c8             : fontcm24i.obj (.const:g_sFontCm24i)
                  000024ec    000000c8             : fontfixed6x8.obj (.const:g_sFontFixed6x8)
                  000025b4    00000030     msp432p4xx_driverlib.lib : gpio.o (.const:GPIO_PORT_TO_BASE)
                  000025e4    00000020     Crystalfontz128x128_ST7735.obj (.const:g_sCrystalfontz128x128_funcs)
                  00002604    0000001c     HAL_MSP_EXP432P401R_Crystalfontz128x128_ST7735.obj (.const:$P$T0$1)
                  00002620    00000008     Crystalfontz128x128_ST7735.obj (.const:$P$T0$1)

.cinit     0    00002628    00000038     
                  00002628    0000000d     (.cinit..data.load) [load image, compression = lzss]
                  00002635    00000003     --HOLE-- [fill = 0]
                  00002638    0000000c     (__TI_handler_table)
                  00002644    00000004     --HOLE-- [fill = 0]
                  00002648    00000008     (.cinit..bss.load) [load image, compression = zero_init]
                  00002650    00000010     (__TI_cinit_table)

.init_array 
*          0    00000000    00000000     UNINITIALIZED

.binit     0    00000000    00000000     

.data      0    20000000    00000010     UNINITIALIZED
                  20000000    00000010     Crystalfontz128x128_ST7735.obj (.data:g_sCrystalfontz128x128)

.bss       0    20000010    0000000a     UNINITIALIZED
                  20000010    00000002     (.common:Lcd_ScreenHeigth)
                  20000012    00000002     (.common:Lcd_ScreenWidth)
                  20000014    00000002     (.common:Lcd_TouchTrim)
                  20000016    00000001     (.common:Lcd_FlagRead)
                  20000017    00000001     (.common:Lcd_FontSolid)
                  20000018    00000001     (.common:Lcd_Orientation)
                  20000019    00000001     (.common:Lcd_PenSolid)

.stack     0    2000fe00    00000200     UNINITIALIZED
                  2000fe00    00000004     rtsv7M4_T_le_v4SPD16_eabi.lib : boot_cortex_m.c.obj (.stack)
                  2000fe04    000001fc     --HOLE--

__llvm_prf_cnts 
*          0    20000000    00000000     UNINITIALIZED

MODULE SUMMARY

       Module                                               code   ro data   rw data
       ------                                               ----   -------   -------
    .\
       main.obj                                             528    0         0      
       system_msp432p401r.obj                               120    0         0      
    +--+----------------------------------------------------+------+---------+---------+
       Total:                                               648    0         0      
                                                                                    
    .\LcdDriver\
       Crystalfontz128x128_ST7735.obj                       1670   40        52     
       HAL_MSP_EXP432P401R_Crystalfontz128x128_ST7735.obj   212    28        0      
    +--+----------------------------------------------------+------+---------+---------+
       Total:                                               1882   68        52     
                                                                                    
    .\ccs\
       startup_msp432p401r_ccs.obj                          14     228       0      
    +--+----------------------------------------------------+------+---------+---------+
       Total:                                               14     228       0      
                                                                                    
    C:/ti/simplelink_msp432p4_sdk_3_40_01_02/source/ti/devices/msp432p4xx/driverlib/ccs/msp432p4xx_driverlib.lib
       gpio.o                                               280    48        0      
       spi.o                                                312    0         0      
       timer32.o                                            266    0         0      
    +--+----------------------------------------------------+------+---------+---------+
       Total:                                               858    48        0      
                                                                                    
    C:/ti/simplelink_msp432p4_sdk_3_40_01_02/source/ti/grlib/lib/ccs/m4f/grlib.a
       fontcm24i.obj                                        0      2935      0      
       string.obj                                           1214   0         0      
       fontfixed6x8.obj                                     0      960       0      
       context.obj                                          174    0         0      
       line.obj                                             156    0         0      
       display.obj                                          146    0         0      
    +--+----------------------------------------------------+------+---------+---------+
       Total:                                               1690   3895      0      
                                                                                    
    C:\ti\ccs1010\ccs\tools\compiler\ti-cgt-arm_20.2.1.LTS\lib\rtsv7M4_T_le_v4SPD16_eabi.lib
       memcpy_t2.asm.obj                                    156    0         0      
       copy_decompress_lzss.c.obj                           104    0         0      
       autoinit.c.obj                                       68     0         0      
       boot_cortex_m.c.obj                                  52     0         0      
       copy_zero_init.c.obj                                 28     0         0      
       copy_decompress_none.c.obj                           14     0         0      
       exit.c.obj                                           4      0         0      
       pre_init.c.obj                                       4      0         0      
    +--+----------------------------------------------------+------+---------+---------+
       Total:                                               430    0         0      
                                                                                    
       Stack:                                               0      0         1024   
       Linker Generated:                                    0      49        0      
    +--+----------------------------------------------------+------+---------+---------+
       Grand Total:                                         5522   4288      1076   


LINKER GENERATED COPY TABLES

__TI_cinit_table @ 00002650 records: 2, size/record: 8, table size: 16
	.data: load addr=00002628, load size=0000000d bytes, run addr=20000000, run size=00000010 bytes, compression=lzss
	.bss: load addr=00002648, load size=00000008 bytes, run addr=20000010, run size=0000000a bytes, compression=zero_init


LINKER GENERATED HANDLER TABLE

__TI_handler_table @ 00002638 records: 3, size/record: 4, table size: 12
	index: 0, handler: __TI_decompress_lzss
	index: 1, handler: __TI_decompress_none
	index: 2, handler: __TI_zero_init


GLOBAL SYMBOLS: SORTED ALPHABETICALLY BY Name 

address   name                                       
-------   ----                                       
0000073b  ADC14_IRQHandler                           
0000073b  AES256_IRQHandler                          
0000073b  BusFault_Handler                           
00001677  C$$EXIT                                    
0000073b  COMP_E0_IRQHandler                         
0000073b  COMP_E1_IRQHandler                         
0000073b  CS_IRQHandler                              
000009ed  Crystalfontz128x128_Init                   
000008b9  Crystalfontz128x128_SetDrawFrame           
0000102d  Crystalfontz128x128_SetOrientation         
0000073b  DMA_ERR_IRQHandler                         
0000073b  DMA_INT0_IRQHandler                        
0000073b  DMA_INT1_IRQHandler                        
0000073b  DMA_INT2_IRQHandler                        
0000073b  DMA_INT3_IRQHandler                        
0000073b  DebugMon_Handler                           
0000073b  Default_Handler                            
0000073b  EUSCIA0_IRQHandler                         
0000073b  EUSCIA1_IRQHandler                         
0000073b  EUSCIA2_IRQHandler                         
0000073b  EUSCIA3_IRQHandler                         
0000073b  EUSCIB0_IRQHandler                         
0000073b  EUSCIB1_IRQHandler                         
0000073b  EUSCIB2_IRQHandler                         
0000073b  EUSCIB3_IRQHandler                         
000015af  EUSCI_A_SPI_enable                         
000015c5  EUSCI_B_SPI_enable                         
0000073b  FLCTL_IRQHandler                           
0000073b  FPU_IRQHandler                             
000011a1  GPIO_setAsOutputPin                        
00000d9d  GPIO_setAsPeripheralModuleFunctionOutputPin
000014bd  GPIO_setOutputHighOnPin                    
000014e5  GPIO_setOutputLowOnPin                     
0000162f  Graphics_clearDisplay                      
00001561  Graphics_clearDisplayOnDisplay             
00001311  Graphics_drawHorizontalLineOnDisplay       
00000c65  Graphics_drawLineH                         
0000143d  Graphics_drawPixelOnDisplay                
000000e5  Graphics_drawString                        
00001081  Graphics_initContext                       
0000157b  Graphics_setBackgroundColor                
00001595  Graphics_setFont                           
000015db  Graphics_setForegroundColor                
000015f1  Graphics_translateColorOnDisplay           
000013b1  HAL_LCD_PortInit                           
00001221  HAL_LCD_SpiInit                            
000012a1  HAL_LCD_writeCommand                       
00001469  HAL_LCD_writeData                          
0000073b  HardFault_Handler                          
000010d5  Init_Graph                                 
20000016  Lcd_FlagRead                               
20000017  Lcd_FontSolid                              
20000018  Lcd_Orientation                            
20000019  Lcd_PenSolid                               
20000010  Lcd_ScreenHeigth                           
20000012  Lcd_ScreenWidth                            
20000014  Lcd_TouchTrim                              
0000073b  MemManage_Handler                          
0000073b  NMI_Handler                                
0000073b  PCM_IRQHandler                             
0000073b  PORT1_IRQHandler                           
0000073b  PORT2_IRQHandler                           
0000073b  PORT3_IRQHandler                           
0000073b  PORT4_IRQHandler                           
0000073b  PORT5_IRQHandler                           
0000073b  PORT6_IRQHandler                           
0000073b  PSS_IRQHandler                             
0000073b  PendSV_Handler                             
0000073b  RTC_C_IRQHandler                           
0000165d  Reset_Handler                              
0000150d  SPI_enableModule                           
00000b19  SPI_initMaster                             
0000073b  SVC_Handler                                
0000073b  SysTick_Handler                            
00000e25  SystemInit                                 
0000073b  T32_INT1_IRQHandler                        
0000073b  T32_INT2_IRQHandler                        
0000073b  T32_INTC_IRQHandler                        
0000073b  TA0_0_IRQHandler                           
0000073b  TA0_N_IRQHandler                           
0000073b  TA1_0_IRQHandler                           
0000073b  TA1_N_IRQHandler                           
0000073b  TA2_0_IRQHandler                           
0000073b  TA2_N_IRQHandler                           
0000073b  TA3_0_IRQHandler                           
0000073b  TA3_N_IRQHandler                           
00001607  Timer32_disableInterrupt                   
00001641  Timer32_getValue                           
0000161b  Timer32_haltTimer                          
00000e9d  Timer32_initModule                         
00001349  Timer32_setCount                           
000012d9  Timer32_startTimer                         
0000073b  UsageFault_Handler                         
4000480c  WDTCTL_SYM                                 
0000073b  WDT_A_IRQHandler                           
20010000  __STACK_END                                
00000200  __STACK_SIZE                               
00002650  __TI_CINIT_Base                            
00002660  __TI_CINIT_Limit                           
00002638  __TI_Handler_Table_Base                    
00002644  __TI_Handler_Table_Limit                   
0000111d  __TI_auto_init_nobinit_nopinit             
00000f05  __TI_decompress_lzss                       
0000164f  __TI_decompress_none                       
ffffffff  __TI_pprof_out_hndl                        
ffffffff  __TI_prof_data_size                        
ffffffff  __TI_prof_data_start                       
00000000  __TI_static_base__                         
00001529  __TI_zero_init_nomemset                    
00000d01  __aeabi_memcpy                             
00000d01  __aeabi_memcpy4                            
00000d01  __aeabi_memcpy8                            
ffffffff  __binit__                                  
ffffffff  __c_args__                                 
UNDEFED   __mpu_init                                 
2000fe00  __stack                                    
20000000  __start___llvm_prf_cnts                    
20000000  __stop___llvm_prf_cnts                     
0000137d  _c_int00_noargs                            
UNDEFED   _system_post_cinit                         
00001673  _system_pre_init                           
00001677  abort                                      
ffffffff  binit                                      
000013e1  delay                                      
00001545  delay_init                                 
20000000  g_sCrystalfontz128x128                     
000025e4  g_sCrystalfontz128x128_funcs               
00002424  g_sFontCm24i                               
000024ec  g_sFontFixed6x8                            
00000000  interruptVectors                           
0000073d  main                                       
00000d01  memcpy                                     


GLOBAL SYMBOLS: SORTED BY Symbol Address 

address   name                                       
-------   ----                                       
00000000  __TI_static_base__                         
00000000  interruptVectors                           
000000e5  Graphics_drawString                        
00000200  __STACK_SIZE                               
0000073b  ADC14_IRQHandler                           
0000073b  AES256_IRQHandler                          
0000073b  BusFault_Handler                           
0000073b  COMP_E0_IRQHandler                         
0000073b  COMP_E1_IRQHandler                         
0000073b  CS_IRQHandler                              
0000073b  DMA_ERR_IRQHandler                         
0000073b  DMA_INT0_IRQHandler                        
0000073b  DMA_INT1_IRQHandler                        
0000073b  DMA_INT2_IRQHandler                        
0000073b  DMA_INT3_IRQHandler                        
0000073b  DebugMon_Handler                           
0000073b  Default_Handler                            
0000073b  EUSCIA0_IRQHandler                         
0000073b  EUSCIA1_IRQHandler                         
0000073b  EUSCIA2_IRQHandler                         
0000073b  EUSCIA3_IRQHandler                         
0000073b  EUSCIB0_IRQHandler                         
0000073b  EUSCIB1_IRQHandler                         
0000073b  EUSCIB2_IRQHandler                         
0000073b  EUSCIB3_IRQHandler                         
0000073b  FLCTL_IRQHandler                           
0000073b  FPU_IRQHandler                             
0000073b  HardFault_Handler                          
0000073b  MemManage_Handler                          
0000073b  NMI_Handler                                
0000073b  PCM_IRQHandler                             
0000073b  PORT1_IRQHandler                           
0000073b  PORT2_IRQHandler                           
0000073b  PORT3_IRQHandler                           
0000073b  PORT4_IRQHandler                           
0000073b  PORT5_IRQHandler                           
0000073b  PORT6_IRQHandler                           
0000073b  PSS_IRQHandler                             
0000073b  PendSV_Handler                             
0000073b  RTC_C_IRQHandler                           
0000073b  SVC_Handler                                
0000073b  SysTick_Handler                            
0000073b  T32_INT1_IRQHandler                        
0000073b  T32_INT2_IRQHandler                        
0000073b  T32_INTC_IRQHandler                        
0000073b  TA0_0_IRQHandler                           
0000073b  TA0_N_IRQHandler                           
0000073b  TA1_0_IRQHandler                           
0000073b  TA1_N_IRQHandler                           
0000073b  TA2_0_IRQHandler                           
0000073b  TA2_N_IRQHandler                           
0000073b  TA3_0_IRQHandler                           
0000073b  TA3_N_IRQHandler                           
0000073b  UsageFault_Handler                         
0000073b  WDT_A_IRQHandler                           
0000073d  main                                       
000008b9  Crystalfontz128x128_SetDrawFrame           
000009ed  Crystalfontz128x128_Init                   
00000b19  SPI_initMaster                             
00000c65  Graphics_drawLineH                         
00000d01  __aeabi_memcpy                             
00000d01  __aeabi_memcpy4                            
00000d01  __aeabi_memcpy8                            
00000d01  memcpy                                     
00000d9d  GPIO_setAsPeripheralModuleFunctionOutputPin
00000e25  SystemInit                                 
00000e9d  Timer32_initModule                         
00000f05  __TI_decompress_lzss                       
0000102d  Crystalfontz128x128_SetOrientation         
00001081  Graphics_initContext                       
000010d5  Init_Graph                                 
0000111d  __TI_auto_init_nobinit_nopinit             
000011a1  GPIO_setAsOutputPin                        
00001221  HAL_LCD_SpiInit                            
000012a1  HAL_LCD_writeCommand                       
000012d9  Timer32_startTimer                         
00001311  Graphics_drawHorizontalLineOnDisplay       
00001349  Timer32_setCount                           
0000137d  _c_int00_noargs                            
000013b1  HAL_LCD_PortInit                           
000013e1  delay                                      
0000143d  Graphics_drawPixelOnDisplay                
00001469  HAL_LCD_writeData                          
000014bd  GPIO_setOutputHighOnPin                    
000014e5  GPIO_setOutputLowOnPin                     
0000150d  SPI_enableModule                           
00001529  __TI_zero_init_nomemset                    
00001545  delay_init                                 
00001561  Graphics_clearDisplayOnDisplay             
0000157b  Graphics_setBackgroundColor                
00001595  Graphics_setFont                           
000015af  EUSCI_A_SPI_enable                         
000015c5  EUSCI_B_SPI_enable                         
000015db  Graphics_setForegroundColor                
000015f1  Graphics_translateColorOnDisplay           
00001607  Timer32_disableInterrupt                   
0000161b  Timer32_haltTimer                          
0000162f  Graphics_clearDisplay                      
00001641  Timer32_getValue                           
0000164f  __TI_decompress_none                       
0000165d  Reset_Handler                              
00001673  _system_pre_init                           
00001677  C$$EXIT                                    
00001677  abort                                      
00002424  g_sFontCm24i                               
000024ec  g_sFontFixed6x8                            
000025e4  g_sCrystalfontz128x128_funcs               
00002638  __TI_Handler_Table_Base                    
00002644  __TI_Handler_Table_Limit                   
00002650  __TI_CINIT_Base                            
00002660  __TI_CINIT_Limit                           
20000000  __start___llvm_prf_cnts                    
20000000  __stop___llvm_prf_cnts                     
20000000  g_sCrystalfontz128x128                     
20000010  Lcd_ScreenHeigth                           
20000012  Lcd_ScreenWidth                            
20000014  Lcd_TouchTrim                              
20000016  Lcd_FlagRead                               
20000017  Lcd_FontSolid                              
20000018  Lcd_Orientation                            
20000019  Lcd_PenSolid                               
2000fe00  __stack                                    
20010000  __STACK_END                                
4000480c  WDTCTL_SYM                                 
ffffffff  __TI_pprof_out_hndl                        
ffffffff  __TI_prof_data_size                        
ffffffff  __TI_prof_data_start                       
ffffffff  __binit__                                  
ffffffff  __c_args__                                 
ffffffff  binit                                      
UNDEFED   __mpu_init                                 
UNDEFED   _system_post_cinit                         

[132 symbols]
